Passed for start_position 1 and length 2
Passed for start_position 1 and length 4
Passed for start_position 1 and length 6
Passed for start_position 1 and length 8
Passed for start_position 1 and length 10
Passed for start_position 1 and length 12
Passed for start_position 1 and length 14
Passed for start_position 1 and length 16
Passed for start_position 1 and length 18
Passed for start_position 1 and length 20
Passed for start_position 1 and length 22
Passed for start_position 1 and length 24
Passed for start_position 1 and length 26
Passed for start_position 1 and length 28
Passed for start_position 1 and length 30
Passed for start_position 1 and length 32
Passed for start_position 1 and length 34
Passed for start_position 1 and length 36
Passed for start_position 1 and length 38
Passed for start_position 1 and length 40
Passed for start_position 1 and length 42
Passed for start_position 1 and length 44
Passed for start_position 1 and length 46
Passed for start_position 1 and length 48
Passed for start_position 1 and length 50
Passed for start_position 1 and length 52
Passed for start_position 1 and length 54
Passed for start_position 1 and length 56
Passed for start_position 1 and length 58
Passed for start_position 1 and length 60
Passed for start_position 1 and length 62
Passed for start_position 1 and length 64
Passed for start_position 1 and length 66
Passed for start_position 1 and length 68
Passed for start_position 1 and length 70
Passed for start_position 1 and length 72
Passed for start_position 1 and length 74
Passed for start_position 1 and length 76
Passed for start_position 1 and length 78
Passed for start_position 1 and length 80
Passed for start_position 1 and length 82
Passed for start_position 1 and length 84
Passed for start_position 1 and length 86
Passed for start_position 1 and length 88
Passed for start_position 1 and length 90
Passed for start_position 1 and length 92
Passed for start_position 1 and length 94
Passed for start_position 1 and length 96
Passed for start_position 1 and length 98
Passed for start_position 1 and length 100
Passed for start_position 2 and length 2
Passed for start_position 2 and length 4
Passed for start_position 2 and length 6
Passed for start_position 2 and length 8
Passed for start_position 2 and length 10
Passed for start_position 2 and length 12
Passed for start_position 2 and length 14
Passed for start_position 2 and length 16
Passed for start_position 2 and length 18
Passed for start_position 2 and length 20
Passed for start_position 2 and length 22
Passed for start_position 2 and length 24
Passed for start_position 2 and length 26
Passed for start_position 2 and length 28
Passed for start_position 2 and length 30
Passed for start_position 2 and length 32
Passed for start_position 2 and length 34
Passed for start_position 2 and length 36
Passed for start_position 2 and length 38
Passed for start_position 2 and length 40
Passed for start_position 2 and length 42
Passed for start_position 2 and length 44
Passed for start_position 2 and length 46
Passed for start_position 2 and length 48
Passed for start_position 2 and length 50
Passed for start_position 2 and length 52
Passed for start_position 2 and length 54
Passed for start_position 2 and length 56
Passed for start_position 2 and length 58
Passed for start_position 2 and length 60
Passed for start_position 2 and length 62
Passed for start_position 2 and length 64
Passed for start_position 2 and length 66
Passed for start_position 2 and length 68
Passed for start_position 2 and length 70
Passed for start_position 2 and length 72
Passed for start_position 2 and length 74
Passed for start_position 2 and length 76
Passed for start_position 2 and length 78
Passed for start_position 2 and length 80
Passed for start_position 2 and length 82
Passed for start_position 2 and length 84
Passed for start_position 2 and length 86
Passed for start_position 2 and length 88
Passed for start_position 2 and length 90
Passed for start_position 2 and length 92
Passed for start_position 2 and length 94
Passed for start_position 2 and length 96
Passed for start_position 2 and length 98
Passed for start_position 2 and length 100
Error for start_position 3 and length 2: Movement 1 not in dictionary
Error for start_position 3 and length 4: Movement -1 not in dictionary
Error for start_position 3 and length 6: Movement -1 not in dictionary
Error for start_position 3 and length 8: Movement 1 not in dictionary
Error for start_position 3 and length 10: Movement 1 not in dictionary
Error for start_position 3 and length 12: Movement 1 not in dictionary
Passed for start_position 3 and length 14
Error for start_position 3 and length 16: Movement 1 not in dictionary
Passed for start_position 3 and length 18
Passed for start_position 3 and length 20
Error for start_position 3 and length 22: Movement -1 not in dictionary
Passed for start_position 3 and length 24
Passed for start_position 3 and length 26
Passed for start_position 3 and length 28
Passed for start_position 3 and length 30
Error for start_position 3 and length 32: Movement -1 not in dictionary
Passed for start_position 3 and length 34
Error for start_position 3 and length 36: Movement 1 not in dictionary
Error for start_position 3 and length 38: Movement -1 not in dictionary
Error for start_position 3 and length 40: Movement -1 not in dictionary
Passed for start_position 3 and length 42
Error for start_position 3 and length 44: Movement -1 not in dictionary
Error for start_position 3 and length 46: Movement 1 not in dictionary
Passed for start_position 3 and length 48
Error for start_position 3 and length 50: Movement -1 not in dictionary
Passed for start_position 3 and length 52
Passed for start_position 3 and length 54
Error for start_position 3 and length 56: Movement -1 not in dictionary
Error for start_position 3 and length 58: Movement 1 not in dictionary
Passed for start_position 3 and length 60
Passed for start_position 3 and length 62
Passed for start_position 3 and length 64
Passed for start_position 3 and length 66
Error for start_position 3 and length 68: Movement 1 not in dictionary
Passed for start_position 3 and length 70
Passed for start_position 3 and length 72
Error for start_position 3 and length 74: Movement -1 not in dictionary
Error for start_position 3 and length 76: Movement 1 not in dictionary
Passed for start_position 3 and length 78
Passed for start_position 3 and length 80
Passed for start_position 3 and length 82
Error for start_position 3 and length 84: Movement -1 not in dictionary
Error for start_position 3 and length 86: Movement -1 not in dictionary
Passed for start_position 3 and length 88
Passed for start_position 3 and length 90
Passed for start_position 3 and length 92
Error for start_position 3 and length 94: Movement 1 not in dictionary
Error for start_position 3 and length 96: Movement -1 not in dictionary
Passed for start_position 3 and length 98
Error for start_position 3 and length 100: Movement -1 not in dictionary
Passed for start_position 4 and length 2
Passed for start_position 4 and length 4
Passed for start_position 4 and length 6
Passed for start_position 4 and length 8
Passed for start_position 4 and length 10
Passed for start_position 4 and length 12
Passed for start_position 4 and length 14
Passed for start_position 4 and length 16
Passed for start_position 4 and length 18
Passed for start_position 4 and length 20
Passed for start_position 4 and length 22
Passed for start_position 4 and length 24
Passed for start_position 4 and length 26
Passed for start_position 4 and length 28
Passed for start_position 4 and length 30
Passed for start_position 4 and length 32
Passed for start_position 4 and length 34
Passed for start_position 4 and length 36
Passed for start_position 4 and length 38
Passed for start_position 4 and length 40
Passed for start_position 4 and length 42
Passed for start_position 4 and length 44
Passed for start_position 4 and length 46
Passed for start_position 4 and length 48
Passed for start_position 4 and length 50
Passed for start_position 4 and length 52
Passed for start_position 4 and length 54
Passed for start_position 4 and length 56
Passed for start_position 4 and length 58
Passed for start_position 4 and length 60
Passed for start_position 4 and length 62
Passed for start_position 4 and length 64
Passed for start_position 4 and length 66
Passed for start_position 4 and length 68
Passed for start_position 4 and length 70
Passed for start_position 4 and length 72
Passed for start_position 4 and length 74
Passed for start_position 4 and length 76
Passed for start_position 4 and length 78
Passed for start_position 4 and length 80
Passed for start_position 4 and length 82
Passed for start_position 4 and length 84
Passed for start_position 4 and length 86
Passed for start_position 4 and length 88
Passed for start_position 4 and length 90
Passed for start_position 4 and length 92
Passed for start_position 4 and length 94
Passed for start_position 4 and length 96
Passed for start_position 4 and length 98
Passed for start_position 4 and length 100
Passed for start_position 5 and length 2
Passed for start_position 5 and length 4
Passed for start_position 5 and length 6
Passed for start_position 5 and length 8
Passed for start_position 5 and length 10
Passed for start_position 5 and length 12
Passed for start_position 5 and length 14
Passed for start_position 5 and length 16
Passed for start_position 5 and length 18
Passed for start_position 5 and length 20
Passed for start_position 5 and length 22
Passed for start_position 5 and length 24
Passed for start_position 5 and length 26
Passed for start_position 5 and length 28
Passed for start_position 5 and length 30
Passed for start_position 5 and length 32
Passed for start_position 5 and length 34
Passed for start_position 5 and length 36
Passed for start_position 5 and length 38
Passed for start_position 5 and length 40
Passed for start_position 5 and length 42
Passed for start_position 5 and length 44
Passed for start_position 5 and length 46
Passed for start_position 5 and length 48
Passed for start_position 5 and length 50
Passed for start_position 5 and length 52
Passed for start_position 5 and length 54
Passed for start_position 5 and length 56
Passed for start_position 5 and length 58
Passed for start_position 5 and length 60
Passed for start_position 5 and length 62
Passed for start_position 5 and length 64
Passed for start_position 5 and length 66
Passed for start_position 5 and length 68
Passed for start_position 5 and length 70
Passed for start_position 5 and length 72
Passed for start_position 5 and length 74
Passed for start_position 5 and length 76
Passed for start_position 5 and length 78
Passed for start_position 5 and length 80
Passed for start_position 5 and length 82
Passed for start_position 5 and length 84
Passed for start_position 5 and length 86
Passed for start_position 5 and length 88
Passed for start_position 5 and length 90
Passed for start_position 5 and length 92
Passed for start_position 5 and length 94
Passed for start_position 5 and length 96
Passed for start_position 5 and length 98
Passed for start_position 5 and length 100
Passed for start_position 6 and length 2
Passed for start_position 6 and length 4
Passed for start_position 6 and length 6
Passed for start_position 6 and length 8
Passed for start_position 6 and length 10
Passed for start_position 6 and length 12
Passed for start_position 6 and length 14
Passed for start_position 6 and length 16
Passed for start_position 6 and length 18
Passed for start_position 6 and length 20
Passed for start_position 6 and length 22
Passed for start_position 6 and length 24
Passed for start_position 6 and length 26
Passed for start_position 6 and length 28
Passed for start_position 6 and length 30
Passed for start_position 6 and length 32
Passed for start_position 6 and length 34
Passed for start_position 6 and length 36
Passed for start_position 6 and length 38
Passed for start_position 6 and length 40
Passed for start_position 6 and length 42
Passed for start_position 6 and length 44
Passed for start_position 6 and length 46
Passed for start_position 6 and length 48
Passed for start_position 6 and length 50
Passed for start_position 6 and length 52
Passed for start_position 6 and length 54
Passed for start_position 6 and length 56
Passed for start_position 6 and length 58
Passed for start_position 6 and length 60
Passed for start_position 6 and length 62
Passed for start_position 6 and length 64
Passed for start_position 6 and length 66
Passed for start_position 6 and length 68
Passed for start_position 6 and length 70
Passed for start_position 6 and length 72
Passed for start_position 6 and length 74
Passed for start_position 6 and length 76
Passed for start_position 6 and length 78
Passed for start_position 6 and length 80
Passed for start_position 6 and length 82
Passed for start_position 6 and length 84
Passed for start_position 6 and length 86
Passed for start_position 6 and length 88
Passed for start_position 6 and length 90
Passed for start_position 6 and length 92
Passed for start_position 6 and length 94
Passed for start_position 6 and length 96
Passed for start_position 6 and length 98
Passed for start_position 6 and length 100
Passed for start_position 7 and length 2
Passed for start_position 7 and length 4
Passed for start_position 7 and length 6
Passed for start_position 7 and length 8
Passed for start_position 7 and length 10
Passed for start_position 7 and length 12
Passed for start_position 7 and length 14
Passed for start_position 7 and length 16
Passed for start_position 7 and length 18
Passed for start_position 7 and length 20
Passed for start_position 7 and length 22
Passed for start_position 7 and length 24
Passed for start_position 7 and length 26
Passed for start_position 7 and length 28
Passed for start_position 7 and length 30
Passed for start_position 7 and length 32
Passed for start_position 7 and length 34
Passed for start_position 7 and length 36
Passed for start_position 7 and length 38
Passed for start_position 7 and length 40
Passed for start_position 7 and length 42
Passed for start_position 7 and length 44
Passed for start_position 7 and length 46
Passed for start_position 7 and length 48
Passed for start_position 7 and length 50
Passed for start_position 7 and length 52
Passed for start_position 7 and length 54
Passed for start_position 7 and length 56
Passed for start_position 7 and length 58
Passed for start_position 7 and length 60
Passed for start_position 7 and length 62
Passed for start_position 7 and length 64
Passed for start_position 7 and length 66
Passed for start_position 7 and length 68
Passed for start_position 7 and length 70
Passed for start_position 7 and length 72
Passed for start_position 7 and length 74
Passed for start_position 7 and length 76
Passed for start_position 7 and length 78
Passed for start_position 7 and length 80
Passed for start_position 7 and length 82
Passed for start_position 7 and length 84
Passed for start_position 7 and length 86
Passed for start_position 7 and length 88
Passed for start_position 7 and length 90
Passed for start_position 7 and length 92
Passed for start_position 7 and length 94
Passed for start_position 7 and length 96
Passed for start_position 7 and length 98
Passed for start_position 7 and length 100
Passed for start_position 8 and length 2
Passed for start_position 8 and length 4
Passed for start_position 8 and length 6
Passed for start_position 8 and length 8
Passed for start_position 8 and length 10
Passed for start_position 8 and length 12
Passed for start_position 8 and length 14
Passed for start_position 8 and length 16
Passed for start_position 8 and length 18
Passed for start_position 8 and length 20
Passed for start_position 8 and length 22
Passed for start_position 8 and length 24
Passed for start_position 8 and length 26
Passed for start_position 8 and length 28
Passed for start_position 8 and length 30
Passed for start_position 8 and length 32
Passed for start_position 8 and length 34
Passed for start_position 8 and length 36
Passed for start_position 8 and length 38
Passed for start_position 8 and length 40
Passed for start_position 8 and length 42
Passed for start_position 8 and length 44
Passed for start_position 8 and length 46
Passed for start_position 8 and length 48
Passed for start_position 8 and length 50
Passed for start_position 8 and length 52
Passed for start_position 8 and length 54
Passed for start_position 8 and length 56
Passed for start_position 8 and length 58
Passed for start_position 8 and length 60
Passed for start_position 8 and length 62
Passed for start_position 8 and length 64
Passed for start_position 8 and length 66
Passed for start_position 8 and length 68
Passed for start_position 8 and length 70
Passed for start_position 8 and length 72
Passed for start_position 8 and length 74
Passed for start_position 8 and length 76
Passed for start_position 8 and length 78
Passed for start_position 8 and length 80
Passed for start_position 8 and length 82
Passed for start_position 8 and length 84
Passed for start_position 8 and length 86
Passed for start_position 8 and length 88
Passed for start_position 8 and length 90
Passed for start_position 8 and length 92
Passed for start_position 8 and length 94
Passed for start_position 8 and length 96
Passed for start_position 8 and length 98
Passed for start_position 8 and length 100
Passed for start_position 9 and length 2
Passed for start_position 9 and length 4
Passed for start_position 9 and length 6
Passed for start_position 9 and length 8
Passed for start_position 9 and length 10
Passed for start_position 9 and length 12
Passed for start_position 9 and length 14
Passed for start_position 9 and length 16
Passed for start_position 9 and length 18
Passed for start_position 9 and length 20
Passed for start_position 9 and length 22
Passed for start_position 9 and length 24
Passed for start_position 9 and length 26
Passed for start_position 9 and length 28
Passed for start_position 9 and length 30
Passed for start_position 9 and length 32
Passed for start_position 9 and length 34
Passed for start_position 9 and length 36
Passed for start_position 9 and length 38
Passed for start_position 9 and length 40
Passed for start_position 9 and length 42
Passed for start_position 9 and length 44
Passed for start_position 9 and length 46
Passed for start_position 9 and length 48
Passed for start_position 9 and length 50
Passed for start_position 9 and length 52
Passed for start_position 9 and length 54
Passed for start_position 9 and length 56
Passed for start_position 9 and length 58
Passed for start_position 9 and length 60
Passed for start_position 9 and length 62
Passed for start_position 9 and length 64
Passed for start_position 9 and length 66
Passed for start_position 9 and length 68
Passed for start_position 9 and length 70
Passed for start_position 9 and length 72
Passed for start_position 9 and length 74
Passed for start_position 9 and length 76
Passed for start_position 9 and length 78
Passed for start_position 9 and length 80
Passed for start_position 9 and length 82
Passed for start_position 9 and length 84
Passed for start_position 9 and length 86
Passed for start_position 9 and length 88
Passed for start_position 9 and length 90
Passed for start_position 9 and length 92
Passed for start_position 9 and length 94
Passed for start_position 9 and length 96
Passed for start_position 9 and length 98
Passed for start_position 9 and length 100
Passed for start_position 10 and length 2
Passed for start_position 10 and length 4
Passed for start_position 10 and length 6
Passed for start_position 10 and length 8
Passed for start_position 10 and length 10
Passed for start_position 10 and length 12
Passed for start_position 10 and length 14
Passed for start_position 10 and length 16
Passed for start_position 10 and length 18
Passed for start_position 10 and length 20
Passed for start_position 10 and length 22
Passed for start_position 10 and length 24
Passed for start_position 10 and length 26
Passed for start_position 10 and length 28
Passed for start_position 10 and length 30
Passed for start_position 10 and length 32
Passed for start_position 10 and length 34
Passed for start_position 10 and length 36
Passed for start_position 10 and length 38
Passed for start_position 10 and length 40
Passed for start_position 10 and length 42
Passed for start_position 10 and length 44
Passed for start_position 10 and length 46
Passed for start_position 10 and length 48
Passed for start_position 10 and length 50
Passed for start_position 10 and length 52
Passed for start_position 10 and length 54
Passed for start_position 10 and length 56
Passed for start_position 10 and length 58
Passed for start_position 10 and length 60
Passed for start_position 10 and length 62
Passed for start_position 10 and length 64
Passed for start_position 10 and length 66
Passed for start_position 10 and length 68
Passed for start_position 10 and length 70
Passed for start_position 10 and length 72
Passed for start_position 10 and length 74
Passed for start_position 10 and length 76
Passed for start_position 10 and length 78
Passed for start_position 10 and length 80
Passed for start_position 10 and length 82
Passed for start_position 10 and length 84
Passed for start_position 10 and length 86
Passed for start_position 10 and length 88
Passed for start_position 10 and length 90
Passed for start_position 10 and length 92
Passed for start_position 10 and length 94
Passed for start_position 10 and length 96
Passed for start_position 10 and length 98
Passed for start_position 10 and length 100
Passed for start_position 11 and length 2
Passed for start_position 11 and length 4
Passed for start_position 11 and length 6
Passed for start_position 11 and length 8
Passed for start_position 11 and length 10
Passed for start_position 11 and length 12
Passed for start_position 11 and length 14
Passed for start_position 11 and length 16
Passed for start_position 11 and length 18
Passed for start_position 11 and length 20
Passed for start_position 11 and length 22
Passed for start_position 11 and length 24
Passed for start_position 11 and length 26
Passed for start_position 11 and length 28
Passed for start_position 11 and length 30
Passed for start_position 11 and length 32
Passed for start_position 11 and length 34
Passed for start_position 11 and length 36
Passed for start_position 11 and length 38
Passed for start_position 11 and length 40
Passed for start_position 11 and length 42
Passed for start_position 11 and length 44
Passed for start_position 11 and length 46
Passed for start_position 11 and length 48
Passed for start_position 11 and length 50
Passed for start_position 11 and length 52
Passed for start_position 11 and length 54
Passed for start_position 11 and length 56
Passed for start_position 11 and length 58
Passed for start_position 11 and length 60
Passed for start_position 11 and length 62
Passed for start_position 11 and length 64
Passed for start_position 11 and length 66
Passed for start_position 11 and length 68
Passed for start_position 11 and length 70
Passed for start_position 11 and length 72
Passed for start_position 11 and length 74
Passed for start_position 11 and length 76
Passed for start_position 11 and length 78
Passed for start_position 11 and length 80
Passed for start_position 11 and length 82
Passed for start_position 11 and length 84
Passed for start_position 11 and length 86
Passed for start_position 11 and length 88
Passed for start_position 11 and length 90
Passed for start_position 11 and length 92
Passed for start_position 11 and length 94
Passed for start_position 11 and length 96
Passed for start_position 11 and length 98
Passed for start_position 11 and length 100
Error for start_position 12 and length 2: Movement 1 not in dictionary
Passed for start_position 12 and length 4
Passed for start_position 12 and length 6
Error for start_position 12 and length 8: Movement 1 not in dictionary
Passed for start_position 12 and length 10
Passed for start_position 12 and length 12
Passed for start_position 12 and length 14
Passed for start_position 12 and length 16
Passed for start_position 12 and length 18
Passed for start_position 12 and length 20
Passed for start_position 12 and length 22
Passed for start_position 12 and length 24
Passed for start_position 12 and length 26
Error for start_position 12 and length 28: Movement 1 not in dictionary
Error for start_position 12 and length 30: Movement -1 not in dictionary
Error for start_position 12 and length 32: Movement -1 not in dictionary
Passed for start_position 12 and length 34
Passed for start_position 12 and length 36
Passed for start_position 12 and length 38
Error for start_position 12 and length 40: Movement -1 not in dictionary
Passed for start_position 12 and length 42
Passed for start_position 12 and length 44
Error for start_position 12 and length 46: Movement -1 not in dictionary
Passed for start_position 12 and length 48
Error for start_position 12 and length 50: Movement 1 not in dictionary
Error for start_position 12 and length 52: Movement 1 not in dictionary
Passed for start_position 12 and length 54
Error for start_position 12 and length 56: Movement -1 not in dictionary
Passed for start_position 12 and length 58
Error for start_position 12 and length 60: Movement 1 not in dictionary
Passed for start_position 12 and length 62
Error for start_position 12 and length 64: Movement -1 not in dictionary
Passed for start_position 12 and length 66
Passed for start_position 12 and length 68
Passed for start_position 12 and length 70
Passed for start_position 12 and length 72
Error for start_position 12 and length 74: Movement -1 not in dictionary
Error for start_position 12 and length 76: Movement 1 not in dictionary
Passed for start_position 12 and length 78
Passed for start_position 12 and length 80
Error for start_position 12 and length 82: Movement 1 not in dictionary
Error for start_position 12 and length 84: Movement 1 not in dictionary
Passed for start_position 12 and length 86
Passed for start_position 12 and length 88
Error for start_position 12 and length 90: Movement 1 not in dictionary
Passed for start_position 12 and length 92
Error for start_position 12 and length 94: Movement -1 not in dictionary
Passed for start_position 12 and length 96
Passed for start_position 12 and length 98
Passed for start_position 12 and length 100
Passed for start_position 13 and length 2
Passed for start_position 13 and length 4
Passed for start_position 13 and length 6
Passed for start_position 13 and length 8
Passed for start_position 13 and length 10
Passed for start_position 13 and length 12
Passed for start_position 13 and length 14
Passed for start_position 13 and length 16
Passed for start_position 13 and length 18
Passed for start_position 13 and length 20
Passed for start_position 13 and length 22
Passed for start_position 13 and length 24
Passed for start_position 13 and length 26
Passed for start_position 13 and length 28
Passed for start_position 13 and length 30
Passed for start_position 13 and length 32
Passed for start_position 13 and length 34
Passed for start_position 13 and length 36
Passed for start_position 13 and length 38
Passed for start_position 13 and length 40
Passed for start_position 13 and length 42
Passed for start_position 13 and length 44
Passed for start_position 13 and length 46
Passed for start_position 13 and length 48
Passed for start_position 13 and length 50
Passed for start_position 13 and length 52
Passed for start_position 13 and length 54
Passed for start_position 13 and length 56
Passed for start_position 13 and length 58
Passed for start_position 13 and length 60
Passed for start_position 13 and length 62
Passed for start_position 13 and length 64
Passed for start_position 13 and length 66
Passed for start_position 13 and length 68
Passed for start_position 13 and length 70
Passed for start_position 13 and length 72
Passed for start_position 13 and length 74
Passed for start_position 13 and length 76
Passed for start_position 13 and length 78
Passed for start_position 13 and length 80
Passed for start_position 13 and length 82
Passed for start_position 13 and length 84
Passed for start_position 13 and length 86
Passed for start_position 13 and length 88
Passed for start_position 13 and length 90
Passed for start_position 13 and length 92
Passed for start_position 13 and length 94
Passed for start_position 13 and length 96
Passed for start_position 13 and length 98
Passed for start_position 13 and length 100
Passed for start_position 14 and length 2
Passed for start_position 14 and length 4
Passed for start_position 14 and length 6
Passed for start_position 14 and length 8
Passed for start_position 14 and length 10
Passed for start_position 14 and length 12
Passed for start_position 14 and length 14
Passed for start_position 14 and length 16
Passed for start_position 14 and length 18
Passed for start_position 14 and length 20
Passed for start_position 14 and length 22
Passed for start_position 14 and length 24
Passed for start_position 14 and length 26
Passed for start_position 14 and length 28
Passed for start_position 14 and length 30
Passed for start_position 14 and length 32
Passed for start_position 14 and length 34
Passed for start_position 14 and length 36
Passed for start_position 14 and length 38
Passed for start_position 14 and length 40
Passed for start_position 14 and length 42
Passed for start_position 14 and length 44
Passed for start_position 14 and length 46
Passed for start_position 14 and length 48
Passed for start_position 14 and length 50
Passed for start_position 14 and length 52
Passed for start_position 14 and length 54
Passed for start_position 14 and length 56
Passed for start_position 14 and length 58
Passed for start_position 14 and length 60
Passed for start_position 14 and length 62
Passed for start_position 14 and length 64
Passed for start_position 14 and length 66
Passed for start_position 14 and length 68
Passed for start_position 14 and length 70
Passed for start_position 14 and length 72
Passed for start_position 14 and length 74
Passed for start_position 14 and length 76
Passed for start_position 14 and length 78
Passed for start_position 14 and length 80
Passed for start_position 14 and length 82
Passed for start_position 14 and length 84
Passed for start_position 14 and length 86
Passed for start_position 14 and length 88
Passed for start_position 14 and length 90
Passed for start_position 14 and length 92
Passed for start_position 14 and length 94
Passed for start_position 14 and length 96
Passed for start_position 14 and length 98
Passed for start_position 14 and length 100
Passed for start_position 15 and length 2
Passed for start_position 15 and length 4
Passed for start_position 15 and length 6
Passed for start_position 15 and length 8
Passed for start_position 15 and length 10
Passed for start_position 15 and length 12
Passed for start_position 15 and length 14
Passed for start_position 15 and length 16
Passed for start_position 15 and length 18
Passed for start_position 15 and length 20
Passed for start_position 15 and length 22
Passed for start_position 15 and length 24
Passed for start_position 15 and length 26
Passed for start_position 15 and length 28
Passed for start_position 15 and length 30
Passed for start_position 15 and length 32
Passed for start_position 15 and length 34
Passed for start_position 15 and length 36
Passed for start_position 15 and length 38
Passed for start_position 15 and length 40
Passed for start_position 15 and length 42
Passed for start_position 15 and length 44
Passed for start_position 15 and length 46
Passed for start_position 15 and length 48
Passed for start_position 15 and length 50
Passed for start_position 15 and length 52
Passed for start_position 15 and length 54
Passed for start_position 15 and length 56
Passed for start_position 15 and length 58
Passed for start_position 15 and length 60
Passed for start_position 15 and length 62
Passed for start_position 15 and length 64
Passed for start_position 15 and length 66
Passed for start_position 15 and length 68
Passed for start_position 15 and length 70
Passed for start_position 15 and length 72
Passed for start_position 15 and length 74
Passed for start_position 15 and length 76
Passed for start_position 15 and length 78
Passed for start_position 15 and length 80
Passed for start_position 15 and length 82
Passed for start_position 15 and length 84
Passed for start_position 15 and length 86
Passed for start_position 15 and length 88
Passed for start_position 15 and length 90
Passed for start_position 15 and length 92
Passed for start_position 15 and length 94
Passed for start_position 15 and length 96
Passed for start_position 15 and length 98
Passed for start_position 15 and length 100
Passed for start_position 16 and length 2
Passed for start_position 16 and length 4
Passed for start_position 16 and length 6
Passed for start_position 16 and length 8
Passed for start_position 16 and length 10
Passed for start_position 16 and length 12
Passed for start_position 16 and length 14
Passed for start_position 16 and length 16
Passed for start_position 16 and length 18
Passed for start_position 16 and length 20
Passed for start_position 16 and length 22
Passed for start_position 16 and length 24
Passed for start_position 16 and length 26
Passed for start_position 16 and length 28
Passed for start_position 16 and length 30
Passed for start_position 16 and length 32
Passed for start_position 16 and length 34
Passed for start_position 16 and length 36
Passed for start_position 16 and length 38
Passed for start_position 16 and length 40
Passed for start_position 16 and length 42
Passed for start_position 16 and length 44
Passed for start_position 16 and length 46
Passed for start_position 16 and length 48
Passed for start_position 16 and length 50
Passed for start_position 16 and length 52
Passed for start_position 16 and length 54
Passed for start_position 16 and length 56
Passed for start_position 16 and length 58
Passed for start_position 16 and length 60
Passed for start_position 16 and length 62
Passed for start_position 16 and length 64
Passed for start_position 16 and length 66
Passed for start_position 16 and length 68
Passed for start_position 16 and length 70
Passed for start_position 16 and length 72
Passed for start_position 16 and length 74
Passed for start_position 16 and length 76
Passed for start_position 16 and length 78
Passed for start_position 16 and length 80
Passed for start_position 16 and length 82
Passed for start_position 16 and length 84
Passed for start_position 16 and length 86
Passed for start_position 16 and length 88
Passed for start_position 16 and length 90
Passed for start_position 16 and length 92
Passed for start_position 16 and length 94
Passed for start_position 16 and length 96
Passed for start_position 16 and length 98
Passed for start_position 16 and length 100
Passed for start_position 17 and length 2
Passed for start_position 17 and length 4
Passed for start_position 17 and length 6
Passed for start_position 17 and length 8
Passed for start_position 17 and length 10
Passed for start_position 17 and length 12
Passed for start_position 17 and length 14
Passed for start_position 17 and length 16
Passed for start_position 17 and length 18
Passed for start_position 17 and length 20
Passed for start_position 17 and length 22
Passed for start_position 17 and length 24
Passed for start_position 17 and length 26
Passed for start_position 17 and length 28
Passed for start_position 17 and length 30
Passed for start_position 17 and length 32
Passed for start_position 17 and length 34
Passed for start_position 17 and length 36
Passed for start_position 17 and length 38
Passed for start_position 17 and length 40
Passed for start_position 17 and length 42
Passed for start_position 17 and length 44
Passed for start_position 17 and length 46
Passed for start_position 17 and length 48
Passed for start_position 17 and length 50
Passed for start_position 17 and length 52
Passed for start_position 17 and length 54
Passed for start_position 17 and length 56
Passed for start_position 17 and length 58
Passed for start_position 17 and length 60
Passed for start_position 17 and length 62
Passed for start_position 17 and length 64
Passed for start_position 17 and length 66
Passed for start_position 17 and length 68
Passed for start_position 17 and length 70
Passed for start_position 17 and length 72
Passed for start_position 17 and length 74
Passed for start_position 17 and length 76
Passed for start_position 17 and length 78
Passed for start_position 17 and length 80
Passed for start_position 17 and length 82
Passed for start_position 17 and length 84
Passed for start_position 17 and length 86
Passed for start_position 17 and length 88
Passed for start_position 17 and length 90
Passed for start_position 17 and length 92
Passed for start_position 17 and length 94
Passed for start_position 17 and length 96
Passed for start_position 17 and length 98
Passed for start_position 17 and length 100
Passed for start_position 18 and length 2
Passed for start_position 18 and length 4
Passed for start_position 18 and length 6
Passed for start_position 18 and length 8
Passed for start_position 18 and length 10
Passed for start_position 18 and length 12
Passed for start_position 18 and length 14
Passed for start_position 18 and length 16
Passed for start_position 18 and length 18
Passed for start_position 18 and length 20
Passed for start_position 18 and length 22
Passed for start_position 18 and length 24
Passed for start_position 18 and length 26
Passed for start_position 18 and length 28
Passed for start_position 18 and length 30
Passed for start_position 18 and length 32
Passed for start_position 18 and length 34
Passed for start_position 18 and length 36
Passed for start_position 18 and length 38
Passed for start_position 18 and length 40
Passed for start_position 18 and length 42
Passed for start_position 18 and length 44
Passed for start_position 18 and length 46
Passed for start_position 18 and length 48
Passed for start_position 18 and length 50
Passed for start_position 18 and length 52
Passed for start_position 18 and length 54
Passed for start_position 18 and length 56
Passed for start_position 18 and length 58
Passed for start_position 18 and length 60
Passed for start_position 18 and length 62
Passed for start_position 18 and length 64
Passed for start_position 18 and length 66
Passed for start_position 18 and length 68
Passed for start_position 18 and length 70
Passed for start_position 18 and length 72
Passed for start_position 18 and length 74
Passed for start_position 18 and length 76
Passed for start_position 18 and length 78
Passed for start_position 18 and length 80
Passed for start_position 18 and length 82
Passed for start_position 18 and length 84
Passed for start_position 18 and length 86
Passed for start_position 18 and length 88
Passed for start_position 18 and length 90
Passed for start_position 18 and length 92
Passed for start_position 18 and length 94
Passed for start_position 18 and length 96
Passed for start_position 18 and length 98
Passed for start_position 18 and length 100
Passed for start_position 19 and length 2
Passed for start_position 19 and length 4
Passed for start_position 19 and length 6
Passed for start_position 19 and length 8
Passed for start_position 19 and length 10
Passed for start_position 19 and length 12
Passed for start_position 19 and length 14
Passed for start_position 19 and length 16
Passed for start_position 19 and length 18
Passed for start_position 19 and length 20
Passed for start_position 19 and length 22
Passed for start_position 19 and length 24
Passed for start_position 19 and length 26
Passed for start_position 19 and length 28
Passed for start_position 19 and length 30
Passed for start_position 19 and length 32
Passed for start_position 19 and length 34
Passed for start_position 19 and length 36
Passed for start_position 19 and length 38
Passed for start_position 19 and length 40
Passed for start_position 19 and length 42
Passed for start_position 19 and length 44
Passed for start_position 19 and length 46
Passed for start_position 19 and length 48
Passed for start_position 19 and length 50
Passed for start_position 19 and length 52
Passed for start_position 19 and length 54
Passed for start_position 19 and length 56
Passed for start_position 19 and length 58
Passed for start_position 19 and length 60
Passed for start_position 19 and length 62
Passed for start_position 19 and length 64
Passed for start_position 19 and length 66
Passed for start_position 19 and length 68
Passed for start_position 19 and length 70
Passed for start_position 19 and length 72
Passed for start_position 19 and length 74
Passed for start_position 19 and length 76
Passed for start_position 19 and length 78
Passed for start_position 19 and length 80
Passed for start_position 19 and length 82
Passed for start_position 19 and length 84
Passed for start_position 19 and length 86
Passed for start_position 19 and length 88
Passed for start_position 19 and length 90
Passed for start_position 19 and length 92
Passed for start_position 19 and length 94
Passed for start_position 19 and length 96
Passed for start_position 19 and length 98
Passed for start_position 19 and length 100
Passed for start_position 20 and length 2
Passed for start_position 20 and length 4
Passed for start_position 20 and length 6
Passed for start_position 20 and length 8
Passed for start_position 20 and length 10
Passed for start_position 20 and length 12
Passed for start_position 20 and length 14
Passed for start_position 20 and length 16
Passed for start_position 20 and length 18
Passed for start_position 20 and length 20
Passed for start_position 20 and length 22
Passed for start_position 20 and length 24
Passed for start_position 20 and length 26
Passed for start_position 20 and length 28
Passed for start_position 20 and length 30
Passed for start_position 20 and length 32
Passed for start_position 20 and length 34
Passed for start_position 20 and length 36
Passed for start_position 20 and length 38
Passed for start_position 20 and length 40
Passed for start_position 20 and length 42
Passed for start_position 20 and length 44
Passed for start_position 20 and length 46
Passed for start_position 20 and length 48
Passed for start_position 20 and length 50
Passed for start_position 20 and length 52
Passed for start_position 20 and length 54
Passed for start_position 20 and length 56
Passed for start_position 20 and length 58
Passed for start_position 20 and length 60
Passed for start_position 20 and length 62
Passed for start_position 20 and length 64
Passed for start_position 20 and length 66
Passed for start_position 20 and length 68
Passed for start_position 20 and length 70
Passed for start_position 20 and length 72
Passed for start_position 20 and length 74
Passed for start_position 20 and length 76
Passed for start_position 20 and length 78
Passed for start_position 20 and length 80
Passed for start_position 20 and length 82
Passed for start_position 20 and length 84
Passed for start_position 20 and length 86
Passed for start_position 20 and length 88
Passed for start_position 20 and length 90
Passed for start_position 20 and length 92
Passed for start_position 20 and length 94
Passed for start_position 20 and length 96
Passed for start_position 20 and length 98
Passed for start_position 20 and length 100
Passed for start_position 21 and length 2
Passed for start_position 21 and length 4
Passed for start_position 21 and length 6
Passed for start_position 21 and length 8
Passed for start_position 21 and length 10
Passed for start_position 21 and length 12
Passed for start_position 21 and length 14
Passed for start_position 21 and length 16
Passed for start_position 21 and length 18
Passed for start_position 21 and length 20
Passed for start_position 21 and length 22
Passed for start_position 21 and length 24
Passed for start_position 21 and length 26
Passed for start_position 21 and length 28
Passed for start_position 21 and length 30
Passed for start_position 21 and length 32
Passed for start_position 21 and length 34
Passed for start_position 21 and length 36
Passed for start_position 21 and length 38
Passed for start_position 21 and length 40
Passed for start_position 21 and length 42
Passed for start_position 21 and length 44
Passed for start_position 21 and length 46
Passed for start_position 21 and length 48
Passed for start_position 21 and length 50
Passed for start_position 21 and length 52
Passed for start_position 21 and length 54
Passed for start_position 21 and length 56
Passed for start_position 21 and length 58
Passed for start_position 21 and length 60
Passed for start_position 21 and length 62
Passed for start_position 21 and length 64
Passed for start_position 21 and length 66
Passed for start_position 21 and length 68
Passed for start_position 21 and length 70
Passed for start_position 21 and length 72
Passed for start_position 21 and length 74
Passed for start_position 21 and length 76
Passed for start_position 21 and length 78
Passed for start_position 21 and length 80
Passed for start_position 21 and length 82
Passed for start_position 21 and length 84
Passed for start_position 21 and length 86
Passed for start_position 21 and length 88
Passed for start_position 21 and length 90
Passed for start_position 21 and length 92
Passed for start_position 21 and length 94
Passed for start_position 21 and length 96
Passed for start_position 21 and length 98
Passed for start_position 21 and length 100
Passed for start_position 22 and length 2
Passed for start_position 22 and length 4
Passed for start_position 22 and length 6
Passed for start_position 22 and length 8
Passed for start_position 22 and length 10
Passed for start_position 22 and length 12
Passed for start_position 22 and length 14
Passed for start_position 22 and length 16
Passed for start_position 22 and length 18
Passed for start_position 22 and length 20
Passed for start_position 22 and length 22
Passed for start_position 22 and length 24
Passed for start_position 22 and length 26
Passed for start_position 22 and length 28
Passed for start_position 22 and length 30
Passed for start_position 22 and length 32
Passed for start_position 22 and length 34
Passed for start_position 22 and length 36
Passed for start_position 22 and length 38
Passed for start_position 22 and length 40
Passed for start_position 22 and length 42
Passed for start_position 22 and length 44
Passed for start_position 22 and length 46
Passed for start_position 22 and length 48
Passed for start_position 22 and length 50
Passed for start_position 22 and length 52
Passed for start_position 22 and length 54
Passed for start_position 22 and length 56
Passed for start_position 22 and length 58
Passed for start_position 22 and length 60
Passed for start_position 22 and length 62
Passed for start_position 22 and length 64
Passed for start_position 22 and length 66
Passed for start_position 22 and length 68
Passed for start_position 22 and length 70
Passed for start_position 22 and length 72
Passed for start_position 22 and length 74
Passed for start_position 22 and length 76
Passed for start_position 22 and length 78
Passed for start_position 22 and length 80
Passed for start_position 22 and length 82
Passed for start_position 22 and length 84
Passed for start_position 22 and length 86
Passed for start_position 22 and length 88
Passed for start_position 22 and length 90
Passed for start_position 22 and length 92
Passed for start_position 22 and length 94
Passed for start_position 22 and length 96
Passed for start_position 22 and length 98
Passed for start_position 22 and length 100
Passed for start_position 23 and length 2
Passed for start_position 23 and length 4
Passed for start_position 23 and length 6
Passed for start_position 23 and length 8
Passed for start_position 23 and length 10
Passed for start_position 23 and length 12
Passed for start_position 23 and length 14
Passed for start_position 23 and length 16
Passed for start_position 23 and length 18
Passed for start_position 23 and length 20
Passed for start_position 23 and length 22
Passed for start_position 23 and length 24
Passed for start_position 23 and length 26
Passed for start_position 23 and length 28
Passed for start_position 23 and length 30
Passed for start_position 23 and length 32
Passed for start_position 23 and length 34
Passed for start_position 23 and length 36
Passed for start_position 23 and length 38
Passed for start_position 23 and length 40
Passed for start_position 23 and length 42
Passed for start_position 23 and length 44
Passed for start_position 23 and length 46
Passed for start_position 23 and length 48
Passed for start_position 23 and length 50
Passed for start_position 23 and length 52
Passed for start_position 23 and length 54
Passed for start_position 23 and length 56
Passed for start_position 23 and length 58
Passed for start_position 23 and length 60
Passed for start_position 23 and length 62
Passed for start_position 23 and length 64
Passed for start_position 23 and length 66
Passed for start_position 23 and length 68
Passed for start_position 23 and length 70
Passed for start_position 23 and length 72
Passed for start_position 23 and length 74
Passed for start_position 23 and length 76
Passed for start_position 23 and length 78
Passed for start_position 23 and length 80
Passed for start_position 23 and length 82
Passed for start_position 23 and length 84
Passed for start_position 23 and length 86
Passed for start_position 23 and length 88
Passed for start_position 23 and length 90
Passed for start_position 23 and length 92
Passed for start_position 23 and length 94
Passed for start_position 23 and length 96
Passed for start_position 23 and length 98
Passed for start_position 23 and length 100
Passed for start_position 24 and length 2
Passed for start_position 24 and length 4
Passed for start_position 24 and length 6
Passed for start_position 24 and length 8
Passed for start_position 24 and length 10
Passed for start_position 24 and length 12
Passed for start_position 24 and length 14
Passed for start_position 24 and length 16
Passed for start_position 24 and length 18
Passed for start_position 24 and length 20
Passed for start_position 24 and length 22
Passed for start_position 24 and length 24
Passed for start_position 24 and length 26
Passed for start_position 24 and length 28
Passed for start_position 24 and length 30
Passed for start_position 24 and length 32
Passed for start_position 24 and length 34
Passed for start_position 24 and length 36
Passed for start_position 24 and length 38
Passed for start_position 24 and length 40
Passed for start_position 24 and length 42
Passed for start_position 24 and length 44
Passed for start_position 24 and length 46
Passed for start_position 24 and length 48
Passed for start_position 24 and length 50
Passed for start_position 24 and length 52
Passed for start_position 24 and length 54
Passed for start_position 24 and length 56
Passed for start_position 24 and length 58
Passed for start_position 24 and length 60
Passed for start_position 24 and length 62
Passed for start_position 24 and length 64
Passed for start_position 24 and length 66
Passed for start_position 24 and length 68
Passed for start_position 24 and length 70
Passed for start_position 24 and length 72
Passed for start_position 24 and length 74
Passed for start_position 24 and length 76
Passed for start_position 24 and length 78
Passed for start_position 24 and length 80
Passed for start_position 24 and length 82
Passed for start_position 24 and length 84
Passed for start_position 24 and length 86
Passed for start_position 24 and length 88
Passed for start_position 24 and length 90
Passed for start_position 24 and length 92
Passed for start_position 24 and length 94
Passed for start_position 24 and length 96
Passed for start_position 24 and length 98
Passed for start_position 24 and length 100
Passed for start_position 25 and length 2
Passed for start_position 25 and length 4
Passed for start_position 25 and length 6
Passed for start_position 25 and length 8
Passed for start_position 25 and length 10
Passed for start_position 25 and length 12
Passed for start_position 25 and length 14
Passed for start_position 25 and length 16
Passed for start_position 25 and length 18
Passed for start_position 25 and length 20
Passed for start_position 25 and length 22
Passed for start_position 25 and length 24
Passed for start_position 25 and length 26
Passed for start_position 25 and length 28
Passed for start_position 25 and length 30
Passed for start_position 25 and length 32
Passed for start_position 25 and length 34
Passed for start_position 25 and length 36
Passed for start_position 25 and length 38
Passed for start_position 25 and length 40
Passed for start_position 25 and length 42
Passed for start_position 25 and length 44
Passed for start_position 25 and length 46
Passed for start_position 25 and length 48
Passed for start_position 25 and length 50
Passed for start_position 25 and length 52
Passed for start_position 25 and length 54
Passed for start_position 25 and length 56
Passed for start_position 25 and length 58
Passed for start_position 25 and length 60
Passed for start_position 25 and length 62
Passed for start_position 25 and length 64
Passed for start_position 25 and length 66
Passed for start_position 25 and length 68
Passed for start_position 25 and length 70
Passed for start_position 25 and length 72
Passed for start_position 25 and length 74
Passed for start_position 25 and length 76
Passed for start_position 25 and length 78
Passed for start_position 25 and length 80
Passed for start_position 25 and length 82
Passed for start_position 25 and length 84
Passed for start_position 25 and length 86
Passed for start_position 25 and length 88
Passed for start_position 25 and length 90
Passed for start_position 25 and length 92
Passed for start_position 25 and length 94
Passed for start_position 25 and length 96
Passed for start_position 25 and length 98
Passed for start_position 25 and length 100
Passed for start_position 26 and length 2
Passed for start_position 26 and length 4
Passed for start_position 26 and length 6
Passed for start_position 26 and length 8
Passed for start_position 26 and length 10
Passed for start_position 26 and length 12
Passed for start_position 26 and length 14
Passed for start_position 26 and length 16
Passed for start_position 26 and length 18
Passed for start_position 26 and length 20
Passed for start_position 26 and length 22
Passed for start_position 26 and length 24
Passed for start_position 26 and length 26
Passed for start_position 26 and length 28
Passed for start_position 26 and length 30
Passed for start_position 26 and length 32
Passed for start_position 26 and length 34
Passed for start_position 26 and length 36
Passed for start_position 26 and length 38
Passed for start_position 26 and length 40
Passed for start_position 26 and length 42
Passed for start_position 26 and length 44
Passed for start_position 26 and length 46
Passed for start_position 26 and length 48
Passed for start_position 26 and length 50
Passed for start_position 26 and length 52
Passed for start_position 26 and length 54
Passed for start_position 26 and length 56
Passed for start_position 26 and length 58
Passed for start_position 26 and length 60
Passed for start_position 26 and length 62
Passed for start_position 26 and length 64
Passed for start_position 26 and length 66
Passed for start_position 26 and length 68
Passed for start_position 26 and length 70
Passed for start_position 26 and length 72
Passed for start_position 26 and length 74
Passed for start_position 26 and length 76
Passed for start_position 26 and length 78
Passed for start_position 26 and length 80
Passed for start_position 26 and length 82
Passed for start_position 26 and length 84
Passed for start_position 26 and length 86
Passed for start_position 26 and length 88
Passed for start_position 26 and length 90
Passed for start_position 26 and length 92
Passed for start_position 26 and length 94
Passed for start_position 26 and length 96
Passed for start_position 26 and length 98
Passed for start_position 26 and length 100
Passed for start_position 27 and length 2
Passed for start_position 27 and length 4
Passed for start_position 27 and length 6
Passed for start_position 27 and length 8
Passed for start_position 27 and length 10
Passed for start_position 27 and length 12
Passed for start_position 27 and length 14
Passed for start_position 27 and length 16
Passed for start_position 27 and length 18
Passed for start_position 27 and length 20
Passed for start_position 27 and length 22
Passed for start_position 27 and length 24
Passed for start_position 27 and length 26
Passed for start_position 27 and length 28
Passed for start_position 27 and length 30
Passed for start_position 27 and length 32
Passed for start_position 27 and length 34
Passed for start_position 27 and length 36
Passed for start_position 27 and length 38
Passed for start_position 27 and length 40
Passed for start_position 27 and length 42
Passed for start_position 27 and length 44
Passed for start_position 27 and length 46
Passed for start_position 27 and length 48
Passed for start_position 27 and length 50
Passed for start_position 27 and length 52
Passed for start_position 27 and length 54
Passed for start_position 27 and length 56
Passed for start_position 27 and length 58
Passed for start_position 27 and length 60
Passed for start_position 27 and length 62
Passed for start_position 27 and length 64
Passed for start_position 27 and length 66
Passed for start_position 27 and length 68
Passed for start_position 27 and length 70
Passed for start_position 27 and length 72
Passed for start_position 27 and length 74
Passed for start_position 27 and length 76
Passed for start_position 27 and length 78
Passed for start_position 27 and length 80
Passed for start_position 27 and length 82
Passed for start_position 27 and length 84
Passed for start_position 27 and length 86
Passed for start_position 27 and length 88
Passed for start_position 27 and length 90
Passed for start_position 27 and length 92
Passed for start_position 27 and length 94
Passed for start_position 27 and length 96
Passed for start_position 27 and length 98
Passed for start_position 27 and length 100
Passed for start_position 28 and length 2
Passed for start_position 28 and length 4
Passed for start_position 28 and length 6
Passed for start_position 28 and length 8
Passed for start_position 28 and length 10
Passed for start_position 28 and length 12
Passed for start_position 28 and length 14
Passed for start_position 28 and length 16
Passed for start_position 28 and length 18
Passed for start_position 28 and length 20
Passed for start_position 28 and length 22
Passed for start_position 28 and length 24
Passed for start_position 28 and length 26
Passed for start_position 28 and length 28
Passed for start_position 28 and length 30
Passed for start_position 28 and length 32
Passed for start_position 28 and length 34
Passed for start_position 28 and length 36
Passed for start_position 28 and length 38
Passed for start_position 28 and length 40
Passed for start_position 28 and length 42
Passed for start_position 28 and length 44
Passed for start_position 28 and length 46
Passed for start_position 28 and length 48
Passed for start_position 28 and length 50
Passed for start_position 28 and length 52
Passed for start_position 28 and length 54
Passed for start_position 28 and length 56
Passed for start_position 28 and length 58
Passed for start_position 28 and length 60
Passed for start_position 28 and length 62
Passed for start_position 28 and length 64
Passed for start_position 28 and length 66
Passed for start_position 28 and length 68
Passed for start_position 28 and length 70
Passed for start_position 28 and length 72
Passed for start_position 28 and length 74
Passed for start_position 28 and length 76
Passed for start_position 28 and length 78
Passed for start_position 28 and length 80
Passed for start_position 28 and length 82
Passed for start_position 28 and length 84
Passed for start_position 28 and length 86
Passed for start_position 28 and length 88
Passed for start_position 28 and length 90
Passed for start_position 28 and length 92
Passed for start_position 28 and length 94
Passed for start_position 28 and length 96
Passed for start_position 28 and length 98
Passed for start_position 28 and length 100
Passed for start_position 29 and length 2
Passed for start_position 29 and length 4
Passed for start_position 29 and length 6
Passed for start_position 29 and length 8
Passed for start_position 29 and length 10
Passed for start_position 29 and length 12
Passed for start_position 29 and length 14
Passed for start_position 29 and length 16
Passed for start_position 29 and length 18
Passed for start_position 29 and length 20
Passed for start_position 29 and length 22
Passed for start_position 29 and length 24
Passed for start_position 29 and length 26
Passed for start_position 29 and length 28
Passed for start_position 29 and length 30
Passed for start_position 29 and length 32
Passed for start_position 29 and length 34
Passed for start_position 29 and length 36
Passed for start_position 29 and length 38
Passed for start_position 29 and length 40
Passed for start_position 29 and length 42
Passed for start_position 29 and length 44
Passed for start_position 29 and length 46
Passed for start_position 29 and length 48
Passed for start_position 29 and length 50
Passed for start_position 29 and length 52
Passed for start_position 29 and length 54
Passed for start_position 29 and length 56
Passed for start_position 29 and length 58
Passed for start_position 29 and length 60
Passed for start_position 29 and length 62
Passed for start_position 29 and length 64
Passed for start_position 29 and length 66
Passed for start_position 29 and length 68
Passed for start_position 29 and length 70
Passed for start_position 29 and length 72
Passed for start_position 29 and length 74
Passed for start_position 29 and length 76
Passed for start_position 29 and length 78
Passed for start_position 29 and length 80
Passed for start_position 29 and length 82
Passed for start_position 29 and length 84
Passed for start_position 29 and length 86
Passed for start_position 29 and length 88
Passed for start_position 29 and length 90
Passed for start_position 29 and length 92
Passed for start_position 29 and length 94
Passed for start_position 29 and length 96
Passed for start_position 29 and length 98
Passed for start_position 29 and length 100
Passed for start_position 30 and length 2
Passed for start_position 30 and length 4
Passed for start_position 30 and length 6
Passed for start_position 30 and length 8
Passed for start_position 30 and length 10
Passed for start_position 30 and length 12
Passed for start_position 30 and length 14
Passed for start_position 30 and length 16
Passed for start_position 30 and length 18
Passed for start_position 30 and length 20
Passed for start_position 30 and length 22
Passed for start_position 30 and length 24
Passed for start_position 30 and length 26
Passed for start_position 30 and length 28
Passed for start_position 30 and length 30
Passed for start_position 30 and length 32
Passed for start_position 30 and length 34
Passed for start_position 30 and length 36
Passed for start_position 30 and length 38
Passed for start_position 30 and length 40
Passed for start_position 30 and length 42
Passed for start_position 30 and length 44
Passed for start_position 30 and length 46
Passed for start_position 30 and length 48
Passed for start_position 30 and length 50
Passed for start_position 30 and length 52
Passed for start_position 30 and length 54
Passed for start_position 30 and length 56
Passed for start_position 30 and length 58
Passed for start_position 30 and length 60
Passed for start_position 30 and length 62
Passed for start_position 30 and length 64
Passed for start_position 30 and length 66
Passed for start_position 30 and length 68
Passed for start_position 30 and length 70
Passed for start_position 30 and length 72
Passed for start_position 30 and length 74
Passed for start_position 30 and length 76
Passed for start_position 30 and length 78
Passed for start_position 30 and length 80
Passed for start_position 30 and length 82
Passed for start_position 30 and length 84
Passed for start_position 30 and length 86
Passed for start_position 30 and length 88
Passed for start_position 30 and length 90
Passed for start_position 30 and length 92
Passed for start_position 30 and length 94
Passed for start_position 30 and length 96
Passed for start_position 30 and length 98
Passed for start_position 30 and length 100
Passed for start_position 31 and length 2
Passed for start_position 31 and length 4
Passed for start_position 31 and length 6
Passed for start_position 31 and length 8
Passed for start_position 31 and length 10
Passed for start_position 31 and length 12
Passed for start_position 31 and length 14
Passed for start_position 31 and length 16
Passed for start_position 31 and length 18
Passed for start_position 31 and length 20
Passed for start_position 31 and length 22
Passed for start_position 31 and length 24
Passed for start_position 31 and length 26
Passed for start_position 31 and length 28
Passed for start_position 31 and length 30
Passed for start_position 31 and length 32
Passed for start_position 31 and length 34
Passed for start_position 31 and length 36
Passed for start_position 31 and length 38
Passed for start_position 31 and length 40
Passed for start_position 31 and length 42
Passed for start_position 31 and length 44
Passed for start_position 31 and length 46
Passed for start_position 31 and length 48
Passed for start_position 31 and length 50
Passed for start_position 31 and length 52
Passed for start_position 31 and length 54
Passed for start_position 31 and length 56
Passed for start_position 31 and length 58
Passed for start_position 31 and length 60
Passed for start_position 31 and length 62
Passed for start_position 31 and length 64
Passed for start_position 31 and length 66
Passed for start_position 31 and length 68
Passed for start_position 31 and length 70
Passed for start_position 31 and length 72
Passed for start_position 31 and length 74
Passed for start_position 31 and length 76
Passed for start_position 31 and length 78
Passed for start_position 31 and length 80
Passed for start_position 31 and length 82
Passed for start_position 31 and length 84
Passed for start_position 31 and length 86
Passed for start_position 31 and length 88
Passed for start_position 31 and length 90
Passed for start_position 31 and length 92
Passed for start_position 31 and length 94
Passed for start_position 31 and length 96
Passed for start_position 31 and length 98
Passed for start_position 31 and length 100
Passed for start_position 32 and length 2
Passed for start_position 32 and length 4
Passed for start_position 32 and length 6
Passed for start_position 32 and length 8
Passed for start_position 32 and length 10
Passed for start_position 32 and length 12
Passed for start_position 32 and length 14
Passed for start_position 32 and length 16
Passed for start_position 32 and length 18
Passed for start_position 32 and length 20
Passed for start_position 32 and length 22
Passed for start_position 32 and length 24
Passed for start_position 32 and length 26
Passed for start_position 32 and length 28
Passed for start_position 32 and length 30
Passed for start_position 32 and length 32
Passed for start_position 32 and length 34
Passed for start_position 32 and length 36
Passed for start_position 32 and length 38
Passed for start_position 32 and length 40
Passed for start_position 32 and length 42
Passed for start_position 32 and length 44
Passed for start_position 32 and length 46
Passed for start_position 32 and length 48
Passed for start_position 32 and length 50
Passed for start_position 32 and length 52
Passed for start_position 32 and length 54
Passed for start_position 32 and length 56
Passed for start_position 32 and length 58
Passed for start_position 32 and length 60
Passed for start_position 32 and length 62
Passed for start_position 32 and length 64
Passed for start_position 32 and length 66
Passed for start_position 32 and length 68
Passed for start_position 32 and length 70
Passed for start_position 32 and length 72
Passed for start_position 32 and length 74
Passed for start_position 32 and length 76
Passed for start_position 32 and length 78
Passed for start_position 32 and length 80
Passed for start_position 32 and length 82
Passed for start_position 32 and length 84
Passed for start_position 32 and length 86
Passed for start_position 32 and length 88
Passed for start_position 32 and length 90
Passed for start_position 32 and length 92
Passed for start_position 32 and length 94
Passed for start_position 32 and length 96
Passed for start_position 32 and length 98
Passed for start_position 32 and length 100
Passed for start_position 33 and length 2
Passed for start_position 33 and length 4
Passed for start_position 33 and length 6
Passed for start_position 33 and length 8
Passed for start_position 33 and length 10
Passed for start_position 33 and length 12
Passed for start_position 33 and length 14
Passed for start_position 33 and length 16
Passed for start_position 33 and length 18
Passed for start_position 33 and length 20
Passed for start_position 33 and length 22
Passed for start_position 33 and length 24
Passed for start_position 33 and length 26
Passed for start_position 33 and length 28
Passed for start_position 33 and length 30
Passed for start_position 33 and length 32
Passed for start_position 33 and length 34
Passed for start_position 33 and length 36
Passed for start_position 33 and length 38
Passed for start_position 33 and length 40
Passed for start_position 33 and length 42
Passed for start_position 33 and length 44
Passed for start_position 33 and length 46
Passed for start_position 33 and length 48
Passed for start_position 33 and length 50
Passed for start_position 33 and length 52
Passed for start_position 33 and length 54
Passed for start_position 33 and length 56
Passed for start_position 33 and length 58
Passed for start_position 33 and length 60
Passed for start_position 33 and length 62
Passed for start_position 33 and length 64
Passed for start_position 33 and length 66
Passed for start_position 33 and length 68
Passed for start_position 33 and length 70
Passed for start_position 33 and length 72
Passed for start_position 33 and length 74
Passed for start_position 33 and length 76
Passed for start_position 33 and length 78
Passed for start_position 33 and length 80
Passed for start_position 33 and length 82
Passed for start_position 33 and length 84
Passed for start_position 33 and length 86
Passed for start_position 33 and length 88
Passed for start_position 33 and length 90
Passed for start_position 33 and length 92
Passed for start_position 33 and length 94
Passed for start_position 33 and length 96
Passed for start_position 33 and length 98
Passed for start_position 33 and length 100
Passed for start_position 34 and length 2
Passed for start_position 34 and length 4
Passed for start_position 34 and length 6
Passed for start_position 34 and length 8
Passed for start_position 34 and length 10
Passed for start_position 34 and length 12
Passed for start_position 34 and length 14
Passed for start_position 34 and length 16
Passed for start_position 34 and length 18
Passed for start_position 34 and length 20
Passed for start_position 34 and length 22
Passed for start_position 34 and length 24
Passed for start_position 34 and length 26
Passed for start_position 34 and length 28
Passed for start_position 34 and length 30
Passed for start_position 34 and length 32
Passed for start_position 34 and length 34
Passed for start_position 34 and length 36
Passed for start_position 34 and length 38
Passed for start_position 34 and length 40
Passed for start_position 34 and length 42
Passed for start_position 34 and length 44
Passed for start_position 34 and length 46
Passed for start_position 34 and length 48
Passed for start_position 34 and length 50
Passed for start_position 34 and length 52
Passed for start_position 34 and length 54
Passed for start_position 34 and length 56
Passed for start_position 34 and length 58
Passed for start_position 34 and length 60
Passed for start_position 34 and length 62
Passed for start_position 34 and length 64
Passed for start_position 34 and length 66
Passed for start_position 34 and length 68
Passed for start_position 34 and length 70
Passed for start_position 34 and length 72
Passed for start_position 34 and length 74
Passed for start_position 34 and length 76
Passed for start_position 34 and length 78
Passed for start_position 34 and length 80
Passed for start_position 34 and length 82
Passed for start_position 34 and length 84
Passed for start_position 34 and length 86
Passed for start_position 34 and length 88
Passed for start_position 34 and length 90
Passed for start_position 34 and length 92
Passed for start_position 34 and length 94
Passed for start_position 34 and length 96
Passed for start_position 34 and length 98
Passed for start_position 34 and length 100
Passed for start_position 35 and length 2
Passed for start_position 35 and length 4
Passed for start_position 35 and length 6
Passed for start_position 35 and length 8
Passed for start_position 35 and length 10
Passed for start_position 35 and length 12
Passed for start_position 35 and length 14
Passed for start_position 35 and length 16
Passed for start_position 35 and length 18
Passed for start_position 35 and length 20
Passed for start_position 35 and length 22
Passed for start_position 35 and length 24
Passed for start_position 35 and length 26
Passed for start_position 35 and length 28
Passed for start_position 35 and length 30
Passed for start_position 35 and length 32
Passed for start_position 35 and length 34
Passed for start_position 35 and length 36
Passed for start_position 35 and length 38
Passed for start_position 35 and length 40
Passed for start_position 35 and length 42
Passed for start_position 35 and length 44
Passed for start_position 35 and length 46
Passed for start_position 35 and length 48
Passed for start_position 35 and length 50
Passed for start_position 35 and length 52
Passed for start_position 35 and length 54
Passed for start_position 35 and length 56
Passed for start_position 35 and length 58
Passed for start_position 35 and length 60
Passed for start_position 35 and length 62
Passed for start_position 35 and length 64
Passed for start_position 35 and length 66
Passed for start_position 35 and length 68
Passed for start_position 35 and length 70
Passed for start_position 35 and length 72
Passed for start_position 35 and length 74
Passed for start_position 35 and length 76
Passed for start_position 35 and length 78
Passed for start_position 35 and length 80
Passed for start_position 35 and length 82
Passed for start_position 35 and length 84
Passed for start_position 35 and length 86
Passed for start_position 35 and length 88
Passed for start_position 35 and length 90
Passed for start_position 35 and length 92
Passed for start_position 35 and length 94
Passed for start_position 35 and length 96
Passed for start_position 35 and length 98
Passed for start_position 35 and length 100
Passed for start_position 36 and length 2
Passed for start_position 36 and length 4
Passed for start_position 36 and length 6
Passed for start_position 36 and length 8
Passed for start_position 36 and length 10
Passed for start_position 36 and length 12
Passed for start_position 36 and length 14
Passed for start_position 36 and length 16
Passed for start_position 36 and length 18
Passed for start_position 36 and length 20
Passed for start_position 36 and length 22
Passed for start_position 36 and length 24
Passed for start_position 36 and length 26
Passed for start_position 36 and length 28
Passed for start_position 36 and length 30
Passed for start_position 36 and length 32
Passed for start_position 36 and length 34
Passed for start_position 36 and length 36
Passed for start_position 36 and length 38
Passed for start_position 36 and length 40
Passed for start_position 36 and length 42
Passed for start_position 36 and length 44
Passed for start_position 36 and length 46
Passed for start_position 36 and length 48
Passed for start_position 36 and length 50
Passed for start_position 36 and length 52
Passed for start_position 36 and length 54
Passed for start_position 36 and length 56
Passed for start_position 36 and length 58
Passed for start_position 36 and length 60
Passed for start_position 36 and length 62
Passed for start_position 36 and length 64
Passed for start_position 36 and length 66
Passed for start_position 36 and length 68
Passed for start_position 36 and length 70
Passed for start_position 36 and length 72
Passed for start_position 36 and length 74
Passed for start_position 36 and length 76
Passed for start_position 36 and length 78
Passed for start_position 36 and length 80
Passed for start_position 36 and length 82
Passed for start_position 36 and length 84
Passed for start_position 36 and length 86
Passed for start_position 36 and length 88
Passed for start_position 36 and length 90
Passed for start_position 36 and length 92
Passed for start_position 36 and length 94
Passed for start_position 36 and length 96
Passed for start_position 36 and length 98
Passed for start_position 36 and length 100
Passed for start_position 37 and length 2
Passed for start_position 37 and length 4
Passed for start_position 37 and length 6
Passed for start_position 37 and length 8
Passed for start_position 37 and length 10
Passed for start_position 37 and length 12
Passed for start_position 37 and length 14
Passed for start_position 37 and length 16
Passed for start_position 37 and length 18
Passed for start_position 37 and length 20
Passed for start_position 37 and length 22
Passed for start_position 37 and length 24
Passed for start_position 37 and length 26
Passed for start_position 37 and length 28
Passed for start_position 37 and length 30
Passed for start_position 37 and length 32
Passed for start_position 37 and length 34
Passed for start_position 37 and length 36
Passed for start_position 37 and length 38
Passed for start_position 37 and length 40
Passed for start_position 37 and length 42
Passed for start_position 37 and length 44
Passed for start_position 37 and length 46
Passed for start_position 37 and length 48
Passed for start_position 37 and length 50
Passed for start_position 37 and length 52
Passed for start_position 37 and length 54
Passed for start_position 37 and length 56
Passed for start_position 37 and length 58
Passed for start_position 37 and length 60
Passed for start_position 37 and length 62
Passed for start_position 37 and length 64
Passed for start_position 37 and length 66
Passed for start_position 37 and length 68
Passed for start_position 37 and length 70
Passed for start_position 37 and length 72
Passed for start_position 37 and length 74
Passed for start_position 37 and length 76
Passed for start_position 37 and length 78
Passed for start_position 37 and length 80
Passed for start_position 37 and length 82
Passed for start_position 37 and length 84
Passed for start_position 37 and length 86
Passed for start_position 37 and length 88
Passed for start_position 37 and length 90
Passed for start_position 37 and length 92
Passed for start_position 37 and length 94
Passed for start_position 37 and length 96
Passed for start_position 37 and length 98
Passed for start_position 37 and length 100
Passed for start_position 38 and length 2
Passed for start_position 38 and length 4
Passed for start_position 38 and length 6
Passed for start_position 38 and length 8
Passed for start_position 38 and length 10
Passed for start_position 38 and length 12
Passed for start_position 38 and length 14
Passed for start_position 38 and length 16
Passed for start_position 38 and length 18
Passed for start_position 38 and length 20
Passed for start_position 38 and length 22
Passed for start_position 38 and length 24
Passed for start_position 38 and length 26
Passed for start_position 38 and length 28
Passed for start_position 38 and length 30
Passed for start_position 38 and length 32
Passed for start_position 38 and length 34
Passed for start_position 38 and length 36
Passed for start_position 38 and length 38
Passed for start_position 38 and length 40
Passed for start_position 38 and length 42
Passed for start_position 38 and length 44
Passed for start_position 38 and length 46
Passed for start_position 38 and length 48
Passed for start_position 38 and length 50
Passed for start_position 38 and length 52
Passed for start_position 38 and length 54
Passed for start_position 38 and length 56
Passed for start_position 38 and length 58
Passed for start_position 38 and length 60
Passed for start_position 38 and length 62
Passed for start_position 38 and length 64
Passed for start_position 38 and length 66
Passed for start_position 38 and length 68
Passed for start_position 38 and length 70
Passed for start_position 38 and length 72
Passed for start_position 38 and length 74
Passed for start_position 38 and length 76
Passed for start_position 38 and length 78
Passed for start_position 38 and length 80
Passed for start_position 38 and length 82
Passed for start_position 38 and length 84
Passed for start_position 38 and length 86
Passed for start_position 38 and length 88
Passed for start_position 38 and length 90
Passed for start_position 38 and length 92
Passed for start_position 38 and length 94
Passed for start_position 38 and length 96
Passed for start_position 38 and length 98
Passed for start_position 38 and length 100
Passed for start_position 39 and length 2
Passed for start_position 39 and length 4
Passed for start_position 39 and length 6
Passed for start_position 39 and length 8
Passed for start_position 39 and length 10
Passed for start_position 39 and length 12
Passed for start_position 39 and length 14
Passed for start_position 39 and length 16
Passed for start_position 39 and length 18
Passed for start_position 39 and length 20
Passed for start_position 39 and length 22
Passed for start_position 39 and length 24
Passed for start_position 39 and length 26
Passed for start_position 39 and length 28
Passed for start_position 39 and length 30
Passed for start_position 39 and length 32
Passed for start_position 39 and length 34
Passed for start_position 39 and length 36
Passed for start_position 39 and length 38
Passed for start_position 39 and length 40
Passed for start_position 39 and length 42
Passed for start_position 39 and length 44
Passed for start_position 39 and length 46
Passed for start_position 39 and length 48
Passed for start_position 39 and length 50
Passed for start_position 39 and length 52
Passed for start_position 39 and length 54
Passed for start_position 39 and length 56
Passed for start_position 39 and length 58
Passed for start_position 39 and length 60
Passed for start_position 39 and length 62
Passed for start_position 39 and length 64
Passed for start_position 39 and length 66
Passed for start_position 39 and length 68
Passed for start_position 39 and length 70
Passed for start_position 39 and length 72
Passed for start_position 39 and length 74
Passed for start_position 39 and length 76
Passed for start_position 39 and length 78
Passed for start_position 39 and length 80
Passed for start_position 39 and length 82
Passed for start_position 39 and length 84
Passed for start_position 39 and length 86
Passed for start_position 39 and length 88
Passed for start_position 39 and length 90
Passed for start_position 39 and length 92
Passed for start_position 39 and length 94
Passed for start_position 39 and length 96
Passed for start_position 39 and length 98
Passed for start_position 39 and length 100
Passed for start_position 40 and length 2
Passed for start_position 40 and length 4
Passed for start_position 40 and length 6
Passed for start_position 40 and length 8
Passed for start_position 40 and length 10
Passed for start_position 40 and length 12
Passed for start_position 40 and length 14
Passed for start_position 40 and length 16
Passed for start_position 40 and length 18
Passed for start_position 40 and length 20
Passed for start_position 40 and length 22
Passed for start_position 40 and length 24
Passed for start_position 40 and length 26
Passed for start_position 40 and length 28
Passed for start_position 40 and length 30
Passed for start_position 40 and length 32
Passed for start_position 40 and length 34
Passed for start_position 40 and length 36
Passed for start_position 40 and length 38
Passed for start_position 40 and length 40
Passed for start_position 40 and length 42
Passed for start_position 40 and length 44
Passed for start_position 40 and length 46
Passed for start_position 40 and length 48
Passed for start_position 40 and length 50
Passed for start_position 40 and length 52
Passed for start_position 40 and length 54
Passed for start_position 40 and length 56
Passed for start_position 40 and length 58
Passed for start_position 40 and length 60
Passed for start_position 40 and length 62
Passed for start_position 40 and length 64
Passed for start_position 40 and length 66
Passed for start_position 40 and length 68
Passed for start_position 40 and length 70
Passed for start_position 40 and length 72
Passed for start_position 40 and length 74
Passed for start_position 40 and length 76
Passed for start_position 40 and length 78
Passed for start_position 40 and length 80
Passed for start_position 40 and length 82
Passed for start_position 40 and length 84
Passed for start_position 40 and length 86
Passed for start_position 40 and length 88
Passed for start_position 40 and length 90
Passed for start_position 40 and length 92
Passed for start_position 40 and length 94
Passed for start_position 40 and length 96
Passed for start_position 40 and length 98
Passed for start_position 40 and length 100
Passed for start_position 41 and length 2
Passed for start_position 41 and length 4
Passed for start_position 41 and length 6
Passed for start_position 41 and length 8
Passed for start_position 41 and length 10
Passed for start_position 41 and length 12
Passed for start_position 41 and length 14
Passed for start_position 41 and length 16
Passed for start_position 41 and length 18
Passed for start_position 41 and length 20
Passed for start_position 41 and length 22
Passed for start_position 41 and length 24
Passed for start_position 41 and length 26
Passed for start_position 41 and length 28
Passed for start_position 41 and length 30
Passed for start_position 41 and length 32
Passed for start_position 41 and length 34
Passed for start_position 41 and length 36
Passed for start_position 41 and length 38
Passed for start_position 41 and length 40
Passed for start_position 41 and length 42
Passed for start_position 41 and length 44
Passed for start_position 41 and length 46
Passed for start_position 41 and length 48
Passed for start_position 41 and length 50
Passed for start_position 41 and length 52
Passed for start_position 41 and length 54
Passed for start_position 41 and length 56
Passed for start_position 41 and length 58
Passed for start_position 41 and length 60
Passed for start_position 41 and length 62
Passed for start_position 41 and length 64
Passed for start_position 41 and length 66
Passed for start_position 41 and length 68
Passed for start_position 41 and length 70
Passed for start_position 41 and length 72
Passed for start_position 41 and length 74
Passed for start_position 41 and length 76
Passed for start_position 41 and length 78
Passed for start_position 41 and length 80
Passed for start_position 41 and length 82
Passed for start_position 41 and length 84
Passed for start_position 41 and length 86
Passed for start_position 41 and length 88
Passed for start_position 41 and length 90
Passed for start_position 41 and length 92
Passed for start_position 41 and length 94
Passed for start_position 41 and length 96
Passed for start_position 41 and length 98
Passed for start_position 41 and length 100
Passed for start_position 42 and length 2
Passed for start_position 42 and length 4
Passed for start_position 42 and length 6
Passed for start_position 42 and length 8
Passed for start_position 42 and length 10
Passed for start_position 42 and length 12
Passed for start_position 42 and length 14
Passed for start_position 42 and length 16
Passed for start_position 42 and length 18
Passed for start_position 42 and length 20
Passed for start_position 42 and length 22
Passed for start_position 42 and length 24
Passed for start_position 42 and length 26
Passed for start_position 42 and length 28
Passed for start_position 42 and length 30
Passed for start_position 42 and length 32
Passed for start_position 42 and length 34
Passed for start_position 42 and length 36
Passed for start_position 42 and length 38
Passed for start_position 42 and length 40
Passed for start_position 42 and length 42
Passed for start_position 42 and length 44
Passed for start_position 42 and length 46
Passed for start_position 42 and length 48
Passed for start_position 42 and length 50
Passed for start_position 42 and length 52
Passed for start_position 42 and length 54
Passed for start_position 42 and length 56
Passed for start_position 42 and length 58
Passed for start_position 42 and length 60
Passed for start_position 42 and length 62
Passed for start_position 42 and length 64
Passed for start_position 42 and length 66
Passed for start_position 42 and length 68
Passed for start_position 42 and length 70
Passed for start_position 42 and length 72
Passed for start_position 42 and length 74
Passed for start_position 42 and length 76
Passed for start_position 42 and length 78
Passed for start_position 42 and length 80
Passed for start_position 42 and length 82
Passed for start_position 42 and length 84
Passed for start_position 42 and length 86
Passed for start_position 42 and length 88
Passed for start_position 42 and length 90
Passed for start_position 42 and length 92
Passed for start_position 42 and length 94
Passed for start_position 42 and length 96
Passed for start_position 42 and length 98
Passed for start_position 42 and length 100
Passed for start_position 43 and length 2
Passed for start_position 43 and length 4
Passed for start_position 43 and length 6
Passed for start_position 43 and length 8
Passed for start_position 43 and length 10
Passed for start_position 43 and length 12
Passed for start_position 43 and length 14
Passed for start_position 43 and length 16
Passed for start_position 43 and length 18
Passed for start_position 43 and length 20
Passed for start_position 43 and length 22
Passed for start_position 43 and length 24
Passed for start_position 43 and length 26
Passed for start_position 43 and length 28
Passed for start_position 43 and length 30
Passed for start_position 43 and length 32
Passed for start_position 43 and length 34
Passed for start_position 43 and length 36
Passed for start_position 43 and length 38
Passed for start_position 43 and length 40
Passed for start_position 43 and length 42
Passed for start_position 43 and length 44
Passed for start_position 43 and length 46
Passed for start_position 43 and length 48
Passed for start_position 43 and length 50
Passed for start_position 43 and length 52
Passed for start_position 43 and length 54
Passed for start_position 43 and length 56
Passed for start_position 43 and length 58
Passed for start_position 43 and length 60
Passed for start_position 43 and length 62
Passed for start_position 43 and length 64
Passed for start_position 43 and length 66
Passed for start_position 43 and length 68
Passed for start_position 43 and length 70
Passed for start_position 43 and length 72
Passed for start_position 43 and length 74
Passed for start_position 43 and length 76
Passed for start_position 43 and length 78
Passed for start_position 43 and length 80
Passed for start_position 43 and length 82
Passed for start_position 43 and length 84
Passed for start_position 43 and length 86
Passed for start_position 43 and length 88
Passed for start_position 43 and length 90
Passed for start_position 43 and length 92
Passed for start_position 43 and length 94
Passed for start_position 43 and length 96
Passed for start_position 43 and length 98
Passed for start_position 43 and length 100
Passed for start_position 44 and length 2
Passed for start_position 44 and length 4
Passed for start_position 44 and length 6
Passed for start_position 44 and length 8
Passed for start_position 44 and length 10
Passed for start_position 44 and length 12
Passed for start_position 44 and length 14
Passed for start_position 44 and length 16
Passed for start_position 44 and length 18
Passed for start_position 44 and length 20
Passed for start_position 44 and length 22
Passed for start_position 44 and length 24
Passed for start_position 44 and length 26
Passed for start_position 44 and length 28
Passed for start_position 44 and length 30
Passed for start_position 44 and length 32
Passed for start_position 44 and length 34
Passed for start_position 44 and length 36
Passed for start_position 44 and length 38
Passed for start_position 44 and length 40
Passed for start_position 44 and length 42
Passed for start_position 44 and length 44
Passed for start_position 44 and length 46
Passed for start_position 44 and length 48
Passed for start_position 44 and length 50
Passed for start_position 44 and length 52
Passed for start_position 44 and length 54
Passed for start_position 44 and length 56
Passed for start_position 44 and length 58
Passed for start_position 44 and length 60
Passed for start_position 44 and length 62
Passed for start_position 44 and length 64
Passed for start_position 44 and length 66
Passed for start_position 44 and length 68
Passed for start_position 44 and length 70
Passed for start_position 44 and length 72
Passed for start_position 44 and length 74
Passed for start_position 44 and length 76
Passed for start_position 44 and length 78
Passed for start_position 44 and length 80
Passed for start_position 44 and length 82
Passed for start_position 44 and length 84
Passed for start_position 44 and length 86
Passed for start_position 44 and length 88
Passed for start_position 44 and length 90
Passed for start_position 44 and length 92
Passed for start_position 44 and length 94
Passed for start_position 44 and length 96
Passed for start_position 44 and length 98
Passed for start_position 44 and length 100
Passed for start_position 45 and length 2
Passed for start_position 45 and length 4
Passed for start_position 45 and length 6
Passed for start_position 45 and length 8
Passed for start_position 45 and length 10
Passed for start_position 45 and length 12
Passed for start_position 45 and length 14
Passed for start_position 45 and length 16
Passed for start_position 45 and length 18
Passed for start_position 45 and length 20
Passed for start_position 45 and length 22
Passed for start_position 45 and length 24
Passed for start_position 45 and length 26
Passed for start_position 45 and length 28
Passed for start_position 45 and length 30
Passed for start_position 45 and length 32
Passed for start_position 45 and length 34
Passed for start_position 45 and length 36
Passed for start_position 45 and length 38
Passed for start_position 45 and length 40
Passed for start_position 45 and length 42
Passed for start_position 45 and length 44
Passed for start_position 45 and length 46
Passed for start_position 45 and length 48
Passed for start_position 45 and length 50
Passed for start_position 45 and length 52
Passed for start_position 45 and length 54
Passed for start_position 45 and length 56
Passed for start_position 45 and length 58
Passed for start_position 45 and length 60
Passed for start_position 45 and length 62
Passed for start_position 45 and length 64
Passed for start_position 45 and length 66
Passed for start_position 45 and length 68
Passed for start_position 45 and length 70
Passed for start_position 45 and length 72
Passed for start_position 45 and length 74
Passed for start_position 45 and length 76
Passed for start_position 45 and length 78
Passed for start_position 45 and length 80
Passed for start_position 45 and length 82
Passed for start_position 45 and length 84
Passed for start_position 45 and length 86
Passed for start_position 45 and length 88
Passed for start_position 45 and length 90
Passed for start_position 45 and length 92
Passed for start_position 45 and length 94
Passed for start_position 45 and length 96
Passed for start_position 45 and length 98
Passed for start_position 45 and length 100
Passed for start_position 46 and length 2
Passed for start_position 46 and length 4
Passed for start_position 46 and length 6
Passed for start_position 46 and length 8
Passed for start_position 46 and length 10
Passed for start_position 46 and length 12
Passed for start_position 46 and length 14
Passed for start_position 46 and length 16
Passed for start_position 46 and length 18
Passed for start_position 46 and length 20
Passed for start_position 46 and length 22
Passed for start_position 46 and length 24
Passed for start_position 46 and length 26
Passed for start_position 46 and length 28
Passed for start_position 46 and length 30
Passed for start_position 46 and length 32
Passed for start_position 46 and length 34
Passed for start_position 46 and length 36
Passed for start_position 46 and length 38
Passed for start_position 46 and length 40
Passed for start_position 46 and length 42
Passed for start_position 46 and length 44
Passed for start_position 46 and length 46
Passed for start_position 46 and length 48
Passed for start_position 46 and length 50
Passed for start_position 46 and length 52
Passed for start_position 46 and length 54
Passed for start_position 46 and length 56
Passed for start_position 46 and length 58
Passed for start_position 46 and length 60
Passed for start_position 46 and length 62
Passed for start_position 46 and length 64
Passed for start_position 46 and length 66
Passed for start_position 46 and length 68
Passed for start_position 46 and length 70
Passed for start_position 46 and length 72
Passed for start_position 46 and length 74
Passed for start_position 46 and length 76
Passed for start_position 46 and length 78
Passed for start_position 46 and length 80
Passed for start_position 46 and length 82
Passed for start_position 46 and length 84
Passed for start_position 46 and length 86
Passed for start_position 46 and length 88
Passed for start_position 46 and length 90
Passed for start_position 46 and length 92
Passed for start_position 46 and length 94
Passed for start_position 46 and length 96
Passed for start_position 46 and length 98
Passed for start_position 46 and length 100
Passed for start_position 47 and length 2
Passed for start_position 47 and length 4
Passed for start_position 47 and length 6
Passed for start_position 47 and length 8
Passed for start_position 47 and length 10
Passed for start_position 47 and length 12
Passed for start_position 47 and length 14
Passed for start_position 47 and length 16
Passed for start_position 47 and length 18
Passed for start_position 47 and length 20
Passed for start_position 47 and length 22
Passed for start_position 47 and length 24
Passed for start_position 47 and length 26
Passed for start_position 47 and length 28
Passed for start_position 47 and length 30
Passed for start_position 47 and length 32
Passed for start_position 47 and length 34
Passed for start_position 47 and length 36
Passed for start_position 47 and length 38
Passed for start_position 47 and length 40
Passed for start_position 47 and length 42
Passed for start_position 47 and length 44
Passed for start_position 47 and length 46
Passed for start_position 47 and length 48
Passed for start_position 47 and length 50
Passed for start_position 47 and length 52
Passed for start_position 47 and length 54
Passed for start_position 47 and length 56
Passed for start_position 47 and length 58
Passed for start_position 47 and length 60
Passed for start_position 47 and length 62
Passed for start_position 47 and length 64
Passed for start_position 47 and length 66
Passed for start_position 47 and length 68
Passed for start_position 47 and length 70
Passed for start_position 47 and length 72
Passed for start_position 47 and length 74
Passed for start_position 47 and length 76
Passed for start_position 47 and length 78
Passed for start_position 47 and length 80
Passed for start_position 47 and length 82
Passed for start_position 47 and length 84
Passed for start_position 47 and length 86
Passed for start_position 47 and length 88
Passed for start_position 47 and length 90
Passed for start_position 47 and length 92
Passed for start_position 47 and length 94
Passed for start_position 47 and length 96
Passed for start_position 47 and length 98
Passed for start_position 47 and length 100
Passed for start_position 48 and length 2
Passed for start_position 48 and length 4
Passed for start_position 48 and length 6
Passed for start_position 48 and length 8
Passed for start_position 48 and length 10
Passed for start_position 48 and length 12
Passed for start_position 48 and length 14
Passed for start_position 48 and length 16
Passed for start_position 48 and length 18
Passed for start_position 48 and length 20
Passed for start_position 48 and length 22
Passed for start_position 48 and length 24
Passed for start_position 48 and length 26
Passed for start_position 48 and length 28
Passed for start_position 48 and length 30
Passed for start_position 48 and length 32
Passed for start_position 48 and length 34
Passed for start_position 48 and length 36
Passed for start_position 48 and length 38
Passed for start_position 48 and length 40
Passed for start_position 48 and length 42
Passed for start_position 48 and length 44
Passed for start_position 48 and length 46
Passed for start_position 48 and length 48
Passed for start_position 48 and length 50
Passed for start_position 48 and length 52
Passed for start_position 48 and length 54
Passed for start_position 48 and length 56
Passed for start_position 48 and length 58
Passed for start_position 48 and length 60
Passed for start_position 48 and length 62
Passed for start_position 48 and length 64
Passed for start_position 48 and length 66
Passed for start_position 48 and length 68
Passed for start_position 48 and length 70
Passed for start_position 48 and length 72
Passed for start_position 48 and length 74
Passed for start_position 48 and length 76
Passed for start_position 48 and length 78
Passed for start_position 48 and length 80
Passed for start_position 48 and length 82
Passed for start_position 48 and length 84
Passed for start_position 48 and length 86
Passed for start_position 48 and length 88
Passed for start_position 48 and length 90
Passed for start_position 48 and length 92
Passed for start_position 48 and length 94
Passed for start_position 48 and length 96
Passed for start_position 48 and length 98
Passed for start_position 48 and length 100
Passed for start_position 49 and length 2
Passed for start_position 49 and length 4
Passed for start_position 49 and length 6
Passed for start_position 49 and length 8
Passed for start_position 49 and length 10
Passed for start_position 49 and length 12
Passed for start_position 49 and length 14
Passed for start_position 49 and length 16
Passed for start_position 49 and length 18
Passed for start_position 49 and length 20
Passed for start_position 49 and length 22
Passed for start_position 49 and length 24
Passed for start_position 49 and length 26
Passed for start_position 49 and length 28
Passed for start_position 49 and length 30
Passed for start_position 49 and length 32
Passed for start_position 49 and length 34
Passed for start_position 49 and length 36
Passed for start_position 49 and length 38
Passed for start_position 49 and length 40
Passed for start_position 49 and length 42
Passed for start_position 49 and length 44
Passed for start_position 49 and length 46
Passed for start_position 49 and length 48
Passed for start_position 49 and length 50
Passed for start_position 49 and length 52
Passed for start_position 49 and length 54
Passed for start_position 49 and length 56
Passed for start_position 49 and length 58
Passed for start_position 49 and length 60
Passed for start_position 49 and length 62
Passed for start_position 49 and length 64
Passed for start_position 49 and length 66
Passed for start_position 49 and length 68
Passed for start_position 49 and length 70
Passed for start_position 49 and length 72
Passed for start_position 49 and length 74
Passed for start_position 49 and length 76
Passed for start_position 49 and length 78
Passed for start_position 49 and length 80
Passed for start_position 49 and length 82
Passed for start_position 49 and length 84
Passed for start_position 49 and length 86
Passed for start_position 49 and length 88
Passed for start_position 49 and length 90
Passed for start_position 49 and length 92
Passed for start_position 49 and length 94
Passed for start_position 49 and length 96
Passed for start_position 49 and length 98
Passed for start_position 49 and length 100
Passed for start_position 50 and length 2
Passed for start_position 50 and length 4
Passed for start_position 50 and length 6
Passed for start_position 50 and length 8
Passed for start_position 50 and length 10
Passed for start_position 50 and length 12
Passed for start_position 50 and length 14
Passed for start_position 50 and length 16
Passed for start_position 50 and length 18
Passed for start_position 50 and length 20
Passed for start_position 50 and length 22
Passed for start_position 50 and length 24
Passed for start_position 50 and length 26
Passed for start_position 50 and length 28
Passed for start_position 50 and length 30
Passed for start_position 50 and length 32
Passed for start_position 50 and length 34
Passed for start_position 50 and length 36
Passed for start_position 50 and length 38
Passed for start_position 50 and length 40
Passed for start_position 50 and length 42
Passed for start_position 50 and length 44
Passed for start_position 50 and length 46
Passed for start_position 50 and length 48
Passed for start_position 50 and length 50
Passed for start_position 50 and length 52
Passed for start_position 50 and length 54
Passed for start_position 50 and length 56
Passed for start_position 50 and length 58
Passed for start_position 50 and length 60
Passed for start_position 50 and length 62
Passed for start_position 50 and length 64
Passed for start_position 50 and length 66
Passed for start_position 50 and length 68
Passed for start_position 50 and length 70
Passed for start_position 50 and length 72
Passed for start_position 50 and length 74
Passed for start_position 50 and length 76
Passed for start_position 50 and length 78
Passed for start_position 50 and length 80
Passed for start_position 50 and length 82
Passed for start_position 50 and length 84
Passed for start_position 50 and length 86
Passed for start_position 50 and length 88
Passed for start_position 50 and length 90
Passed for start_position 50 and length 92
Passed for start_position 50 and length 94
Passed for start_position 50 and length 96
Passed for start_position 50 and length 98
Passed for start_position 50 and length 100
Passed for start_position 51 and length 2
Passed for start_position 51 and length 4
Passed for start_position 51 and length 6
Passed for start_position 51 and length 8
Passed for start_position 51 and length 10
Passed for start_position 51 and length 12
Passed for start_position 51 and length 14
Passed for start_position 51 and length 16
Passed for start_position 51 and length 18
Passed for start_position 51 and length 20
Passed for start_position 51 and length 22
Passed for start_position 51 and length 24
Passed for start_position 51 and length 26
Passed for start_position 51 and length 28
Passed for start_position 51 and length 30
Passed for start_position 51 and length 32
Passed for start_position 51 and length 34
Passed for start_position 51 and length 36
Passed for start_position 51 and length 38
Passed for start_position 51 and length 40
Passed for start_position 51 and length 42
Passed for start_position 51 and length 44
Passed for start_position 51 and length 46
Passed for start_position 51 and length 48
Passed for start_position 51 and length 50
Passed for start_position 51 and length 52
Passed for start_position 51 and length 54
Passed for start_position 51 and length 56
Passed for start_position 51 and length 58
Passed for start_position 51 and length 60
Passed for start_position 51 and length 62
Passed for start_position 51 and length 64
Passed for start_position 51 and length 66
Passed for start_position 51 and length 68
Passed for start_position 51 and length 70
Passed for start_position 51 and length 72
Passed for start_position 51 and length 74
Passed for start_position 51 and length 76
Passed for start_position 51 and length 78
Passed for start_position 51 and length 80
Passed for start_position 51 and length 82
Passed for start_position 51 and length 84
Passed for start_position 51 and length 86
Passed for start_position 51 and length 88
Passed for start_position 51 and length 90
Passed for start_position 51 and length 92
Passed for start_position 51 and length 94
Passed for start_position 51 and length 96
Passed for start_position 51 and length 98
Passed for start_position 51 and length 100
Passed for start_position 52 and length 2
Passed for start_position 52 and length 4
Passed for start_position 52 and length 6
Error for start_position 52 and length 8: Movement 1 not in dictionary
Error for start_position 52 and length 10: Movement -1 not in dictionary
Error for start_position 52 and length 12: Movement -1 not in dictionary
Passed for start_position 52 and length 14
Passed for start_position 52 and length 16
Passed for start_position 52 and length 18
Passed for start_position 52 and length 20
Passed for start_position 52 and length 22
Error for start_position 52 and length 24: Movement 1 not in dictionary
Error for start_position 52 and length 26: Movement -1 not in dictionary
Passed for start_position 52 and length 28
Error for start_position 52 and length 30: Movement 1 not in dictionary
Error for start_position 52 and length 32: Movement 1 not in dictionary
Passed for start_position 52 and length 34
Passed for start_position 52 and length 36
Error for start_position 52 and length 38: Movement 1 not in dictionary
Passed for start_position 52 and length 40
Error for start_position 52 and length 42: Movement -1 not in dictionary
Error for start_position 52 and length 44: Movement -1 not in dictionary
Passed for start_position 52 and length 46
Passed for start_position 52 and length 48
Passed for start_position 52 and length 50
Passed for start_position 52 and length 52
Passed for start_position 52 and length 54
Passed for start_position 52 and length 56
Error for start_position 52 and length 58: Movement -1 not in dictionary
Passed for start_position 52 and length 60
Error for start_position 52 and length 62: Movement -1 not in dictionary
Passed for start_position 52 and length 64
Passed for start_position 52 and length 66
Passed for start_position 52 and length 68
Passed for start_position 52 and length 70
Passed for start_position 52 and length 72
Passed for start_position 52 and length 74
Passed for start_position 52 and length 76
Error for start_position 52 and length 78: Movement -1 not in dictionary
Error for start_position 52 and length 80: Movement 1 not in dictionary
Passed for start_position 52 and length 82
Passed for start_position 52 and length 84
Error for start_position 52 and length 86: Movement -1 not in dictionary
Passed for start_position 52 and length 88
Passed for start_position 52 and length 90
Passed for start_position 52 and length 92
Passed for start_position 52 and length 94
Error for start_position 52 and length 96: Movement -1 not in dictionary
Passed for start_position 52 and length 98
Passed for start_position 52 and length 100
Passed for start_position 53 and length 2
Passed for start_position 53 and length 4
Passed for start_position 53 and length 6
Passed for start_position 53 and length 8
Passed for start_position 53 and length 10
Passed for start_position 53 and length 12
Passed for start_position 53 and length 14
Passed for start_position 53 and length 16
Passed for start_position 53 and length 18
Passed for start_position 53 and length 20
Passed for start_position 53 and length 22
Passed for start_position 53 and length 24
Passed for start_position 53 and length 26
Passed for start_position 53 and length 28
Passed for start_position 53 and length 30
Passed for start_position 53 and length 32
Passed for start_position 53 and length 34
Passed for start_position 53 and length 36
Passed for start_position 53 and length 38
Passed for start_position 53 and length 40
Passed for start_position 53 and length 42
Passed for start_position 53 and length 44
Passed for start_position 53 and length 46
Passed for start_position 53 and length 48
Passed for start_position 53 and length 50
Passed for start_position 53 and length 52
Passed for start_position 53 and length 54
Passed for start_position 53 and length 56
Passed for start_position 53 and length 58
Passed for start_position 53 and length 60
Passed for start_position 53 and length 62
Passed for start_position 53 and length 64
Passed for start_position 53 and length 66
Passed for start_position 53 and length 68
Passed for start_position 53 and length 70
Passed for start_position 53 and length 72
Passed for start_position 53 and length 74
Passed for start_position 53 and length 76
Passed for start_position 53 and length 78
Passed for start_position 53 and length 80
Passed for start_position 53 and length 82
Passed for start_position 53 and length 84
Passed for start_position 53 and length 86
Passed for start_position 53 and length 88
Passed for start_position 53 and length 90
Passed for start_position 53 and length 92
Passed for start_position 53 and length 94
Passed for start_position 53 and length 96
Passed for start_position 53 and length 98
Passed for start_position 53 and length 100
Passed for start_position 54 and length 2
Passed for start_position 54 and length 4
Passed for start_position 54 and length 6
Passed for start_position 54 and length 8
Passed for start_position 54 and length 10
Passed for start_position 54 and length 12
Passed for start_position 54 and length 14
Passed for start_position 54 and length 16
Passed for start_position 54 and length 18
Passed for start_position 54 and length 20
Passed for start_position 54 and length 22
Passed for start_position 54 and length 24
Passed for start_position 54 and length 26
Passed for start_position 54 and length 28
Passed for start_position 54 and length 30
Passed for start_position 54 and length 32
Passed for start_position 54 and length 34
Passed for start_position 54 and length 36
Passed for start_position 54 and length 38
Passed for start_position 54 and length 40
Passed for start_position 54 and length 42
Passed for start_position 54 and length 44
Passed for start_position 54 and length 46
Passed for start_position 54 and length 48
Passed for start_position 54 and length 50
Passed for start_position 54 and length 52
Passed for start_position 54 and length 54
Passed for start_position 54 and length 56
Passed for start_position 54 and length 58
Passed for start_position 54 and length 60
Passed for start_position 54 and length 62
Passed for start_position 54 and length 64
Passed for start_position 54 and length 66
Passed for start_position 54 and length 68
Passed for start_position 54 and length 70
Passed for start_position 54 and length 72
Passed for start_position 54 and length 74
Passed for start_position 54 and length 76
Passed for start_position 54 and length 78
Passed for start_position 54 and length 80
Passed for start_position 54 and length 82
Passed for start_position 54 and length 84
Passed for start_position 54 and length 86
Passed for start_position 54 and length 88
Passed for start_position 54 and length 90
Passed for start_position 54 and length 92
Passed for start_position 54 and length 94
Passed for start_position 54 and length 96
Passed for start_position 54 and length 98
Passed for start_position 54 and length 100
Passed for start_position 55 and length 2
Passed for start_position 55 and length 4
Passed for start_position 55 and length 6
Passed for start_position 55 and length 8
Passed for start_position 55 and length 10
Passed for start_position 55 and length 12
Passed for start_position 55 and length 14
Passed for start_position 55 and length 16
Passed for start_position 55 and length 18
Passed for start_position 55 and length 20
Passed for start_position 55 and length 22
Passed for start_position 55 and length 24
Passed for start_position 55 and length 26
Passed for start_position 55 and length 28
Passed for start_position 55 and length 30
Passed for start_position 55 and length 32
Passed for start_position 55 and length 34
Passed for start_position 55 and length 36
Passed for start_position 55 and length 38
Passed for start_position 55 and length 40
Passed for start_position 55 and length 42
Passed for start_position 55 and length 44
Passed for start_position 55 and length 46
Passed for start_position 55 and length 48
Passed for start_position 55 and length 50
Passed for start_position 55 and length 52
Passed for start_position 55 and length 54
Passed for start_position 55 and length 56
Passed for start_position 55 and length 58
Passed for start_position 55 and length 60
Passed for start_position 55 and length 62
Passed for start_position 55 and length 64
Passed for start_position 55 and length 66
Passed for start_position 55 and length 68
Passed for start_position 55 and length 70
Passed for start_position 55 and length 72
Passed for start_position 55 and length 74
Passed for start_position 55 and length 76
Passed for start_position 55 and length 78
Passed for start_position 55 and length 80
Passed for start_position 55 and length 82
Passed for start_position 55 and length 84
Passed for start_position 55 and length 86
Passed for start_position 55 and length 88
Passed for start_position 55 and length 90
Passed for start_position 55 and length 92
Passed for start_position 55 and length 94
Passed for start_position 55 and length 96
Passed for start_position 55 and length 98
Passed for start_position 55 and length 100
Passed for start_position 56 and length 2
Passed for start_position 56 and length 4
Passed for start_position 56 and length 6
Passed for start_position 56 and length 8
Passed for start_position 56 and length 10
Passed for start_position 56 and length 12
Passed for start_position 56 and length 14
Passed for start_position 56 and length 16
Passed for start_position 56 and length 18
Passed for start_position 56 and length 20
Passed for start_position 56 and length 22
Passed for start_position 56 and length 24
Passed for start_position 56 and length 26
Passed for start_position 56 and length 28
Passed for start_position 56 and length 30
Passed for start_position 56 and length 32
Passed for start_position 56 and length 34
Passed for start_position 56 and length 36
Passed for start_position 56 and length 38
Passed for start_position 56 and length 40
Passed for start_position 56 and length 42
Passed for start_position 56 and length 44
Passed for start_position 56 and length 46
Passed for start_position 56 and length 48
Passed for start_position 56 and length 50
Passed for start_position 56 and length 52
Passed for start_position 56 and length 54
Passed for start_position 56 and length 56
Passed for start_position 56 and length 58
Passed for start_position 56 and length 60
Passed for start_position 56 and length 62
Passed for start_position 56 and length 64
Passed for start_position 56 and length 66
Passed for start_position 56 and length 68
Passed for start_position 56 and length 70
Passed for start_position 56 and length 72
Passed for start_position 56 and length 74
Passed for start_position 56 and length 76
Passed for start_position 56 and length 78
Passed for start_position 56 and length 80
Passed for start_position 56 and length 82
Passed for start_position 56 and length 84
Passed for start_position 56 and length 86
Passed for start_position 56 and length 88
Passed for start_position 56 and length 90
Passed for start_position 56 and length 92
Passed for start_position 56 and length 94
Passed for start_position 56 and length 96
Passed for start_position 56 and length 98
Passed for start_position 56 and length 100
Passed for start_position 57 and length 2
Passed for start_position 57 and length 4
Passed for start_position 57 and length 6
Passed for start_position 57 and length 8
Passed for start_position 57 and length 10
Passed for start_position 57 and length 12
Passed for start_position 57 and length 14
Passed for start_position 57 and length 16
Passed for start_position 57 and length 18
Passed for start_position 57 and length 20
Passed for start_position 57 and length 22
Passed for start_position 57 and length 24
Passed for start_position 57 and length 26
Passed for start_position 57 and length 28
Passed for start_position 57 and length 30
Passed for start_position 57 and length 32
Passed for start_position 57 and length 34
Passed for start_position 57 and length 36
Passed for start_position 57 and length 38
Passed for start_position 57 and length 40
Passed for start_position 57 and length 42
Passed for start_position 57 and length 44
Passed for start_position 57 and length 46
Passed for start_position 57 and length 48
Passed for start_position 57 and length 50
Passed for start_position 57 and length 52
Passed for start_position 57 and length 54
Passed for start_position 57 and length 56
Passed for start_position 57 and length 58
Passed for start_position 57 and length 60
Passed for start_position 57 and length 62
Passed for start_position 57 and length 64
Passed for start_position 57 and length 66
Passed for start_position 57 and length 68
Passed for start_position 57 and length 70
Passed for start_position 57 and length 72
Passed for start_position 57 and length 74
Passed for start_position 57 and length 76
Passed for start_position 57 and length 78
Passed for start_position 57 and length 80
Passed for start_position 57 and length 82
Passed for start_position 57 and length 84
Passed for start_position 57 and length 86
Passed for start_position 57 and length 88
Passed for start_position 57 and length 90
Passed for start_position 57 and length 92
Passed for start_position 57 and length 94
Passed for start_position 57 and length 96
Passed for start_position 57 and length 98
Passed for start_position 57 and length 100
Passed for start_position 58 and length 2
Passed for start_position 58 and length 4
Passed for start_position 58 and length 6
Passed for start_position 58 and length 8
Passed for start_position 58 and length 10
Passed for start_position 58 and length 12
Passed for start_position 58 and length 14
Passed for start_position 58 and length 16
Passed for start_position 58 and length 18
Passed for start_position 58 and length 20
Passed for start_position 58 and length 22
Passed for start_position 58 and length 24
Passed for start_position 58 and length 26
Passed for start_position 58 and length 28
Passed for start_position 58 and length 30
Passed for start_position 58 and length 32
Passed for start_position 58 and length 34
Passed for start_position 58 and length 36
Passed for start_position 58 and length 38
Passed for start_position 58 and length 40
Passed for start_position 58 and length 42
Passed for start_position 58 and length 44
Passed for start_position 58 and length 46
Passed for start_position 58 and length 48
Passed for start_position 58 and length 50
Passed for start_position 58 and length 52
Passed for start_position 58 and length 54
Passed for start_position 58 and length 56
Passed for start_position 58 and length 58
Passed for start_position 58 and length 60
Passed for start_position 58 and length 62
Passed for start_position 58 and length 64
Passed for start_position 58 and length 66
Passed for start_position 58 and length 68
Passed for start_position 58 and length 70
Passed for start_position 58 and length 72
Passed for start_position 58 and length 74
Passed for start_position 58 and length 76
Passed for start_position 58 and length 78
Passed for start_position 58 and length 80
Passed for start_position 58 and length 82
Passed for start_position 58 and length 84
Passed for start_position 58 and length 86
Passed for start_position 58 and length 88
Passed for start_position 58 and length 90
Passed for start_position 58 and length 92
Passed for start_position 58 and length 94
Passed for start_position 58 and length 96
Passed for start_position 58 and length 98
Passed for start_position 58 and length 100
Passed for start_position 59 and length 2
Passed for start_position 59 and length 4
Passed for start_position 59 and length 6
Passed for start_position 59 and length 8
Passed for start_position 59 and length 10
Passed for start_position 59 and length 12
Passed for start_position 59 and length 14
Passed for start_position 59 and length 16
Passed for start_position 59 and length 18
Passed for start_position 59 and length 20
Passed for start_position 59 and length 22
Passed for start_position 59 and length 24
Passed for start_position 59 and length 26
Passed for start_position 59 and length 28
Passed for start_position 59 and length 30
Passed for start_position 59 and length 32
Passed for start_position 59 and length 34
Passed for start_position 59 and length 36
Passed for start_position 59 and length 38
Passed for start_position 59 and length 40
Passed for start_position 59 and length 42
Passed for start_position 59 and length 44
Passed for start_position 59 and length 46
Passed for start_position 59 and length 48
Passed for start_position 59 and length 50
Passed for start_position 59 and length 52
Passed for start_position 59 and length 54
Passed for start_position 59 and length 56
Passed for start_position 59 and length 58
Passed for start_position 59 and length 60
Passed for start_position 59 and length 62
Passed for start_position 59 and length 64
Passed for start_position 59 and length 66
Passed for start_position 59 and length 68
Passed for start_position 59 and length 70
Passed for start_position 59 and length 72
Passed for start_position 59 and length 74
Passed for start_position 59 and length 76
Passed for start_position 59 and length 78
Passed for start_position 59 and length 80
Passed for start_position 59 and length 82
Passed for start_position 59 and length 84
Passed for start_position 59 and length 86
Passed for start_position 59 and length 88
Passed for start_position 59 and length 90
Passed for start_position 59 and length 92
Passed for start_position 59 and length 94
Passed for start_position 59 and length 96
Passed for start_position 59 and length 98
Passed for start_position 59 and length 100
Passed for start_position 60 and length 2
Passed for start_position 60 and length 4
Passed for start_position 60 and length 6
Passed for start_position 60 and length 8
Passed for start_position 60 and length 10
Passed for start_position 60 and length 12
Passed for start_position 60 and length 14
Passed for start_position 60 and length 16
Passed for start_position 60 and length 18
Passed for start_position 60 and length 20
Passed for start_position 60 and length 22
Passed for start_position 60 and length 24
Passed for start_position 60 and length 26
Passed for start_position 60 and length 28
Passed for start_position 60 and length 30
Passed for start_position 60 and length 32
Passed for start_position 60 and length 34
Passed for start_position 60 and length 36
Passed for start_position 60 and length 38
Passed for start_position 60 and length 40
Passed for start_position 60 and length 42
Passed for start_position 60 and length 44
Passed for start_position 60 and length 46
Passed for start_position 60 and length 48
Passed for start_position 60 and length 50
Passed for start_position 60 and length 52
Passed for start_position 60 and length 54
Passed for start_position 60 and length 56
Passed for start_position 60 and length 58
Passed for start_position 60 and length 60
Passed for start_position 60 and length 62
Passed for start_position 60 and length 64
Passed for start_position 60 and length 66
Passed for start_position 60 and length 68
Passed for start_position 60 and length 70
Passed for start_position 60 and length 72
Passed for start_position 60 and length 74
Passed for start_position 60 and length 76
Passed for start_position 60 and length 78
Passed for start_position 60 and length 80
Passed for start_position 60 and length 82
Passed for start_position 60 and length 84
Passed for start_position 60 and length 86
Passed for start_position 60 and length 88
Passed for start_position 60 and length 90
Passed for start_position 60 and length 92
Passed for start_position 60 and length 94
Passed for start_position 60 and length 96
Passed for start_position 60 and length 98
Passed for start_position 60 and length 100
Passed for start_position 61 and length 2
Passed for start_position 61 and length 4
Passed for start_position 61 and length 6
Passed for start_position 61 and length 8
Passed for start_position 61 and length 10
Passed for start_position 61 and length 12
Passed for start_position 61 and length 14
Passed for start_position 61 and length 16
Passed for start_position 61 and length 18
Passed for start_position 61 and length 20
Passed for start_position 61 and length 22
Passed for start_position 61 and length 24
Passed for start_position 61 and length 26
Passed for start_position 61 and length 28
Passed for start_position 61 and length 30
Passed for start_position 61 and length 32
Passed for start_position 61 and length 34
Passed for start_position 61 and length 36
Passed for start_position 61 and length 38
Passed for start_position 61 and length 40
Passed for start_position 61 and length 42
Passed for start_position 61 and length 44
Passed for start_position 61 and length 46
Passed for start_position 61 and length 48
Passed for start_position 61 and length 50
Passed for start_position 61 and length 52
Passed for start_position 61 and length 54
Passed for start_position 61 and length 56
Passed for start_position 61 and length 58
Passed for start_position 61 and length 60
Passed for start_position 61 and length 62
Passed for start_position 61 and length 64
Passed for start_position 61 and length 66
Passed for start_position 61 and length 68
Passed for start_position 61 and length 70
Passed for start_position 61 and length 72
Passed for start_position 61 and length 74
Passed for start_position 61 and length 76
Passed for start_position 61 and length 78
Passed for start_position 61 and length 80
Passed for start_position 61 and length 82
Passed for start_position 61 and length 84
Passed for start_position 61 and length 86
Passed for start_position 61 and length 88
Passed for start_position 61 and length 90
Passed for start_position 61 and length 92
Passed for start_position 61 and length 94
Passed for start_position 61 and length 96
Passed for start_position 61 and length 98
Passed for start_position 61 and length 100
Passed for start_position 62 and length 2
Passed for start_position 62 and length 4
Passed for start_position 62 and length 6
Passed for start_position 62 and length 8
Passed for start_position 62 and length 10
Passed for start_position 62 and length 12
Passed for start_position 62 and length 14
Passed for start_position 62 and length 16
Passed for start_position 62 and length 18
Passed for start_position 62 and length 20
Passed for start_position 62 and length 22
Passed for start_position 62 and length 24
Passed for start_position 62 and length 26
Passed for start_position 62 and length 28
Passed for start_position 62 and length 30
Passed for start_position 62 and length 32
Passed for start_position 62 and length 34
Passed for start_position 62 and length 36
Passed for start_position 62 and length 38
Passed for start_position 62 and length 40
Passed for start_position 62 and length 42
Passed for start_position 62 and length 44
Passed for start_position 62 and length 46
Passed for start_position 62 and length 48
Passed for start_position 62 and length 50
Passed for start_position 62 and length 52
Passed for start_position 62 and length 54
Passed for start_position 62 and length 56
Passed for start_position 62 and length 58
Passed for start_position 62 and length 60
Passed for start_position 62 and length 62
Passed for start_position 62 and length 64
Passed for start_position 62 and length 66
Passed for start_position 62 and length 68
Passed for start_position 62 and length 70
Passed for start_position 62 and length 72
Passed for start_position 62 and length 74
Passed for start_position 62 and length 76
Passed for start_position 62 and length 78
Passed for start_position 62 and length 80
Passed for start_position 62 and length 82
Passed for start_position 62 and length 84
Passed for start_position 62 and length 86
Passed for start_position 62 and length 88
Passed for start_position 62 and length 90
Passed for start_position 62 and length 92
Passed for start_position 62 and length 94
Passed for start_position 62 and length 96
Passed for start_position 62 and length 98
Passed for start_position 62 and length 100
Passed for start_position 63 and length 2
Passed for start_position 63 and length 4
Passed for start_position 63 and length 6
Passed for start_position 63 and length 8
Passed for start_position 63 and length 10
Passed for start_position 63 and length 12
Passed for start_position 63 and length 14
Passed for start_position 63 and length 16
Passed for start_position 63 and length 18
Passed for start_position 63 and length 20
Passed for start_position 63 and length 22
Passed for start_position 63 and length 24
Passed for start_position 63 and length 26
Passed for start_position 63 and length 28
Passed for start_position 63 and length 30
Passed for start_position 63 and length 32
Passed for start_position 63 and length 34
Passed for start_position 63 and length 36
Passed for start_position 63 and length 38
Passed for start_position 63 and length 40
Passed for start_position 63 and length 42
Passed for start_position 63 and length 44
Passed for start_position 63 and length 46
Passed for start_position 63 and length 48
Passed for start_position 63 and length 50
Passed for start_position 63 and length 52
Passed for start_position 63 and length 54
Passed for start_position 63 and length 56
Passed for start_position 63 and length 58
Passed for start_position 63 and length 60
Passed for start_position 63 and length 62
Passed for start_position 63 and length 64
Passed for start_position 63 and length 66
Passed for start_position 63 and length 68
Passed for start_position 63 and length 70
Passed for start_position 63 and length 72
Passed for start_position 63 and length 74
Passed for start_position 63 and length 76
Passed for start_position 63 and length 78
Passed for start_position 63 and length 80
Passed for start_position 63 and length 82
Passed for start_position 63 and length 84
Passed for start_position 63 and length 86
Passed for start_position 63 and length 88
Passed for start_position 63 and length 90
Passed for start_position 63 and length 92
Passed for start_position 63 and length 94
Passed for start_position 63 and length 96
Passed for start_position 63 and length 98
Passed for start_position 63 and length 100
Passed for start_position 64 and length 2
Passed for start_position 64 and length 4
Passed for start_position 64 and length 6
Passed for start_position 64 and length 8
Passed for start_position 64 and length 10
Passed for start_position 64 and length 12
Passed for start_position 64 and length 14
Passed for start_position 64 and length 16
Passed for start_position 64 and length 18
Passed for start_position 64 and length 20
Passed for start_position 64 and length 22
Passed for start_position 64 and length 24
Passed for start_position 64 and length 26
Passed for start_position 64 and length 28
Passed for start_position 64 and length 30
Passed for start_position 64 and length 32
Passed for start_position 64 and length 34
Passed for start_position 64 and length 36
Passed for start_position 64 and length 38
Passed for start_position 64 and length 40
Passed for start_position 64 and length 42
Passed for start_position 64 and length 44
Passed for start_position 64 and length 46
Passed for start_position 64 and length 48
Passed for start_position 64 and length 50
Passed for start_position 64 and length 52
Passed for start_position 64 and length 54
Passed for start_position 64 and length 56
Passed for start_position 64 and length 58
Passed for start_position 64 and length 60
Passed for start_position 64 and length 62
Passed for start_position 64 and length 64
Passed for start_position 64 and length 66
Passed for start_position 64 and length 68
Passed for start_position 64 and length 70
Passed for start_position 64 and length 72
Passed for start_position 64 and length 74
Passed for start_position 64 and length 76
Passed for start_position 64 and length 78
Passed for start_position 64 and length 80
Passed for start_position 64 and length 82
Passed for start_position 64 and length 84
Passed for start_position 64 and length 86
Passed for start_position 64 and length 88
Passed for start_position 64 and length 90
Passed for start_position 64 and length 92
Passed for start_position 64 and length 94
Passed for start_position 64 and length 96
Passed for start_position 64 and length 98
Passed for start_position 64 and length 100
Passed for start_position 65 and length 2
Error for start_position 65 and length 4: Movement -1 not in dictionary
Passed for start_position 65 and length 6
Passed for start_position 65 and length 8
Error for start_position 65 and length 10: Movement 1 not in dictionary
Passed for start_position 65 and length 12
Error for start_position 65 and length 14: Movement -1 not in dictionary
Passed for start_position 65 and length 16
Passed for start_position 65 and length 18
Passed for start_position 65 and length 20
Error for start_position 65 and length 22: Movement 1 not in dictionary
Error for start_position 65 and length 24: Movement 1 not in dictionary
Error for start_position 65 and length 26: Movement 1 not in dictionary
Passed for start_position 65 and length 28
Passed for start_position 65 and length 30
Error for start_position 65 and length 32: Movement -1 not in dictionary
Error for start_position 65 and length 34: Movement -1 not in dictionary
Passed for start_position 65 and length 36
Passed for start_position 65 and length 38
Passed for start_position 65 and length 40
Error for start_position 65 and length 42: Movement -1 not in dictionary
Error for start_position 65 and length 44: Movement -1 not in dictionary
Passed for start_position 65 and length 46
Passed for start_position 65 and length 48
Passed for start_position 65 and length 50
Error for start_position 65 and length 52: Movement -1 not in dictionary
Passed for start_position 65 and length 54
Error for start_position 65 and length 56: Movement -1 not in dictionary
Error for start_position 65 and length 58: Movement 1 not in dictionary
Error for start_position 65 and length 60: Movement 1 not in dictionary
Passed for start_position 65 and length 62
Passed for start_position 65 and length 64
Passed for start_position 65 and length 66
Error for start_position 65 and length 68: Movement 1 not in dictionary
Error for start_position 65 and length 70: Movement -1 not in dictionary
Passed for start_position 65 and length 72
Passed for start_position 65 and length 74
Error for start_position 65 and length 76: Movement 1 not in dictionary
Passed for start_position 65 and length 78
Error for start_position 65 and length 80: Movement 1 not in dictionary
Passed for start_position 65 and length 82
Passed for start_position 65 and length 84
Passed for start_position 65 and length 86
Error for start_position 65 and length 88: Movement -1 not in dictionary
Passed for start_position 65 and length 90
Error for start_position 65 and length 92: Movement 1 not in dictionary
Passed for start_position 65 and length 94
Passed for start_position 65 and length 96
Passed for start_position 65 and length 98
Error for start_position 65 and length 100: Movement 1 not in dictionary
Passed for start_position 66 and length 2
Passed for start_position 66 and length 4
Passed for start_position 66 and length 6
Passed for start_position 66 and length 8
Passed for start_position 66 and length 10
Passed for start_position 66 and length 12
Passed for start_position 66 and length 14
Passed for start_position 66 and length 16
Passed for start_position 66 and length 18
Passed for start_position 66 and length 20
Passed for start_position 66 and length 22
Passed for start_position 66 and length 24
Passed for start_position 66 and length 26
Passed for start_position 66 and length 28
Passed for start_position 66 and length 30
Passed for start_position 66 and length 32
Passed for start_position 66 and length 34
Passed for start_position 66 and length 36
Passed for start_position 66 and length 38
Passed for start_position 66 and length 40
Passed for start_position 66 and length 42
Passed for start_position 66 and length 44
Passed for start_position 66 and length 46
Passed for start_position 66 and length 48
Passed for start_position 66 and length 50
Passed for start_position 66 and length 52
Passed for start_position 66 and length 54
Passed for start_position 66 and length 56
Passed for start_position 66 and length 58
Passed for start_position 66 and length 60
Passed for start_position 66 and length 62
Passed for start_position 66 and length 64
Passed for start_position 66 and length 66
Passed for start_position 66 and length 68
Passed for start_position 66 and length 70
Passed for start_position 66 and length 72
Passed for start_position 66 and length 74
Passed for start_position 66 and length 76
Passed for start_position 66 and length 78
Passed for start_position 66 and length 80
Passed for start_position 66 and length 82
Passed for start_position 66 and length 84
Passed for start_position 66 and length 86
Passed for start_position 66 and length 88
Passed for start_position 66 and length 90
Passed for start_position 66 and length 92
Passed for start_position 66 and length 94
Passed for start_position 66 and length 96
Passed for start_position 66 and length 98
Passed for start_position 66 and length 100
Passed for start_position 67 and length 2
Passed for start_position 67 and length 4
Passed for start_position 67 and length 6
Passed for start_position 67 and length 8
Passed for start_position 67 and length 10
Passed for start_position 67 and length 12
Passed for start_position 67 and length 14
Passed for start_position 67 and length 16
Passed for start_position 67 and length 18
Passed for start_position 67 and length 20
Passed for start_position 67 and length 22
Passed for start_position 67 and length 24
Passed for start_position 67 and length 26
Passed for start_position 67 and length 28
Passed for start_position 67 and length 30
Passed for start_position 67 and length 32
Passed for start_position 67 and length 34
Passed for start_position 67 and length 36
Passed for start_position 67 and length 38
Passed for start_position 67 and length 40
Passed for start_position 67 and length 42
Passed for start_position 67 and length 44
Passed for start_position 67 and length 46
Passed for start_position 67 and length 48
Passed for start_position 67 and length 50
Passed for start_position 67 and length 52
Passed for start_position 67 and length 54
Passed for start_position 67 and length 56
Passed for start_position 67 and length 58
Passed for start_position 67 and length 60
Passed for start_position 67 and length 62
Passed for start_position 67 and length 64
Passed for start_position 67 and length 66
Passed for start_position 67 and length 68
Passed for start_position 67 and length 70
Passed for start_position 67 and length 72
Passed for start_position 67 and length 74
Passed for start_position 67 and length 76
Passed for start_position 67 and length 78
Passed for start_position 67 and length 80
Passed for start_position 67 and length 82
Passed for start_position 67 and length 84
Passed for start_position 67 and length 86
Passed for start_position 67 and length 88
Passed for start_position 67 and length 90
Passed for start_position 67 and length 92
Passed for start_position 67 and length 94
Passed for start_position 67 and length 96
Passed for start_position 67 and length 98
Passed for start_position 67 and length 100
Passed for start_position 68 and length 2
Passed for start_position 68 and length 4
Passed for start_position 68 and length 6
Passed for start_position 68 and length 8
Passed for start_position 68 and length 10
Passed for start_position 68 and length 12
Passed for start_position 68 and length 14
Passed for start_position 68 and length 16
Passed for start_position 68 and length 18
Passed for start_position 68 and length 20
Passed for start_position 68 and length 22
Passed for start_position 68 and length 24
Passed for start_position 68 and length 26
Passed for start_position 68 and length 28
Passed for start_position 68 and length 30
Passed for start_position 68 and length 32
Passed for start_position 68 and length 34
Passed for start_position 68 and length 36
Passed for start_position 68 and length 38
Passed for start_position 68 and length 40
Passed for start_position 68 and length 42
Passed for start_position 68 and length 44
Passed for start_position 68 and length 46
Passed for start_position 68 and length 48
Passed for start_position 68 and length 50
Passed for start_position 68 and length 52
Passed for start_position 68 and length 54
Passed for start_position 68 and length 56
Passed for start_position 68 and length 58
Passed for start_position 68 and length 60
Passed for start_position 68 and length 62
Passed for start_position 68 and length 64
Passed for start_position 68 and length 66
Passed for start_position 68 and length 68
Passed for start_position 68 and length 70
Passed for start_position 68 and length 72
Passed for start_position 68 and length 74
Passed for start_position 68 and length 76
Passed for start_position 68 and length 78
Passed for start_position 68 and length 80
Passed for start_position 68 and length 82
Passed for start_position 68 and length 84
Passed for start_position 68 and length 86
Passed for start_position 68 and length 88
Passed for start_position 68 and length 90
Passed for start_position 68 and length 92
Passed for start_position 68 and length 94
Passed for start_position 68 and length 96
Passed for start_position 68 and length 98
Passed for start_position 68 and length 100
Passed for start_position 69 and length 2
Passed for start_position 69 and length 4
Passed for start_position 69 and length 6
Passed for start_position 69 and length 8
Passed for start_position 69 and length 10
Passed for start_position 69 and length 12
Passed for start_position 69 and length 14
Passed for start_position 69 and length 16
Passed for start_position 69 and length 18
Passed for start_position 69 and length 20
Passed for start_position 69 and length 22
Passed for start_position 69 and length 24
Passed for start_position 69 and length 26
Passed for start_position 69 and length 28
Passed for start_position 69 and length 30
Passed for start_position 69 and length 32
Passed for start_position 69 and length 34
Passed for start_position 69 and length 36
Passed for start_position 69 and length 38
Passed for start_position 69 and length 40
Passed for start_position 69 and length 42
Passed for start_position 69 and length 44
Passed for start_position 69 and length 46
Passed for start_position 69 and length 48
Passed for start_position 69 and length 50
Passed for start_position 69 and length 52
Passed for start_position 69 and length 54
Passed for start_position 69 and length 56
Passed for start_position 69 and length 58
Passed for start_position 69 and length 60
Passed for start_position 69 and length 62
Passed for start_position 69 and length 64
Passed for start_position 69 and length 66
Passed for start_position 69 and length 68
Passed for start_position 69 and length 70
Passed for start_position 69 and length 72
Passed for start_position 69 and length 74
Passed for start_position 69 and length 76
Passed for start_position 69 and length 78
Passed for start_position 69 and length 80
Passed for start_position 69 and length 82
Passed for start_position 69 and length 84
Passed for start_position 69 and length 86
Passed for start_position 69 and length 88
Passed for start_position 69 and length 90
Passed for start_position 69 and length 92
Passed for start_position 69 and length 94
Passed for start_position 69 and length 96
Passed for start_position 69 and length 98
Passed for start_position 69 and length 100
Passed for start_position 70 and length 2
Passed for start_position 70 and length 4
Passed for start_position 70 and length 6
Passed for start_position 70 and length 8
Passed for start_position 70 and length 10
Passed for start_position 70 and length 12
Passed for start_position 70 and length 14
Passed for start_position 70 and length 16
Passed for start_position 70 and length 18
Passed for start_position 70 and length 20
Passed for start_position 70 and length 22
Passed for start_position 70 and length 24
Passed for start_position 70 and length 26
Passed for start_position 70 and length 28
Passed for start_position 70 and length 30
Passed for start_position 70 and length 32
Passed for start_position 70 and length 34
Passed for start_position 70 and length 36
Passed for start_position 70 and length 38
Passed for start_position 70 and length 40
Passed for start_position 70 and length 42
Passed for start_position 70 and length 44
Passed for start_position 70 and length 46
Passed for start_position 70 and length 48
Passed for start_position 70 and length 50
Passed for start_position 70 and length 52
Passed for start_position 70 and length 54
Passed for start_position 70 and length 56
Passed for start_position 70 and length 58
Passed for start_position 70 and length 60
Passed for start_position 70 and length 62
Passed for start_position 70 and length 64
Passed for start_position 70 and length 66
Passed for start_position 70 and length 68
Passed for start_position 70 and length 70
Passed for start_position 70 and length 72
Passed for start_position 70 and length 74
Passed for start_position 70 and length 76
Passed for start_position 70 and length 78
Passed for start_position 70 and length 80
Passed for start_position 70 and length 82
Passed for start_position 70 and length 84
Passed for start_position 70 and length 86
Passed for start_position 70 and length 88
Passed for start_position 70 and length 90
Passed for start_position 70 and length 92
Passed for start_position 70 and length 94
Passed for start_position 70 and length 96
Passed for start_position 70 and length 98
Passed for start_position 70 and length 100
Passed for start_position 71 and length 2
Passed for start_position 71 and length 4
Passed for start_position 71 and length 6
Passed for start_position 71 and length 8
Passed for start_position 71 and length 10
Passed for start_position 71 and length 12
Passed for start_position 71 and length 14
Passed for start_position 71 and length 16
Passed for start_position 71 and length 18
Passed for start_position 71 and length 20
Passed for start_position 71 and length 22
Passed for start_position 71 and length 24
Passed for start_position 71 and length 26
Passed for start_position 71 and length 28
Passed for start_position 71 and length 30
Passed for start_position 71 and length 32
Passed for start_position 71 and length 34
Passed for start_position 71 and length 36
Passed for start_position 71 and length 38
Passed for start_position 71 and length 40
Passed for start_position 71 and length 42
Passed for start_position 71 and length 44
Passed for start_position 71 and length 46
Passed for start_position 71 and length 48
Passed for start_position 71 and length 50
Passed for start_position 71 and length 52
Passed for start_position 71 and length 54
Passed for start_position 71 and length 56
Passed for start_position 71 and length 58
Passed for start_position 71 and length 60
Passed for start_position 71 and length 62
Passed for start_position 71 and length 64
Passed for start_position 71 and length 66
Passed for start_position 71 and length 68
Passed for start_position 71 and length 70
Passed for start_position 71 and length 72
Passed for start_position 71 and length 74
Passed for start_position 71 and length 76
Passed for start_position 71 and length 78
Passed for start_position 71 and length 80
Passed for start_position 71 and length 82
Passed for start_position 71 and length 84
Passed for start_position 71 and length 86
Passed for start_position 71 and length 88
Passed for start_position 71 and length 90
Passed for start_position 71 and length 92
Passed for start_position 71 and length 94
Passed for start_position 71 and length 96
Passed for start_position 71 and length 98
Passed for start_position 71 and length 100
Passed for start_position 72 and length 2
Passed for start_position 72 and length 4
Passed for start_position 72 and length 6
Passed for start_position 72 and length 8
Passed for start_position 72 and length 10
Passed for start_position 72 and length 12
Passed for start_position 72 and length 14
Passed for start_position 72 and length 16
Passed for start_position 72 and length 18
Passed for start_position 72 and length 20
Passed for start_position 72 and length 22
Passed for start_position 72 and length 24
Passed for start_position 72 and length 26
Passed for start_position 72 and length 28
Passed for start_position 72 and length 30
Passed for start_position 72 and length 32
Passed for start_position 72 and length 34
Passed for start_position 72 and length 36
Passed for start_position 72 and length 38
Passed for start_position 72 and length 40
Passed for start_position 72 and length 42
Passed for start_position 72 and length 44
Passed for start_position 72 and length 46
Passed for start_position 72 and length 48
Passed for start_position 72 and length 50
Passed for start_position 72 and length 52
Passed for start_position 72 and length 54
Passed for start_position 72 and length 56
Passed for start_position 72 and length 58
Passed for start_position 72 and length 60
Passed for start_position 72 and length 62
Passed for start_position 72 and length 64
Passed for start_position 72 and length 66
Passed for start_position 72 and length 68
Passed for start_position 72 and length 70
Passed for start_position 72 and length 72
Passed for start_position 72 and length 74
Passed for start_position 72 and length 76
Passed for start_position 72 and length 78
Passed for start_position 72 and length 80
Passed for start_position 72 and length 82
Passed for start_position 72 and length 84
Passed for start_position 72 and length 86
Passed for start_position 72 and length 88
Passed for start_position 72 and length 90
Passed for start_position 72 and length 92
Passed for start_position 72 and length 94
Passed for start_position 72 and length 96
Passed for start_position 72 and length 98
Passed for start_position 72 and length 100
Passed for start_position 73 and length 2
Passed for start_position 73 and length 4
Passed for start_position 73 and length 6
Passed for start_position 73 and length 8
Passed for start_position 73 and length 10
Passed for start_position 73 and length 12
Passed for start_position 73 and length 14
Passed for start_position 73 and length 16
Passed for start_position 73 and length 18
Passed for start_position 73 and length 20
Passed for start_position 73 and length 22
Passed for start_position 73 and length 24
Passed for start_position 73 and length 26
Passed for start_position 73 and length 28
Passed for start_position 73 and length 30
Passed for start_position 73 and length 32
Passed for start_position 73 and length 34
Passed for start_position 73 and length 36
Passed for start_position 73 and length 38
Passed for start_position 73 and length 40
Passed for start_position 73 and length 42
Passed for start_position 73 and length 44
Passed for start_position 73 and length 46
Passed for start_position 73 and length 48
Passed for start_position 73 and length 50
Passed for start_position 73 and length 52
Passed for start_position 73 and length 54
Passed for start_position 73 and length 56
Passed for start_position 73 and length 58
Passed for start_position 73 and length 60
Passed for start_position 73 and length 62
Passed for start_position 73 and length 64
Passed for start_position 73 and length 66
Passed for start_position 73 and length 68
Passed for start_position 73 and length 70
Passed for start_position 73 and length 72
Passed for start_position 73 and length 74
Passed for start_position 73 and length 76
Passed for start_position 73 and length 78
Passed for start_position 73 and length 80
Passed for start_position 73 and length 82
Passed for start_position 73 and length 84
Passed for start_position 73 and length 86
Passed for start_position 73 and length 88
Passed for start_position 73 and length 90
Passed for start_position 73 and length 92
Passed for start_position 73 and length 94
Passed for start_position 73 and length 96
Passed for start_position 73 and length 98
Passed for start_position 73 and length 100
Passed for start_position 74 and length 2
Passed for start_position 74 and length 4
Passed for start_position 74 and length 6
Passed for start_position 74 and length 8
Passed for start_position 74 and length 10
Passed for start_position 74 and length 12
Passed for start_position 74 and length 14
Passed for start_position 74 and length 16
Passed for start_position 74 and length 18
Passed for start_position 74 and length 20
Passed for start_position 74 and length 22
Passed for start_position 74 and length 24
Passed for start_position 74 and length 26
Passed for start_position 74 and length 28
Passed for start_position 74 and length 30
Passed for start_position 74 and length 32
Passed for start_position 74 and length 34
Passed for start_position 74 and length 36
Passed for start_position 74 and length 38
Passed for start_position 74 and length 40
Passed for start_position 74 and length 42
Passed for start_position 74 and length 44
Passed for start_position 74 and length 46
Passed for start_position 74 and length 48
Passed for start_position 74 and length 50
Passed for start_position 74 and length 52
Passed for start_position 74 and length 54
Passed for start_position 74 and length 56
Passed for start_position 74 and length 58
Passed for start_position 74 and length 60
Passed for start_position 74 and length 62
Passed for start_position 74 and length 64
Passed for start_position 74 and length 66
Passed for start_position 74 and length 68
Passed for start_position 74 and length 70
Passed for start_position 74 and length 72
Passed for start_position 74 and length 74
Passed for start_position 74 and length 76
Passed for start_position 74 and length 78
Passed for start_position 74 and length 80
Passed for start_position 74 and length 82
Passed for start_position 74 and length 84
Passed for start_position 74 and length 86
Passed for start_position 74 and length 88
Passed for start_position 74 and length 90
Passed for start_position 74 and length 92
Passed for start_position 74 and length 94
Passed for start_position 74 and length 96
Passed for start_position 74 and length 98
Passed for start_position 74 and length 100
Passed for start_position 75 and length 2
Passed for start_position 75 and length 4
Passed for start_position 75 and length 6
Passed for start_position 75 and length 8
Passed for start_position 75 and length 10
Passed for start_position 75 and length 12
Passed for start_position 75 and length 14
Passed for start_position 75 and length 16
Passed for start_position 75 and length 18
Passed for start_position 75 and length 20
Passed for start_position 75 and length 22
Passed for start_position 75 and length 24
Passed for start_position 75 and length 26
Passed for start_position 75 and length 28
Passed for start_position 75 and length 30
Passed for start_position 75 and length 32
Passed for start_position 75 and length 34
Passed for start_position 75 and length 36
Passed for start_position 75 and length 38
Passed for start_position 75 and length 40
Passed for start_position 75 and length 42
Passed for start_position 75 and length 44
Passed for start_position 75 and length 46
Passed for start_position 75 and length 48
Passed for start_position 75 and length 50
Passed for start_position 75 and length 52
Passed for start_position 75 and length 54
Passed for start_position 75 and length 56
Passed for start_position 75 and length 58
Passed for start_position 75 and length 60
Passed for start_position 75 and length 62
Passed for start_position 75 and length 64
Passed for start_position 75 and length 66
Passed for start_position 75 and length 68
Passed for start_position 75 and length 70
Passed for start_position 75 and length 72
Passed for start_position 75 and length 74
Passed for start_position 75 and length 76
Passed for start_position 75 and length 78
Passed for start_position 75 and length 80
Passed for start_position 75 and length 82
Passed for start_position 75 and length 84
Passed for start_position 75 and length 86
Passed for start_position 75 and length 88
Passed for start_position 75 and length 90
Passed for start_position 75 and length 92
Passed for start_position 75 and length 94
Passed for start_position 75 and length 96
Passed for start_position 75 and length 98
Passed for start_position 75 and length 100
Passed for start_position 76 and length 2
Passed for start_position 76 and length 4
Passed for start_position 76 and length 6
Passed for start_position 76 and length 8
Passed for start_position 76 and length 10
Passed for start_position 76 and length 12
Passed for start_position 76 and length 14
Passed for start_position 76 and length 16
Passed for start_position 76 and length 18
Passed for start_position 76 and length 20
Passed for start_position 76 and length 22
Passed for start_position 76 and length 24
Passed for start_position 76 and length 26
Passed for start_position 76 and length 28
Passed for start_position 76 and length 30
Passed for start_position 76 and length 32
Passed for start_position 76 and length 34
Passed for start_position 76 and length 36
Passed for start_position 76 and length 38
Passed for start_position 76 and length 40
Passed for start_position 76 and length 42
Passed for start_position 76 and length 44
Passed for start_position 76 and length 46
Passed for start_position 76 and length 48
Passed for start_position 76 and length 50
Passed for start_position 76 and length 52
Passed for start_position 76 and length 54
Passed for start_position 76 and length 56
Passed for start_position 76 and length 58
Passed for start_position 76 and length 60
Passed for start_position 76 and length 62
Passed for start_position 76 and length 64
Passed for start_position 76 and length 66
Passed for start_position 76 and length 68
Passed for start_position 76 and length 70
Passed for start_position 76 and length 72
Passed for start_position 76 and length 74
Passed for start_position 76 and length 76
Passed for start_position 76 and length 78
Passed for start_position 76 and length 80
Passed for start_position 76 and length 82
Passed for start_position 76 and length 84
Passed for start_position 76 and length 86
Passed for start_position 76 and length 88
Passed for start_position 76 and length 90
Passed for start_position 76 and length 92
Passed for start_position 76 and length 94
Passed for start_position 76 and length 96
Passed for start_position 76 and length 98
Passed for start_position 76 and length 100
Passed for start_position 77 and length 2
Passed for start_position 77 and length 4
Passed for start_position 77 and length 6
Passed for start_position 77 and length 8
Passed for start_position 77 and length 10
Passed for start_position 77 and length 12
Passed for start_position 77 and length 14
Passed for start_position 77 and length 16
Passed for start_position 77 and length 18
Passed for start_position 77 and length 20
Passed for start_position 77 and length 22
Passed for start_position 77 and length 24
Passed for start_position 77 and length 26
Passed for start_position 77 and length 28
Passed for start_position 77 and length 30
Passed for start_position 77 and length 32
Passed for start_position 77 and length 34
Passed for start_position 77 and length 36
Passed for start_position 77 and length 38
Passed for start_position 77 and length 40
Passed for start_position 77 and length 42
Passed for start_position 77 and length 44
Passed for start_position 77 and length 46
Passed for start_position 77 and length 48
Passed for start_position 77 and length 50
Passed for start_position 77 and length 52
Passed for start_position 77 and length 54
Passed for start_position 77 and length 56
Passed for start_position 77 and length 58
Passed for start_position 77 and length 60
Passed for start_position 77 and length 62
Passed for start_position 77 and length 64
Passed for start_position 77 and length 66
Passed for start_position 77 and length 68
Passed for start_position 77 and length 70
Passed for start_position 77 and length 72
Passed for start_position 77 and length 74
Passed for start_position 77 and length 76
Passed for start_position 77 and length 78
Passed for start_position 77 and length 80
Passed for start_position 77 and length 82
Passed for start_position 77 and length 84
Passed for start_position 77 and length 86
Passed for start_position 77 and length 88
Passed for start_position 77 and length 90
Passed for start_position 77 and length 92
Passed for start_position 77 and length 94
Passed for start_position 77 and length 96
Passed for start_position 77 and length 98
Passed for start_position 77 and length 100
Passed for start_position 78 and length 2
Passed for start_position 78 and length 4
Passed for start_position 78 and length 6
Passed for start_position 78 and length 8
Passed for start_position 78 and length 10
Passed for start_position 78 and length 12
Passed for start_position 78 and length 14
Passed for start_position 78 and length 16
Passed for start_position 78 and length 18
Passed for start_position 78 and length 20
Passed for start_position 78 and length 22
Passed for start_position 78 and length 24
Passed for start_position 78 and length 26
Passed for start_position 78 and length 28
Passed for start_position 78 and length 30
Passed for start_position 78 and length 32
Passed for start_position 78 and length 34
Passed for start_position 78 and length 36
Passed for start_position 78 and length 38
Passed for start_position 78 and length 40
Passed for start_position 78 and length 42
Passed for start_position 78 and length 44
Passed for start_position 78 and length 46
Passed for start_position 78 and length 48
Passed for start_position 78 and length 50
Passed for start_position 78 and length 52
Passed for start_position 78 and length 54
Passed for start_position 78 and length 56
Passed for start_position 78 and length 58
Passed for start_position 78 and length 60
Passed for start_position 78 and length 62
Passed for start_position 78 and length 64
Passed for start_position 78 and length 66
Passed for start_position 78 and length 68
Passed for start_position 78 and length 70
Passed for start_position 78 and length 72
Passed for start_position 78 and length 74
Passed for start_position 78 and length 76
Passed for start_position 78 and length 78
Passed for start_position 78 and length 80
Passed for start_position 78 and length 82
Passed for start_position 78 and length 84
Passed for start_position 78 and length 86
Passed for start_position 78 and length 88
Passed for start_position 78 and length 90
Passed for start_position 78 and length 92
Passed for start_position 78 and length 94
Passed for start_position 78 and length 96
Passed for start_position 78 and length 98
Passed for start_position 78 and length 100
Passed for start_position 79 and length 2
Passed for start_position 79 and length 4
Passed for start_position 79 and length 6
Passed for start_position 79 and length 8
Passed for start_position 79 and length 10
Passed for start_position 79 and length 12
Passed for start_position 79 and length 14
Passed for start_position 79 and length 16
Passed for start_position 79 and length 18
Passed for start_position 79 and length 20
Passed for start_position 79 and length 22
Passed for start_position 79 and length 24
Passed for start_position 79 and length 26
Passed for start_position 79 and length 28
Passed for start_position 79 and length 30
Passed for start_position 79 and length 32
Passed for start_position 79 and length 34
Passed for start_position 79 and length 36
Passed for start_position 79 and length 38
Passed for start_position 79 and length 40
Passed for start_position 79 and length 42
Passed for start_position 79 and length 44
Passed for start_position 79 and length 46
Passed for start_position 79 and length 48
Passed for start_position 79 and length 50
Passed for start_position 79 and length 52
Passed for start_position 79 and length 54
Passed for start_position 79 and length 56
Passed for start_position 79 and length 58
Passed for start_position 79 and length 60
Passed for start_position 79 and length 62
Passed for start_position 79 and length 64
Passed for start_position 79 and length 66
Passed for start_position 79 and length 68
Passed for start_position 79 and length 70
Passed for start_position 79 and length 72
Passed for start_position 79 and length 74
Passed for start_position 79 and length 76
Passed for start_position 79 and length 78
Passed for start_position 79 and length 80
Passed for start_position 79 and length 82
Passed for start_position 79 and length 84
Passed for start_position 79 and length 86
Passed for start_position 79 and length 88
Passed for start_position 79 and length 90
Passed for start_position 79 and length 92
Passed for start_position 79 and length 94
Passed for start_position 79 and length 96
Passed for start_position 79 and length 98
Passed for start_position 79 and length 100
Passed for start_position 80 and length 2
Passed for start_position 80 and length 4
Passed for start_position 80 and length 6
Passed for start_position 80 and length 8
Passed for start_position 80 and length 10
Passed for start_position 80 and length 12
Passed for start_position 80 and length 14
Passed for start_position 80 and length 16
Passed for start_position 80 and length 18
Passed for start_position 80 and length 20
Passed for start_position 80 and length 22
Passed for start_position 80 and length 24
Passed for start_position 80 and length 26
Passed for start_position 80 and length 28
Passed for start_position 80 and length 30
Passed for start_position 80 and length 32
Passed for start_position 80 and length 34
Passed for start_position 80 and length 36
Passed for start_position 80 and length 38
Passed for start_position 80 and length 40
Passed for start_position 80 and length 42
Passed for start_position 80 and length 44
Passed for start_position 80 and length 46
Passed for start_position 80 and length 48
Passed for start_position 80 and length 50
Passed for start_position 80 and length 52
Passed for start_position 80 and length 54
Passed for start_position 80 and length 56
Passed for start_position 80 and length 58
Passed for start_position 80 and length 60
Passed for start_position 80 and length 62
Passed for start_position 80 and length 64
Passed for start_position 80 and length 66
Passed for start_position 80 and length 68
Passed for start_position 80 and length 70
Passed for start_position 80 and length 72
Passed for start_position 80 and length 74
Passed for start_position 80 and length 76
Passed for start_position 80 and length 78
Passed for start_position 80 and length 80
Passed for start_position 80 and length 82
Passed for start_position 80 and length 84
Passed for start_position 80 and length 86
Passed for start_position 80 and length 88
Passed for start_position 80 and length 90
Passed for start_position 80 and length 92
Passed for start_position 80 and length 94
Passed for start_position 80 and length 96
Passed for start_position 80 and length 98
Passed for start_position 80 and length 100
Passed for start_position 81 and length 2
Passed for start_position 81 and length 4
Passed for start_position 81 and length 6
Passed for start_position 81 and length 8
Passed for start_position 81 and length 10
Passed for start_position 81 and length 12
Passed for start_position 81 and length 14
Passed for start_position 81 and length 16
Passed for start_position 81 and length 18
Passed for start_position 81 and length 20
Passed for start_position 81 and length 22
Passed for start_position 81 and length 24
Passed for start_position 81 and length 26
Passed for start_position 81 and length 28
Passed for start_position 81 and length 30
Passed for start_position 81 and length 32
Passed for start_position 81 and length 34
Passed for start_position 81 and length 36
Passed for start_position 81 and length 38
Passed for start_position 81 and length 40
Passed for start_position 81 and length 42
Passed for start_position 81 and length 44
Passed for start_position 81 and length 46
Passed for start_position 81 and length 48
Passed for start_position 81 and length 50
Passed for start_position 81 and length 52
Passed for start_position 81 and length 54
Passed for start_position 81 and length 56
Passed for start_position 81 and length 58
Passed for start_position 81 and length 60
Passed for start_position 81 and length 62
Passed for start_position 81 and length 64
Passed for start_position 81 and length 66
Passed for start_position 81 and length 68
Passed for start_position 81 and length 70
Passed for start_position 81 and length 72
Passed for start_position 81 and length 74
Passed for start_position 81 and length 76
Passed for start_position 81 and length 78
Passed for start_position 81 and length 80
Passed for start_position 81 and length 82
Passed for start_position 81 and length 84
Passed for start_position 81 and length 86
Passed for start_position 81 and length 88
Passed for start_position 81 and length 90
Passed for start_position 81 and length 92
Passed for start_position 81 and length 94
Passed for start_position 81 and length 96
Passed for start_position 81 and length 98
Passed for start_position 81 and length 100
Passed for start_position 82 and length 2
Passed for start_position 82 and length 4
Passed for start_position 82 and length 6
Passed for start_position 82 and length 8
Passed for start_position 82 and length 10
Passed for start_position 82 and length 12
Passed for start_position 82 and length 14
Passed for start_position 82 and length 16
Passed for start_position 82 and length 18
Passed for start_position 82 and length 20
Passed for start_position 82 and length 22
Passed for start_position 82 and length 24
Passed for start_position 82 and length 26
Passed for start_position 82 and length 28
Passed for start_position 82 and length 30
Passed for start_position 82 and length 32
Passed for start_position 82 and length 34
Passed for start_position 82 and length 36
Passed for start_position 82 and length 38
Passed for start_position 82 and length 40
Passed for start_position 82 and length 42
Passed for start_position 82 and length 44
Passed for start_position 82 and length 46
Passed for start_position 82 and length 48
Passed for start_position 82 and length 50
Passed for start_position 82 and length 52
Passed for start_position 82 and length 54
Passed for start_position 82 and length 56
Passed for start_position 82 and length 58
Passed for start_position 82 and length 60
Passed for start_position 82 and length 62
Passed for start_position 82 and length 64
Passed for start_position 82 and length 66
Passed for start_position 82 and length 68
Passed for start_position 82 and length 70
Passed for start_position 82 and length 72
Passed for start_position 82 and length 74
Passed for start_position 82 and length 76
Passed for start_position 82 and length 78
Passed for start_position 82 and length 80
Passed for start_position 82 and length 82
Passed for start_position 82 and length 84
Passed for start_position 82 and length 86
Passed for start_position 82 and length 88
Passed for start_position 82 and length 90
Passed for start_position 82 and length 92
Passed for start_position 82 and length 94
Passed for start_position 82 and length 96
Passed for start_position 82 and length 98
Passed for start_position 82 and length 100
Passed for start_position 83 and length 2
Passed for start_position 83 and length 4
Passed for start_position 83 and length 6
Passed for start_position 83 and length 8
Passed for start_position 83 and length 10
Passed for start_position 83 and length 12
Passed for start_position 83 and length 14
Passed for start_position 83 and length 16
Passed for start_position 83 and length 18
Passed for start_position 83 and length 20
Passed for start_position 83 and length 22
Passed for start_position 83 and length 24
Passed for start_position 83 and length 26
Passed for start_position 83 and length 28
Passed for start_position 83 and length 30
Passed for start_position 83 and length 32
Passed for start_position 83 and length 34
Passed for start_position 83 and length 36
Passed for start_position 83 and length 38
Passed for start_position 83 and length 40
Passed for start_position 83 and length 42
Passed for start_position 83 and length 44
Passed for start_position 83 and length 46
Passed for start_position 83 and length 48
Passed for start_position 83 and length 50
Passed for start_position 83 and length 52
Passed for start_position 83 and length 54
Passed for start_position 83 and length 56
Passed for start_position 83 and length 58
Passed for start_position 83 and length 60
Passed for start_position 83 and length 62
Passed for start_position 83 and length 64
Passed for start_position 83 and length 66
Passed for start_position 83 and length 68
Passed for start_position 83 and length 70
Passed for start_position 83 and length 72
Passed for start_position 83 and length 74
Passed for start_position 83 and length 76
Passed for start_position 83 and length 78
Passed for start_position 83 and length 80
Passed for start_position 83 and length 82
Passed for start_position 83 and length 84
Passed for start_position 83 and length 86
Passed for start_position 83 and length 88
Passed for start_position 83 and length 90
Passed for start_position 83 and length 92
Passed for start_position 83 and length 94
Passed for start_position 83 and length 96
Passed for start_position 83 and length 98
Passed for start_position 83 and length 100
Passed for start_position 84 and length 2
Passed for start_position 84 and length 4
Passed for start_position 84 and length 6
Passed for start_position 84 and length 8
Passed for start_position 84 and length 10
Passed for start_position 84 and length 12
Passed for start_position 84 and length 14
Passed for start_position 84 and length 16
Passed for start_position 84 and length 18
Passed for start_position 84 and length 20
Passed for start_position 84 and length 22
Passed for start_position 84 and length 24
Passed for start_position 84 and length 26
Passed for start_position 84 and length 28
Passed for start_position 84 and length 30
Passed for start_position 84 and length 32
Passed for start_position 84 and length 34
Passed for start_position 84 and length 36
Passed for start_position 84 and length 38
Passed for start_position 84 and length 40
Passed for start_position 84 and length 42
Passed for start_position 84 and length 44
Passed for start_position 84 and length 46
Passed for start_position 84 and length 48
Passed for start_position 84 and length 50
Passed for start_position 84 and length 52
Passed for start_position 84 and length 54
Passed for start_position 84 and length 56
Passed for start_position 84 and length 58
Passed for start_position 84 and length 60
Passed for start_position 84 and length 62
Passed for start_position 84 and length 64
Passed for start_position 84 and length 66
Passed for start_position 84 and length 68
Passed for start_position 84 and length 70
Passed for start_position 84 and length 72
Passed for start_position 84 and length 74
Passed for start_position 84 and length 76
Passed for start_position 84 and length 78
Passed for start_position 84 and length 80
Passed for start_position 84 and length 82
Passed for start_position 84 and length 84
Passed for start_position 84 and length 86
Passed for start_position 84 and length 88
Passed for start_position 84 and length 90
Passed for start_position 84 and length 92
Passed for start_position 84 and length 94
Passed for start_position 84 and length 96
Passed for start_position 84 and length 98
Passed for start_position 84 and length 100
Passed for start_position 85 and length 2
Passed for start_position 85 and length 4
Passed for start_position 85 and length 6
Passed for start_position 85 and length 8
Passed for start_position 85 and length 10
Passed for start_position 85 and length 12
Passed for start_position 85 and length 14
Passed for start_position 85 and length 16
Passed for start_position 85 and length 18
Passed for start_position 85 and length 20
Passed for start_position 85 and length 22
Passed for start_position 85 and length 24
Passed for start_position 85 and length 26
Passed for start_position 85 and length 28
Passed for start_position 85 and length 30
Passed for start_position 85 and length 32
Passed for start_position 85 and length 34
Passed for start_position 85 and length 36
Passed for start_position 85 and length 38
Passed for start_position 85 and length 40
Passed for start_position 85 and length 42
Passed for start_position 85 and length 44
Passed for start_position 85 and length 46
Passed for start_position 85 and length 48
Passed for start_position 85 and length 50
Passed for start_position 85 and length 52
Passed for start_position 85 and length 54
Passed for start_position 85 and length 56
Passed for start_position 85 and length 58
Passed for start_position 85 and length 60
Passed for start_position 85 and length 62
Passed for start_position 85 and length 64
Passed for start_position 85 and length 66
Passed for start_position 85 and length 68
Passed for start_position 85 and length 70
Passed for start_position 85 and length 72
Passed for start_position 85 and length 74
Passed for start_position 85 and length 76
Passed for start_position 85 and length 78
Passed for start_position 85 and length 80
Passed for start_position 85 and length 82
Passed for start_position 85 and length 84
Passed for start_position 85 and length 86
Passed for start_position 85 and length 88
Passed for start_position 85 and length 90
Passed for start_position 85 and length 92
Passed for start_position 85 and length 94
Passed for start_position 85 and length 96
Passed for start_position 85 and length 98
Passed for start_position 85 and length 100
Passed for start_position 86 and length 2
Passed for start_position 86 and length 4
Passed for start_position 86 and length 6
Passed for start_position 86 and length 8
Passed for start_position 86 and length 10
Passed for start_position 86 and length 12
Passed for start_position 86 and length 14
Passed for start_position 86 and length 16
Passed for start_position 86 and length 18
Passed for start_position 86 and length 20
Passed for start_position 86 and length 22
Passed for start_position 86 and length 24
Passed for start_position 86 and length 26
Passed for start_position 86 and length 28
Passed for start_position 86 and length 30
Passed for start_position 86 and length 32
Passed for start_position 86 and length 34
Passed for start_position 86 and length 36
Passed for start_position 86 and length 38
Passed for start_position 86 and length 40
Passed for start_position 86 and length 42
Passed for start_position 86 and length 44
Passed for start_position 86 and length 46
Passed for start_position 86 and length 48
Passed for start_position 86 and length 50
Passed for start_position 86 and length 52
Passed for start_position 86 and length 54
Passed for start_position 86 and length 56
Passed for start_position 86 and length 58
Passed for start_position 86 and length 60
Passed for start_position 86 and length 62
Passed for start_position 86 and length 64
Passed for start_position 86 and length 66
Passed for start_position 86 and length 68
Passed for start_position 86 and length 70
Passed for start_position 86 and length 72
Passed for start_position 86 and length 74
Passed for start_position 86 and length 76
Passed for start_position 86 and length 78
Passed for start_position 86 and length 80
Passed for start_position 86 and length 82
Passed for start_position 86 and length 84
Passed for start_position 86 and length 86
Passed for start_position 86 and length 88
Passed for start_position 86 and length 90
Passed for start_position 86 and length 92
Passed for start_position 86 and length 94
Passed for start_position 86 and length 96
Passed for start_position 86 and length 98
Passed for start_position 86 and length 100
Passed for start_position 87 and length 2
Passed for start_position 87 and length 4
Passed for start_position 87 and length 6
Passed for start_position 87 and length 8
Passed for start_position 87 and length 10
Passed for start_position 87 and length 12
Passed for start_position 87 and length 14
Passed for start_position 87 and length 16
Passed for start_position 87 and length 18
Passed for start_position 87 and length 20
Passed for start_position 87 and length 22
Passed for start_position 87 and length 24
Passed for start_position 87 and length 26
Passed for start_position 87 and length 28
Passed for start_position 87 and length 30
Passed for start_position 87 and length 32
Passed for start_position 87 and length 34
Passed for start_position 87 and length 36
Passed for start_position 87 and length 38
Passed for start_position 87 and length 40
Passed for start_position 87 and length 42
Passed for start_position 87 and length 44
Passed for start_position 87 and length 46
Passed for start_position 87 and length 48
Passed for start_position 87 and length 50
Passed for start_position 87 and length 52
Passed for start_position 87 and length 54
Passed for start_position 87 and length 56
Passed for start_position 87 and length 58
Passed for start_position 87 and length 60
Passed for start_position 87 and length 62
Passed for start_position 87 and length 64
Passed for start_position 87 and length 66
Passed for start_position 87 and length 68
Passed for start_position 87 and length 70
Passed for start_position 87 and length 72
Passed for start_position 87 and length 74
Passed for start_position 87 and length 76
Passed for start_position 87 and length 78
Passed for start_position 87 and length 80
Passed for start_position 87 and length 82
Passed for start_position 87 and length 84
Passed for start_position 87 and length 86
Passed for start_position 87 and length 88
Passed for start_position 87 and length 90
Passed for start_position 87 and length 92
Passed for start_position 87 and length 94
Passed for start_position 87 and length 96
Passed for start_position 87 and length 98
Passed for start_position 87 and length 100
Passed for start_position 88 and length 2
Passed for start_position 88 and length 4
Passed for start_position 88 and length 6
Passed for start_position 88 and length 8
Passed for start_position 88 and length 10
Passed for start_position 88 and length 12
Passed for start_position 88 and length 14
Passed for start_position 88 and length 16
Passed for start_position 88 and length 18
Passed for start_position 88 and length 20
Passed for start_position 88 and length 22
Passed for start_position 88 and length 24
Passed for start_position 88 and length 26
Passed for start_position 88 and length 28
Passed for start_position 88 and length 30
Passed for start_position 88 and length 32
Passed for start_position 88 and length 34
Passed for start_position 88 and length 36
Passed for start_position 88 and length 38
Passed for start_position 88 and length 40
Passed for start_position 88 and length 42
Passed for start_position 88 and length 44
Passed for start_position 88 and length 46
Passed for start_position 88 and length 48
Passed for start_position 88 and length 50
Passed for start_position 88 and length 52
Passed for start_position 88 and length 54
Passed for start_position 88 and length 56
Passed for start_position 88 and length 58
Passed for start_position 88 and length 60
Passed for start_position 88 and length 62
Passed for start_position 88 and length 64
Passed for start_position 88 and length 66
Passed for start_position 88 and length 68
Passed for start_position 88 and length 70
Passed for start_position 88 and length 72
Passed for start_position 88 and length 74
Passed for start_position 88 and length 76
Passed for start_position 88 and length 78
Passed for start_position 88 and length 80
Passed for start_position 88 and length 82
Passed for start_position 88 and length 84
Passed for start_position 88 and length 86
Passed for start_position 88 and length 88
Passed for start_position 88 and length 90
Passed for start_position 88 and length 92
Passed for start_position 88 and length 94
Passed for start_position 88 and length 96
Passed for start_position 88 and length 98
Passed for start_position 88 and length 100
Passed for start_position 89 and length 2
Passed for start_position 89 and length 4
Passed for start_position 89 and length 6
Passed for start_position 89 and length 8
Passed for start_position 89 and length 10
Passed for start_position 89 and length 12
Passed for start_position 89 and length 14
Passed for start_position 89 and length 16
Passed for start_position 89 and length 18
Passed for start_position 89 and length 20
Passed for start_position 89 and length 22
Passed for start_position 89 and length 24
Passed for start_position 89 and length 26
Passed for start_position 89 and length 28
Passed for start_position 89 and length 30
Passed for start_position 89 and length 32
Passed for start_position 89 and length 34
Passed for start_position 89 and length 36
Passed for start_position 89 and length 38
Passed for start_position 89 and length 40
Passed for start_position 89 and length 42
Passed for start_position 89 and length 44
Passed for start_position 89 and length 46
Passed for start_position 89 and length 48
Passed for start_position 89 and length 50
Passed for start_position 89 and length 52
Passed for start_position 89 and length 54
Passed for start_position 89 and length 56
Passed for start_position 89 and length 58
Passed for start_position 89 and length 60
Passed for start_position 89 and length 62
Passed for start_position 89 and length 64
Passed for start_position 89 and length 66
Passed for start_position 89 and length 68
Passed for start_position 89 and length 70
Passed for start_position 89 and length 72
Passed for start_position 89 and length 74
Passed for start_position 89 and length 76
Passed for start_position 89 and length 78
Passed for start_position 89 and length 80
Passed for start_position 89 and length 82
Passed for start_position 89 and length 84
Passed for start_position 89 and length 86
Passed for start_position 89 and length 88
Passed for start_position 89 and length 90
Passed for start_position 89 and length 92
Passed for start_position 89 and length 94
Passed for start_position 89 and length 96
Passed for start_position 89 and length 98
Passed for start_position 89 and length 100
Passed for start_position 90 and length 2
Passed for start_position 90 and length 4
Passed for start_position 90 and length 6
Passed for start_position 90 and length 8
Passed for start_position 90 and length 10
Passed for start_position 90 and length 12
Passed for start_position 90 and length 14
Passed for start_position 90 and length 16
Passed for start_position 90 and length 18
Passed for start_position 90 and length 20
Passed for start_position 90 and length 22
Passed for start_position 90 and length 24
Passed for start_position 90 and length 26
Passed for start_position 90 and length 28
Passed for start_position 90 and length 30
Passed for start_position 90 and length 32
Passed for start_position 90 and length 34
Passed for start_position 90 and length 36
Passed for start_position 90 and length 38
Passed for start_position 90 and length 40
Passed for start_position 90 and length 42
Passed for start_position 90 and length 44
Passed for start_position 90 and length 46
Passed for start_position 90 and length 48
Passed for start_position 90 and length 50
Passed for start_position 90 and length 52
Passed for start_position 90 and length 54
Passed for start_position 90 and length 56
Passed for start_position 90 and length 58
Passed for start_position 90 and length 60
Passed for start_position 90 and length 62
Passed for start_position 90 and length 64
Passed for start_position 90 and length 66
Passed for start_position 90 and length 68
Passed for start_position 90 and length 70
Passed for start_position 90 and length 72
Passed for start_position 90 and length 74
Passed for start_position 90 and length 76
Passed for start_position 90 and length 78
Passed for start_position 90 and length 80
Passed for start_position 90 and length 82
Passed for start_position 90 and length 84
Passed for start_position 90 and length 86
Passed for start_position 90 and length 88
Passed for start_position 90 and length 90
Passed for start_position 90 and length 92
Passed for start_position 90 and length 94
Passed for start_position 90 and length 96
Passed for start_position 90 and length 98
Passed for start_position 90 and length 100
Passed for start_position 91 and length 2
Passed for start_position 91 and length 4
Passed for start_position 91 and length 6
Passed for start_position 91 and length 8
Passed for start_position 91 and length 10
Passed for start_position 91 and length 12
Passed for start_position 91 and length 14
Passed for start_position 91 and length 16
Passed for start_position 91 and length 18
Passed for start_position 91 and length 20
Passed for start_position 91 and length 22
Passed for start_position 91 and length 24
Passed for start_position 91 and length 26
Passed for start_position 91 and length 28
Passed for start_position 91 and length 30
Passed for start_position 91 and length 32
Passed for start_position 91 and length 34
Passed for start_position 91 and length 36
Passed for start_position 91 and length 38
Passed for start_position 91 and length 40
Passed for start_position 91 and length 42
Passed for start_position 91 and length 44
Passed for start_position 91 and length 46
Passed for start_position 91 and length 48
Passed for start_position 91 and length 50
Passed for start_position 91 and length 52
Passed for start_position 91 and length 54
Passed for start_position 91 and length 56
Passed for start_position 91 and length 58
Passed for start_position 91 and length 60
Passed for start_position 91 and length 62
Passed for start_position 91 and length 64
Passed for start_position 91 and length 66
Passed for start_position 91 and length 68
Passed for start_position 91 and length 70
Passed for start_position 91 and length 72
Passed for start_position 91 and length 74
Passed for start_position 91 and length 76
Passed for start_position 91 and length 78
Passed for start_position 91 and length 80
Passed for start_position 91 and length 82
Passed for start_position 91 and length 84
Passed for start_position 91 and length 86
Passed for start_position 91 and length 88
Passed for start_position 91 and length 90
Passed for start_position 91 and length 92
Passed for start_position 91 and length 94
Passed for start_position 91 and length 96
Passed for start_position 91 and length 98
Passed for start_position 91 and length 100
Passed for start_position 92 and length 2
Passed for start_position 92 and length 4
Passed for start_position 92 and length 6
Passed for start_position 92 and length 8
Passed for start_position 92 and length 10
Passed for start_position 92 and length 12
Passed for start_position 92 and length 14
Passed for start_position 92 and length 16
Passed for start_position 92 and length 18
Passed for start_position 92 and length 20
Passed for start_position 92 and length 22
Passed for start_position 92 and length 24
Passed for start_position 92 and length 26
Passed for start_position 92 and length 28
Passed for start_position 92 and length 30
Passed for start_position 92 and length 32
Passed for start_position 92 and length 34
Passed for start_position 92 and length 36
Passed for start_position 92 and length 38
Passed for start_position 92 and length 40
Passed for start_position 92 and length 42
Passed for start_position 92 and length 44
Passed for start_position 92 and length 46
Passed for start_position 92 and length 48
Passed for start_position 92 and length 50
Passed for start_position 92 and length 52
Passed for start_position 92 and length 54
Passed for start_position 92 and length 56
Passed for start_position 92 and length 58
Passed for start_position 92 and length 60
Passed for start_position 92 and length 62
Passed for start_position 92 and length 64
Passed for start_position 92 and length 66
Passed for start_position 92 and length 68
Passed for start_position 92 and length 70
Passed for start_position 92 and length 72
Passed for start_position 92 and length 74
Passed for start_position 92 and length 76
Passed for start_position 92 and length 78
Passed for start_position 92 and length 80
Passed for start_position 92 and length 82
Passed for start_position 92 and length 84
Passed for start_position 92 and length 86
Passed for start_position 92 and length 88
Passed for start_position 92 and length 90
Passed for start_position 92 and length 92
Passed for start_position 92 and length 94
Passed for start_position 92 and length 96
Passed for start_position 92 and length 98
Passed for start_position 92 and length 100
Passed for start_position 93 and length 2
Passed for start_position 93 and length 4
Passed for start_position 93 and length 6
Passed for start_position 93 and length 8
Passed for start_position 93 and length 10
Passed for start_position 93 and length 12
Passed for start_position 93 and length 14
Passed for start_position 93 and length 16
Passed for start_position 93 and length 18
Passed for start_position 93 and length 20
Passed for start_position 93 and length 22
Passed for start_position 93 and length 24
Passed for start_position 93 and length 26
Passed for start_position 93 and length 28
Passed for start_position 93 and length 30
Passed for start_position 93 and length 32
Passed for start_position 93 and length 34
Passed for start_position 93 and length 36
Passed for start_position 93 and length 38
Passed for start_position 93 and length 40
Passed for start_position 93 and length 42
Passed for start_position 93 and length 44
Passed for start_position 93 and length 46
Passed for start_position 93 and length 48
Passed for start_position 93 and length 50
Passed for start_position 93 and length 52
Passed for start_position 93 and length 54
Passed for start_position 93 and length 56
Passed for start_position 93 and length 58
Passed for start_position 93 and length 60
Passed for start_position 93 and length 62
Passed for start_position 93 and length 64
Passed for start_position 93 and length 66
Passed for start_position 93 and length 68
Passed for start_position 93 and length 70
Passed for start_position 93 and length 72
Passed for start_position 93 and length 74
Passed for start_position 93 and length 76
Passed for start_position 93 and length 78
Passed for start_position 93 and length 80
Passed for start_position 93 and length 82
Passed for start_position 93 and length 84
Passed for start_position 93 and length 86
Passed for start_position 93 and length 88
Passed for start_position 93 and length 90
Passed for start_position 93 and length 92
Passed for start_position 93 and length 94
Passed for start_position 93 and length 96
Passed for start_position 93 and length 98
Passed for start_position 93 and length 100
Passed for start_position 94 and length 2
Passed for start_position 94 and length 4
Passed for start_position 94 and length 6
Passed for start_position 94 and length 8
Passed for start_position 94 and length 10
Passed for start_position 94 and length 12
Passed for start_position 94 and length 14
Passed for start_position 94 and length 16
Passed for start_position 94 and length 18
Passed for start_position 94 and length 20
Passed for start_position 94 and length 22
Passed for start_position 94 and length 24
Passed for start_position 94 and length 26
Passed for start_position 94 and length 28
Passed for start_position 94 and length 30
Passed for start_position 94 and length 32
Passed for start_position 94 and length 34
Passed for start_position 94 and length 36
Passed for start_position 94 and length 38
Passed for start_position 94 and length 40
Passed for start_position 94 and length 42
Passed for start_position 94 and length 44
Passed for start_position 94 and length 46
Passed for start_position 94 and length 48
Passed for start_position 94 and length 50
Passed for start_position 94 and length 52
Passed for start_position 94 and length 54
Passed for start_position 94 and length 56
Passed for start_position 94 and length 58
Passed for start_position 94 and length 60
Passed for start_position 94 and length 62
Passed for start_position 94 and length 64
Passed for start_position 94 and length 66
Passed for start_position 94 and length 68
Passed for start_position 94 and length 70
Passed for start_position 94 and length 72
Passed for start_position 94 and length 74
Passed for start_position 94 and length 76
Passed for start_position 94 and length 78
Passed for start_position 94 and length 80
Passed for start_position 94 and length 82
Passed for start_position 94 and length 84
Passed for start_position 94 and length 86
Passed for start_position 94 and length 88
Passed for start_position 94 and length 90
Passed for start_position 94 and length 92
Passed for start_position 94 and length 94
Passed for start_position 94 and length 96
Passed for start_position 94 and length 98
Passed for start_position 94 and length 100
Passed for start_position 95 and length 2
Passed for start_position 95 and length 4
Passed for start_position 95 and length 6
Passed for start_position 95 and length 8
Passed for start_position 95 and length 10
Passed for start_position 95 and length 12
Passed for start_position 95 and length 14
Passed for start_position 95 and length 16
Passed for start_position 95 and length 18
Passed for start_position 95 and length 20
Passed for start_position 95 and length 22
Passed for start_position 95 and length 24
Passed for start_position 95 and length 26
Passed for start_position 95 and length 28
Passed for start_position 95 and length 30
Passed for start_position 95 and length 32
Passed for start_position 95 and length 34
Passed for start_position 95 and length 36
Passed for start_position 95 and length 38
Passed for start_position 95 and length 40
Passed for start_position 95 and length 42
Passed for start_position 95 and length 44
Passed for start_position 95 and length 46
Passed for start_position 95 and length 48
Passed for start_position 95 and length 50
Passed for start_position 95 and length 52
Passed for start_position 95 and length 54
Passed for start_position 95 and length 56
Passed for start_position 95 and length 58
Passed for start_position 95 and length 60
Passed for start_position 95 and length 62
Passed for start_position 95 and length 64
Passed for start_position 95 and length 66
Passed for start_position 95 and length 68
Passed for start_position 95 and length 70
Passed for start_position 95 and length 72
Passed for start_position 95 and length 74
Passed for start_position 95 and length 76
Passed for start_position 95 and length 78
Passed for start_position 95 and length 80
Passed for start_position 95 and length 82
Passed for start_position 95 and length 84
Passed for start_position 95 and length 86
Passed for start_position 95 and length 88
Passed for start_position 95 and length 90
Passed for start_position 95 and length 92
Passed for start_position 95 and length 94
Passed for start_position 95 and length 96
Passed for start_position 95 and length 98
Passed for start_position 95 and length 100
Passed for start_position 96 and length 2
Passed for start_position 96 and length 4
Passed for start_position 96 and length 6
Passed for start_position 96 and length 8
Passed for start_position 96 and length 10
Passed for start_position 96 and length 12
Passed for start_position 96 and length 14
Passed for start_position 96 and length 16
Passed for start_position 96 and length 18
Passed for start_position 96 and length 20
Passed for start_position 96 and length 22
Passed for start_position 96 and length 24
Passed for start_position 96 and length 26
Passed for start_position 96 and length 28
Passed for start_position 96 and length 30
Passed for start_position 96 and length 32
Passed for start_position 96 and length 34
Passed for start_position 96 and length 36
Passed for start_position 96 and length 38
Passed for start_position 96 and length 40
Passed for start_position 96 and length 42
Passed for start_position 96 and length 44
Passed for start_position 96 and length 46
Passed for start_position 96 and length 48
Passed for start_position 96 and length 50
Passed for start_position 96 and length 52
Passed for start_position 96 and length 54
Passed for start_position 96 and length 56
Passed for start_position 96 and length 58
Passed for start_position 96 and length 60
Passed for start_position 96 and length 62
Passed for start_position 96 and length 64
Passed for start_position 96 and length 66
Passed for start_position 96 and length 68
Passed for start_position 96 and length 70
Passed for start_position 96 and length 72
Passed for start_position 96 and length 74
Passed for start_position 96 and length 76
Passed for start_position 96 and length 78
Passed for start_position 96 and length 80
Passed for start_position 96 and length 82
Passed for start_position 96 and length 84
Passed for start_position 96 and length 86
Passed for start_position 96 and length 88
Passed for start_position 96 and length 90
Passed for start_position 96 and length 92
Passed for start_position 96 and length 94
Passed for start_position 96 and length 96
Passed for start_position 96 and length 98
Passed for start_position 96 and length 100
Passed for start_position 97 and length 2
Passed for start_position 97 and length 4
Passed for start_position 97 and length 6
Passed for start_position 97 and length 8
Passed for start_position 97 and length 10
Passed for start_position 97 and length 12
Passed for start_position 97 and length 14
Passed for start_position 97 and length 16
Passed for start_position 97 and length 18
Passed for start_position 97 and length 20
Passed for start_position 97 and length 22
Passed for start_position 97 and length 24
Passed for start_position 97 and length 26
Passed for start_position 97 and length 28
Passed for start_position 97 and length 30
Passed for start_position 97 and length 32
Passed for start_position 97 and length 34
Passed for start_position 97 and length 36
Passed for start_position 97 and length 38
Passed for start_position 97 and length 40
Passed for start_position 97 and length 42
Passed for start_position 97 and length 44
Passed for start_position 97 and length 46
Passed for start_position 97 and length 48
Passed for start_position 97 and length 50
Passed for start_position 97 and length 52
Passed for start_position 97 and length 54
Passed for start_position 97 and length 56
Passed for start_position 97 and length 58
Passed for start_position 97 and length 60
Passed for start_position 97 and length 62
Passed for start_position 97 and length 64
Passed for start_position 97 and length 66
Passed for start_position 97 and length 68
Passed for start_position 97 and length 70
Passed for start_position 97 and length 72
Passed for start_position 97 and length 74
Passed for start_position 97 and length 76
Passed for start_position 97 and length 78
Passed for start_position 97 and length 80
Passed for start_position 97 and length 82
Passed for start_position 97 and length 84
Passed for start_position 97 and length 86
Passed for start_position 97 and length 88
Passed for start_position 97 and length 90
Passed for start_position 97 and length 92
Passed for start_position 97 and length 94
Passed for start_position 97 and length 96
Passed for start_position 97 and length 98
Passed for start_position 97 and length 100
Passed for start_position 98 and length 2
Passed for start_position 98 and length 4
Passed for start_position 98 and length 6
Passed for start_position 98 and length 8
Passed for start_position 98 and length 10
Passed for start_position 98 and length 12
Passed for start_position 98 and length 14
Passed for start_position 98 and length 16
Passed for start_position 98 and length 18
Passed for start_position 98 and length 20
Passed for start_position 98 and length 22
Passed for start_position 98 and length 24
Passed for start_position 98 and length 26
Passed for start_position 98 and length 28
Passed for start_position 98 and length 30
Passed for start_position 98 and length 32
Passed for start_position 98 and length 34
Passed for start_position 98 and length 36
Passed for start_position 98 and length 38
Passed for start_position 98 and length 40
Passed for start_position 98 and length 42
Passed for start_position 98 and length 44
Passed for start_position 98 and length 46
Passed for start_position 98 and length 48
Passed for start_position 98 and length 50
Passed for start_position 98 and length 52
Passed for start_position 98 and length 54
Passed for start_position 98 and length 56
Passed for start_position 98 and length 58
Passed for start_position 98 and length 60
Passed for start_position 98 and length 62
Passed for start_position 98 and length 64
Passed for start_position 98 and length 66
Passed for start_position 98 and length 68
Passed for start_position 98 and length 70
Passed for start_position 98 and length 72
Passed for start_position 98 and length 74
Passed for start_position 98 and length 76
Passed for start_position 98 and length 78
Passed for start_position 98 and length 80
Passed for start_position 98 and length 82
Passed for start_position 98 and length 84
Passed for start_position 98 and length 86
Passed for start_position 98 and length 88
Passed for start_position 98 and length 90
Passed for start_position 98 and length 92
Passed for start_position 98 and length 94
Passed for start_position 98 and length 96
Passed for start_position 98 and length 98
Passed for start_position 98 and length 100
Passed for start_position 99 and length 2
Passed for start_position 99 and length 4
Passed for start_position 99 and length 6
Passed for start_position 99 and length 8
Passed for start_position 99 and length 10
Passed for start_position 99 and length 12
Passed for start_position 99 and length 14
Passed for start_position 99 and length 16
Passed for start_position 99 and length 18
Passed for start_position 99 and length 20
Passed for start_position 99 and length 22
Passed for start_position 99 and length 24
Passed for start_position 99 and length 26
Passed for start_position 99 and length 28
Passed for start_position 99 and length 30
Passed for start_position 99 and length 32
Passed for start_position 99 and length 34
Passed for start_position 99 and length 36
Passed for start_position 99 and length 38
Passed for start_position 99 and length 40
Passed for start_position 99 and length 42
Passed for start_position 99 and length 44
Passed for start_position 99 and length 46
Passed for start_position 99 and length 48
Passed for start_position 99 and length 50
Passed for start_position 99 and length 52
Passed for start_position 99 and length 54
Passed for start_position 99 and length 56
Passed for start_position 99 and length 58
Passed for start_position 99 and length 60
Passed for start_position 99 and length 62
Passed for start_position 99 and length 64
Passed for start_position 99 and length 66
Passed for start_position 99 and length 68
Passed for start_position 99 and length 70
Passed for start_position 99 and length 72
Passed for start_position 99 and length 74
Passed for start_position 99 and length 76
Passed for start_position 99 and length 78
Passed for start_position 99 and length 80
Passed for start_position 99 and length 82
Passed for start_position 99 and length 84
Passed for start_position 99 and length 86
Passed for start_position 99 and length 88
Passed for start_position 99 and length 90
Passed for start_position 99 and length 92
Passed for start_position 99 and length 94
Passed for start_position 99 and length 96
Passed for start_position 99 and length 98
Passed for start_position 99 and length 100
Passed for start_position 100 and length 2
Passed for start_position 100 and length 4
Passed for start_position 100 and length 6
Passed for start_position 100 and length 8
Passed for start_position 100 and length 10
Passed for start_position 100 and length 12
Passed for start_position 100 and length 14
Passed for start_position 100 and length 16
Passed for start_position 100 and length 18
Passed for start_position 100 and length 20
Passed for start_position 100 and length 22
Passed for start_position 100 and length 24
Passed for start_position 100 and length 26
Passed for start_position 100 and length 28
Passed for start_position 100 and length 30
Passed for start_position 100 and length 32
Passed for start_position 100 and length 34
Passed for start_position 100 and length 36
Passed for start_position 100 and length 38
Passed for start_position 100 and length 40
Passed for start_position 100 and length 42
Passed for start_position 100 and length 44
Passed for start_position 100 and length 46
Passed for start_position 100 and length 48
Passed for start_position 100 and length 50
Passed for start_position 100 and length 52
Passed for start_position 100 and length 54
Passed for start_position 100 and length 56
Passed for start_position 100 and length 58
Passed for start_position 100 and length 60
Passed for start_position 100 and length 62
Passed for start_position 100 and length 64
Passed for start_position 100 and length 66
Passed for start_position 100 and length 68
Passed for start_position 100 and length 70
Passed for start_position 100 and length 72
Passed for start_position 100 and length 74
Passed for start_position 100 and length 76
Passed for start_position 100 and length 78
Passed for start_position 100 and length 80
Passed for start_position 100 and length 82
Passed for start_position 100 and length 84
Passed for start_position 100 and length 86
Passed for start_position 100 and length 88
Passed for start_position 100 and length 90
Passed for start_position 100 and length 92
Passed for start_position 100 and length 94
Passed for start_position 100 and length 96
Passed for start_position 100 and length 98
Passed for start_position 100 and length 100
Passed for start_position 101 and length 2
Passed for start_position 101 and length 4
Passed for start_position 101 and length 6
Passed for start_position 101 and length 8
Passed for start_position 101 and length 10
Passed for start_position 101 and length 12
Passed for start_position 101 and length 14
Passed for start_position 101 and length 16
Passed for start_position 101 and length 18
Passed for start_position 101 and length 20
Passed for start_position 101 and length 22
Passed for start_position 101 and length 24
Passed for start_position 101 and length 26
Passed for start_position 101 and length 28
Passed for start_position 101 and length 30
Passed for start_position 101 and length 32
Passed for start_position 101 and length 34
Passed for start_position 101 and length 36
Passed for start_position 101 and length 38
Passed for start_position 101 and length 40
Passed for start_position 101 and length 42
Passed for start_position 101 and length 44
Passed for start_position 101 and length 46
Passed for start_position 101 and length 48
Passed for start_position 101 and length 50
Passed for start_position 101 and length 52
Passed for start_position 101 and length 54
Passed for start_position 101 and length 56
Passed for start_position 101 and length 58
Passed for start_position 101 and length 60
Passed for start_position 101 and length 62
Passed for start_position 101 and length 64
Passed for start_position 101 and length 66
Passed for start_position 101 and length 68
Passed for start_position 101 and length 70
Passed for start_position 101 and length 72
Passed for start_position 101 and length 74
Passed for start_position 101 and length 76
Passed for start_position 101 and length 78
Passed for start_position 101 and length 80
Passed for start_position 101 and length 82
Passed for start_position 101 and length 84
Passed for start_position 101 and length 86
Passed for start_position 101 and length 88
Passed for start_position 101 and length 90
Passed for start_position 101 and length 92
Passed for start_position 101 and length 94
Passed for start_position 101 and length 96
Passed for start_position 101 and length 98
Passed for start_position 101 and length 100
Passed for start_position 102 and length 2
Passed for start_position 102 and length 4
Passed for start_position 102 and length 6
Passed for start_position 102 and length 8
Passed for start_position 102 and length 10
Passed for start_position 102 and length 12
Passed for start_position 102 and length 14
Passed for start_position 102 and length 16
Passed for start_position 102 and length 18
Passed for start_position 102 and length 20
Passed for start_position 102 and length 22
Passed for start_position 102 and length 24
Passed for start_position 102 and length 26
Passed for start_position 102 and length 28
Passed for start_position 102 and length 30
Passed for start_position 102 and length 32
Passed for start_position 102 and length 34
Passed for start_position 102 and length 36
Passed for start_position 102 and length 38
Passed for start_position 102 and length 40
Passed for start_position 102 and length 42
Passed for start_position 102 and length 44
Passed for start_position 102 and length 46
Passed for start_position 102 and length 48
Passed for start_position 102 and length 50
Passed for start_position 102 and length 52
Passed for start_position 102 and length 54
Passed for start_position 102 and length 56
Passed for start_position 102 and length 58
Passed for start_position 102 and length 60
Passed for start_position 102 and length 62
Passed for start_position 102 and length 64
Passed for start_position 102 and length 66
Passed for start_position 102 and length 68
Passed for start_position 102 and length 70
Passed for start_position 102 and length 72
Passed for start_position 102 and length 74
Passed for start_position 102 and length 76
Passed for start_position 102 and length 78
Passed for start_position 102 and length 80
Passed for start_position 102 and length 82
Passed for start_position 102 and length 84
Passed for start_position 102 and length 86
Passed for start_position 102 and length 88
Passed for start_position 102 and length 90
Passed for start_position 102 and length 92
Passed for start_position 102 and length 94
Passed for start_position 102 and length 96
Passed for start_position 102 and length 98
Passed for start_position 102 and length 100
Passed for start_position 103 and length 2
Passed for start_position 103 and length 4
Passed for start_position 103 and length 6
Passed for start_position 103 and length 8
Passed for start_position 103 and length 10
Passed for start_position 103 and length 12
Passed for start_position 103 and length 14
Passed for start_position 103 and length 16
Passed for start_position 103 and length 18
Passed for start_position 103 and length 20
Passed for start_position 103 and length 22
Passed for start_position 103 and length 24
Passed for start_position 103 and length 26
Passed for start_position 103 and length 28
Passed for start_position 103 and length 30
Passed for start_position 103 and length 32
Passed for start_position 103 and length 34
Passed for start_position 103 and length 36
Passed for start_position 103 and length 38
Passed for start_position 103 and length 40
Passed for start_position 103 and length 42
Passed for start_position 103 and length 44
Passed for start_position 103 and length 46
Passed for start_position 103 and length 48
Passed for start_position 103 and length 50
Passed for start_position 103 and length 52
Passed for start_position 103 and length 54
Passed for start_position 103 and length 56
Passed for start_position 103 and length 58
Passed for start_position 103 and length 60
Passed for start_position 103 and length 62
Passed for start_position 103 and length 64
Passed for start_position 103 and length 66
Passed for start_position 103 and length 68
Passed for start_position 103 and length 70
Passed for start_position 103 and length 72
Passed for start_position 103 and length 74
Passed for start_position 103 and length 76
Passed for start_position 103 and length 78
Passed for start_position 103 and length 80
Passed for start_position 103 and length 82
Passed for start_position 103 and length 84
Passed for start_position 103 and length 86
Passed for start_position 103 and length 88
Passed for start_position 103 and length 90
Passed for start_position 103 and length 92
Passed for start_position 103 and length 94
Passed for start_position 103 and length 96
Passed for start_position 103 and length 98
Passed for start_position 103 and length 100
Passed for start_position 104 and length 2
Passed for start_position 104 and length 4
Passed for start_position 104 and length 6
Passed for start_position 104 and length 8
Passed for start_position 104 and length 10
Error for start_position 104 and length 12: Movement -1 not in dictionary
Passed for start_position 104 and length 14
Error for start_position 104 and length 16: Movement 1 not in dictionary
Passed for start_position 104 and length 18
Passed for start_position 104 and length 20
Passed for start_position 104 and length 22
Passed for start_position 104 and length 24
Error for start_position 104 and length 26: Movement 1 not in dictionary
Passed for start_position 104 and length 28
Passed for start_position 104 and length 30
Passed for start_position 104 and length 32
Passed for start_position 104 and length 34
Error for start_position 104 and length 36: Movement 1 not in dictionary
Passed for start_position 104 and length 38
Error for start_position 104 and length 40: Movement 1 not in dictionary
Error for start_position 104 and length 42: Movement -1 not in dictionary
Error for start_position 104 and length 44: Movement -1 not in dictionary
Error for start_position 104 and length 46: Movement 1 not in dictionary
Passed for start_position 104 and length 48
Passed for start_position 104 and length 50
Error for start_position 104 and length 52: Movement -1 not in dictionary
Passed for start_position 104 and length 54
Passed for start_position 104 and length 56
Passed for start_position 104 and length 58
Passed for start_position 104 and length 60
Passed for start_position 104 and length 62
Error for start_position 104 and length 64: Movement 1 not in dictionary
Passed for start_position 104 and length 66
Passed for start_position 104 and length 68
Error for start_position 104 and length 70: Movement -1 not in dictionary
Error for start_position 104 and length 72: Movement 1 not in dictionary
Error for start_position 104 and length 74: Movement -1 not in dictionary
Passed for start_position 104 and length 76
Error for start_position 104 and length 78: Movement 1 not in dictionary
Error for start_position 104 and length 80: Movement -1 not in dictionary
Passed for start_position 104 and length 82
Error for start_position 104 and length 84: Movement -1 not in dictionary
Passed for start_position 104 and length 86
Passed for start_position 104 and length 88
Error for start_position 104 and length 90: Movement -1 not in dictionary
Error for start_position 104 and length 92: Movement 1 not in dictionary
Passed for start_position 104 and length 94
Error for start_position 104 and length 96: Movement -1 not in dictionary
Passed for start_position 104 and length 98
Error for start_position 104 and length 100: Movement -1 not in dictionary
Passed for start_position 105 and length 2
Passed for start_position 105 and length 4
Passed for start_position 105 and length 6
Passed for start_position 105 and length 8
Passed for start_position 105 and length 10
Passed for start_position 105 and length 12
Passed for start_position 105 and length 14
Passed for start_position 105 and length 16
Passed for start_position 105 and length 18
Passed for start_position 105 and length 20
Passed for start_position 105 and length 22
Passed for start_position 105 and length 24
Passed for start_position 105 and length 26
Passed for start_position 105 and length 28
Passed for start_position 105 and length 30
Passed for start_position 105 and length 32
Passed for start_position 105 and length 34
Passed for start_position 105 and length 36
Passed for start_position 105 and length 38
Passed for start_position 105 and length 40
Passed for start_position 105 and length 42
Passed for start_position 105 and length 44
Passed for start_position 105 and length 46
Passed for start_position 105 and length 48
Passed for start_position 105 and length 50
Passed for start_position 105 and length 52
Passed for start_position 105 and length 54
Passed for start_position 105 and length 56
Passed for start_position 105 and length 58
Passed for start_position 105 and length 60
Passed for start_position 105 and length 62
Passed for start_position 105 and length 64
Passed for start_position 105 and length 66
Passed for start_position 105 and length 68
Passed for start_position 105 and length 70
Passed for start_position 105 and length 72
Passed for start_position 105 and length 74
Passed for start_position 105 and length 76
Passed for start_position 105 and length 78
Passed for start_position 105 and length 80
Passed for start_position 105 and length 82
Passed for start_position 105 and length 84
Passed for start_position 105 and length 86
Passed for start_position 105 and length 88
Passed for start_position 105 and length 90
Passed for start_position 105 and length 92
Passed for start_position 105 and length 94
Passed for start_position 105 and length 96
Passed for start_position 105 and length 98
Passed for start_position 105 and length 100
Passed for start_position 106 and length 2
Passed for start_position 106 and length 4
Passed for start_position 106 and length 6
Passed for start_position 106 and length 8
Passed for start_position 106 and length 10
Passed for start_position 106 and length 12
Passed for start_position 106 and length 14
Passed for start_position 106 and length 16
Passed for start_position 106 and length 18
Passed for start_position 106 and length 20
Passed for start_position 106 and length 22
Passed for start_position 106 and length 24
Passed for start_position 106 and length 26
Passed for start_position 106 and length 28
Passed for start_position 106 and length 30
Passed for start_position 106 and length 32
Passed for start_position 106 and length 34
Passed for start_position 106 and length 36
Passed for start_position 106 and length 38
Passed for start_position 106 and length 40
Passed for start_position 106 and length 42
Passed for start_position 106 and length 44
Passed for start_position 106 and length 46
Passed for start_position 106 and length 48
Passed for start_position 106 and length 50
Passed for start_position 106 and length 52
Passed for start_position 106 and length 54
Passed for start_position 106 and length 56
Passed for start_position 106 and length 58
Passed for start_position 106 and length 60
Passed for start_position 106 and length 62
Passed for start_position 106 and length 64
Passed for start_position 106 and length 66
Passed for start_position 106 and length 68
Passed for start_position 106 and length 70
Passed for start_position 106 and length 72
Passed for start_position 106 and length 74
Passed for start_position 106 and length 76
Passed for start_position 106 and length 78
Passed for start_position 106 and length 80
Passed for start_position 106 and length 82
Passed for start_position 106 and length 84
Passed for start_position 106 and length 86
Passed for start_position 106 and length 88
Passed for start_position 106 and length 90
Passed for start_position 106 and length 92
Passed for start_position 106 and length 94
Passed for start_position 106 and length 96
Passed for start_position 106 and length 98
Passed for start_position 106 and length 100
Passed for start_position 107 and length 2
Passed for start_position 107 and length 4
Passed for start_position 107 and length 6
Passed for start_position 107 and length 8
Passed for start_position 107 and length 10
Passed for start_position 107 and length 12
Passed for start_position 107 and length 14
Passed for start_position 107 and length 16
Passed for start_position 107 and length 18
Passed for start_position 107 and length 20
Passed for start_position 107 and length 22
Passed for start_position 107 and length 24
Passed for start_position 107 and length 26
Passed for start_position 107 and length 28
Passed for start_position 107 and length 30
Passed for start_position 107 and length 32
Passed for start_position 107 and length 34
Passed for start_position 107 and length 36
Passed for start_position 107 and length 38
Passed for start_position 107 and length 40
Passed for start_position 107 and length 42
Passed for start_position 107 and length 44
Passed for start_position 107 and length 46
Passed for start_position 107 and length 48
Passed for start_position 107 and length 50
Passed for start_position 107 and length 52
Passed for start_position 107 and length 54
Passed for start_position 107 and length 56
Passed for start_position 107 and length 58
Passed for start_position 107 and length 60
Passed for start_position 107 and length 62
Passed for start_position 107 and length 64
Passed for start_position 107 and length 66
Passed for start_position 107 and length 68
Passed for start_position 107 and length 70
Passed for start_position 107 and length 72
Passed for start_position 107 and length 74
Passed for start_position 107 and length 76
Passed for start_position 107 and length 78
Passed for start_position 107 and length 80
Passed for start_position 107 and length 82
Passed for start_position 107 and length 84
Passed for start_position 107 and length 86
Passed for start_position 107 and length 88
Passed for start_position 107 and length 90
Passed for start_position 107 and length 92
Passed for start_position 107 and length 94
Passed for start_position 107 and length 96
Passed for start_position 107 and length 98
Passed for start_position 107 and length 100
Passed for start_position 108 and length 2
Passed for start_position 108 and length 4
Passed for start_position 108 and length 6
Passed for start_position 108 and length 8
Passed for start_position 108 and length 10
Passed for start_position 108 and length 12
Passed for start_position 108 and length 14
Passed for start_position 108 and length 16
Passed for start_position 108 and length 18
Passed for start_position 108 and length 20
Passed for start_position 108 and length 22
Passed for start_position 108 and length 24
Passed for start_position 108 and length 26
Passed for start_position 108 and length 28
Passed for start_position 108 and length 30
Passed for start_position 108 and length 32
Passed for start_position 108 and length 34
Passed for start_position 108 and length 36
Passed for start_position 108 and length 38
Passed for start_position 108 and length 40
Passed for start_position 108 and length 42
Passed for start_position 108 and length 44
Passed for start_position 108 and length 46
Passed for start_position 108 and length 48
Passed for start_position 108 and length 50
Passed for start_position 108 and length 52
Passed for start_position 108 and length 54
Passed for start_position 108 and length 56
Passed for start_position 108 and length 58
Passed for start_position 108 and length 60
Passed for start_position 108 and length 62
Passed for start_position 108 and length 64
Passed for start_position 108 and length 66
Passed for start_position 108 and length 68
Passed for start_position 108 and length 70
Passed for start_position 108 and length 72
Passed for start_position 108 and length 74
Passed for start_position 108 and length 76
Passed for start_position 108 and length 78
Passed for start_position 108 and length 80
Passed for start_position 108 and length 82
Passed for start_position 108 and length 84
Passed for start_position 108 and length 86
Passed for start_position 108 and length 88
Passed for start_position 108 and length 90
Passed for start_position 108 and length 92
Passed for start_position 108 and length 94
Passed for start_position 108 and length 96
Passed for start_position 108 and length 98
Passed for start_position 108 and length 100
Passed for start_position 109 and length 2
Passed for start_position 109 and length 4
Passed for start_position 109 and length 6
Passed for start_position 109 and length 8
Passed for start_position 109 and length 10
Passed for start_position 109 and length 12
Passed for start_position 109 and length 14
Passed for start_position 109 and length 16
Passed for start_position 109 and length 18
Passed for start_position 109 and length 20
Passed for start_position 109 and length 22
Passed for start_position 109 and length 24
Passed for start_position 109 and length 26
Passed for start_position 109 and length 28
Passed for start_position 109 and length 30
Passed for start_position 109 and length 32
Passed for start_position 109 and length 34
Passed for start_position 109 and length 36
Passed for start_position 109 and length 38
Passed for start_position 109 and length 40
Passed for start_position 109 and length 42
Passed for start_position 109 and length 44
Passed for start_position 109 and length 46
Passed for start_position 109 and length 48
Passed for start_position 109 and length 50
Passed for start_position 109 and length 52
Passed for start_position 109 and length 54
Passed for start_position 109 and length 56
Passed for start_position 109 and length 58
Passed for start_position 109 and length 60
Passed for start_position 109 and length 62
Passed for start_position 109 and length 64
Passed for start_position 109 and length 66
Passed for start_position 109 and length 68
Passed for start_position 109 and length 70
Passed for start_position 109 and length 72
Passed for start_position 109 and length 74
Passed for start_position 109 and length 76
Passed for start_position 109 and length 78
Passed for start_position 109 and length 80
Passed for start_position 109 and length 82
Passed for start_position 109 and length 84
Passed for start_position 109 and length 86
Passed for start_position 109 and length 88
Passed for start_position 109 and length 90
Passed for start_position 109 and length 92
Passed for start_position 109 and length 94
Passed for start_position 109 and length 96
Passed for start_position 109 and length 98
Passed for start_position 109 and length 100
Passed for start_position 110 and length 2
Passed for start_position 110 and length 4
Passed for start_position 110 and length 6
Passed for start_position 110 and length 8
Passed for start_position 110 and length 10
Passed for start_position 110 and length 12
Passed for start_position 110 and length 14
Passed for start_position 110 and length 16
Passed for start_position 110 and length 18
Passed for start_position 110 and length 20
Passed for start_position 110 and length 22
Passed for start_position 110 and length 24
Passed for start_position 110 and length 26
Passed for start_position 110 and length 28
Passed for start_position 110 and length 30
Passed for start_position 110 and length 32
Passed for start_position 110 and length 34
Passed for start_position 110 and length 36
Passed for start_position 110 and length 38
Passed for start_position 110 and length 40
Passed for start_position 110 and length 42
Passed for start_position 110 and length 44
Passed for start_position 110 and length 46
Passed for start_position 110 and length 48
Passed for start_position 110 and length 50
Passed for start_position 110 and length 52
Passed for start_position 110 and length 54
Passed for start_position 110 and length 56
Passed for start_position 110 and length 58
Passed for start_position 110 and length 60
Passed for start_position 110 and length 62
Passed for start_position 110 and length 64
Passed for start_position 110 and length 66
Passed for start_position 110 and length 68
Passed for start_position 110 and length 70
Passed for start_position 110 and length 72
Passed for start_position 110 and length 74
Passed for start_position 110 and length 76
Passed for start_position 110 and length 78
Passed for start_position 110 and length 80
Passed for start_position 110 and length 82
Passed for start_position 110 and length 84
Passed for start_position 110 and length 86
Passed for start_position 110 and length 88
Passed for start_position 110 and length 90
Passed for start_position 110 and length 92
Passed for start_position 110 and length 94
Passed for start_position 110 and length 96
Passed for start_position 110 and length 98
Passed for start_position 110 and length 100
Passed for start_position 111 and length 2
Passed for start_position 111 and length 4
Passed for start_position 111 and length 6
Passed for start_position 111 and length 8
Passed for start_position 111 and length 10
Passed for start_position 111 and length 12
Passed for start_position 111 and length 14
Passed for start_position 111 and length 16
Passed for start_position 111 and length 18
Passed for start_position 111 and length 20
Passed for start_position 111 and length 22
Passed for start_position 111 and length 24
Passed for start_position 111 and length 26
Passed for start_position 111 and length 28
Passed for start_position 111 and length 30
Passed for start_position 111 and length 32
Passed for start_position 111 and length 34
Passed for start_position 111 and length 36
Passed for start_position 111 and length 38
Passed for start_position 111 and length 40
Passed for start_position 111 and length 42
Passed for start_position 111 and length 44
Passed for start_position 111 and length 46
Passed for start_position 111 and length 48
Passed for start_position 111 and length 50
Passed for start_position 111 and length 52
Passed for start_position 111 and length 54
Passed for start_position 111 and length 56
Passed for start_position 111 and length 58
Passed for start_position 111 and length 60
Passed for start_position 111 and length 62
Passed for start_position 111 and length 64
Passed for start_position 111 and length 66
Passed for start_position 111 and length 68
Passed for start_position 111 and length 70
Passed for start_position 111 and length 72
Passed for start_position 111 and length 74
Passed for start_position 111 and length 76
Passed for start_position 111 and length 78
Passed for start_position 111 and length 80
Passed for start_position 111 and length 82
Passed for start_position 111 and length 84
Passed for start_position 111 and length 86
Passed for start_position 111 and length 88
Passed for start_position 111 and length 90
Passed for start_position 111 and length 92
Passed for start_position 111 and length 94
Passed for start_position 111 and length 96
Passed for start_position 111 and length 98
Passed for start_position 111 and length 100
Passed for start_position 112 and length 2
Passed for start_position 112 and length 4
Passed for start_position 112 and length 6
Passed for start_position 112 and length 8
Passed for start_position 112 and length 10
Passed for start_position 112 and length 12
Passed for start_position 112 and length 14
Passed for start_position 112 and length 16
Passed for start_position 112 and length 18
Passed for start_position 112 and length 20
Passed for start_position 112 and length 22
Passed for start_position 112 and length 24
Passed for start_position 112 and length 26
Passed for start_position 112 and length 28
Passed for start_position 112 and length 30
Passed for start_position 112 and length 32
Passed for start_position 112 and length 34
Passed for start_position 112 and length 36
Passed for start_position 112 and length 38
Passed for start_position 112 and length 40
Passed for start_position 112 and length 42
Passed for start_position 112 and length 44
Passed for start_position 112 and length 46
Passed for start_position 112 and length 48
Passed for start_position 112 and length 50
Passed for start_position 112 and length 52
Passed for start_position 112 and length 54
Passed for start_position 112 and length 56
Passed for start_position 112 and length 58
Passed for start_position 112 and length 60
Passed for start_position 112 and length 62
Passed for start_position 112 and length 64
Passed for start_position 112 and length 66
Passed for start_position 112 and length 68
Passed for start_position 112 and length 70
Passed for start_position 112 and length 72
Passed for start_position 112 and length 74
Passed for start_position 112 and length 76
Passed for start_position 112 and length 78
Passed for start_position 112 and length 80
Passed for start_position 112 and length 82
Passed for start_position 112 and length 84
Passed for start_position 112 and length 86
Passed for start_position 112 and length 88
Passed for start_position 112 and length 90
Passed for start_position 112 and length 92
Passed for start_position 112 and length 94
Passed for start_position 112 and length 96
Passed for start_position 112 and length 98
Passed for start_position 112 and length 100
Passed for start_position 113 and length 2
Passed for start_position 113 and length 4
Passed for start_position 113 and length 6
Passed for start_position 113 and length 8
Passed for start_position 113 and length 10
Passed for start_position 113 and length 12
Passed for start_position 113 and length 14
Passed for start_position 113 and length 16
Passed for start_position 113 and length 18
Passed for start_position 113 and length 20
Passed for start_position 113 and length 22
Passed for start_position 113 and length 24
Passed for start_position 113 and length 26
Passed for start_position 113 and length 28
Passed for start_position 113 and length 30
Passed for start_position 113 and length 32
Passed for start_position 113 and length 34
Passed for start_position 113 and length 36
Passed for start_position 113 and length 38
Passed for start_position 113 and length 40
Passed for start_position 113 and length 42
Passed for start_position 113 and length 44
Passed for start_position 113 and length 46
Passed for start_position 113 and length 48
Passed for start_position 113 and length 50
Passed for start_position 113 and length 52
Passed for start_position 113 and length 54
Passed for start_position 113 and length 56
Passed for start_position 113 and length 58
Passed for start_position 113 and length 60
Passed for start_position 113 and length 62
Passed for start_position 113 and length 64
Passed for start_position 113 and length 66
Passed for start_position 113 and length 68
Passed for start_position 113 and length 70
Passed for start_position 113 and length 72
Passed for start_position 113 and length 74
Passed for start_position 113 and length 76
Passed for start_position 113 and length 78
Passed for start_position 113 and length 80
Passed for start_position 113 and length 82
Passed for start_position 113 and length 84
Passed for start_position 113 and length 86
Passed for start_position 113 and length 88
Passed for start_position 113 and length 90
Passed for start_position 113 and length 92
Passed for start_position 113 and length 94
Passed for start_position 113 and length 96
Passed for start_position 113 and length 98
Passed for start_position 113 and length 100
Passed for start_position 114 and length 2
Passed for start_position 114 and length 4
Passed for start_position 114 and length 6
Passed for start_position 114 and length 8
Passed for start_position 114 and length 10
Passed for start_position 114 and length 12
Passed for start_position 114 and length 14
Passed for start_position 114 and length 16
Passed for start_position 114 and length 18
Passed for start_position 114 and length 20
Passed for start_position 114 and length 22
Passed for start_position 114 and length 24
Passed for start_position 114 and length 26
Passed for start_position 114 and length 28
Passed for start_position 114 and length 30
Passed for start_position 114 and length 32
Passed for start_position 114 and length 34
Passed for start_position 114 and length 36
Passed for start_position 114 and length 38
Passed for start_position 114 and length 40
Passed for start_position 114 and length 42
Passed for start_position 114 and length 44
Passed for start_position 114 and length 46
Passed for start_position 114 and length 48
Passed for start_position 114 and length 50
Passed for start_position 114 and length 52
Passed for start_position 114 and length 54
Passed for start_position 114 and length 56
Passed for start_position 114 and length 58
Passed for start_position 114 and length 60
Passed for start_position 114 and length 62
Passed for start_position 114 and length 64
Passed for start_position 114 and length 66
Passed for start_position 114 and length 68
Passed for start_position 114 and length 70
Passed for start_position 114 and length 72
Passed for start_position 114 and length 74
Passed for start_position 114 and length 76
Passed for start_position 114 and length 78
Passed for start_position 114 and length 80
Passed for start_position 114 and length 82
Passed for start_position 114 and length 84
Passed for start_position 114 and length 86
Passed for start_position 114 and length 88
Passed for start_position 114 and length 90
Passed for start_position 114 and length 92
Passed for start_position 114 and length 94
Passed for start_position 114 and length 96
Passed for start_position 114 and length 98
Passed for start_position 114 and length 100
Error for start_position 115 and length 2: Movement 1 not in dictionary
Error for start_position 115 and length 4: Movement -1 not in dictionary
Passed for start_position 115 and length 6
Passed for start_position 115 and length 8
Error for start_position 115 and length 10: Movement 1 not in dictionary
Passed for start_position 115 and length 12
Passed for start_position 115 and length 14
Error for start_position 115 and length 16: Movement -1 not in dictionary
Error for start_position 115 and length 18: Movement 1 not in dictionary
Passed for start_position 115 and length 20
Passed for start_position 115 and length 22
Passed for start_position 115 and length 24
Error for start_position 115 and length 26: Movement 1 not in dictionary
Error for start_position 115 and length 28: Movement -1 not in dictionary
Passed for start_position 115 and length 30
Error for start_position 115 and length 32: Movement 1 not in dictionary
Error for start_position 115 and length 34: Movement -1 not in dictionary
Passed for start_position 115 and length 36
Passed for start_position 115 and length 38
Error for start_position 115 and length 40: Movement 1 not in dictionary
Passed for start_position 115 and length 42
Error for start_position 115 and length 44: Movement -1 not in dictionary
Passed for start_position 115 and length 46
Passed for start_position 115 and length 48
Error for start_position 115 and length 50: Movement -1 not in dictionary
Passed for start_position 115 and length 52
Passed for start_position 115 and length 54
Passed for start_position 115 and length 56
Error for start_position 115 and length 58: Movement -1 not in dictionary
Passed for start_position 115 and length 60
Error for start_position 115 and length 62: Movement 1 not in dictionary
Error for start_position 115 and length 64: Movement -1 not in dictionary
Error for start_position 115 and length 66: Movement 1 not in dictionary
Error for start_position 115 and length 68: Movement 1 not in dictionary
Passed for start_position 115 and length 70
Passed for start_position 115 and length 72
Error for start_position 115 and length 74: Movement -1 not in dictionary
Passed for start_position 115 and length 76
Passed for start_position 115 and length 78
Passed for start_position 115 and length 80
Passed for start_position 115 and length 82
Passed for start_position 115 and length 84
Passed for start_position 115 and length 86
Passed for start_position 115 and length 88
Passed for start_position 115 and length 90
Error for start_position 115 and length 92: Movement 1 not in dictionary
Error for start_position 115 and length 94: Movement 1 not in dictionary
Passed for start_position 115 and length 96
Passed for start_position 115 and length 98
Passed for start_position 115 and length 100
Passed for start_position 116 and length 2
Passed for start_position 116 and length 4
Passed for start_position 116 and length 6
Passed for start_position 116 and length 8
Passed for start_position 116 and length 10
Passed for start_position 116 and length 12
Passed for start_position 116 and length 14
Passed for start_position 116 and length 16
Passed for start_position 116 and length 18
Passed for start_position 116 and length 20
Passed for start_position 116 and length 22
Passed for start_position 116 and length 24
Passed for start_position 116 and length 26
Passed for start_position 116 and length 28
Passed for start_position 116 and length 30
Passed for start_position 116 and length 32
Passed for start_position 116 and length 34
Passed for start_position 116 and length 36
Passed for start_position 116 and length 38
Passed for start_position 116 and length 40
Passed for start_position 116 and length 42
Passed for start_position 116 and length 44
Passed for start_position 116 and length 46
Passed for start_position 116 and length 48
Passed for start_position 116 and length 50
Passed for start_position 116 and length 52
Passed for start_position 116 and length 54
Passed for start_position 116 and length 56
Passed for start_position 116 and length 58
Passed for start_position 116 and length 60
Passed for start_position 116 and length 62
Passed for start_position 116 and length 64
Passed for start_position 116 and length 66
Passed for start_position 116 and length 68
Passed for start_position 116 and length 70
Passed for start_position 116 and length 72
Passed for start_position 116 and length 74
Passed for start_position 116 and length 76
Passed for start_position 116 and length 78
Passed for start_position 116 and length 80
Passed for start_position 116 and length 82
Passed for start_position 116 and length 84
Passed for start_position 116 and length 86
Passed for start_position 116 and length 88
Passed for start_position 116 and length 90
Passed for start_position 116 and length 92
Passed for start_position 116 and length 94
Passed for start_position 116 and length 96
Passed for start_position 116 and length 98
Passed for start_position 116 and length 100
Passed for start_position 117 and length 2
Passed for start_position 117 and length 4
Passed for start_position 117 and length 6
Passed for start_position 117 and length 8
Passed for start_position 117 and length 10
Passed for start_position 117 and length 12
Passed for start_position 117 and length 14
Passed for start_position 117 and length 16
Passed for start_position 117 and length 18
Passed for start_position 117 and length 20
Passed for start_position 117 and length 22
Passed for start_position 117 and length 24
Passed for start_position 117 and length 26
Passed for start_position 117 and length 28
Passed for start_position 117 and length 30
Passed for start_position 117 and length 32
Passed for start_position 117 and length 34
Passed for start_position 117 and length 36
Passed for start_position 117 and length 38
Passed for start_position 117 and length 40
Passed for start_position 117 and length 42
Passed for start_position 117 and length 44
Passed for start_position 117 and length 46
Passed for start_position 117 and length 48
Passed for start_position 117 and length 50
Passed for start_position 117 and length 52
Passed for start_position 117 and length 54
Passed for start_position 117 and length 56
Passed for start_position 117 and length 58
Passed for start_position 117 and length 60
Passed for start_position 117 and length 62
Passed for start_position 117 and length 64
Passed for start_position 117 and length 66
Passed for start_position 117 and length 68
Passed for start_position 117 and length 70
Passed for start_position 117 and length 72
Passed for start_position 117 and length 74
Passed for start_position 117 and length 76
Passed for start_position 117 and length 78
Passed for start_position 117 and length 80
Passed for start_position 117 and length 82
Passed for start_position 117 and length 84
Passed for start_position 117 and length 86
Passed for start_position 117 and length 88
Passed for start_position 117 and length 90
Passed for start_position 117 and length 92
Passed for start_position 117 and length 94
Passed for start_position 117 and length 96
Passed for start_position 117 and length 98
Passed for start_position 117 and length 100
Passed for start_position 118 and length 2
Passed for start_position 118 and length 4
Passed for start_position 118 and length 6
Passed for start_position 118 and length 8
Passed for start_position 118 and length 10
Passed for start_position 118 and length 12
Passed for start_position 118 and length 14
Passed for start_position 118 and length 16
Passed for start_position 118 and length 18
Passed for start_position 118 and length 20
Passed for start_position 118 and length 22
Passed for start_position 118 and length 24
Passed for start_position 118 and length 26
Passed for start_position 118 and length 28
Passed for start_position 118 and length 30
Passed for start_position 118 and length 32
Passed for start_position 118 and length 34
Passed for start_position 118 and length 36
Passed for start_position 118 and length 38
Passed for start_position 118 and length 40
Passed for start_position 118 and length 42
Passed for start_position 118 and length 44
Passed for start_position 118 and length 46
Passed for start_position 118 and length 48
Passed for start_position 118 and length 50
Passed for start_position 118 and length 52
Passed for start_position 118 and length 54
Passed for start_position 118 and length 56
Passed for start_position 118 and length 58
Passed for start_position 118 and length 60
Passed for start_position 118 and length 62
Passed for start_position 118 and length 64
Passed for start_position 118 and length 66
Passed for start_position 118 and length 68
Passed for start_position 118 and length 70
Passed for start_position 118 and length 72
Passed for start_position 118 and length 74
Passed for start_position 118 and length 76
Passed for start_position 118 and length 78
Passed for start_position 118 and length 80
Passed for start_position 118 and length 82
Passed for start_position 118 and length 84
Passed for start_position 118 and length 86
Passed for start_position 118 and length 88
Passed for start_position 118 and length 90
Passed for start_position 118 and length 92
Passed for start_position 118 and length 94
Passed for start_position 118 and length 96
Passed for start_position 118 and length 98
Passed for start_position 118 and length 100
Passed for start_position 119 and length 2
Passed for start_position 119 and length 4
Passed for start_position 119 and length 6
Passed for start_position 119 and length 8
Passed for start_position 119 and length 10
Passed for start_position 119 and length 12
Passed for start_position 119 and length 14
Passed for start_position 119 and length 16
Passed for start_position 119 and length 18
Passed for start_position 119 and length 20
Passed for start_position 119 and length 22
Passed for start_position 119 and length 24
Passed for start_position 119 and length 26
Passed for start_position 119 and length 28
Passed for start_position 119 and length 30
Passed for start_position 119 and length 32
Passed for start_position 119 and length 34
Passed for start_position 119 and length 36
Passed for start_position 119 and length 38
Passed for start_position 119 and length 40
Passed for start_position 119 and length 42
Passed for start_position 119 and length 44
Passed for start_position 119 and length 46
Passed for start_position 119 and length 48
Passed for start_position 119 and length 50
Passed for start_position 119 and length 52
Passed for start_position 119 and length 54
Passed for start_position 119 and length 56
Passed for start_position 119 and length 58
Passed for start_position 119 and length 60
Passed for start_position 119 and length 62
Passed for start_position 119 and length 64
Passed for start_position 119 and length 66
Passed for start_position 119 and length 68
Passed for start_position 119 and length 70
Passed for start_position 119 and length 72
Passed for start_position 119 and length 74
Passed for start_position 119 and length 76
Passed for start_position 119 and length 78
Passed for start_position 119 and length 80
Passed for start_position 119 and length 82
Passed for start_position 119 and length 84
Passed for start_position 119 and length 86
Passed for start_position 119 and length 88
Passed for start_position 119 and length 90
Passed for start_position 119 and length 92
Passed for start_position 119 and length 94
Passed for start_position 119 and length 96
Passed for start_position 119 and length 98
Passed for start_position 119 and length 100
Passed for start_position 120 and length 2
Passed for start_position 120 and length 4
Passed for start_position 120 and length 6
Passed for start_position 120 and length 8
Passed for start_position 120 and length 10
Passed for start_position 120 and length 12
Passed for start_position 120 and length 14
Passed for start_position 120 and length 16
Passed for start_position 120 and length 18
Passed for start_position 120 and length 20
Passed for start_position 120 and length 22
Passed for start_position 120 and length 24
Passed for start_position 120 and length 26
Passed for start_position 120 and length 28
Passed for start_position 120 and length 30
Passed for start_position 120 and length 32
Passed for start_position 120 and length 34
Passed for start_position 120 and length 36
Passed for start_position 120 and length 38
Passed for start_position 120 and length 40
Passed for start_position 120 and length 42
Passed for start_position 120 and length 44
Passed for start_position 120 and length 46
Passed for start_position 120 and length 48
Passed for start_position 120 and length 50
Passed for start_position 120 and length 52
Passed for start_position 120 and length 54
Passed for start_position 120 and length 56
Passed for start_position 120 and length 58
Passed for start_position 120 and length 60
Passed for start_position 120 and length 62
Passed for start_position 120 and length 64
Passed for start_position 120 and length 66
Passed for start_position 120 and length 68
Passed for start_position 120 and length 70
Passed for start_position 120 and length 72
Passed for start_position 120 and length 74
Passed for start_position 120 and length 76
Passed for start_position 120 and length 78
Passed for start_position 120 and length 80
Passed for start_position 120 and length 82
Passed for start_position 120 and length 84
Passed for start_position 120 and length 86
Passed for start_position 120 and length 88
Passed for start_position 120 and length 90
Passed for start_position 120 and length 92
Passed for start_position 120 and length 94
Passed for start_position 120 and length 96
Passed for start_position 120 and length 98
Passed for start_position 120 and length 100
Passed for start_position 121 and length 2
Passed for start_position 121 and length 4
Passed for start_position 121 and length 6
Passed for start_position 121 and length 8
Passed for start_position 121 and length 10
Passed for start_position 121 and length 12
Passed for start_position 121 and length 14
Passed for start_position 121 and length 16
Passed for start_position 121 and length 18
Passed for start_position 121 and length 20
Passed for start_position 121 and length 22
Passed for start_position 121 and length 24
Passed for start_position 121 and length 26
Passed for start_position 121 and length 28
Passed for start_position 121 and length 30
Passed for start_position 121 and length 32
Passed for start_position 121 and length 34
Passed for start_position 121 and length 36
Passed for start_position 121 and length 38
Passed for start_position 121 and length 40
Passed for start_position 121 and length 42
Passed for start_position 121 and length 44
Passed for start_position 121 and length 46
Passed for start_position 121 and length 48
Passed for start_position 121 and length 50
Passed for start_position 121 and length 52
Passed for start_position 121 and length 54
Passed for start_position 121 and length 56
Passed for start_position 121 and length 58
Passed for start_position 121 and length 60
Passed for start_position 121 and length 62
Passed for start_position 121 and length 64
Passed for start_position 121 and length 66
Passed for start_position 121 and length 68
Passed for start_position 121 and length 70
Passed for start_position 121 and length 72
Passed for start_position 121 and length 74
Passed for start_position 121 and length 76
Passed for start_position 121 and length 78
Passed for start_position 121 and length 80
Passed for start_position 121 and length 82
Passed for start_position 121 and length 84
Passed for start_position 121 and length 86
Passed for start_position 121 and length 88
Passed for start_position 121 and length 90
Passed for start_position 121 and length 92
Passed for start_position 121 and length 94
Passed for start_position 121 and length 96
Passed for start_position 121 and length 98
Passed for start_position 121 and length 100
Passed for start_position 122 and length 2
Passed for start_position 122 and length 4
Passed for start_position 122 and length 6
Passed for start_position 122 and length 8
Passed for start_position 122 and length 10
Passed for start_position 122 and length 12
Passed for start_position 122 and length 14
Passed for start_position 122 and length 16
Passed for start_position 122 and length 18
Passed for start_position 122 and length 20
Passed for start_position 122 and length 22
Passed for start_position 122 and length 24
Passed for start_position 122 and length 26
Passed for start_position 122 and length 28
Passed for start_position 122 and length 30
Passed for start_position 122 and length 32
Passed for start_position 122 and length 34
Passed for start_position 122 and length 36
Passed for start_position 122 and length 38
Passed for start_position 122 and length 40
Passed for start_position 122 and length 42
Passed for start_position 122 and length 44
Passed for start_position 122 and length 46
Passed for start_position 122 and length 48
Passed for start_position 122 and length 50
Passed for start_position 122 and length 52
Passed for start_position 122 and length 54
Passed for start_position 122 and length 56
Passed for start_position 122 and length 58
Passed for start_position 122 and length 60
Passed for start_position 122 and length 62
Passed for start_position 122 and length 64
Passed for start_position 122 and length 66
Passed for start_position 122 and length 68
Passed for start_position 122 and length 70
Passed for start_position 122 and length 72
Passed for start_position 122 and length 74
Passed for start_position 122 and length 76
Passed for start_position 122 and length 78
Passed for start_position 122 and length 80
Passed for start_position 122 and length 82
Passed for start_position 122 and length 84
Passed for start_position 122 and length 86
Passed for start_position 122 and length 88
Passed for start_position 122 and length 90
Passed for start_position 122 and length 92
Passed for start_position 122 and length 94
Passed for start_position 122 and length 96
Passed for start_position 122 and length 98
Passed for start_position 122 and length 100
Passed for start_position 123 and length 2
Passed for start_position 123 and length 4
Passed for start_position 123 and length 6
Passed for start_position 123 and length 8
Passed for start_position 123 and length 10
Passed for start_position 123 and length 12
Passed for start_position 123 and length 14
Passed for start_position 123 and length 16
Passed for start_position 123 and length 18
Passed for start_position 123 and length 20
Passed for start_position 123 and length 22
Passed for start_position 123 and length 24
Passed for start_position 123 and length 26
Passed for start_position 123 and length 28
Passed for start_position 123 and length 30
Passed for start_position 123 and length 32
Passed for start_position 123 and length 34
Passed for start_position 123 and length 36
Passed for start_position 123 and length 38
Passed for start_position 123 and length 40
Passed for start_position 123 and length 42
Passed for start_position 123 and length 44
Passed for start_position 123 and length 46
Passed for start_position 123 and length 48
Passed for start_position 123 and length 50
Passed for start_position 123 and length 52
Passed for start_position 123 and length 54
Passed for start_position 123 and length 56
Passed for start_position 123 and length 58
Passed for start_position 123 and length 60
Passed for start_position 123 and length 62
Passed for start_position 123 and length 64
Passed for start_position 123 and length 66
Passed for start_position 123 and length 68
Passed for start_position 123 and length 70
Passed for start_position 123 and length 72
Passed for start_position 123 and length 74
Passed for start_position 123 and length 76
Passed for start_position 123 and length 78
Passed for start_position 123 and length 80
Passed for start_position 123 and length 82
Passed for start_position 123 and length 84
Passed for start_position 123 and length 86
Passed for start_position 123 and length 88
Passed for start_position 123 and length 90
Passed for start_position 123 and length 92
Passed for start_position 123 and length 94
Passed for start_position 123 and length 96
Passed for start_position 123 and length 98
Passed for start_position 123 and length 100
Passed for start_position 124 and length 2
Passed for start_position 124 and length 4
Passed for start_position 124 and length 6
Passed for start_position 124 and length 8
Passed for start_position 124 and length 10
Passed for start_position 124 and length 12
Passed for start_position 124 and length 14
Passed for start_position 124 and length 16
Passed for start_position 124 and length 18
Passed for start_position 124 and length 20
Passed for start_position 124 and length 22
Passed for start_position 124 and length 24
Passed for start_position 124 and length 26
Passed for start_position 124 and length 28
Passed for start_position 124 and length 30
Passed for start_position 124 and length 32
Passed for start_position 124 and length 34
Passed for start_position 124 and length 36
Passed for start_position 124 and length 38
Passed for start_position 124 and length 40
Passed for start_position 124 and length 42
Passed for start_position 124 and length 44
Passed for start_position 124 and length 46
Passed for start_position 124 and length 48
Passed for start_position 124 and length 50
Passed for start_position 124 and length 52
Passed for start_position 124 and length 54
Passed for start_position 124 and length 56
Passed for start_position 124 and length 58
Passed for start_position 124 and length 60
Passed for start_position 124 and length 62
Passed for start_position 124 and length 64
Passed for start_position 124 and length 66
Passed for start_position 124 and length 68
Passed for start_position 124 and length 70
Passed for start_position 124 and length 72
Passed for start_position 124 and length 74
Passed for start_position 124 and length 76
Passed for start_position 124 and length 78
Passed for start_position 124 and length 80
Passed for start_position 124 and length 82
Passed for start_position 124 and length 84
Passed for start_position 124 and length 86
Passed for start_position 124 and length 88
Passed for start_position 124 and length 90
Passed for start_position 124 and length 92
Passed for start_position 124 and length 94
Passed for start_position 124 and length 96
Passed for start_position 124 and length 98
Passed for start_position 124 and length 100
Passed for start_position 125 and length 2
Passed for start_position 125 and length 4
Passed for start_position 125 and length 6
Passed for start_position 125 and length 8
Passed for start_position 125 and length 10
Passed for start_position 125 and length 12
Passed for start_position 125 and length 14
Passed for start_position 125 and length 16
Passed for start_position 125 and length 18
Passed for start_position 125 and length 20
Passed for start_position 125 and length 22
Passed for start_position 125 and length 24
Passed for start_position 125 and length 26
Passed for start_position 125 and length 28
Passed for start_position 125 and length 30
Passed for start_position 125 and length 32
Passed for start_position 125 and length 34
Passed for start_position 125 and length 36
Passed for start_position 125 and length 38
Passed for start_position 125 and length 40
Passed for start_position 125 and length 42
Passed for start_position 125 and length 44
Passed for start_position 125 and length 46
Passed for start_position 125 and length 48
Passed for start_position 125 and length 50
Passed for start_position 125 and length 52
Passed for start_position 125 and length 54
Passed for start_position 125 and length 56
Passed for start_position 125 and length 58
Passed for start_position 125 and length 60
Passed for start_position 125 and length 62
Passed for start_position 125 and length 64
Passed for start_position 125 and length 66
Passed for start_position 125 and length 68
Passed for start_position 125 and length 70
Passed for start_position 125 and length 72
Passed for start_position 125 and length 74
Passed for start_position 125 and length 76
Passed for start_position 125 and length 78
Passed for start_position 125 and length 80
Passed for start_position 125 and length 82
Passed for start_position 125 and length 84
Passed for start_position 125 and length 86
Passed for start_position 125 and length 88
Passed for start_position 125 and length 90
Passed for start_position 125 and length 92
Passed for start_position 125 and length 94
Passed for start_position 125 and length 96
Passed for start_position 125 and length 98
Passed for start_position 125 and length 100
Passed for start_position 126 and length 2
Passed for start_position 126 and length 4
Passed for start_position 126 and length 6
Passed for start_position 126 and length 8
Passed for start_position 126 and length 10
Passed for start_position 126 and length 12
Passed for start_position 126 and length 14
Passed for start_position 126 and length 16
Passed for start_position 126 and length 18
Passed for start_position 126 and length 20
Passed for start_position 126 and length 22
Passed for start_position 126 and length 24
Passed for start_position 126 and length 26
Passed for start_position 126 and length 28
Passed for start_position 126 and length 30
Passed for start_position 126 and length 32
Passed for start_position 126 and length 34
Passed for start_position 126 and length 36
Passed for start_position 126 and length 38
Passed for start_position 126 and length 40
Passed for start_position 126 and length 42
Passed for start_position 126 and length 44
Passed for start_position 126 and length 46
Passed for start_position 126 and length 48
Passed for start_position 126 and length 50
Passed for start_position 126 and length 52
Passed for start_position 126 and length 54
Passed for start_position 126 and length 56
Passed for start_position 126 and length 58
Passed for start_position 126 and length 60
Passed for start_position 126 and length 62
Passed for start_position 126 and length 64
Passed for start_position 126 and length 66
Passed for start_position 126 and length 68
Passed for start_position 126 and length 70
Passed for start_position 126 and length 72
Passed for start_position 126 and length 74
Passed for start_position 126 and length 76
Passed for start_position 126 and length 78
Passed for start_position 126 and length 80
Passed for start_position 126 and length 82
Passed for start_position 126 and length 84
Passed for start_position 126 and length 86
Passed for start_position 126 and length 88
Passed for start_position 126 and length 90
Passed for start_position 126 and length 92
Passed for start_position 126 and length 94
Passed for start_position 126 and length 96
Passed for start_position 126 and length 98
Passed for start_position 126 and length 100
Passed for start_position 127 and length 2
Passed for start_position 127 and length 4
Passed for start_position 127 and length 6
Passed for start_position 127 and length 8
Passed for start_position 127 and length 10
Passed for start_position 127 and length 12
Passed for start_position 127 and length 14
Passed for start_position 127 and length 16
Passed for start_position 127 and length 18
Passed for start_position 127 and length 20
Passed for start_position 127 and length 22
Passed for start_position 127 and length 24
Passed for start_position 127 and length 26
Passed for start_position 127 and length 28
Passed for start_position 127 and length 30
Passed for start_position 127 and length 32
Passed for start_position 127 and length 34
Passed for start_position 127 and length 36
Passed for start_position 127 and length 38
Passed for start_position 127 and length 40
Passed for start_position 127 and length 42
Passed for start_position 127 and length 44
Passed for start_position 127 and length 46
Passed for start_position 127 and length 48
Passed for start_position 127 and length 50
Passed for start_position 127 and length 52
Passed for start_position 127 and length 54
Passed for start_position 127 and length 56
Passed for start_position 127 and length 58
Passed for start_position 127 and length 60
Passed for start_position 127 and length 62
Passed for start_position 127 and length 64
Passed for start_position 127 and length 66
Passed for start_position 127 and length 68
Passed for start_position 127 and length 70
Passed for start_position 127 and length 72
Passed for start_position 127 and length 74
Passed for start_position 127 and length 76
Passed for start_position 127 and length 78
Passed for start_position 127 and length 80
Passed for start_position 127 and length 82
Passed for start_position 127 and length 84
Passed for start_position 127 and length 86
Passed for start_position 127 and length 88
Passed for start_position 127 and length 90
Passed for start_position 127 and length 92
Passed for start_position 127 and length 94
Passed for start_position 127 and length 96
Passed for start_position 127 and length 98
Passed for start_position 127 and length 100
Passed for start_position 128 and length 2
Passed for start_position 128 and length 4
Passed for start_position 128 and length 6
Passed for start_position 128 and length 8
Passed for start_position 128 and length 10
Passed for start_position 128 and length 12
Passed for start_position 128 and length 14
Passed for start_position 128 and length 16
Passed for start_position 128 and length 18
Passed for start_position 128 and length 20
Passed for start_position 128 and length 22
Passed for start_position 128 and length 24
Passed for start_position 128 and length 26
Passed for start_position 128 and length 28
Passed for start_position 128 and length 30
Passed for start_position 128 and length 32
Passed for start_position 128 and length 34
Passed for start_position 128 and length 36
Passed for start_position 128 and length 38
Passed for start_position 128 and length 40
Passed for start_position 128 and length 42
Passed for start_position 128 and length 44
Passed for start_position 128 and length 46
Passed for start_position 128 and length 48
Passed for start_position 128 and length 50
Passed for start_position 128 and length 52
Passed for start_position 128 and length 54
Passed for start_position 128 and length 56
Passed for start_position 128 and length 58
Passed for start_position 128 and length 60
Passed for start_position 128 and length 62
Passed for start_position 128 and length 64
Passed for start_position 128 and length 66
Passed for start_position 128 and length 68
Passed for start_position 128 and length 70
Passed for start_position 128 and length 72
Passed for start_position 128 and length 74
Passed for start_position 128 and length 76
Passed for start_position 128 and length 78
Passed for start_position 128 and length 80
Passed for start_position 128 and length 82
Passed for start_position 128 and length 84
Passed for start_position 128 and length 86
Passed for start_position 128 and length 88
Passed for start_position 128 and length 90
Passed for start_position 128 and length 92
Passed for start_position 128 and length 94
Passed for start_position 128 and length 96
Passed for start_position 128 and length 98
Passed for start_position 128 and length 100
Passed for start_position 129 and length 2
Passed for start_position 129 and length 4
Passed for start_position 129 and length 6
Passed for start_position 129 and length 8
Passed for start_position 129 and length 10
Passed for start_position 129 and length 12
Passed for start_position 129 and length 14
Passed for start_position 129 and length 16
Passed for start_position 129 and length 18
Passed for start_position 129 and length 20
Passed for start_position 129 and length 22
Passed for start_position 129 and length 24
Passed for start_position 129 and length 26
Passed for start_position 129 and length 28
Passed for start_position 129 and length 30
Passed for start_position 129 and length 32
Passed for start_position 129 and length 34
Passed for start_position 129 and length 36
Passed for start_position 129 and length 38
Passed for start_position 129 and length 40
Passed for start_position 129 and length 42
Passed for start_position 129 and length 44
Passed for start_position 129 and length 46
Passed for start_position 129 and length 48
Passed for start_position 129 and length 50
Passed for start_position 129 and length 52
Passed for start_position 129 and length 54
Passed for start_position 129 and length 56
Passed for start_position 129 and length 58
Passed for start_position 129 and length 60
Passed for start_position 129 and length 62
Passed for start_position 129 and length 64
Passed for start_position 129 and length 66
Passed for start_position 129 and length 68
Passed for start_position 129 and length 70
Passed for start_position 129 and length 72
Passed for start_position 129 and length 74
Passed for start_position 129 and length 76
Passed for start_position 129 and length 78
Passed for start_position 129 and length 80
Passed for start_position 129 and length 82
Passed for start_position 129 and length 84
Passed for start_position 129 and length 86
Passed for start_position 129 and length 88
Passed for start_position 129 and length 90
Passed for start_position 129 and length 92
Passed for start_position 129 and length 94
Passed for start_position 129 and length 96
Passed for start_position 129 and length 98
Passed for start_position 129 and length 100
Passed for start_position 130 and length 2
Passed for start_position 130 and length 4
Passed for start_position 130 and length 6
Passed for start_position 130 and length 8
Passed for start_position 130 and length 10
Passed for start_position 130 and length 12
Passed for start_position 130 and length 14
Passed for start_position 130 and length 16
Passed for start_position 130 and length 18
Passed for start_position 130 and length 20
Passed for start_position 130 and length 22
Passed for start_position 130 and length 24
Passed for start_position 130 and length 26
Passed for start_position 130 and length 28
Passed for start_position 130 and length 30
Passed for start_position 130 and length 32
Passed for start_position 130 and length 34
Passed for start_position 130 and length 36
Passed for start_position 130 and length 38
Passed for start_position 130 and length 40
Passed for start_position 130 and length 42
Passed for start_position 130 and length 44
Passed for start_position 130 and length 46
Passed for start_position 130 and length 48
Passed for start_position 130 and length 50
Passed for start_position 130 and length 52
Passed for start_position 130 and length 54
Passed for start_position 130 and length 56
Passed for start_position 130 and length 58
Passed for start_position 130 and length 60
Passed for start_position 130 and length 62
Passed for start_position 130 and length 64
Passed for start_position 130 and length 66
Passed for start_position 130 and length 68
Passed for start_position 130 and length 70
Passed for start_position 130 and length 72
Passed for start_position 130 and length 74
Passed for start_position 130 and length 76
Passed for start_position 130 and length 78
Passed for start_position 130 and length 80
Passed for start_position 130 and length 82
Passed for start_position 130 and length 84
Passed for start_position 130 and length 86
Passed for start_position 130 and length 88
Passed for start_position 130 and length 90
Passed for start_position 130 and length 92
Passed for start_position 130 and length 94
Passed for start_position 130 and length 96
Passed for start_position 130 and length 98
Passed for start_position 130 and length 100
Passed for start_position 131 and length 2
Passed for start_position 131 and length 4
Passed for start_position 131 and length 6
Passed for start_position 131 and length 8
Passed for start_position 131 and length 10
Passed for start_position 131 and length 12
Passed for start_position 131 and length 14
Passed for start_position 131 and length 16
Passed for start_position 131 and length 18
Passed for start_position 131 and length 20
Passed for start_position 131 and length 22
Passed for start_position 131 and length 24
Passed for start_position 131 and length 26
Passed for start_position 131 and length 28
Passed for start_position 131 and length 30
Passed for start_position 131 and length 32
Passed for start_position 131 and length 34
Passed for start_position 131 and length 36
Passed for start_position 131 and length 38
Passed for start_position 131 and length 40
Passed for start_position 131 and length 42
Passed for start_position 131 and length 44
Passed for start_position 131 and length 46
Passed for start_position 131 and length 48
Passed for start_position 131 and length 50
Passed for start_position 131 and length 52
Passed for start_position 131 and length 54
Passed for start_position 131 and length 56
Passed for start_position 131 and length 58
Passed for start_position 131 and length 60
Passed for start_position 131 and length 62
Passed for start_position 131 and length 64
Passed for start_position 131 and length 66
Passed for start_position 131 and length 68
Passed for start_position 131 and length 70
Passed for start_position 131 and length 72
Passed for start_position 131 and length 74
Passed for start_position 131 and length 76
Passed for start_position 131 and length 78
Passed for start_position 131 and length 80
Passed for start_position 131 and length 82
Passed for start_position 131 and length 84
Passed for start_position 131 and length 86
Passed for start_position 131 and length 88
Passed for start_position 131 and length 90
Passed for start_position 131 and length 92
Passed for start_position 131 and length 94
Passed for start_position 131 and length 96
Passed for start_position 131 and length 98
Passed for start_position 131 and length 100
Passed for start_position 132 and length 2
Passed for start_position 132 and length 4
Passed for start_position 132 and length 6
Passed for start_position 132 and length 8
Passed for start_position 132 and length 10
Passed for start_position 132 and length 12
Passed for start_position 132 and length 14
Passed for start_position 132 and length 16
Passed for start_position 132 and length 18
Passed for start_position 132 and length 20
Passed for start_position 132 and length 22
Passed for start_position 132 and length 24
Passed for start_position 132 and length 26
Passed for start_position 132 and length 28
Passed for start_position 132 and length 30
Passed for start_position 132 and length 32
Passed for start_position 132 and length 34
Passed for start_position 132 and length 36
Passed for start_position 132 and length 38
Passed for start_position 132 and length 40
Passed for start_position 132 and length 42
Passed for start_position 132 and length 44
Passed for start_position 132 and length 46
Passed for start_position 132 and length 48
Passed for start_position 132 and length 50
Passed for start_position 132 and length 52
Passed for start_position 132 and length 54
Passed for start_position 132 and length 56
Passed for start_position 132 and length 58
Passed for start_position 132 and length 60
Passed for start_position 132 and length 62
Passed for start_position 132 and length 64
Passed for start_position 132 and length 66
Passed for start_position 132 and length 68
Passed for start_position 132 and length 70
Passed for start_position 132 and length 72
Passed for start_position 132 and length 74
Passed for start_position 132 and length 76
Passed for start_position 132 and length 78
Passed for start_position 132 and length 80
Passed for start_position 132 and length 82
Passed for start_position 132 and length 84
Passed for start_position 132 and length 86
Passed for start_position 132 and length 88
Passed for start_position 132 and length 90
Passed for start_position 132 and length 92
Passed for start_position 132 and length 94
Passed for start_position 132 and length 96
Passed for start_position 132 and length 98
Passed for start_position 132 and length 100
Passed for start_position 133 and length 2
Passed for start_position 133 and length 4
Passed for start_position 133 and length 6
Passed for start_position 133 and length 8
Passed for start_position 133 and length 10
Passed for start_position 133 and length 12
Passed for start_position 133 and length 14
Passed for start_position 133 and length 16
Passed for start_position 133 and length 18
Passed for start_position 133 and length 20
Passed for start_position 133 and length 22
Passed for start_position 133 and length 24
Passed for start_position 133 and length 26
Passed for start_position 133 and length 28
Passed for start_position 133 and length 30
Passed for start_position 133 and length 32
Passed for start_position 133 and length 34
Passed for start_position 133 and length 36
Passed for start_position 133 and length 38
Passed for start_position 133 and length 40
Passed for start_position 133 and length 42
Passed for start_position 133 and length 44
Passed for start_position 133 and length 46
Passed for start_position 133 and length 48
Passed for start_position 133 and length 50
Passed for start_position 133 and length 52
Passed for start_position 133 and length 54
Passed for start_position 133 and length 56
Passed for start_position 133 and length 58
Passed for start_position 133 and length 60
Passed for start_position 133 and length 62
Passed for start_position 133 and length 64
Passed for start_position 133 and length 66
Passed for start_position 133 and length 68
Passed for start_position 133 and length 70
Passed for start_position 133 and length 72
Passed for start_position 133 and length 74
Passed for start_position 133 and length 76
Passed for start_position 133 and length 78
Passed for start_position 133 and length 80
Passed for start_position 133 and length 82
Passed for start_position 133 and length 84
Passed for start_position 133 and length 86
Passed for start_position 133 and length 88
Passed for start_position 133 and length 90
Passed for start_position 133 and length 92
Passed for start_position 133 and length 94
Passed for start_position 133 and length 96
Passed for start_position 133 and length 98
Passed for start_position 133 and length 100
Passed for start_position 134 and length 2
Passed for start_position 134 and length 4
Passed for start_position 134 and length 6
Passed for start_position 134 and length 8
Passed for start_position 134 and length 10
Passed for start_position 134 and length 12
Passed for start_position 134 and length 14
Passed for start_position 134 and length 16
Passed for start_position 134 and length 18
Passed for start_position 134 and length 20
Passed for start_position 134 and length 22
Passed for start_position 134 and length 24
Passed for start_position 134 and length 26
Passed for start_position 134 and length 28
Passed for start_position 134 and length 30
Passed for start_position 134 and length 32
Passed for start_position 134 and length 34
Passed for start_position 134 and length 36
Passed for start_position 134 and length 38
Passed for start_position 134 and length 40
Passed for start_position 134 and length 42
Passed for start_position 134 and length 44
Passed for start_position 134 and length 46
Passed for start_position 134 and length 48
Passed for start_position 134 and length 50
Passed for start_position 134 and length 52
Passed for start_position 134 and length 54
Passed for start_position 134 and length 56
Passed for start_position 134 and length 58
Passed for start_position 134 and length 60
Passed for start_position 134 and length 62
Passed for start_position 134 and length 64
Passed for start_position 134 and length 66
Passed for start_position 134 and length 68
Passed for start_position 134 and length 70
Passed for start_position 134 and length 72
Passed for start_position 134 and length 74
Passed for start_position 134 and length 76
Passed for start_position 134 and length 78
Passed for start_position 134 and length 80
Passed for start_position 134 and length 82
Passed for start_position 134 and length 84
Passed for start_position 134 and length 86
Passed for start_position 134 and length 88
Passed for start_position 134 and length 90
Passed for start_position 134 and length 92
Passed for start_position 134 and length 94
Passed for start_position 134 and length 96
Passed for start_position 134 and length 98
Passed for start_position 134 and length 100
Passed for start_position 135 and length 2
Passed for start_position 135 and length 4
Passed for start_position 135 and length 6
Passed for start_position 135 and length 8
Passed for start_position 135 and length 10
Passed for start_position 135 and length 12
Passed for start_position 135 and length 14
Passed for start_position 135 and length 16
Passed for start_position 135 and length 18
Passed for start_position 135 and length 20
Passed for start_position 135 and length 22
Passed for start_position 135 and length 24
Passed for start_position 135 and length 26
Passed for start_position 135 and length 28
Passed for start_position 135 and length 30
Passed for start_position 135 and length 32
Passed for start_position 135 and length 34
Passed for start_position 135 and length 36
Passed for start_position 135 and length 38
Passed for start_position 135 and length 40
Passed for start_position 135 and length 42
Passed for start_position 135 and length 44
Passed for start_position 135 and length 46
Passed for start_position 135 and length 48
Passed for start_position 135 and length 50
Passed for start_position 135 and length 52
Passed for start_position 135 and length 54
Passed for start_position 135 and length 56
Passed for start_position 135 and length 58
Passed for start_position 135 and length 60
Passed for start_position 135 and length 62
Passed for start_position 135 and length 64
Passed for start_position 135 and length 66
Passed for start_position 135 and length 68
Passed for start_position 135 and length 70
Passed for start_position 135 and length 72
Passed for start_position 135 and length 74
Passed for start_position 135 and length 76
Passed for start_position 135 and length 78
Passed for start_position 135 and length 80
Passed for start_position 135 and length 82
Passed for start_position 135 and length 84
Passed for start_position 135 and length 86
Passed for start_position 135 and length 88
Passed for start_position 135 and length 90
Passed for start_position 135 and length 92
Passed for start_position 135 and length 94
Passed for start_position 135 and length 96
Passed for start_position 135 and length 98
Passed for start_position 135 and length 100
Passed for start_position 136 and length 2
Passed for start_position 136 and length 4
Passed for start_position 136 and length 6
Passed for start_position 136 and length 8
Passed for start_position 136 and length 10
Passed for start_position 136 and length 12
Passed for start_position 136 and length 14
Passed for start_position 136 and length 16
Passed for start_position 136 and length 18
Passed for start_position 136 and length 20
Passed for start_position 136 and length 22
Passed for start_position 136 and length 24
Passed for start_position 136 and length 26
Passed for start_position 136 and length 28
Passed for start_position 136 and length 30
Passed for start_position 136 and length 32
Passed for start_position 136 and length 34
Passed for start_position 136 and length 36
Passed for start_position 136 and length 38
Passed for start_position 136 and length 40
Passed for start_position 136 and length 42
Passed for start_position 136 and length 44
Passed for start_position 136 and length 46
Passed for start_position 136 and length 48
Passed for start_position 136 and length 50
Passed for start_position 136 and length 52
Passed for start_position 136 and length 54
Passed for start_position 136 and length 56
Passed for start_position 136 and length 58
Passed for start_position 136 and length 60
Passed for start_position 136 and length 62
Passed for start_position 136 and length 64
Passed for start_position 136 and length 66
Passed for start_position 136 and length 68
Passed for start_position 136 and length 70
Passed for start_position 136 and length 72
Passed for start_position 136 and length 74
Passed for start_position 136 and length 76
Passed for start_position 136 and length 78
Passed for start_position 136 and length 80
Passed for start_position 136 and length 82
Passed for start_position 136 and length 84
Passed for start_position 136 and length 86
Passed for start_position 136 and length 88
Passed for start_position 136 and length 90
Passed for start_position 136 and length 92
Passed for start_position 136 and length 94
Passed for start_position 136 and length 96
Passed for start_position 136 and length 98
Passed for start_position 136 and length 100
Passed for start_position 137 and length 2
Passed for start_position 137 and length 4
Passed for start_position 137 and length 6
Passed for start_position 137 and length 8
Passed for start_position 137 and length 10
Passed for start_position 137 and length 12
Passed for start_position 137 and length 14
Passed for start_position 137 and length 16
Passed for start_position 137 and length 18
Passed for start_position 137 and length 20
Passed for start_position 137 and length 22
Passed for start_position 137 and length 24
Passed for start_position 137 and length 26
Passed for start_position 137 and length 28
Passed for start_position 137 and length 30
Passed for start_position 137 and length 32
Passed for start_position 137 and length 34
Passed for start_position 137 and length 36
Passed for start_position 137 and length 38
Passed for start_position 137 and length 40
Passed for start_position 137 and length 42
Passed for start_position 137 and length 44
Passed for start_position 137 and length 46
Passed for start_position 137 and length 48
Passed for start_position 137 and length 50
Passed for start_position 137 and length 52
Passed for start_position 137 and length 54
Passed for start_position 137 and length 56
Passed for start_position 137 and length 58
Passed for start_position 137 and length 60
Passed for start_position 137 and length 62
Passed for start_position 137 and length 64
Passed for start_position 137 and length 66
Passed for start_position 137 and length 68
Passed for start_position 137 and length 70
Passed for start_position 137 and length 72
Passed for start_position 137 and length 74
Passed for start_position 137 and length 76
Passed for start_position 137 and length 78
Passed for start_position 137 and length 80
Passed for start_position 137 and length 82
Passed for start_position 137 and length 84
Passed for start_position 137 and length 86
Passed for start_position 137 and length 88
Passed for start_position 137 and length 90
Passed for start_position 137 and length 92
Passed for start_position 137 and length 94
Passed for start_position 137 and length 96
Passed for start_position 137 and length 98
Passed for start_position 137 and length 100
Error for start_position 138 and length 2: Movement 1 not in dictionary
Error for start_position 138 and length 4: Movement -1 not in dictionary
Passed for start_position 138 and length 6
Passed for start_position 138 and length 8
Passed for start_position 138 and length 10
Passed for start_position 138 and length 12
Error for start_position 138 and length 14: Movement -1 not in dictionary
Passed for start_position 138 and length 16
Error for start_position 138 and length 18: Movement 1 not in dictionary
Passed for start_position 138 and length 20
Passed for start_position 138 and length 22
Error for start_position 138 and length 24: Movement 1 not in dictionary
Error for start_position 138 and length 26: Movement 1 not in dictionary
Passed for start_position 138 and length 28
Error for start_position 138 and length 30: Movement -1 not in dictionary
Passed for start_position 138 and length 32
Error for start_position 138 and length 34: Movement -1 not in dictionary
Passed for start_position 138 and length 36
Error for start_position 138 and length 38: Movement 1 not in dictionary
Passed for start_position 138 and length 40
Passed for start_position 138 and length 42
Error for start_position 138 and length 44: Movement -1 not in dictionary
Passed for start_position 138 and length 46
Passed for start_position 138 and length 48
Passed for start_position 138 and length 50
Passed for start_position 138 and length 52
Passed for start_position 138 and length 54
Passed for start_position 138 and length 56
Passed for start_position 138 and length 58
Error for start_position 138 and length 60: Movement -1 not in dictionary
Error for start_position 138 and length 62: Movement -1 not in dictionary
Passed for start_position 138 and length 64
Error for start_position 138 and length 66: Movement -1 not in dictionary
Error for start_position 138 and length 68: Movement -1 not in dictionary
Passed for start_position 138 and length 70
Error for start_position 138 and length 72: Movement -1 not in dictionary
Passed for start_position 138 and length 74
Passed for start_position 138 and length 76
Passed for start_position 138 and length 78
Passed for start_position 138 and length 80
Error for start_position 138 and length 82: Movement -1 not in dictionary
Error for start_position 138 and length 84: Movement 1 not in dictionary
Error for start_position 138 and length 86: Movement 1 not in dictionary
Passed for start_position 138 and length 88
Error for start_position 138 and length 90: Movement -1 not in dictionary
Error for start_position 138 and length 92: Movement 1 not in dictionary
Error for start_position 138 and length 94: Movement -1 not in dictionary
Error for start_position 138 and length 96: Movement -1 not in dictionary
Error for start_position 138 and length 98: Movement -1 not in dictionary
Error for start_position 138 and length 100: Movement 1 not in dictionary
Passed for start_position 139 and length 2
Passed for start_position 139 and length 4
Passed for start_position 139 and length 6
Passed for start_position 139 and length 8
Passed for start_position 139 and length 10
Passed for start_position 139 and length 12
Passed for start_position 139 and length 14
Passed for start_position 139 and length 16
Passed for start_position 139 and length 18
Passed for start_position 139 and length 20
Passed for start_position 139 and length 22
Passed for start_position 139 and length 24
Passed for start_position 139 and length 26
Passed for start_position 139 and length 28
Passed for start_position 139 and length 30
Passed for start_position 139 and length 32
Passed for start_position 139 and length 34
Passed for start_position 139 and length 36
Passed for start_position 139 and length 38
Passed for start_position 139 and length 40
Passed for start_position 139 and length 42
Passed for start_position 139 and length 44
Passed for start_position 139 and length 46
Passed for start_position 139 and length 48
Passed for start_position 139 and length 50
Passed for start_position 139 and length 52
Passed for start_position 139 and length 54
Passed for start_position 139 and length 56
Passed for start_position 139 and length 58
Passed for start_position 139 and length 60
Passed for start_position 139 and length 62
Passed for start_position 139 and length 64
Passed for start_position 139 and length 66
Passed for start_position 139 and length 68
Passed for start_position 139 and length 70
Passed for start_position 139 and length 72
Passed for start_position 139 and length 74
Passed for start_position 139 and length 76
Passed for start_position 139 and length 78
Passed for start_position 139 and length 80
Passed for start_position 139 and length 82
Passed for start_position 139 and length 84
Passed for start_position 139 and length 86
Passed for start_position 139 and length 88
Passed for start_position 139 and length 90
Passed for start_position 139 and length 92
Passed for start_position 139 and length 94
Passed for start_position 139 and length 96
Passed for start_position 139 and length 98
Passed for start_position 139 and length 100
Passed for start_position 140 and length 2
Passed for start_position 140 and length 4
Passed for start_position 140 and length 6
Passed for start_position 140 and length 8
Passed for start_position 140 and length 10
Passed for start_position 140 and length 12
Passed for start_position 140 and length 14
Passed for start_position 140 and length 16
Passed for start_position 140 and length 18
Passed for start_position 140 and length 20
Passed for start_position 140 and length 22
Passed for start_position 140 and length 24
Passed for start_position 140 and length 26
Passed for start_position 140 and length 28
Passed for start_position 140 and length 30
Passed for start_position 140 and length 32
Passed for start_position 140 and length 34
Passed for start_position 140 and length 36
Passed for start_position 140 and length 38
Passed for start_position 140 and length 40
Passed for start_position 140 and length 42
Passed for start_position 140 and length 44
Passed for start_position 140 and length 46
Passed for start_position 140 and length 48
Passed for start_position 140 and length 50
Passed for start_position 140 and length 52
Passed for start_position 140 and length 54
Passed for start_position 140 and length 56
Passed for start_position 140 and length 58
Passed for start_position 140 and length 60
Passed for start_position 140 and length 62
Passed for start_position 140 and length 64
Passed for start_position 140 and length 66
Passed for start_position 140 and length 68
Passed for start_position 140 and length 70
Passed for start_position 140 and length 72
Passed for start_position 140 and length 74
Passed for start_position 140 and length 76
Passed for start_position 140 and length 78
Passed for start_position 140 and length 80
Passed for start_position 140 and length 82
Passed for start_position 140 and length 84
Passed for start_position 140 and length 86
Passed for start_position 140 and length 88
Passed for start_position 140 and length 90
Passed for start_position 140 and length 92
Passed for start_position 140 and length 94
Passed for start_position 140 and length 96
Passed for start_position 140 and length 98
Passed for start_position 140 and length 100
Passed for start_position 141 and length 2
Passed for start_position 141 and length 4
Passed for start_position 141 and length 6
Passed for start_position 141 and length 8
Passed for start_position 141 and length 10
Passed for start_position 141 and length 12
Passed for start_position 141 and length 14
Passed for start_position 141 and length 16
Passed for start_position 141 and length 18
Passed for start_position 141 and length 20
Passed for start_position 141 and length 22
Passed for start_position 141 and length 24
Passed for start_position 141 and length 26
Passed for start_position 141 and length 28
Passed for start_position 141 and length 30
Passed for start_position 141 and length 32
Passed for start_position 141 and length 34
Passed for start_position 141 and length 36
Passed for start_position 141 and length 38
Passed for start_position 141 and length 40
Passed for start_position 141 and length 42
Passed for start_position 141 and length 44
Passed for start_position 141 and length 46
Passed for start_position 141 and length 48
Passed for start_position 141 and length 50
Passed for start_position 141 and length 52
Passed for start_position 141 and length 54
Passed for start_position 141 and length 56
Passed for start_position 141 and length 58
Passed for start_position 141 and length 60
Passed for start_position 141 and length 62
Passed for start_position 141 and length 64
Passed for start_position 141 and length 66
Passed for start_position 141 and length 68
Passed for start_position 141 and length 70
Passed for start_position 141 and length 72
Passed for start_position 141 and length 74
Passed for start_position 141 and length 76
Passed for start_position 141 and length 78
Passed for start_position 141 and length 80
Passed for start_position 141 and length 82
Passed for start_position 141 and length 84
Passed for start_position 141 and length 86
Passed for start_position 141 and length 88
Passed for start_position 141 and length 90
Passed for start_position 141 and length 92
Passed for start_position 141 and length 94
Passed for start_position 141 and length 96
Passed for start_position 141 and length 98
Passed for start_position 141 and length 100
Passed for start_position 142 and length 2
Passed for start_position 142 and length 4
Passed for start_position 142 and length 6
Passed for start_position 142 and length 8
Passed for start_position 142 and length 10
Passed for start_position 142 and length 12
Passed for start_position 142 and length 14
Passed for start_position 142 and length 16
Passed for start_position 142 and length 18
Passed for start_position 142 and length 20
Passed for start_position 142 and length 22
Passed for start_position 142 and length 24
Passed for start_position 142 and length 26
Passed for start_position 142 and length 28
Passed for start_position 142 and length 30
Passed for start_position 142 and length 32
Passed for start_position 142 and length 34
Passed for start_position 142 and length 36
Passed for start_position 142 and length 38
Passed for start_position 142 and length 40
Passed for start_position 142 and length 42
Passed for start_position 142 and length 44
Passed for start_position 142 and length 46
Passed for start_position 142 and length 48
Passed for start_position 142 and length 50
Passed for start_position 142 and length 52
Passed for start_position 142 and length 54
Passed for start_position 142 and length 56
Passed for start_position 142 and length 58
Passed for start_position 142 and length 60
Passed for start_position 142 and length 62
Passed for start_position 142 and length 64
Passed for start_position 142 and length 66
Passed for start_position 142 and length 68
Passed for start_position 142 and length 70
Passed for start_position 142 and length 72
Passed for start_position 142 and length 74
Passed for start_position 142 and length 76
Passed for start_position 142 and length 78
Passed for start_position 142 and length 80
Passed for start_position 142 and length 82
Passed for start_position 142 and length 84
Passed for start_position 142 and length 86
Passed for start_position 142 and length 88
Passed for start_position 142 and length 90
Passed for start_position 142 and length 92
Passed for start_position 142 and length 94
Passed for start_position 142 and length 96
Passed for start_position 142 and length 98
Passed for start_position 142 and length 100
Passed for start_position 143 and length 2
Passed for start_position 143 and length 4
Passed for start_position 143 and length 6
Passed for start_position 143 and length 8
Passed for start_position 143 and length 10
Passed for start_position 143 and length 12
Passed for start_position 143 and length 14
Passed for start_position 143 and length 16
Passed for start_position 143 and length 18
Passed for start_position 143 and length 20
Passed for start_position 143 and length 22
Passed for start_position 143 and length 24
Passed for start_position 143 and length 26
Passed for start_position 143 and length 28
Passed for start_position 143 and length 30
Passed for start_position 143 and length 32
Passed for start_position 143 and length 34
Passed for start_position 143 and length 36
Passed for start_position 143 and length 38
Passed for start_position 143 and length 40
Passed for start_position 143 and length 42
Passed for start_position 143 and length 44
Passed for start_position 143 and length 46
Passed for start_position 143 and length 48
Passed for start_position 143 and length 50
Passed for start_position 143 and length 52
Passed for start_position 143 and length 54
Passed for start_position 143 and length 56
Passed for start_position 143 and length 58
Passed for start_position 143 and length 60
Passed for start_position 143 and length 62
Passed for start_position 143 and length 64
Passed for start_position 143 and length 66
Passed for start_position 143 and length 68
Passed for start_position 143 and length 70
Passed for start_position 143 and length 72
Passed for start_position 143 and length 74
Passed for start_position 143 and length 76
Passed for start_position 143 and length 78
Passed for start_position 143 and length 80
Passed for start_position 143 and length 82
Passed for start_position 143 and length 84
Passed for start_position 143 and length 86
Passed for start_position 143 and length 88
Passed for start_position 143 and length 90
Passed for start_position 143 and length 92
Passed for start_position 143 and length 94
Passed for start_position 143 and length 96
Passed for start_position 143 and length 98
Passed for start_position 143 and length 100
Error for start_position 144 and length 2: Movement -1 not in dictionary
Passed for start_position 144 and length 4
Error for start_position 144 and length 6: Movement -1 not in dictionary
Error for start_position 144 and length 8: Movement -1 not in dictionary
Error for start_position 144 and length 10: Movement -1 not in dictionary
Passed for start_position 144 and length 12
Passed for start_position 144 and length 14
Error for start_position 144 and length 16: Movement 1 not in dictionary
Error for start_position 144 and length 18: Movement -1 not in dictionary
Passed for start_position 144 and length 20
Passed for start_position 144 and length 22
Passed for start_position 144 and length 24
Passed for start_position 144 and length 26
Passed for start_position 144 and length 28
Passed for start_position 144 and length 30
Passed for start_position 144 and length 32
Passed for start_position 144 and length 34
Passed for start_position 144 and length 36
Error for start_position 144 and length 38: Movement -1 not in dictionary
Passed for start_position 144 and length 40
Error for start_position 144 and length 42: Movement -1 not in dictionary
Passed for start_position 144 and length 44
Passed for start_position 144 and length 46
Passed for start_position 144 and length 48
Error for start_position 144 and length 50: Movement 1 not in dictionary
Error for start_position 144 and length 52: Movement -1 not in dictionary
Passed for start_position 144 and length 54
Passed for start_position 144 and length 56
Passed for start_position 144 and length 58
Error for start_position 144 and length 60: Movement -1 not in dictionary
Passed for start_position 144 and length 62
Error for start_position 144 and length 64: Movement -1 not in dictionary
Passed for start_position 144 and length 66
Error for start_position 144 and length 68: Movement -1 not in dictionary
Passed for start_position 144 and length 70
Passed for start_position 144 and length 72
Passed for start_position 144 and length 74
Error for start_position 144 and length 76: Movement 1 not in dictionary
Passed for start_position 144 and length 78
Passed for start_position 144 and length 80
Passed for start_position 144 and length 82
Error for start_position 144 and length 84: Movement -1 not in dictionary
Passed for start_position 144 and length 86
Error for start_position 144 and length 88: Movement 1 not in dictionary
Passed for start_position 144 and length 90
Passed for start_position 144 and length 92
Passed for start_position 144 and length 94
Error for start_position 144 and length 96: Movement -1 not in dictionary
Passed for start_position 144 and length 98
Error for start_position 144 and length 100: Movement -1 not in dictionary
Passed for start_position 145 and length 2
Passed for start_position 145 and length 4
Passed for start_position 145 and length 6
Passed for start_position 145 and length 8
Passed for start_position 145 and length 10
Passed for start_position 145 and length 12
Passed for start_position 145 and length 14
Passed for start_position 145 and length 16
Passed for start_position 145 and length 18
Passed for start_position 145 and length 20
Passed for start_position 145 and length 22
Passed for start_position 145 and length 24
Passed for start_position 145 and length 26
Passed for start_position 145 and length 28
Passed for start_position 145 and length 30
Passed for start_position 145 and length 32
Passed for start_position 145 and length 34
Passed for start_position 145 and length 36
Passed for start_position 145 and length 38
Passed for start_position 145 and length 40
Passed for start_position 145 and length 42
Passed for start_position 145 and length 44
Passed for start_position 145 and length 46
Passed for start_position 145 and length 48
Passed for start_position 145 and length 50
Passed for start_position 145 and length 52
Passed for start_position 145 and length 54
Passed for start_position 145 and length 56
Passed for start_position 145 and length 58
Passed for start_position 145 and length 60
Passed for start_position 145 and length 62
Passed for start_position 145 and length 64
Passed for start_position 145 and length 66
Passed for start_position 145 and length 68
Passed for start_position 145 and length 70
Passed for start_position 145 and length 72
Passed for start_position 145 and length 74
Passed for start_position 145 and length 76
Passed for start_position 145 and length 78
Passed for start_position 145 and length 80
Passed for start_position 145 and length 82
Passed for start_position 145 and length 84
Passed for start_position 145 and length 86
Passed for start_position 145 and length 88
Passed for start_position 145 and length 90
Passed for start_position 145 and length 92
Passed for start_position 145 and length 94
Passed for start_position 145 and length 96
Passed for start_position 145 and length 98
Passed for start_position 145 and length 100
Passed for start_position 146 and length 2
Passed for start_position 146 and length 4
Passed for start_position 146 and length 6
Passed for start_position 146 and length 8
Passed for start_position 146 and length 10
Passed for start_position 146 and length 12
Passed for start_position 146 and length 14
Passed for start_position 146 and length 16
Passed for start_position 146 and length 18
Passed for start_position 146 and length 20
Passed for start_position 146 and length 22
Passed for start_position 146 and length 24
Passed for start_position 146 and length 26
Passed for start_position 146 and length 28
Passed for start_position 146 and length 30
Passed for start_position 146 and length 32
Passed for start_position 146 and length 34
Passed for start_position 146 and length 36
Passed for start_position 146 and length 38
Passed for start_position 146 and length 40
Passed for start_position 146 and length 42
Passed for start_position 146 and length 44
Passed for start_position 146 and length 46
Passed for start_position 146 and length 48
Passed for start_position 146 and length 50
Passed for start_position 146 and length 52
Passed for start_position 146 and length 54
Passed for start_position 146 and length 56
Passed for start_position 146 and length 58
Passed for start_position 146 and length 60
Passed for start_position 146 and length 62
Passed for start_position 146 and length 64
Passed for start_position 146 and length 66
Passed for start_position 146 and length 68
Passed for start_position 146 and length 70
Passed for start_position 146 and length 72
Passed for start_position 146 and length 74
Passed for start_position 146 and length 76
Passed for start_position 146 and length 78
Passed for start_position 146 and length 80
Passed for start_position 146 and length 82
Passed for start_position 146 and length 84
Passed for start_position 146 and length 86
Passed for start_position 146 and length 88
Passed for start_position 146 and length 90
Passed for start_position 146 and length 92
Passed for start_position 146 and length 94
Passed for start_position 146 and length 96
Passed for start_position 146 and length 98
Passed for start_position 146 and length 100
Passed for start_position 147 and length 2
Passed for start_position 147 and length 4
Passed for start_position 147 and length 6
Passed for start_position 147 and length 8
Passed for start_position 147 and length 10
Passed for start_position 147 and length 12
Passed for start_position 147 and length 14
Passed for start_position 147 and length 16
Passed for start_position 147 and length 18
Passed for start_position 147 and length 20
Passed for start_position 147 and length 22
Passed for start_position 147 and length 24
Passed for start_position 147 and length 26
Passed for start_position 147 and length 28
Passed for start_position 147 and length 30
Passed for start_position 147 and length 32
Passed for start_position 147 and length 34
Passed for start_position 147 and length 36
Passed for start_position 147 and length 38
Passed for start_position 147 and length 40
Passed for start_position 147 and length 42
Passed for start_position 147 and length 44
Passed for start_position 147 and length 46
Passed for start_position 147 and length 48
Passed for start_position 147 and length 50
Passed for start_position 147 and length 52
Passed for start_position 147 and length 54
Passed for start_position 147 and length 56
Passed for start_position 147 and length 58
Passed for start_position 147 and length 60
Passed for start_position 147 and length 62
Passed for start_position 147 and length 64
Passed for start_position 147 and length 66
Passed for start_position 147 and length 68
Passed for start_position 147 and length 70
Passed for start_position 147 and length 72
Passed for start_position 147 and length 74
Passed for start_position 147 and length 76
Passed for start_position 147 and length 78
Passed for start_position 147 and length 80
Passed for start_position 147 and length 82
Passed for start_position 147 and length 84
Passed for start_position 147 and length 86
Passed for start_position 147 and length 88
Passed for start_position 147 and length 90
Passed for start_position 147 and length 92
Passed for start_position 147 and length 94
Passed for start_position 147 and length 96
Passed for start_position 147 and length 98
Passed for start_position 147 and length 100
Passed for start_position 148 and length 2
Passed for start_position 148 and length 4
Error for start_position 148 and length 6: Movement 1 not in dictionary
Error for start_position 148 and length 8: Movement -1 not in dictionary
Passed for start_position 148 and length 10
Error for start_position 148 and length 12: Movement 1 not in dictionary
Error for start_position 148 and length 14: Movement 1 not in dictionary
Passed for start_position 148 and length 16
Passed for start_position 148 and length 18
Passed for start_position 148 and length 20
Passed for start_position 148 and length 22
Passed for start_position 148 and length 24
Passed for start_position 148 and length 26
Passed for start_position 148 and length 28
Error for start_position 148 and length 30: Movement 1 not in dictionary
Error for start_position 148 and length 32: Movement -1 not in dictionary
Error for start_position 148 and length 34: Movement -1 not in dictionary
Passed for start_position 148 and length 36
Passed for start_position 148 and length 38
Passed for start_position 148 and length 40
Passed for start_position 148 and length 42
Error for start_position 148 and length 44: Movement 1 not in dictionary
Passed for start_position 148 and length 46
Error for start_position 148 and length 48: Movement 1 not in dictionary
Passed for start_position 148 and length 50
Error for start_position 148 and length 52: Movement -1 not in dictionary
Passed for start_position 148 and length 54
Passed for start_position 148 and length 56
Passed for start_position 148 and length 58
Error for start_position 148 and length 60: Movement -1 not in dictionary
Passed for start_position 148 and length 62
Error for start_position 148 and length 64: Movement 1 not in dictionary
Error for start_position 148 and length 66: Movement 1 not in dictionary
Error for start_position 148 and length 68: Movement 1 not in dictionary
Passed for start_position 148 and length 70
Error for start_position 148 and length 72: Movement -1 not in dictionary
Passed for start_position 148 and length 74
Passed for start_position 148 and length 76
Passed for start_position 148 and length 78
Passed for start_position 148 and length 80
Passed for start_position 148 and length 82
Error for start_position 148 and length 84: Movement 1 not in dictionary
Passed for start_position 148 and length 86
Passed for start_position 148 and length 88
Error for start_position 148 and length 90: Movement -1 not in dictionary
Passed for start_position 148 and length 92
Passed for start_position 148 and length 94
Passed for start_position 148 and length 96
Error for start_position 148 and length 98: Movement -1 not in dictionary
Passed for start_position 148 and length 100
Passed for start_position 149 and length 2
Passed for start_position 149 and length 4
Passed for start_position 149 and length 6
Passed for start_position 149 and length 8
Passed for start_position 149 and length 10
Passed for start_position 149 and length 12
Passed for start_position 149 and length 14
Passed for start_position 149 and length 16
Passed for start_position 149 and length 18
Passed for start_position 149 and length 20
Passed for start_position 149 and length 22
Passed for start_position 149 and length 24
Passed for start_position 149 and length 26
Passed for start_position 149 and length 28
Passed for start_position 149 and length 30
Passed for start_position 149 and length 32
Passed for start_position 149 and length 34
Passed for start_position 149 and length 36
Passed for start_position 149 and length 38
Passed for start_position 149 and length 40
Passed for start_position 149 and length 42
Passed for start_position 149 and length 44
Passed for start_position 149 and length 46
Passed for start_position 149 and length 48
Passed for start_position 149 and length 50
Passed for start_position 149 and length 52
Passed for start_position 149 and length 54
Passed for start_position 149 and length 56
Passed for start_position 149 and length 58
Passed for start_position 149 and length 60
Passed for start_position 149 and length 62
Passed for start_position 149 and length 64
Passed for start_position 149 and length 66
Passed for start_position 149 and length 68
Passed for start_position 149 and length 70
Passed for start_position 149 and length 72
Passed for start_position 149 and length 74
Passed for start_position 149 and length 76
Passed for start_position 149 and length 78
Passed for start_position 149 and length 80
Passed for start_position 149 and length 82
Passed for start_position 149 and length 84
Passed for start_position 149 and length 86
Passed for start_position 149 and length 88
Passed for start_position 149 and length 90
Passed for start_position 149 and length 92
Passed for start_position 149 and length 94
Passed for start_position 149 and length 96
Passed for start_position 149 and length 98
Passed for start_position 149 and length 100
Passed for start_position 150 and length 2
Passed for start_position 150 and length 4
Passed for start_position 150 and length 6
Passed for start_position 150 and length 8
Passed for start_position 150 and length 10
Passed for start_position 150 and length 12
Passed for start_position 150 and length 14
Passed for start_position 150 and length 16
Passed for start_position 150 and length 18
Passed for start_position 150 and length 20
Passed for start_position 150 and length 22
Passed for start_position 150 and length 24
Passed for start_position 150 and length 26
Passed for start_position 150 and length 28
Passed for start_position 150 and length 30
Passed for start_position 150 and length 32
Passed for start_position 150 and length 34
Passed for start_position 150 and length 36
Passed for start_position 150 and length 38
Passed for start_position 150 and length 40
Passed for start_position 150 and length 42
Passed for start_position 150 and length 44
Passed for start_position 150 and length 46
Passed for start_position 150 and length 48
Passed for start_position 150 and length 50
Passed for start_position 150 and length 52
Passed for start_position 150 and length 54
Passed for start_position 150 and length 56
Passed for start_position 150 and length 58
Passed for start_position 150 and length 60
Passed for start_position 150 and length 62
Passed for start_position 150 and length 64
Passed for start_position 150 and length 66
Passed for start_position 150 and length 68
Passed for start_position 150 and length 70
Passed for start_position 150 and length 72
Passed for start_position 150 and length 74
Passed for start_position 150 and length 76
Passed for start_position 150 and length 78
Passed for start_position 150 and length 80
Passed for start_position 150 and length 82
Passed for start_position 150 and length 84
Passed for start_position 150 and length 86
Passed for start_position 150 and length 88
Passed for start_position 150 and length 90
Passed for start_position 150 and length 92
Passed for start_position 150 and length 94
Passed for start_position 150 and length 96
Passed for start_position 150 and length 98
Passed for start_position 150 and length 100
Passed for start_position 151 and length 2
Passed for start_position 151 and length 4
Passed for start_position 151 and length 6
Passed for start_position 151 and length 8
Passed for start_position 151 and length 10
Passed for start_position 151 and length 12
Passed for start_position 151 and length 14
Passed for start_position 151 and length 16
Passed for start_position 151 and length 18
Passed for start_position 151 and length 20
Passed for start_position 151 and length 22
Passed for start_position 151 and length 24
Passed for start_position 151 and length 26
Passed for start_position 151 and length 28
Passed for start_position 151 and length 30
Passed for start_position 151 and length 32
Passed for start_position 151 and length 34
Passed for start_position 151 and length 36
Passed for start_position 151 and length 38
Passed for start_position 151 and length 40
Passed for start_position 151 and length 42
Passed for start_position 151 and length 44
Passed for start_position 151 and length 46
Passed for start_position 151 and length 48
Passed for start_position 151 and length 50
Passed for start_position 151 and length 52
Passed for start_position 151 and length 54
Passed for start_position 151 and length 56
Passed for start_position 151 and length 58
Passed for start_position 151 and length 60
Passed for start_position 151 and length 62
Passed for start_position 151 and length 64
Passed for start_position 151 and length 66
Passed for start_position 151 and length 68
Passed for start_position 151 and length 70
Passed for start_position 151 and length 72
Passed for start_position 151 and length 74
Passed for start_position 151 and length 76
Passed for start_position 151 and length 78
Passed for start_position 151 and length 80
Passed for start_position 151 and length 82
Passed for start_position 151 and length 84
Passed for start_position 151 and length 86
Passed for start_position 151 and length 88
Passed for start_position 151 and length 90
Passed for start_position 151 and length 92
Passed for start_position 151 and length 94
Passed for start_position 151 and length 96
Passed for start_position 151 and length 98
Passed for start_position 151 and length 100
Passed for start_position 152 and length 2
Passed for start_position 152 and length 4
Passed for start_position 152 and length 6
Passed for start_position 152 and length 8
Passed for start_position 152 and length 10
Passed for start_position 152 and length 12
Passed for start_position 152 and length 14
Passed for start_position 152 and length 16
Passed for start_position 152 and length 18
Passed for start_position 152 and length 20
Passed for start_position 152 and length 22
Passed for start_position 152 and length 24
Passed for start_position 152 and length 26
Passed for start_position 152 and length 28
Passed for start_position 152 and length 30
Passed for start_position 152 and length 32
Passed for start_position 152 and length 34
Passed for start_position 152 and length 36
Passed for start_position 152 and length 38
Passed for start_position 152 and length 40
Passed for start_position 152 and length 42
Passed for start_position 152 and length 44
Passed for start_position 152 and length 46
Passed for start_position 152 and length 48
Passed for start_position 152 and length 50
Passed for start_position 152 and length 52
Passed for start_position 152 and length 54
Passed for start_position 152 and length 56
Passed for start_position 152 and length 58
Passed for start_position 152 and length 60
Passed for start_position 152 and length 62
Passed for start_position 152 and length 64
Passed for start_position 152 and length 66
Passed for start_position 152 and length 68
Passed for start_position 152 and length 70
Passed for start_position 152 and length 72
Passed for start_position 152 and length 74
Passed for start_position 152 and length 76
Passed for start_position 152 and length 78
Passed for start_position 152 and length 80
Passed for start_position 152 and length 82
Passed for start_position 152 and length 84
Passed for start_position 152 and length 86
Passed for start_position 152 and length 88
Passed for start_position 152 and length 90
Passed for start_position 152 and length 92
Passed for start_position 152 and length 94
Passed for start_position 152 and length 96
Passed for start_position 152 and length 98
Passed for start_position 152 and length 100
Passed for start_position 153 and length 2
Passed for start_position 153 and length 4
Passed for start_position 153 and length 6
Passed for start_position 153 and length 8
Passed for start_position 153 and length 10
Passed for start_position 153 and length 12
Passed for start_position 153 and length 14
Passed for start_position 153 and length 16
Passed for start_position 153 and length 18
Passed for start_position 153 and length 20
Passed for start_position 153 and length 22
Passed for start_position 153 and length 24
Passed for start_position 153 and length 26
Passed for start_position 153 and length 28
Passed for start_position 153 and length 30
Passed for start_position 153 and length 32
Passed for start_position 153 and length 34
Passed for start_position 153 and length 36
Passed for start_position 153 and length 38
Passed for start_position 153 and length 40
Passed for start_position 153 and length 42
Passed for start_position 153 and length 44
Passed for start_position 153 and length 46
Passed for start_position 153 and length 48
Passed for start_position 153 and length 50
Passed for start_position 153 and length 52
Passed for start_position 153 and length 54
Passed for start_position 153 and length 56
Passed for start_position 153 and length 58
Passed for start_position 153 and length 60
Passed for start_position 153 and length 62
Passed for start_position 153 and length 64
Passed for start_position 153 and length 66
Passed for start_position 153 and length 68
Passed for start_position 153 and length 70
Passed for start_position 153 and length 72
Passed for start_position 153 and length 74
Passed for start_position 153 and length 76
Passed for start_position 153 and length 78
Passed for start_position 153 and length 80
Passed for start_position 153 and length 82
Passed for start_position 153 and length 84
Passed for start_position 153 and length 86
Passed for start_position 153 and length 88
Passed for start_position 153 and length 90
Passed for start_position 153 and length 92
Passed for start_position 153 and length 94
Passed for start_position 153 and length 96
Passed for start_position 153 and length 98
Passed for start_position 153 and length 100
Error for start_position 154 and length 2: Movement 1 not in dictionary
Passed for start_position 154 and length 4
Passed for start_position 154 and length 6
Passed for start_position 154 and length 8
Passed for start_position 154 and length 10
Error for start_position 154 and length 12: Movement 1 not in dictionary
Error for start_position 154 and length 14: Movement 1 not in dictionary
Passed for start_position 154 and length 16
Passed for start_position 154 and length 18
Error for start_position 154 and length 20: Movement -1 not in dictionary
Passed for start_position 154 and length 22
Error for start_position 154 and length 24: Movement 1 not in dictionary
Error for start_position 154 and length 26: Movement 1 not in dictionary
Passed for start_position 154 and length 28
Error for start_position 154 and length 30: Movement 1 not in dictionary
Error for start_position 154 and length 32: Movement 1 not in dictionary
Error for start_position 154 and length 34: Movement -1 not in dictionary
Passed for start_position 154 and length 36
Passed for start_position 154 and length 38
Passed for start_position 154 and length 40
Passed for start_position 154 and length 42
Passed for start_position 154 and length 44
Passed for start_position 154 and length 46
Passed for start_position 154 and length 48
Error for start_position 154 and length 50: Movement -1 not in dictionary
Passed for start_position 154 and length 52
Error for start_position 154 and length 54: Movement -1 not in dictionary
Error for start_position 154 and length 56: Movement -1 not in dictionary
Error for start_position 154 and length 58: Movement 1 not in dictionary
Passed for start_position 154 and length 60
Passed for start_position 154 and length 62
Error for start_position 154 and length 64: Movement -1 not in dictionary
Passed for start_position 154 and length 66
Passed for start_position 154 and length 68
Error for start_position 154 and length 70: Movement -1 not in dictionary
Error for start_position 154 and length 72: Movement -1 not in dictionary
Error for start_position 154 and length 74: Movement -1 not in dictionary
Passed for start_position 154 and length 76
Error for start_position 154 and length 78: Movement -1 not in dictionary
Passed for start_position 154 and length 80
Error for start_position 154 and length 82: Movement 1 not in dictionary
Error for start_position 154 and length 84: Movement -1 not in dictionary
Passed for start_position 154 and length 86
Passed for start_position 154 and length 88
Passed for start_position 154 and length 90
Error for start_position 154 and length 92: Movement -1 not in dictionary
Passed for start_position 154 and length 94
Passed for start_position 154 and length 96
Passed for start_position 154 and length 98
Passed for start_position 154 and length 100
Passed for start_position 155 and length 2
Passed for start_position 155 and length 4
Passed for start_position 155 and length 6
Passed for start_position 155 and length 8
Passed for start_position 155 and length 10
Passed for start_position 155 and length 12
Passed for start_position 155 and length 14
Passed for start_position 155 and length 16
Passed for start_position 155 and length 18
Passed for start_position 155 and length 20
Passed for start_position 155 and length 22
Passed for start_position 155 and length 24
Passed for start_position 155 and length 26
Passed for start_position 155 and length 28
Passed for start_position 155 and length 30
Passed for start_position 155 and length 32
Passed for start_position 155 and length 34
Passed for start_position 155 and length 36
Passed for start_position 155 and length 38
Passed for start_position 155 and length 40
Passed for start_position 155 and length 42
Passed for start_position 155 and length 44
Passed for start_position 155 and length 46
Passed for start_position 155 and length 48
Passed for start_position 155 and length 50
Passed for start_position 155 and length 52
Passed for start_position 155 and length 54
Passed for start_position 155 and length 56
Passed for start_position 155 and length 58
Passed for start_position 155 and length 60
Passed for start_position 155 and length 62
Passed for start_position 155 and length 64
Passed for start_position 155 and length 66
Passed for start_position 155 and length 68
Passed for start_position 155 and length 70
Passed for start_position 155 and length 72
Passed for start_position 155 and length 74
Passed for start_position 155 and length 76
Passed for start_position 155 and length 78
Passed for start_position 155 and length 80
Passed for start_position 155 and length 82
Passed for start_position 155 and length 84
Passed for start_position 155 and length 86
Passed for start_position 155 and length 88
Passed for start_position 155 and length 90
Passed for start_position 155 and length 92
Passed for start_position 155 and length 94
Passed for start_position 155 and length 96
Passed for start_position 155 and length 98
Passed for start_position 155 and length 100
Passed for start_position 156 and length 2
Passed for start_position 156 and length 4
Passed for start_position 156 and length 6
Passed for start_position 156 and length 8
Passed for start_position 156 and length 10
Passed for start_position 156 and length 12
Passed for start_position 156 and length 14
Passed for start_position 156 and length 16
Passed for start_position 156 and length 18
Passed for start_position 156 and length 20
Passed for start_position 156 and length 22
Passed for start_position 156 and length 24
Passed for start_position 156 and length 26
Passed for start_position 156 and length 28
Passed for start_position 156 and length 30
Passed for start_position 156 and length 32
Passed for start_position 156 and length 34
Passed for start_position 156 and length 36
Passed for start_position 156 and length 38
Passed for start_position 156 and length 40
Passed for start_position 156 and length 42
Passed for start_position 156 and length 44
Passed for start_position 156 and length 46
Passed for start_position 156 and length 48
Passed for start_position 156 and length 50
Passed for start_position 156 and length 52
Passed for start_position 156 and length 54
Passed for start_position 156 and length 56
Passed for start_position 156 and length 58
Passed for start_position 156 and length 60
Passed for start_position 156 and length 62
Passed for start_position 156 and length 64
Passed for start_position 156 and length 66
Passed for start_position 156 and length 68
Passed for start_position 156 and length 70
Passed for start_position 156 and length 72
Passed for start_position 156 and length 74
Passed for start_position 156 and length 76
Passed for start_position 156 and length 78
Passed for start_position 156 and length 80
Passed for start_position 156 and length 82
Passed for start_position 156 and length 84
Passed for start_position 156 and length 86
Passed for start_position 156 and length 88
Passed for start_position 156 and length 90
Passed for start_position 156 and length 92
Passed for start_position 156 and length 94
Passed for start_position 156 and length 96
Passed for start_position 156 and length 98
Passed for start_position 156 and length 100
Passed for start_position 157 and length 2
Passed for start_position 157 and length 4
Passed for start_position 157 and length 6
Passed for start_position 157 and length 8
Passed for start_position 157 and length 10
Passed for start_position 157 and length 12
Passed for start_position 157 and length 14
Passed for start_position 157 and length 16
Passed for start_position 157 and length 18
Passed for start_position 157 and length 20
Passed for start_position 157 and length 22
Passed for start_position 157 and length 24
Passed for start_position 157 and length 26
Passed for start_position 157 and length 28
Passed for start_position 157 and length 30
Passed for start_position 157 and length 32
Passed for start_position 157 and length 34
Passed for start_position 157 and length 36
Passed for start_position 157 and length 38
Passed for start_position 157 and length 40
Passed for start_position 157 and length 42
Passed for start_position 157 and length 44
Passed for start_position 157 and length 46
Passed for start_position 157 and length 48
Passed for start_position 157 and length 50
Passed for start_position 157 and length 52
Passed for start_position 157 and length 54
Passed for start_position 157 and length 56
Passed for start_position 157 and length 58
Passed for start_position 157 and length 60
Passed for start_position 157 and length 62
Passed for start_position 157 and length 64
Passed for start_position 157 and length 66
Passed for start_position 157 and length 68
Passed for start_position 157 and length 70
Passed for start_position 157 and length 72
Passed for start_position 157 and length 74
Passed for start_position 157 and length 76
Passed for start_position 157 and length 78
Passed for start_position 157 and length 80
Passed for start_position 157 and length 82
Passed for start_position 157 and length 84
Passed for start_position 157 and length 86
Passed for start_position 157 and length 88
Passed for start_position 157 and length 90
Passed for start_position 157 and length 92
Passed for start_position 157 and length 94
Passed for start_position 157 and length 96
Passed for start_position 157 and length 98
Passed for start_position 157 and length 100
Passed for start_position 158 and length 2
Passed for start_position 158 and length 4
Passed for start_position 158 and length 6
Passed for start_position 158 and length 8
Passed for start_position 158 and length 10
Passed for start_position 158 and length 12
Passed for start_position 158 and length 14
Passed for start_position 158 and length 16
Passed for start_position 158 and length 18
Passed for start_position 158 and length 20
Passed for start_position 158 and length 22
Passed for start_position 158 and length 24
Passed for start_position 158 and length 26
Passed for start_position 158 and length 28
Passed for start_position 158 and length 30
Passed for start_position 158 and length 32
Passed for start_position 158 and length 34
Passed for start_position 158 and length 36
Passed for start_position 158 and length 38
Passed for start_position 158 and length 40
Passed for start_position 158 and length 42
Passed for start_position 158 and length 44
Passed for start_position 158 and length 46
Passed for start_position 158 and length 48
Passed for start_position 158 and length 50
Passed for start_position 158 and length 52
Passed for start_position 158 and length 54
Passed for start_position 158 and length 56
Passed for start_position 158 and length 58
Passed for start_position 158 and length 60
Passed for start_position 158 and length 62
Passed for start_position 158 and length 64
Passed for start_position 158 and length 66
Passed for start_position 158 and length 68
Passed for start_position 158 and length 70
Passed for start_position 158 and length 72
Passed for start_position 158 and length 74
Passed for start_position 158 and length 76
Passed for start_position 158 and length 78
Passed for start_position 158 and length 80
Passed for start_position 158 and length 82
Passed for start_position 158 and length 84
Passed for start_position 158 and length 86
Passed for start_position 158 and length 88
Passed for start_position 158 and length 90
Passed for start_position 158 and length 92
Passed for start_position 158 and length 94
Passed for start_position 158 and length 96
Passed for start_position 158 and length 98
Passed for start_position 158 and length 100
Passed for start_position 159 and length 2
Passed for start_position 159 and length 4
Passed for start_position 159 and length 6
Passed for start_position 159 and length 8
Passed for start_position 159 and length 10
Passed for start_position 159 and length 12
Passed for start_position 159 and length 14
Passed for start_position 159 and length 16
Passed for start_position 159 and length 18
Passed for start_position 159 and length 20
Passed for start_position 159 and length 22
Passed for start_position 159 and length 24
Passed for start_position 159 and length 26
Passed for start_position 159 and length 28
Passed for start_position 159 and length 30
Passed for start_position 159 and length 32
Passed for start_position 159 and length 34
Passed for start_position 159 and length 36
Passed for start_position 159 and length 38
Passed for start_position 159 and length 40
Passed for start_position 159 and length 42
Passed for start_position 159 and length 44
Passed for start_position 159 and length 46
Passed for start_position 159 and length 48
Passed for start_position 159 and length 50
Passed for start_position 159 and length 52
Passed for start_position 159 and length 54
Passed for start_position 159 and length 56
Passed for start_position 159 and length 58
Passed for start_position 159 and length 60
Passed for start_position 159 and length 62
Passed for start_position 159 and length 64
Passed for start_position 159 and length 66
Passed for start_position 159 and length 68
Passed for start_position 159 and length 70
Passed for start_position 159 and length 72
Passed for start_position 159 and length 74
Passed for start_position 159 and length 76
Passed for start_position 159 and length 78
Passed for start_position 159 and length 80
Passed for start_position 159 and length 82
Passed for start_position 159 and length 84
Passed for start_position 159 and length 86
Passed for start_position 159 and length 88
Passed for start_position 159 and length 90
Passed for start_position 159 and length 92
Passed for start_position 159 and length 94
Passed for start_position 159 and length 96
Passed for start_position 159 and length 98
Passed for start_position 159 and length 100
Passed for start_position 160 and length 2
Passed for start_position 160 and length 4
Passed for start_position 160 and length 6
Passed for start_position 160 and length 8
Passed for start_position 160 and length 10
Passed for start_position 160 and length 12
Passed for start_position 160 and length 14
Passed for start_position 160 and length 16
Passed for start_position 160 and length 18
Passed for start_position 160 and length 20
Passed for start_position 160 and length 22
Passed for start_position 160 and length 24
Passed for start_position 160 and length 26
Passed for start_position 160 and length 28
Passed for start_position 160 and length 30
Passed for start_position 160 and length 32
Passed for start_position 160 and length 34
Passed for start_position 160 and length 36
Passed for start_position 160 and length 38
Passed for start_position 160 and length 40
Passed for start_position 160 and length 42
Passed for start_position 160 and length 44
Passed for start_position 160 and length 46
Passed for start_position 160 and length 48
Passed for start_position 160 and length 50
Passed for start_position 160 and length 52
Passed for start_position 160 and length 54
Passed for start_position 160 and length 56
Passed for start_position 160 and length 58
Passed for start_position 160 and length 60
Passed for start_position 160 and length 62
Passed for start_position 160 and length 64
Passed for start_position 160 and length 66
Passed for start_position 160 and length 68
Passed for start_position 160 and length 70
Passed for start_position 160 and length 72
Passed for start_position 160 and length 74
Passed for start_position 160 and length 76
Passed for start_position 160 and length 78
Passed for start_position 160 and length 80
Passed for start_position 160 and length 82
Passed for start_position 160 and length 84
Passed for start_position 160 and length 86
Passed for start_position 160 and length 88
Passed for start_position 160 and length 90
Passed for start_position 160 and length 92
Passed for start_position 160 and length 94
Passed for start_position 160 and length 96
Passed for start_position 160 and length 98
Passed for start_position 160 and length 100
Passed for start_position 161 and length 2
Passed for start_position 161 and length 4
Passed for start_position 161 and length 6
Passed for start_position 161 and length 8
Passed for start_position 161 and length 10
Passed for start_position 161 and length 12
Passed for start_position 161 and length 14
Passed for start_position 161 and length 16
Passed for start_position 161 and length 18
Passed for start_position 161 and length 20
Passed for start_position 161 and length 22
Passed for start_position 161 and length 24
Passed for start_position 161 and length 26
Passed for start_position 161 and length 28
Passed for start_position 161 and length 30
Passed for start_position 161 and length 32
Passed for start_position 161 and length 34
Passed for start_position 161 and length 36
Passed for start_position 161 and length 38
Passed for start_position 161 and length 40
Passed for start_position 161 and length 42
Passed for start_position 161 and length 44
Passed for start_position 161 and length 46
Passed for start_position 161 and length 48
Passed for start_position 161 and length 50
Passed for start_position 161 and length 52
Passed for start_position 161 and length 54
Passed for start_position 161 and length 56
Passed for start_position 161 and length 58
Passed for start_position 161 and length 60
Passed for start_position 161 and length 62
Passed for start_position 161 and length 64
Passed for start_position 161 and length 66
Passed for start_position 161 and length 68
Passed for start_position 161 and length 70
Passed for start_position 161 and length 72
Passed for start_position 161 and length 74
Passed for start_position 161 and length 76
Passed for start_position 161 and length 78
Passed for start_position 161 and length 80
Passed for start_position 161 and length 82
Passed for start_position 161 and length 84
Passed for start_position 161 and length 86
Passed for start_position 161 and length 88
Passed for start_position 161 and length 90
Passed for start_position 161 and length 92
Passed for start_position 161 and length 94
Passed for start_position 161 and length 96
Passed for start_position 161 and length 98
Passed for start_position 161 and length 100
Passed for start_position 162 and length 2
Passed for start_position 162 and length 4
Passed for start_position 162 and length 6
Passed for start_position 162 and length 8
Passed for start_position 162 and length 10
Passed for start_position 162 and length 12
Passed for start_position 162 and length 14
Passed for start_position 162 and length 16
Passed for start_position 162 and length 18
Passed for start_position 162 and length 20
Passed for start_position 162 and length 22
Passed for start_position 162 and length 24
Passed for start_position 162 and length 26
Passed for start_position 162 and length 28
Passed for start_position 162 and length 30
Passed for start_position 162 and length 32
Passed for start_position 162 and length 34
Passed for start_position 162 and length 36
Passed for start_position 162 and length 38
Passed for start_position 162 and length 40
Passed for start_position 162 and length 42
Passed for start_position 162 and length 44
Passed for start_position 162 and length 46
Passed for start_position 162 and length 48
Passed for start_position 162 and length 50
Passed for start_position 162 and length 52
Passed for start_position 162 and length 54
Passed for start_position 162 and length 56
Passed for start_position 162 and length 58
Passed for start_position 162 and length 60
Passed for start_position 162 and length 62
Passed for start_position 162 and length 64
Passed for start_position 162 and length 66
Passed for start_position 162 and length 68
Passed for start_position 162 and length 70
Passed for start_position 162 and length 72
Passed for start_position 162 and length 74
Passed for start_position 162 and length 76
Passed for start_position 162 and length 78
Passed for start_position 162 and length 80
Passed for start_position 162 and length 82
Passed for start_position 162 and length 84
Passed for start_position 162 and length 86
Passed for start_position 162 and length 88
Passed for start_position 162 and length 90
Passed for start_position 162 and length 92
Passed for start_position 162 and length 94
Passed for start_position 162 and length 96
Passed for start_position 162 and length 98
Passed for start_position 162 and length 100
Passed for start_position 163 and length 2
Passed for start_position 163 and length 4
Passed for start_position 163 and length 6
Passed for start_position 163 and length 8
Passed for start_position 163 and length 10
Passed for start_position 163 and length 12
Passed for start_position 163 and length 14
Passed for start_position 163 and length 16
Passed for start_position 163 and length 18
Passed for start_position 163 and length 20
Passed for start_position 163 and length 22
Passed for start_position 163 and length 24
Passed for start_position 163 and length 26
Passed for start_position 163 and length 28
Passed for start_position 163 and length 30
Passed for start_position 163 and length 32
Passed for start_position 163 and length 34
Passed for start_position 163 and length 36
Passed for start_position 163 and length 38
Passed for start_position 163 and length 40
Passed for start_position 163 and length 42
Passed for start_position 163 and length 44
Passed for start_position 163 and length 46
Passed for start_position 163 and length 48
Passed for start_position 163 and length 50
Passed for start_position 163 and length 52
Passed for start_position 163 and length 54
Passed for start_position 163 and length 56
Passed for start_position 163 and length 58
Passed for start_position 163 and length 60
Passed for start_position 163 and length 62
Passed for start_position 163 and length 64
Passed for start_position 163 and length 66
Passed for start_position 163 and length 68
Passed for start_position 163 and length 70
Passed for start_position 163 and length 72
Passed for start_position 163 and length 74
Passed for start_position 163 and length 76
Passed for start_position 163 and length 78
Passed for start_position 163 and length 80
Passed for start_position 163 and length 82
Passed for start_position 163 and length 84
Passed for start_position 163 and length 86
Passed for start_position 163 and length 88
Passed for start_position 163 and length 90
Passed for start_position 163 and length 92
Passed for start_position 163 and length 94
Passed for start_position 163 and length 96
Passed for start_position 163 and length 98
Passed for start_position 163 and length 100
Passed for start_position 164 and length 2
Passed for start_position 164 and length 4
Passed for start_position 164 and length 6
Passed for start_position 164 and length 8
Passed for start_position 164 and length 10
Passed for start_position 164 and length 12
Passed for start_position 164 and length 14
Passed for start_position 164 and length 16
Passed for start_position 164 and length 18
Passed for start_position 164 and length 20
Passed for start_position 164 and length 22
Passed for start_position 164 and length 24
Passed for start_position 164 and length 26
Passed for start_position 164 and length 28
Passed for start_position 164 and length 30
Passed for start_position 164 and length 32
Passed for start_position 164 and length 34
Passed for start_position 164 and length 36
Passed for start_position 164 and length 38
Passed for start_position 164 and length 40
Passed for start_position 164 and length 42
Passed for start_position 164 and length 44
Passed for start_position 164 and length 46
Passed for start_position 164 and length 48
Passed for start_position 164 and length 50
Passed for start_position 164 and length 52
Passed for start_position 164 and length 54
Passed for start_position 164 and length 56
Passed for start_position 164 and length 58
Passed for start_position 164 and length 60
Passed for start_position 164 and length 62
Passed for start_position 164 and length 64
Passed for start_position 164 and length 66
Passed for start_position 164 and length 68
Passed for start_position 164 and length 70
Passed for start_position 164 and length 72
Passed for start_position 164 and length 74
Passed for start_position 164 and length 76
Passed for start_position 164 and length 78
Passed for start_position 164 and length 80
Passed for start_position 164 and length 82
Passed for start_position 164 and length 84
Passed for start_position 164 and length 86
Passed for start_position 164 and length 88
Passed for start_position 164 and length 90
Passed for start_position 164 and length 92
Passed for start_position 164 and length 94
Passed for start_position 164 and length 96
Passed for start_position 164 and length 98
Passed for start_position 164 and length 100
Passed for start_position 165 and length 2
Passed for start_position 165 and length 4
Passed for start_position 165 and length 6
Passed for start_position 165 and length 8
Passed for start_position 165 and length 10
Passed for start_position 165 and length 12
Passed for start_position 165 and length 14
Passed for start_position 165 and length 16
Passed for start_position 165 and length 18
Passed for start_position 165 and length 20
Passed for start_position 165 and length 22
Passed for start_position 165 and length 24
Passed for start_position 165 and length 26
Passed for start_position 165 and length 28
Passed for start_position 165 and length 30
Passed for start_position 165 and length 32
Passed for start_position 165 and length 34
Passed for start_position 165 and length 36
Passed for start_position 165 and length 38
Passed for start_position 165 and length 40
Passed for start_position 165 and length 42
Passed for start_position 165 and length 44
Passed for start_position 165 and length 46
Passed for start_position 165 and length 48
Passed for start_position 165 and length 50
Passed for start_position 165 and length 52
Passed for start_position 165 and length 54
Passed for start_position 165 and length 56
Passed for start_position 165 and length 58
Passed for start_position 165 and length 60
Passed for start_position 165 and length 62
Passed for start_position 165 and length 64
Passed for start_position 165 and length 66
Passed for start_position 165 and length 68
Passed for start_position 165 and length 70
Passed for start_position 165 and length 72
Passed for start_position 165 and length 74
Passed for start_position 165 and length 76
Passed for start_position 165 and length 78
Passed for start_position 165 and length 80
Passed for start_position 165 and length 82
Passed for start_position 165 and length 84
Passed for start_position 165 and length 86
Passed for start_position 165 and length 88
Passed for start_position 165 and length 90
Passed for start_position 165 and length 92
Passed for start_position 165 and length 94
Passed for start_position 165 and length 96
Passed for start_position 165 and length 98
Passed for start_position 165 and length 100
Passed for start_position 166 and length 2
Passed for start_position 166 and length 4
Passed for start_position 166 and length 6
Passed for start_position 166 and length 8
Passed for start_position 166 and length 10
Passed for start_position 166 and length 12
Passed for start_position 166 and length 14
Passed for start_position 166 and length 16
Passed for start_position 166 and length 18
Passed for start_position 166 and length 20
Passed for start_position 166 and length 22
Passed for start_position 166 and length 24
Passed for start_position 166 and length 26
Passed for start_position 166 and length 28
Passed for start_position 166 and length 30
Passed for start_position 166 and length 32
Passed for start_position 166 and length 34
Passed for start_position 166 and length 36
Passed for start_position 166 and length 38
Passed for start_position 166 and length 40
Passed for start_position 166 and length 42
Passed for start_position 166 and length 44
Passed for start_position 166 and length 46
Passed for start_position 166 and length 48
Passed for start_position 166 and length 50
Passed for start_position 166 and length 52
Passed for start_position 166 and length 54
Passed for start_position 166 and length 56
Passed for start_position 166 and length 58
Passed for start_position 166 and length 60
Passed for start_position 166 and length 62
Passed for start_position 166 and length 64
Passed for start_position 166 and length 66
Passed for start_position 166 and length 68
Passed for start_position 166 and length 70
Passed for start_position 166 and length 72
Passed for start_position 166 and length 74
Passed for start_position 166 and length 76
Passed for start_position 166 and length 78
Passed for start_position 166 and length 80
Passed for start_position 166 and length 82
Passed for start_position 166 and length 84
Passed for start_position 166 and length 86
Passed for start_position 166 and length 88
Passed for start_position 166 and length 90
Passed for start_position 166 and length 92
Passed for start_position 166 and length 94
Passed for start_position 166 and length 96
Passed for start_position 166 and length 98
Passed for start_position 166 and length 100
Passed for start_position 167 and length 2
Passed for start_position 167 and length 4
Passed for start_position 167 and length 6
Passed for start_position 167 and length 8
Passed for start_position 167 and length 10
Passed for start_position 167 and length 12
Passed for start_position 167 and length 14
Passed for start_position 167 and length 16
Passed for start_position 167 and length 18
Passed for start_position 167 and length 20
Passed for start_position 167 and length 22
Passed for start_position 167 and length 24
Passed for start_position 167 and length 26
Passed for start_position 167 and length 28
Passed for start_position 167 and length 30
Passed for start_position 167 and length 32
Passed for start_position 167 and length 34
Passed for start_position 167 and length 36
Passed for start_position 167 and length 38
Passed for start_position 167 and length 40
Passed for start_position 167 and length 42
Passed for start_position 167 and length 44
Passed for start_position 167 and length 46
Passed for start_position 167 and length 48
Passed for start_position 167 and length 50
Passed for start_position 167 and length 52
Passed for start_position 167 and length 54
Passed for start_position 167 and length 56
Passed for start_position 167 and length 58
Passed for start_position 167 and length 60
Passed for start_position 167 and length 62
Passed for start_position 167 and length 64
Passed for start_position 167 and length 66
Passed for start_position 167 and length 68
Passed for start_position 167 and length 70
Passed for start_position 167 and length 72
Passed for start_position 167 and length 74
Passed for start_position 167 and length 76
Passed for start_position 167 and length 78
Passed for start_position 167 and length 80
Passed for start_position 167 and length 82
Passed for start_position 167 and length 84
Passed for start_position 167 and length 86
Passed for start_position 167 and length 88
Passed for start_position 167 and length 90
Passed for start_position 167 and length 92
Passed for start_position 167 and length 94
Passed for start_position 167 and length 96
Passed for start_position 167 and length 98
Passed for start_position 167 and length 100
Passed for start_position 168 and length 2
Passed for start_position 168 and length 4
Passed for start_position 168 and length 6
Passed for start_position 168 and length 8
Passed for start_position 168 and length 10
Passed for start_position 168 and length 12
Passed for start_position 168 and length 14
Passed for start_position 168 and length 16
Passed for start_position 168 and length 18
Passed for start_position 168 and length 20
Passed for start_position 168 and length 22
Passed for start_position 168 and length 24
Passed for start_position 168 and length 26
Passed for start_position 168 and length 28
Passed for start_position 168 and length 30
Passed for start_position 168 and length 32
Passed for start_position 168 and length 34
Passed for start_position 168 and length 36
Passed for start_position 168 and length 38
Passed for start_position 168 and length 40
Passed for start_position 168 and length 42
Passed for start_position 168 and length 44
Passed for start_position 168 and length 46
Passed for start_position 168 and length 48
Passed for start_position 168 and length 50
Passed for start_position 168 and length 52
Passed for start_position 168 and length 54
Passed for start_position 168 and length 56
Passed for start_position 168 and length 58
Passed for start_position 168 and length 60
Passed for start_position 168 and length 62
Passed for start_position 168 and length 64
Passed for start_position 168 and length 66
Passed for start_position 168 and length 68
Passed for start_position 168 and length 70
Passed for start_position 168 and length 72
Passed for start_position 168 and length 74
Passed for start_position 168 and length 76
Passed for start_position 168 and length 78
Passed for start_position 168 and length 80
Passed for start_position 168 and length 82
Passed for start_position 168 and length 84
Passed for start_position 168 and length 86
Passed for start_position 168 and length 88
Passed for start_position 168 and length 90
Passed for start_position 168 and length 92
Passed for start_position 168 and length 94
Passed for start_position 168 and length 96
Passed for start_position 168 and length 98
Passed for start_position 168 and length 100
Passed for start_position 169 and length 2
Passed for start_position 169 and length 4
Passed for start_position 169 and length 6
Passed for start_position 169 and length 8
Passed for start_position 169 and length 10
Passed for start_position 169 and length 12
Passed for start_position 169 and length 14
Passed for start_position 169 and length 16
Passed for start_position 169 and length 18
Passed for start_position 169 and length 20
Passed for start_position 169 and length 22
Passed for start_position 169 and length 24
Passed for start_position 169 and length 26
Passed for start_position 169 and length 28
Passed for start_position 169 and length 30
Passed for start_position 169 and length 32
Passed for start_position 169 and length 34
Passed for start_position 169 and length 36
Passed for start_position 169 and length 38
Passed for start_position 169 and length 40
Passed for start_position 169 and length 42
Passed for start_position 169 and length 44
Passed for start_position 169 and length 46
Passed for start_position 169 and length 48
Passed for start_position 169 and length 50
Passed for start_position 169 and length 52
Passed for start_position 169 and length 54
Passed for start_position 169 and length 56
Passed for start_position 169 and length 58
Passed for start_position 169 and length 60
Passed for start_position 169 and length 62
Passed for start_position 169 and length 64
Passed for start_position 169 and length 66
Passed for start_position 169 and length 68
Passed for start_position 169 and length 70
Passed for start_position 169 and length 72
Passed for start_position 169 and length 74
Passed for start_position 169 and length 76
Passed for start_position 169 and length 78
Passed for start_position 169 and length 80
Passed for start_position 169 and length 82
Passed for start_position 169 and length 84
Passed for start_position 169 and length 86
Passed for start_position 169 and length 88
Passed for start_position 169 and length 90
Passed for start_position 169 and length 92
Passed for start_position 169 and length 94
Passed for start_position 169 and length 96
Passed for start_position 169 and length 98
Passed for start_position 169 and length 100
Passed for start_position 170 and length 2
Passed for start_position 170 and length 4
Passed for start_position 170 and length 6
Passed for start_position 170 and length 8
Passed for start_position 170 and length 10
Passed for start_position 170 and length 12
Passed for start_position 170 and length 14
Passed for start_position 170 and length 16
Passed for start_position 170 and length 18
Passed for start_position 170 and length 20
Passed for start_position 170 and length 22
Passed for start_position 170 and length 24
Passed for start_position 170 and length 26
Passed for start_position 170 and length 28
Passed for start_position 170 and length 30
Passed for start_position 170 and length 32
Passed for start_position 170 and length 34
Passed for start_position 170 and length 36
Passed for start_position 170 and length 38
Passed for start_position 170 and length 40
Passed for start_position 170 and length 42
Passed for start_position 170 and length 44
Passed for start_position 170 and length 46
Passed for start_position 170 and length 48
Passed for start_position 170 and length 50
Passed for start_position 170 and length 52
Passed for start_position 170 and length 54
Passed for start_position 170 and length 56
Passed for start_position 170 and length 58
Passed for start_position 170 and length 60
Passed for start_position 170 and length 62
Passed for start_position 170 and length 64
Passed for start_position 170 and length 66
Passed for start_position 170 and length 68
Passed for start_position 170 and length 70
Passed for start_position 170 and length 72
Passed for start_position 170 and length 74
Passed for start_position 170 and length 76
Passed for start_position 170 and length 78
Passed for start_position 170 and length 80
Passed for start_position 170 and length 82
Passed for start_position 170 and length 84
Passed for start_position 170 and length 86
Passed for start_position 170 and length 88
Passed for start_position 170 and length 90
Passed for start_position 170 and length 92
Passed for start_position 170 and length 94
Passed for start_position 170 and length 96
Passed for start_position 170 and length 98
Passed for start_position 170 and length 100
Passed for start_position 171 and length 2
Passed for start_position 171 and length 4
Passed for start_position 171 and length 6
Passed for start_position 171 and length 8
Passed for start_position 171 and length 10
Passed for start_position 171 and length 12
Passed for start_position 171 and length 14
Passed for start_position 171 and length 16
Passed for start_position 171 and length 18
Passed for start_position 171 and length 20
Passed for start_position 171 and length 22
Passed for start_position 171 and length 24
Passed for start_position 171 and length 26
Passed for start_position 171 and length 28
Passed for start_position 171 and length 30
Passed for start_position 171 and length 32
Passed for start_position 171 and length 34
Passed for start_position 171 and length 36
Passed for start_position 171 and length 38
Passed for start_position 171 and length 40
Passed for start_position 171 and length 42
Passed for start_position 171 and length 44
Passed for start_position 171 and length 46
Passed for start_position 171 and length 48
Passed for start_position 171 and length 50
Passed for start_position 171 and length 52
Passed for start_position 171 and length 54
Passed for start_position 171 and length 56
Passed for start_position 171 and length 58
Passed for start_position 171 and length 60
Passed for start_position 171 and length 62
Passed for start_position 171 and length 64
Passed for start_position 171 and length 66
Passed for start_position 171 and length 68
Passed for start_position 171 and length 70
Passed for start_position 171 and length 72
Passed for start_position 171 and length 74
Passed for start_position 171 and length 76
Passed for start_position 171 and length 78
Passed for start_position 171 and length 80
Passed for start_position 171 and length 82
Passed for start_position 171 and length 84
Passed for start_position 171 and length 86
Passed for start_position 171 and length 88
Passed for start_position 171 and length 90
Passed for start_position 171 and length 92
Passed for start_position 171 and length 94
Passed for start_position 171 and length 96
Passed for start_position 171 and length 98
Passed for start_position 171 and length 100
Passed for start_position 172 and length 2
Passed for start_position 172 and length 4
Passed for start_position 172 and length 6
Passed for start_position 172 and length 8
Passed for start_position 172 and length 10
Passed for start_position 172 and length 12
Passed for start_position 172 and length 14
Passed for start_position 172 and length 16
Passed for start_position 172 and length 18
Passed for start_position 172 and length 20
Passed for start_position 172 and length 22
Passed for start_position 172 and length 24
Passed for start_position 172 and length 26
Passed for start_position 172 and length 28
Passed for start_position 172 and length 30
Passed for start_position 172 and length 32
Passed for start_position 172 and length 34
Passed for start_position 172 and length 36
Passed for start_position 172 and length 38
Passed for start_position 172 and length 40
Passed for start_position 172 and length 42
Passed for start_position 172 and length 44
Passed for start_position 172 and length 46
Passed for start_position 172 and length 48
Passed for start_position 172 and length 50
Passed for start_position 172 and length 52
Passed for start_position 172 and length 54
Passed for start_position 172 and length 56
Passed for start_position 172 and length 58
Passed for start_position 172 and length 60
Passed for start_position 172 and length 62
Passed for start_position 172 and length 64
Passed for start_position 172 and length 66
Passed for start_position 172 and length 68
Passed for start_position 172 and length 70
Passed for start_position 172 and length 72
Passed for start_position 172 and length 74
Passed for start_position 172 and length 76
Passed for start_position 172 and length 78
Passed for start_position 172 and length 80
Passed for start_position 172 and length 82
Passed for start_position 172 and length 84
Passed for start_position 172 and length 86
Passed for start_position 172 and length 88
Passed for start_position 172 and length 90
Passed for start_position 172 and length 92
Passed for start_position 172 and length 94
Passed for start_position 172 and length 96
Passed for start_position 172 and length 98
Passed for start_position 172 and length 100
Passed for start_position 173 and length 2
Passed for start_position 173 and length 4
Passed for start_position 173 and length 6
Passed for start_position 173 and length 8
Passed for start_position 173 and length 10
Passed for start_position 173 and length 12
Passed for start_position 173 and length 14
Passed for start_position 173 and length 16
Passed for start_position 173 and length 18
Passed for start_position 173 and length 20
Passed for start_position 173 and length 22
Passed for start_position 173 and length 24
Passed for start_position 173 and length 26
Passed for start_position 173 and length 28
Passed for start_position 173 and length 30
Passed for start_position 173 and length 32
Passed for start_position 173 and length 34
Passed for start_position 173 and length 36
Passed for start_position 173 and length 38
Passed for start_position 173 and length 40
Passed for start_position 173 and length 42
Passed for start_position 173 and length 44
Passed for start_position 173 and length 46
Passed for start_position 173 and length 48
Passed for start_position 173 and length 50
Passed for start_position 173 and length 52
Passed for start_position 173 and length 54
Passed for start_position 173 and length 56
Passed for start_position 173 and length 58
Passed for start_position 173 and length 60
Passed for start_position 173 and length 62
Passed for start_position 173 and length 64
Passed for start_position 173 and length 66
Passed for start_position 173 and length 68
Passed for start_position 173 and length 70
Passed for start_position 173 and length 72
Passed for start_position 173 and length 74
Passed for start_position 173 and length 76
Passed for start_position 173 and length 78
Passed for start_position 173 and length 80
Passed for start_position 173 and length 82
Passed for start_position 173 and length 84
Passed for start_position 173 and length 86
Passed for start_position 173 and length 88
Passed for start_position 173 and length 90
Passed for start_position 173 and length 92
Passed for start_position 173 and length 94
Passed for start_position 173 and length 96
Passed for start_position 173 and length 98
Passed for start_position 173 and length 100
Passed for start_position 174 and length 2
Passed for start_position 174 and length 4
Passed for start_position 174 and length 6
Passed for start_position 174 and length 8
Error for start_position 174 and length 10: Movement 1 not in dictionary
Passed for start_position 174 and length 12
Passed for start_position 174 and length 14
Error for start_position 174 and length 16: Movement -1 not in dictionary
Passed for start_position 174 and length 18
Passed for start_position 174 and length 20
Passed for start_position 174 and length 22
Error for start_position 174 and length 24: Movement 1 not in dictionary
Passed for start_position 174 and length 26
Passed for start_position 174 and length 28
Passed for start_position 174 and length 30
Error for start_position 174 and length 32: Movement 1 not in dictionary
Error for start_position 174 and length 34: Movement -1 not in dictionary
Error for start_position 174 and length 36: Movement -1 not in dictionary
Error for start_position 174 and length 38: Movement -1 not in dictionary
Passed for start_position 174 and length 40
Passed for start_position 174 and length 42
Passed for start_position 174 and length 44
Passed for start_position 174 and length 46
Error for start_position 174 and length 48: Movement -1 not in dictionary
Error for start_position 174 and length 50: Movement 1 not in dictionary
Error for start_position 174 and length 52: Movement -1 not in dictionary
Error for start_position 174 and length 54: Movement 1 not in dictionary
Passed for start_position 174 and length 56
Passed for start_position 174 and length 58
Error for start_position 174 and length 60: Movement 1 not in dictionary
Passed for start_position 174 and length 62
Passed for start_position 174 and length 64
Passed for start_position 174 and length 66
Error for start_position 174 and length 68: Movement -1 not in dictionary
Error for start_position 174 and length 70: Movement -1 not in dictionary
Passed for start_position 174 and length 72
Passed for start_position 174 and length 74
Error for start_position 174 and length 76: Movement 1 not in dictionary
Error for start_position 174 and length 78: Movement -1 not in dictionary
Error for start_position 174 and length 80: Movement 1 not in dictionary
Passed for start_position 174 and length 82
Error for start_position 174 and length 84: Movement -1 not in dictionary
Error for start_position 174 and length 86: Movement 1 not in dictionary
Passed for start_position 174 and length 88
Passed for start_position 174 and length 90
Passed for start_position 174 and length 92
Passed for start_position 174 and length 94
Passed for start_position 174 and length 96
Error for start_position 174 and length 98: Movement 1 not in dictionary
Passed for start_position 174 and length 100
Passed for start_position 175 and length 2
Passed for start_position 175 and length 4
Passed for start_position 175 and length 6
Passed for start_position 175 and length 8
Passed for start_position 175 and length 10
Passed for start_position 175 and length 12
Passed for start_position 175 and length 14
Passed for start_position 175 and length 16
Passed for start_position 175 and length 18
Passed for start_position 175 and length 20
Passed for start_position 175 and length 22
Passed for start_position 175 and length 24
Passed for start_position 175 and length 26
Passed for start_position 175 and length 28
Passed for start_position 175 and length 30
Passed for start_position 175 and length 32
Passed for start_position 175 and length 34
Passed for start_position 175 and length 36
Passed for start_position 175 and length 38
Passed for start_position 175 and length 40
Passed for start_position 175 and length 42
Passed for start_position 175 and length 44
Passed for start_position 175 and length 46
Passed for start_position 175 and length 48
Passed for start_position 175 and length 50
Passed for start_position 175 and length 52
Passed for start_position 175 and length 54
Passed for start_position 175 and length 56
Passed for start_position 175 and length 58
Passed for start_position 175 and length 60
Passed for start_position 175 and length 62
Passed for start_position 175 and length 64
Passed for start_position 175 and length 66
Passed for start_position 175 and length 68
Passed for start_position 175 and length 70
Passed for start_position 175 and length 72
Passed for start_position 175 and length 74
Passed for start_position 175 and length 76
Passed for start_position 175 and length 78
Passed for start_position 175 and length 80
Passed for start_position 175 and length 82
Passed for start_position 175 and length 84
Passed for start_position 175 and length 86
Passed for start_position 175 and length 88
Passed for start_position 175 and length 90
Passed for start_position 175 and length 92
Passed for start_position 175 and length 94
Passed for start_position 175 and length 96
Passed for start_position 175 and length 98
Passed for start_position 175 and length 100
Passed for start_position 176 and length 2
Passed for start_position 176 and length 4
Passed for start_position 176 and length 6
Passed for start_position 176 and length 8
Passed for start_position 176 and length 10
Passed for start_position 176 and length 12
Passed for start_position 176 and length 14
Passed for start_position 176 and length 16
Passed for start_position 176 and length 18
Passed for start_position 176 and length 20
Passed for start_position 176 and length 22
Passed for start_position 176 and length 24
Passed for start_position 176 and length 26
Passed for start_position 176 and length 28
Passed for start_position 176 and length 30
Passed for start_position 176 and length 32
Passed for start_position 176 and length 34
Passed for start_position 176 and length 36
Passed for start_position 176 and length 38
Passed for start_position 176 and length 40
Passed for start_position 176 and length 42
Passed for start_position 176 and length 44
Passed for start_position 176 and length 46
Passed for start_position 176 and length 48
Passed for start_position 176 and length 50
Passed for start_position 176 and length 52
Passed for start_position 176 and length 54
Passed for start_position 176 and length 56
Passed for start_position 176 and length 58
Passed for start_position 176 and length 60
Passed for start_position 176 and length 62
Passed for start_position 176 and length 64
Passed for start_position 176 and length 66
Passed for start_position 176 and length 68
Passed for start_position 176 and length 70
Passed for start_position 176 and length 72
Passed for start_position 176 and length 74
Passed for start_position 176 and length 76
Passed for start_position 176 and length 78
Passed for start_position 176 and length 80
Passed for start_position 176 and length 82
Passed for start_position 176 and length 84
Passed for start_position 176 and length 86
Passed for start_position 176 and length 88
Passed for start_position 176 and length 90
Passed for start_position 176 and length 92
Passed for start_position 176 and length 94
Passed for start_position 176 and length 96
Passed for start_position 176 and length 98
Passed for start_position 176 and length 100
Passed for start_position 177 and length 2
Passed for start_position 177 and length 4
Passed for start_position 177 and length 6
Passed for start_position 177 and length 8
Passed for start_position 177 and length 10
Passed for start_position 177 and length 12
Passed for start_position 177 and length 14
Passed for start_position 177 and length 16
Passed for start_position 177 and length 18
Passed for start_position 177 and length 20
Passed for start_position 177 and length 22
Passed for start_position 177 and length 24
Passed for start_position 177 and length 26
Passed for start_position 177 and length 28
Passed for start_position 177 and length 30
Passed for start_position 177 and length 32
Passed for start_position 177 and length 34
Passed for start_position 177 and length 36
Passed for start_position 177 and length 38
Passed for start_position 177 and length 40
Passed for start_position 177 and length 42
Passed for start_position 177 and length 44
Passed for start_position 177 and length 46
Passed for start_position 177 and length 48
Passed for start_position 177 and length 50
Passed for start_position 177 and length 52
Passed for start_position 177 and length 54
Passed for start_position 177 and length 56
Passed for start_position 177 and length 58
Passed for start_position 177 and length 60
Passed for start_position 177 and length 62
Passed for start_position 177 and length 64
Passed for start_position 177 and length 66
Passed for start_position 177 and length 68
Passed for start_position 177 and length 70
Passed for start_position 177 and length 72
Passed for start_position 177 and length 74
Passed for start_position 177 and length 76
Passed for start_position 177 and length 78
Passed for start_position 177 and length 80
Passed for start_position 177 and length 82
Passed for start_position 177 and length 84
Passed for start_position 177 and length 86
Passed for start_position 177 and length 88
Passed for start_position 177 and length 90
Passed for start_position 177 and length 92
Passed for start_position 177 and length 94
Passed for start_position 177 and length 96
Passed for start_position 177 and length 98
Passed for start_position 177 and length 100
Passed for start_position 178 and length 2
Passed for start_position 178 and length 4
Passed for start_position 178 and length 6
Passed for start_position 178 and length 8
Passed for start_position 178 and length 10
Passed for start_position 178 and length 12
Passed for start_position 178 and length 14
Passed for start_position 178 and length 16
Passed for start_position 178 and length 18
Passed for start_position 178 and length 20
Passed for start_position 178 and length 22
Passed for start_position 178 and length 24
Passed for start_position 178 and length 26
Passed for start_position 178 and length 28
Passed for start_position 178 and length 30
Passed for start_position 178 and length 32
Passed for start_position 178 and length 34
Passed for start_position 178 and length 36
Passed for start_position 178 and length 38
Passed for start_position 178 and length 40
Passed for start_position 178 and length 42
Passed for start_position 178 and length 44
Passed for start_position 178 and length 46
Passed for start_position 178 and length 48
Passed for start_position 178 and length 50
Passed for start_position 178 and length 52
Passed for start_position 178 and length 54
Passed for start_position 178 and length 56
Passed for start_position 178 and length 58
Passed for start_position 178 and length 60
Passed for start_position 178 and length 62
Passed for start_position 178 and length 64
Passed for start_position 178 and length 66
Passed for start_position 178 and length 68
Passed for start_position 178 and length 70
Passed for start_position 178 and length 72
Passed for start_position 178 and length 74
Passed for start_position 178 and length 76
Passed for start_position 178 and length 78
Passed for start_position 178 and length 80
Passed for start_position 178 and length 82
Passed for start_position 178 and length 84
Passed for start_position 178 and length 86
Passed for start_position 178 and length 88
Passed for start_position 178 and length 90
Passed for start_position 178 and length 92
Passed for start_position 178 and length 94
Passed for start_position 178 and length 96
Passed for start_position 178 and length 98
Passed for start_position 178 and length 100
Passed for start_position 179 and length 2
Passed for start_position 179 and length 4
Passed for start_position 179 and length 6
Passed for start_position 179 and length 8
Passed for start_position 179 and length 10
Passed for start_position 179 and length 12
Passed for start_position 179 and length 14
Passed for start_position 179 and length 16
Passed for start_position 179 and length 18
Passed for start_position 179 and length 20
Passed for start_position 179 and length 22
Passed for start_position 179 and length 24
Passed for start_position 179 and length 26
Passed for start_position 179 and length 28
Passed for start_position 179 and length 30
Passed for start_position 179 and length 32
Passed for start_position 179 and length 34
Passed for start_position 179 and length 36
Passed for start_position 179 and length 38
Passed for start_position 179 and length 40
Passed for start_position 179 and length 42
Passed for start_position 179 and length 44
Passed for start_position 179 and length 46
Passed for start_position 179 and length 48
Passed for start_position 179 and length 50
Passed for start_position 179 and length 52
Passed for start_position 179 and length 54
Passed for start_position 179 and length 56
Passed for start_position 179 and length 58
Passed for start_position 179 and length 60
Passed for start_position 179 and length 62
Passed for start_position 179 and length 64
Passed for start_position 179 and length 66
Passed for start_position 179 and length 68
Passed for start_position 179 and length 70
Passed for start_position 179 and length 72
Passed for start_position 179 and length 74
Passed for start_position 179 and length 76
Passed for start_position 179 and length 78
Passed for start_position 179 and length 80
Passed for start_position 179 and length 82
Passed for start_position 179 and length 84
Passed for start_position 179 and length 86
Passed for start_position 179 and length 88
Passed for start_position 179 and length 90
Passed for start_position 179 and length 92
Passed for start_position 179 and length 94
Passed for start_position 179 and length 96
Passed for start_position 179 and length 98
Passed for start_position 179 and length 100
Passed for start_position 180 and length 2
Passed for start_position 180 and length 4
Passed for start_position 180 and length 6
Passed for start_position 180 and length 8
Passed for start_position 180 and length 10
Passed for start_position 180 and length 12
Passed for start_position 180 and length 14
Passed for start_position 180 and length 16
Passed for start_position 180 and length 18
Passed for start_position 180 and length 20
Passed for start_position 180 and length 22
Passed for start_position 180 and length 24
Passed for start_position 180 and length 26
Passed for start_position 180 and length 28
Passed for start_position 180 and length 30
Passed for start_position 180 and length 32
Passed for start_position 180 and length 34
Passed for start_position 180 and length 36
Passed for start_position 180 and length 38
Passed for start_position 180 and length 40
Passed for start_position 180 and length 42
Passed for start_position 180 and length 44
Passed for start_position 180 and length 46
Passed for start_position 180 and length 48
Passed for start_position 180 and length 50
Passed for start_position 180 and length 52
Passed for start_position 180 and length 54
Passed for start_position 180 and length 56
Passed for start_position 180 and length 58
Passed for start_position 180 and length 60
Passed for start_position 180 and length 62
Passed for start_position 180 and length 64
Passed for start_position 180 and length 66
Passed for start_position 180 and length 68
Passed for start_position 180 and length 70
Passed for start_position 180 and length 72
Passed for start_position 180 and length 74
Passed for start_position 180 and length 76
Passed for start_position 180 and length 78
Passed for start_position 180 and length 80
Passed for start_position 180 and length 82
Passed for start_position 180 and length 84
Passed for start_position 180 and length 86
Passed for start_position 180 and length 88
Passed for start_position 180 and length 90
Passed for start_position 180 and length 92
Passed for start_position 180 and length 94
Passed for start_position 180 and length 96
Passed for start_position 180 and length 98
Passed for start_position 180 and length 100
Error for start_position 181 and length 2: Movement 1 not in dictionary
Passed for start_position 181 and length 4
Passed for start_position 181 and length 6
Passed for start_position 181 and length 8
Error for start_position 181 and length 10: Movement -1 not in dictionary
Error for start_position 181 and length 12: Movement 1 not in dictionary
Passed for start_position 181 and length 14
Passed for start_position 181 and length 16
Passed for start_position 181 and length 18
Passed for start_position 181 and length 20
Passed for start_position 181 and length 22
Error for start_position 181 and length 24: Movement -1 not in dictionary
Passed for start_position 181 and length 26
Error for start_position 181 and length 28: Movement 1 not in dictionary
Passed for start_position 181 and length 30
Passed for start_position 181 and length 32
Passed for start_position 181 and length 34
Passed for start_position 181 and length 36
Passed for start_position 181 and length 38
Passed for start_position 181 and length 40
Passed for start_position 181 and length 42
Passed for start_position 181 and length 44
Passed for start_position 181 and length 46
Passed for start_position 181 and length 48
Passed for start_position 181 and length 50
Error for start_position 181 and length 52: Movement 1 not in dictionary
Passed for start_position 181 and length 54
Passed for start_position 181 and length 56
Error for start_position 181 and length 58: Movement 1 not in dictionary
Passed for start_position 181 and length 60
Error for start_position 181 and length 62: Movement -1 not in dictionary
Error for start_position 181 and length 64: Movement 1 not in dictionary
Passed for start_position 181 and length 66
Passed for start_position 181 and length 68
Error for start_position 181 and length 70: Movement 1 not in dictionary
Error for start_position 181 and length 72: Movement 1 not in dictionary
Passed for start_position 181 and length 74
Error for start_position 181 and length 76: Movement -1 not in dictionary
Passed for start_position 181 and length 78
Error for start_position 181 and length 80: Movement 1 not in dictionary
Error for start_position 181 and length 82: Movement -1 not in dictionary
Passed for start_position 181 and length 84
Passed for start_position 181 and length 86
Error for start_position 181 and length 88: Movement -1 not in dictionary
Error for start_position 181 and length 90: Movement 1 not in dictionary
Passed for start_position 181 and length 92
Passed for start_position 181 and length 94
Error for start_position 181 and length 96: Movement -1 not in dictionary
Passed for start_position 181 and length 98
Error for start_position 181 and length 100: Movement -1 not in dictionary
Passed for start_position 182 and length 2
Passed for start_position 182 and length 4
Passed for start_position 182 and length 6
Passed for start_position 182 and length 8
Passed for start_position 182 and length 10
Passed for start_position 182 and length 12
Passed for start_position 182 and length 14
Passed for start_position 182 and length 16
Passed for start_position 182 and length 18
Passed for start_position 182 and length 20
Passed for start_position 182 and length 22
Passed for start_position 182 and length 24
Passed for start_position 182 and length 26
Passed for start_position 182 and length 28
Passed for start_position 182 and length 30
Passed for start_position 182 and length 32
Passed for start_position 182 and length 34
Passed for start_position 182 and length 36
Passed for start_position 182 and length 38
Passed for start_position 182 and length 40
Passed for start_position 182 and length 42
Passed for start_position 182 and length 44
Passed for start_position 182 and length 46
Passed for start_position 182 and length 48
Passed for start_position 182 and length 50
Passed for start_position 182 and length 52
Passed for start_position 182 and length 54
Passed for start_position 182 and length 56
Passed for start_position 182 and length 58
Passed for start_position 182 and length 60
Passed for start_position 182 and length 62
Passed for start_position 182 and length 64
Passed for start_position 182 and length 66
Passed for start_position 182 and length 68
Passed for start_position 182 and length 70
Passed for start_position 182 and length 72
Passed for start_position 182 and length 74
Passed for start_position 182 and length 76
Passed for start_position 182 and length 78
Passed for start_position 182 and length 80
Passed for start_position 182 and length 82
Passed for start_position 182 and length 84
Passed for start_position 182 and length 86
Passed for start_position 182 and length 88
Passed for start_position 182 and length 90
Passed for start_position 182 and length 92
Passed for start_position 182 and length 94
Passed for start_position 182 and length 96
Passed for start_position 182 and length 98
Passed for start_position 182 and length 100
Passed for start_position 183 and length 2
Passed for start_position 183 and length 4
Passed for start_position 183 and length 6
Passed for start_position 183 and length 8
Passed for start_position 183 and length 10
Passed for start_position 183 and length 12
Passed for start_position 183 and length 14
Passed for start_position 183 and length 16
Passed for start_position 183 and length 18
Passed for start_position 183 and length 20
Passed for start_position 183 and length 22
Passed for start_position 183 and length 24
Passed for start_position 183 and length 26
Passed for start_position 183 and length 28
Passed for start_position 183 and length 30
Passed for start_position 183 and length 32
Passed for start_position 183 and length 34
Passed for start_position 183 and length 36
Passed for start_position 183 and length 38
Passed for start_position 183 and length 40
Passed for start_position 183 and length 42
Passed for start_position 183 and length 44
Passed for start_position 183 and length 46
Passed for start_position 183 and length 48
Passed for start_position 183 and length 50
Passed for start_position 183 and length 52
Passed for start_position 183 and length 54
Passed for start_position 183 and length 56
Passed for start_position 183 and length 58
Passed for start_position 183 and length 60
Passed for start_position 183 and length 62
Passed for start_position 183 and length 64
Passed for start_position 183 and length 66
Passed for start_position 183 and length 68
Passed for start_position 183 and length 70
Passed for start_position 183 and length 72
Passed for start_position 183 and length 74
Passed for start_position 183 and length 76
Passed for start_position 183 and length 78
Passed for start_position 183 and length 80
Passed for start_position 183 and length 82
Passed for start_position 183 and length 84
Passed for start_position 183 and length 86
Passed for start_position 183 and length 88
Passed for start_position 183 and length 90
Passed for start_position 183 and length 92
Passed for start_position 183 and length 94
Passed for start_position 183 and length 96
Passed for start_position 183 and length 98
Passed for start_position 183 and length 100
Passed for start_position 184 and length 2
Passed for start_position 184 and length 4
Passed for start_position 184 and length 6
Passed for start_position 184 and length 8
Passed for start_position 184 and length 10
Passed for start_position 184 and length 12
Passed for start_position 184 and length 14
Passed for start_position 184 and length 16
Passed for start_position 184 and length 18
Passed for start_position 184 and length 20
Passed for start_position 184 and length 22
Passed for start_position 184 and length 24
Passed for start_position 184 and length 26
Passed for start_position 184 and length 28
Passed for start_position 184 and length 30
Passed for start_position 184 and length 32
Passed for start_position 184 and length 34
Passed for start_position 184 and length 36
Passed for start_position 184 and length 38
Passed for start_position 184 and length 40
Passed for start_position 184 and length 42
Passed for start_position 184 and length 44
Passed for start_position 184 and length 46
Passed for start_position 184 and length 48
Passed for start_position 184 and length 50
Passed for start_position 184 and length 52
Passed for start_position 184 and length 54
Passed for start_position 184 and length 56
Passed for start_position 184 and length 58
Passed for start_position 184 and length 60
Passed for start_position 184 and length 62
Passed for start_position 184 and length 64
Passed for start_position 184 and length 66
Passed for start_position 184 and length 68
Passed for start_position 184 and length 70
Passed for start_position 184 and length 72
Passed for start_position 184 and length 74
Passed for start_position 184 and length 76
Passed for start_position 184 and length 78
Passed for start_position 184 and length 80
Passed for start_position 184 and length 82
Passed for start_position 184 and length 84
Passed for start_position 184 and length 86
Passed for start_position 184 and length 88
Passed for start_position 184 and length 90
Passed for start_position 184 and length 92
Passed for start_position 184 and length 94
Passed for start_position 184 and length 96
Passed for start_position 184 and length 98
Passed for start_position 184 and length 100
Passed for start_position 185 and length 2
Passed for start_position 185 and length 4
Passed for start_position 185 and length 6
Passed for start_position 185 and length 8
Passed for start_position 185 and length 10
Passed for start_position 185 and length 12
Passed for start_position 185 and length 14
Passed for start_position 185 and length 16
Passed for start_position 185 and length 18
Passed for start_position 185 and length 20
Passed for start_position 185 and length 22
Passed for start_position 185 and length 24
Passed for start_position 185 and length 26
Passed for start_position 185 and length 28
Passed for start_position 185 and length 30
Passed for start_position 185 and length 32
Passed for start_position 185 and length 34
Passed for start_position 185 and length 36
Passed for start_position 185 and length 38
Passed for start_position 185 and length 40
Passed for start_position 185 and length 42
Passed for start_position 185 and length 44
Passed for start_position 185 and length 46
Passed for start_position 185 and length 48
Passed for start_position 185 and length 50
Passed for start_position 185 and length 52
Passed for start_position 185 and length 54
Passed for start_position 185 and length 56
Passed for start_position 185 and length 58
Passed for start_position 185 and length 60
Passed for start_position 185 and length 62
Passed for start_position 185 and length 64
Passed for start_position 185 and length 66
Passed for start_position 185 and length 68
Passed for start_position 185 and length 70
Passed for start_position 185 and length 72
Passed for start_position 185 and length 74
Passed for start_position 185 and length 76
Passed for start_position 185 and length 78
Passed for start_position 185 and length 80
Passed for start_position 185 and length 82
Passed for start_position 185 and length 84
Passed for start_position 185 and length 86
Passed for start_position 185 and length 88
Passed for start_position 185 and length 90
Passed for start_position 185 and length 92
Passed for start_position 185 and length 94
Passed for start_position 185 and length 96
Passed for start_position 185 and length 98
Passed for start_position 185 and length 100
Passed for start_position 186 and length 2
Passed for start_position 186 and length 4
Passed for start_position 186 and length 6
Passed for start_position 186 and length 8
Passed for start_position 186 and length 10
Passed for start_position 186 and length 12
Passed for start_position 186 and length 14
Passed for start_position 186 and length 16
Passed for start_position 186 and length 18
Passed for start_position 186 and length 20
Passed for start_position 186 and length 22
Passed for start_position 186 and length 24
Passed for start_position 186 and length 26
Passed for start_position 186 and length 28
Passed for start_position 186 and length 30
Passed for start_position 186 and length 32
Passed for start_position 186 and length 34
Passed for start_position 186 and length 36
Passed for start_position 186 and length 38
Passed for start_position 186 and length 40
Passed for start_position 186 and length 42
Passed for start_position 186 and length 44
Passed for start_position 186 and length 46
Passed for start_position 186 and length 48
Passed for start_position 186 and length 50
Passed for start_position 186 and length 52
Passed for start_position 186 and length 54
Passed for start_position 186 and length 56
Passed for start_position 186 and length 58
Passed for start_position 186 and length 60
Passed for start_position 186 and length 62
Passed for start_position 186 and length 64
Passed for start_position 186 and length 66
Passed for start_position 186 and length 68
Passed for start_position 186 and length 70
Passed for start_position 186 and length 72
Passed for start_position 186 and length 74
Passed for start_position 186 and length 76
Passed for start_position 186 and length 78
Passed for start_position 186 and length 80
Passed for start_position 186 and length 82
Passed for start_position 186 and length 84
Passed for start_position 186 and length 86
Passed for start_position 186 and length 88
Passed for start_position 186 and length 90
Passed for start_position 186 and length 92
Passed for start_position 186 and length 94
Passed for start_position 186 and length 96
Passed for start_position 186 and length 98
Passed for start_position 186 and length 100
Passed for start_position 187 and length 2
Passed for start_position 187 and length 4
Passed for start_position 187 and length 6
Passed for start_position 187 and length 8
Passed for start_position 187 and length 10
Passed for start_position 187 and length 12
Passed for start_position 187 and length 14
Passed for start_position 187 and length 16
Passed for start_position 187 and length 18
Passed for start_position 187 and length 20
Passed for start_position 187 and length 22
Passed for start_position 187 and length 24
Passed for start_position 187 and length 26
Passed for start_position 187 and length 28
Passed for start_position 187 and length 30
Passed for start_position 187 and length 32
Passed for start_position 187 and length 34
Passed for start_position 187 and length 36
Passed for start_position 187 and length 38
Passed for start_position 187 and length 40
Passed for start_position 187 and length 42
Passed for start_position 187 and length 44
Passed for start_position 187 and length 46
Passed for start_position 187 and length 48
Passed for start_position 187 and length 50
Passed for start_position 187 and length 52
Passed for start_position 187 and length 54
Passed for start_position 187 and length 56
Passed for start_position 187 and length 58
Passed for start_position 187 and length 60
Passed for start_position 187 and length 62
Passed for start_position 187 and length 64
Passed for start_position 187 and length 66
Passed for start_position 187 and length 68
Passed for start_position 187 and length 70
Passed for start_position 187 and length 72
Passed for start_position 187 and length 74
Passed for start_position 187 and length 76
Passed for start_position 187 and length 78
Passed for start_position 187 and length 80
Passed for start_position 187 and length 82
Passed for start_position 187 and length 84
Passed for start_position 187 and length 86
Passed for start_position 187 and length 88
Passed for start_position 187 and length 90
Passed for start_position 187 and length 92
Passed for start_position 187 and length 94
Passed for start_position 187 and length 96
Passed for start_position 187 and length 98
Passed for start_position 187 and length 100
Passed for start_position 188 and length 2
Passed for start_position 188 and length 4
Passed for start_position 188 and length 6
Passed for start_position 188 and length 8
Passed for start_position 188 and length 10
Passed for start_position 188 and length 12
Passed for start_position 188 and length 14
Passed for start_position 188 and length 16
Passed for start_position 188 and length 18
Passed for start_position 188 and length 20
Passed for start_position 188 and length 22
Passed for start_position 188 and length 24
Passed for start_position 188 and length 26
Passed for start_position 188 and length 28
Passed for start_position 188 and length 30
Passed for start_position 188 and length 32
Passed for start_position 188 and length 34
Passed for start_position 188 and length 36
Passed for start_position 188 and length 38
Passed for start_position 188 and length 40
Passed for start_position 188 and length 42
Passed for start_position 188 and length 44
Passed for start_position 188 and length 46
Passed for start_position 188 and length 48
Passed for start_position 188 and length 50
Passed for start_position 188 and length 52
Passed for start_position 188 and length 54
Passed for start_position 188 and length 56
Passed for start_position 188 and length 58
Passed for start_position 188 and length 60
Passed for start_position 188 and length 62
Passed for start_position 188 and length 64
Passed for start_position 188 and length 66
Passed for start_position 188 and length 68
Passed for start_position 188 and length 70
Passed for start_position 188 and length 72
Passed for start_position 188 and length 74
Passed for start_position 188 and length 76
Passed for start_position 188 and length 78
Passed for start_position 188 and length 80
Passed for start_position 188 and length 82
Passed for start_position 188 and length 84
Passed for start_position 188 and length 86
Passed for start_position 188 and length 88
Passed for start_position 188 and length 90
Passed for start_position 188 and length 92
Passed for start_position 188 and length 94
Passed for start_position 188 and length 96
Passed for start_position 188 and length 98
Passed for start_position 188 and length 100
Passed for start_position 189 and length 2
Passed for start_position 189 and length 4
Error for start_position 189 and length 6: Movement 1 not in dictionary
Passed for start_position 189 and length 8
Error for start_position 189 and length 10: Movement -1 not in dictionary
Passed for start_position 189 and length 12
Error for start_position 189 and length 14: Movement -1 not in dictionary
Error for start_position 189 and length 16: Movement 1 not in dictionary
Error for start_position 189 and length 18: Movement -1 not in dictionary
Error for start_position 189 and length 20: Movement 1 not in dictionary
Error for start_position 189 and length 22: Movement 1 not in dictionary
Passed for start_position 189 and length 24
Passed for start_position 189 and length 26
Error for start_position 189 and length 28: Movement 1 not in dictionary
Error for start_position 189 and length 30: Movement -1 not in dictionary
Passed for start_position 189 and length 32
Passed for start_position 189 and length 34
Passed for start_position 189 and length 36
Passed for start_position 189 and length 38
Passed for start_position 189 and length 40
Passed for start_position 189 and length 42
Passed for start_position 189 and length 44
Error for start_position 189 and length 46: Movement 1 not in dictionary
Error for start_position 189 and length 48: Movement -1 not in dictionary
Passed for start_position 189 and length 50
Error for start_position 189 and length 52: Movement 1 not in dictionary
Passed for start_position 189 and length 54
Error for start_position 189 and length 56: Movement 1 not in dictionary
Error for start_position 189 and length 58: Movement 1 not in dictionary
Passed for start_position 189 and length 60
Error for start_position 189 and length 62: Movement -1 not in dictionary
Passed for start_position 189 and length 64
Error for start_position 189 and length 66: Movement -1 not in dictionary
Passed for start_position 189 and length 68
Passed for start_position 189 and length 70
Error for start_position 189 and length 72: Movement 1 not in dictionary
Passed for start_position 189 and length 74
Passed for start_position 189 and length 76
Error for start_position 189 and length 78: Movement -1 not in dictionary
Passed for start_position 189 and length 80
Error for start_position 189 and length 82: Movement 1 not in dictionary
Passed for start_position 189 and length 84
Passed for start_position 189 and length 86
Error for start_position 189 and length 88: Movement 1 not in dictionary
Passed for start_position 189 and length 90
Error for start_position 189 and length 92: Movement -1 not in dictionary
Passed for start_position 189 and length 94
Passed for start_position 189 and length 96
Error for start_position 189 and length 98: Movement -1 not in dictionary
Error for start_position 189 and length 100: Movement 1 not in dictionary
Passed for start_position 190 and length 2
Passed for start_position 190 and length 4
Passed for start_position 190 and length 6
Passed for start_position 190 and length 8
Passed for start_position 190 and length 10
Passed for start_position 190 and length 12
Passed for start_position 190 and length 14
Passed for start_position 190 and length 16
Passed for start_position 190 and length 18
Passed for start_position 190 and length 20
Passed for start_position 190 and length 22
Passed for start_position 190 and length 24
Passed for start_position 190 and length 26
Passed for start_position 190 and length 28
Passed for start_position 190 and length 30
Passed for start_position 190 and length 32
Passed for start_position 190 and length 34
Passed for start_position 190 and length 36
Passed for start_position 190 and length 38
Passed for start_position 190 and length 40
Passed for start_position 190 and length 42
Passed for start_position 190 and length 44
Passed for start_position 190 and length 46
Passed for start_position 190 and length 48
Passed for start_position 190 and length 50
Passed for start_position 190 and length 52
Passed for start_position 190 and length 54
Passed for start_position 190 and length 56
Passed for start_position 190 and length 58
Passed for start_position 190 and length 60
Passed for start_position 190 and length 62
Passed for start_position 190 and length 64
Passed for start_position 190 and length 66
Passed for start_position 190 and length 68
Passed for start_position 190 and length 70
Passed for start_position 190 and length 72
Passed for start_position 190 and length 74
Passed for start_position 190 and length 76
Passed for start_position 190 and length 78
Passed for start_position 190 and length 80
Passed for start_position 190 and length 82
Passed for start_position 190 and length 84
Passed for start_position 190 and length 86
Passed for start_position 190 and length 88
Passed for start_position 190 and length 90
Passed for start_position 190 and length 92
Passed for start_position 190 and length 94
Passed for start_position 190 and length 96
Passed for start_position 190 and length 98
Passed for start_position 190 and length 100
Passed for start_position 191 and length 2
Passed for start_position 191 and length 4
Passed for start_position 191 and length 6
Passed for start_position 191 and length 8
Passed for start_position 191 and length 10
Passed for start_position 191 and length 12
Passed for start_position 191 and length 14
Passed for start_position 191 and length 16
Passed for start_position 191 and length 18
Passed for start_position 191 and length 20
Passed for start_position 191 and length 22
Passed for start_position 191 and length 24
Passed for start_position 191 and length 26
Passed for start_position 191 and length 28
Passed for start_position 191 and length 30
Passed for start_position 191 and length 32
Passed for start_position 191 and length 34
Passed for start_position 191 and length 36
Passed for start_position 191 and length 38
Passed for start_position 191 and length 40
Passed for start_position 191 and length 42
Passed for start_position 191 and length 44
Passed for start_position 191 and length 46
Passed for start_position 191 and length 48
Passed for start_position 191 and length 50
Passed for start_position 191 and length 52
Passed for start_position 191 and length 54
Passed for start_position 191 and length 56
Passed for start_position 191 and length 58
Passed for start_position 191 and length 60
Passed for start_position 191 and length 62
Passed for start_position 191 and length 64
Passed for start_position 191 and length 66
Passed for start_position 191 and length 68
Passed for start_position 191 and length 70
Passed for start_position 191 and length 72
Passed for start_position 191 and length 74
Passed for start_position 191 and length 76
Passed for start_position 191 and length 78
Passed for start_position 191 and length 80
Passed for start_position 191 and length 82
Passed for start_position 191 and length 84
Passed for start_position 191 and length 86
Passed for start_position 191 and length 88
Passed for start_position 191 and length 90
Passed for start_position 191 and length 92
Passed for start_position 191 and length 94
Passed for start_position 191 and length 96
Passed for start_position 191 and length 98
Passed for start_position 191 and length 100
Passed for start_position 192 and length 2
Passed for start_position 192 and length 4
Passed for start_position 192 and length 6
Passed for start_position 192 and length 8
Passed for start_position 192 and length 10
Passed for start_position 192 and length 12
Passed for start_position 192 and length 14
Passed for start_position 192 and length 16
Passed for start_position 192 and length 18
Passed for start_position 192 and length 20
Passed for start_position 192 and length 22
Passed for start_position 192 and length 24
Passed for start_position 192 and length 26
Passed for start_position 192 and length 28
Passed for start_position 192 and length 30
Passed for start_position 192 and length 32
Passed for start_position 192 and length 34
Passed for start_position 192 and length 36
Passed for start_position 192 and length 38
Passed for start_position 192 and length 40
Passed for start_position 192 and length 42
Passed for start_position 192 and length 44
Passed for start_position 192 and length 46
Passed for start_position 192 and length 48
Passed for start_position 192 and length 50
Passed for start_position 192 and length 52
Passed for start_position 192 and length 54
Passed for start_position 192 and length 56
Passed for start_position 192 and length 58
Passed for start_position 192 and length 60
Passed for start_position 192 and length 62
Passed for start_position 192 and length 64
Passed for start_position 192 and length 66
Passed for start_position 192 and length 68
Passed for start_position 192 and length 70
Passed for start_position 192 and length 72
Passed for start_position 192 and length 74
Passed for start_position 192 and length 76
Passed for start_position 192 and length 78
Passed for start_position 192 and length 80
Passed for start_position 192 and length 82
Passed for start_position 192 and length 84
Passed for start_position 192 and length 86
Passed for start_position 192 and length 88
Passed for start_position 192 and length 90
Passed for start_position 192 and length 92
Passed for start_position 192 and length 94
Passed for start_position 192 and length 96
Passed for start_position 192 and length 98
Passed for start_position 192 and length 100
Passed for start_position 193 and length 2
Passed for start_position 193 and length 4
Passed for start_position 193 and length 6
Passed for start_position 193 and length 8
Passed for start_position 193 and length 10
Passed for start_position 193 and length 12
Passed for start_position 193 and length 14
Passed for start_position 193 and length 16
Passed for start_position 193 and length 18
Passed for start_position 193 and length 20
Passed for start_position 193 and length 22
Passed for start_position 193 and length 24
Passed for start_position 193 and length 26
Passed for start_position 193 and length 28
Passed for start_position 193 and length 30
Passed for start_position 193 and length 32
Passed for start_position 193 and length 34
Passed for start_position 193 and length 36
Passed for start_position 193 and length 38
Passed for start_position 193 and length 40
Passed for start_position 193 and length 42
Passed for start_position 193 and length 44
Passed for start_position 193 and length 46
Passed for start_position 193 and length 48
Passed for start_position 193 and length 50
Passed for start_position 193 and length 52
Passed for start_position 193 and length 54
Passed for start_position 193 and length 56
Passed for start_position 193 and length 58
Passed for start_position 193 and length 60
Passed for start_position 193 and length 62
Passed for start_position 193 and length 64
Passed for start_position 193 and length 66
Passed for start_position 193 and length 68
Passed for start_position 193 and length 70
Passed for start_position 193 and length 72
Passed for start_position 193 and length 74
Passed for start_position 193 and length 76
Passed for start_position 193 and length 78
Passed for start_position 193 and length 80
Passed for start_position 193 and length 82
Passed for start_position 193 and length 84
Passed for start_position 193 and length 86
Passed for start_position 193 and length 88
Passed for start_position 193 and length 90
Passed for start_position 193 and length 92
Passed for start_position 193 and length 94
Passed for start_position 193 and length 96
Passed for start_position 193 and length 98
Passed for start_position 193 and length 100
Passed for start_position 194 and length 2
Passed for start_position 194 and length 4
Passed for start_position 194 and length 6
Passed for start_position 194 and length 8
Passed for start_position 194 and length 10
Passed for start_position 194 and length 12
Passed for start_position 194 and length 14
Passed for start_position 194 and length 16
Passed for start_position 194 and length 18
Passed for start_position 194 and length 20
Passed for start_position 194 and length 22
Passed for start_position 194 and length 24
Passed for start_position 194 and length 26
Passed for start_position 194 and length 28
Passed for start_position 194 and length 30
Passed for start_position 194 and length 32
Passed for start_position 194 and length 34
Passed for start_position 194 and length 36
Passed for start_position 194 and length 38
Passed for start_position 194 and length 40
Passed for start_position 194 and length 42
Passed for start_position 194 and length 44
Passed for start_position 194 and length 46
Passed for start_position 194 and length 48
Passed for start_position 194 and length 50
Passed for start_position 194 and length 52
Passed for start_position 194 and length 54
Passed for start_position 194 and length 56
Passed for start_position 194 and length 58
Passed for start_position 194 and length 60
Passed for start_position 194 and length 62
Passed for start_position 194 and length 64
Passed for start_position 194 and length 66
Passed for start_position 194 and length 68
Passed for start_position 194 and length 70
Passed for start_position 194 and length 72
Passed for start_position 194 and length 74
Passed for start_position 194 and length 76
Passed for start_position 194 and length 78
Passed for start_position 194 and length 80
Passed for start_position 194 and length 82
Passed for start_position 194 and length 84
Passed for start_position 194 and length 86
Passed for start_position 194 and length 88
Passed for start_position 194 and length 90
Passed for start_position 194 and length 92
Passed for start_position 194 and length 94
Passed for start_position 194 and length 96
Passed for start_position 194 and length 98
Passed for start_position 194 and length 100
Passed for start_position 195 and length 2
Passed for start_position 195 and length 4
Passed for start_position 195 and length 6
Passed for start_position 195 and length 8
Passed for start_position 195 and length 10
Passed for start_position 195 and length 12
Passed for start_position 195 and length 14
Passed for start_position 195 and length 16
Passed for start_position 195 and length 18
Passed for start_position 195 and length 20
Passed for start_position 195 and length 22
Passed for start_position 195 and length 24
Passed for start_position 195 and length 26
Passed for start_position 195 and length 28
Passed for start_position 195 and length 30
Passed for start_position 195 and length 32
Passed for start_position 195 and length 34
Passed for start_position 195 and length 36
Passed for start_position 195 and length 38
Passed for start_position 195 and length 40
Passed for start_position 195 and length 42
Passed for start_position 195 and length 44
Passed for start_position 195 and length 46
Passed for start_position 195 and length 48
Passed for start_position 195 and length 50
Passed for start_position 195 and length 52
Passed for start_position 195 and length 54
Passed for start_position 195 and length 56
Passed for start_position 195 and length 58
Passed for start_position 195 and length 60
Passed for start_position 195 and length 62
Passed for start_position 195 and length 64
Passed for start_position 195 and length 66
Passed for start_position 195 and length 68
Passed for start_position 195 and length 70
Passed for start_position 195 and length 72
Passed for start_position 195 and length 74
Passed for start_position 195 and length 76
Passed for start_position 195 and length 78
Passed for start_position 195 and length 80
Passed for start_position 195 and length 82
Passed for start_position 195 and length 84
Passed for start_position 195 and length 86
Passed for start_position 195 and length 88
Passed for start_position 195 and length 90
Passed for start_position 195 and length 92
Passed for start_position 195 and length 94
Passed for start_position 195 and length 96
Passed for start_position 195 and length 98
Passed for start_position 195 and length 100
Passed for start_position 196 and length 2
Passed for start_position 196 and length 4
Passed for start_position 196 and length 6
Passed for start_position 196 and length 8
Passed for start_position 196 and length 10
Passed for start_position 196 and length 12
Passed for start_position 196 and length 14
Passed for start_position 196 and length 16
Passed for start_position 196 and length 18
Passed for start_position 196 and length 20
Passed for start_position 196 and length 22
Passed for start_position 196 and length 24
Passed for start_position 196 and length 26
Passed for start_position 196 and length 28
Passed for start_position 196 and length 30
Passed for start_position 196 and length 32
Passed for start_position 196 and length 34
Passed for start_position 196 and length 36
Passed for start_position 196 and length 38
Passed for start_position 196 and length 40
Passed for start_position 196 and length 42
Passed for start_position 196 and length 44
Passed for start_position 196 and length 46
Passed for start_position 196 and length 48
Passed for start_position 196 and length 50
Passed for start_position 196 and length 52
Passed for start_position 196 and length 54
Passed for start_position 196 and length 56
Passed for start_position 196 and length 58
Passed for start_position 196 and length 60
Passed for start_position 196 and length 62
Passed for start_position 196 and length 64
Passed for start_position 196 and length 66
Passed for start_position 196 and length 68
Passed for start_position 196 and length 70
Passed for start_position 196 and length 72
Passed for start_position 196 and length 74
Passed for start_position 196 and length 76
Passed for start_position 196 and length 78
Passed for start_position 196 and length 80
Passed for start_position 196 and length 82
Passed for start_position 196 and length 84
Passed for start_position 196 and length 86
Passed for start_position 196 and length 88
Passed for start_position 196 and length 90
Passed for start_position 196 and length 92
Passed for start_position 196 and length 94
Passed for start_position 196 and length 96
Passed for start_position 196 and length 98
Passed for start_position 196 and length 100
Passed for start_position 197 and length 2
Passed for start_position 197 and length 4
Error for start_position 197 and length 6: Movement 1 not in dictionary
Passed for start_position 197 and length 8
Passed for start_position 197 and length 10
Passed for start_position 197 and length 12
Passed for start_position 197 and length 14
Error for start_position 197 and length 16: Movement 1 not in dictionary
Passed for start_position 197 and length 18
Error for start_position 197 and length 20: Movement 1 not in dictionary
Passed for start_position 197 and length 22
Error for start_position 197 and length 24: Movement -1 not in dictionary
Passed for start_position 197 and length 26
Passed for start_position 197 and length 28
Error for start_position 197 and length 30: Movement 1 not in dictionary
Passed for start_position 197 and length 32
Error for start_position 197 and length 34: Movement 1 not in dictionary
Passed for start_position 197 and length 36
Passed for start_position 197 and length 38
Error for start_position 197 and length 40: Movement -1 not in dictionary
Passed for start_position 197 and length 42
Passed for start_position 197 and length 44
Passed for start_position 197 and length 46
Passed for start_position 197 and length 48
Passed for start_position 197 and length 50
Error for start_position 197 and length 52: Movement 1 not in dictionary
Passed for start_position 197 and length 54
Passed for start_position 197 and length 56
Passed for start_position 197 and length 58
Error for start_position 197 and length 60: Movement -1 not in dictionary
Passed for start_position 197 and length 62
Error for start_position 197 and length 64: Movement -1 not in dictionary
Error for start_position 197 and length 66: Movement -1 not in dictionary
Error for start_position 197 and length 68: Movement -1 not in dictionary
Passed for start_position 197 and length 70
Passed for start_position 197 and length 72
Passed for start_position 197 and length 74
Error for start_position 197 and length 76: Movement 1 not in dictionary
Passed for start_position 197 and length 78
Error for start_position 197 and length 80: Movement -1 not in dictionary
Error for start_position 197 and length 82: Movement -1 not in dictionary
Passed for start_position 197 and length 84
Passed for start_position 197 and length 86
Passed for start_position 197 and length 88
Passed for start_position 197 and length 90
Error for start_position 197 and length 92: Movement 1 not in dictionary
Error for start_position 197 and length 94: Movement 1 not in dictionary
Passed for start_position 197 and length 96
Passed for start_position 197 and length 98
Passed for start_position 197 and length 100
Passed for start_position 198 and length 2
Passed for start_position 198 and length 4
Passed for start_position 198 and length 6
Passed for start_position 198 and length 8
Passed for start_position 198 and length 10
Passed for start_position 198 and length 12
Passed for start_position 198 and length 14
Passed for start_position 198 and length 16
Passed for start_position 198 and length 18
Passed for start_position 198 and length 20
Passed for start_position 198 and length 22
Passed for start_position 198 and length 24
Passed for start_position 198 and length 26
Passed for start_position 198 and length 28
Passed for start_position 198 and length 30
Passed for start_position 198 and length 32
Passed for start_position 198 and length 34
Passed for start_position 198 and length 36
Passed for start_position 198 and length 38
Passed for start_position 198 and length 40
Passed for start_position 198 and length 42
Passed for start_position 198 and length 44
Passed for start_position 198 and length 46
Passed for start_position 198 and length 48
Passed for start_position 198 and length 50
Passed for start_position 198 and length 52
Passed for start_position 198 and length 54
Passed for start_position 198 and length 56
Passed for start_position 198 and length 58
Passed for start_position 198 and length 60
Passed for start_position 198 and length 62
Passed for start_position 198 and length 64
Passed for start_position 198 and length 66
Passed for start_position 198 and length 68
Passed for start_position 198 and length 70
Passed for start_position 198 and length 72
Passed for start_position 198 and length 74
Passed for start_position 198 and length 76
Passed for start_position 198 and length 78
Passed for start_position 198 and length 80
Passed for start_position 198 and length 82
Passed for start_position 198 and length 84
Passed for start_position 198 and length 86
Passed for start_position 198 and length 88
Passed for start_position 198 and length 90
Passed for start_position 198 and length 92
Passed for start_position 198 and length 94
Passed for start_position 198 and length 96
Passed for start_position 198 and length 98
Passed for start_position 198 and length 100
Passed for start_position 199 and length 2
Passed for start_position 199 and length 4
Passed for start_position 199 and length 6
Passed for start_position 199 and length 8
Passed for start_position 199 and length 10
Passed for start_position 199 and length 12
Passed for start_position 199 and length 14
Passed for start_position 199 and length 16
Passed for start_position 199 and length 18
Passed for start_position 199 and length 20
Passed for start_position 199 and length 22
Passed for start_position 199 and length 24
Passed for start_position 199 and length 26
Passed for start_position 199 and length 28
Passed for start_position 199 and length 30
Passed for start_position 199 and length 32
Passed for start_position 199 and length 34
Passed for start_position 199 and length 36
Passed for start_position 199 and length 38
Passed for start_position 199 and length 40
Passed for start_position 199 and length 42
Passed for start_position 199 and length 44
Passed for start_position 199 and length 46
Passed for start_position 199 and length 48
Passed for start_position 199 and length 50
Passed for start_position 199 and length 52
Passed for start_position 199 and length 54
Passed for start_position 199 and length 56
Passed for start_position 199 and length 58
Passed for start_position 199 and length 60
Passed for start_position 199 and length 62
Passed for start_position 199 and length 64
Passed for start_position 199 and length 66
Passed for start_position 199 and length 68
Passed for start_position 199 and length 70
Passed for start_position 199 and length 72
Passed for start_position 199 and length 74
Passed for start_position 199 and length 76
Passed for start_position 199 and length 78
Passed for start_position 199 and length 80
Passed for start_position 199 and length 82
Passed for start_position 199 and length 84
Passed for start_position 199 and length 86
Passed for start_position 199 and length 88
Passed for start_position 199 and length 90
Passed for start_position 199 and length 92
Passed for start_position 199 and length 94
Passed for start_position 199 and length 96
Passed for start_position 199 and length 98
Passed for start_position 199 and length 100
Passed for start_position 200 and length 2
Passed for start_position 200 and length 4
Passed for start_position 200 and length 6
Passed for start_position 200 and length 8
Passed for start_position 200 and length 10
Passed for start_position 200 and length 12
Passed for start_position 200 and length 14
Passed for start_position 200 and length 16
Passed for start_position 200 and length 18
Passed for start_position 200 and length 20
Passed for start_position 200 and length 22
Passed for start_position 200 and length 24
Passed for start_position 200 and length 26
Passed for start_position 200 and length 28
Passed for start_position 200 and length 30
Passed for start_position 200 and length 32
Passed for start_position 200 and length 34
Passed for start_position 200 and length 36
Passed for start_position 200 and length 38
Passed for start_position 200 and length 40
Passed for start_position 200 and length 42
Passed for start_position 200 and length 44
Passed for start_position 200 and length 46
Passed for start_position 200 and length 48
Passed for start_position 200 and length 50
Passed for start_position 200 and length 52
Passed for start_position 200 and length 54
Passed for start_position 200 and length 56
Passed for start_position 200 and length 58
Passed for start_position 200 and length 60
Passed for start_position 200 and length 62
Passed for start_position 200 and length 64
Passed for start_position 200 and length 66
Passed for start_position 200 and length 68
Passed for start_position 200 and length 70
Passed for start_position 200 and length 72
Passed for start_position 200 and length 74
Passed for start_position 200 and length 76
Passed for start_position 200 and length 78
Passed for start_position 200 and length 80
Passed for start_position 200 and length 82
Passed for start_position 200 and length 84
Passed for start_position 200 and length 86
Passed for start_position 200 and length 88
Passed for start_position 200 and length 90
Passed for start_position 200 and length 92
Passed for start_position 200 and length 94
Passed for start_position 200 and length 96
Passed for start_position 200 and length 98
Passed for start_position 200 and length 100
Passed for start_position 201 and length 2
Passed for start_position 201 and length 4
Passed for start_position 201 and length 6
Passed for start_position 201 and length 8
Passed for start_position 201 and length 10
Passed for start_position 201 and length 12
Passed for start_position 201 and length 14
Passed for start_position 201 and length 16
Passed for start_position 201 and length 18
Passed for start_position 201 and length 20
Passed for start_position 201 and length 22
Passed for start_position 201 and length 24
Passed for start_position 201 and length 26
Passed for start_position 201 and length 28
Passed for start_position 201 and length 30
Passed for start_position 201 and length 32
Passed for start_position 201 and length 34
Passed for start_position 201 and length 36
Passed for start_position 201 and length 38
Passed for start_position 201 and length 40
Passed for start_position 201 and length 42
Passed for start_position 201 and length 44
Passed for start_position 201 and length 46
Passed for start_position 201 and length 48
Passed for start_position 201 and length 50
Passed for start_position 201 and length 52
Passed for start_position 201 and length 54
Passed for start_position 201 and length 56
Passed for start_position 201 and length 58
Passed for start_position 201 and length 60
Passed for start_position 201 and length 62
Passed for start_position 201 and length 64
Passed for start_position 201 and length 66
Passed for start_position 201 and length 68
Passed for start_position 201 and length 70
Passed for start_position 201 and length 72
Passed for start_position 201 and length 74
Passed for start_position 201 and length 76
Passed for start_position 201 and length 78
Passed for start_position 201 and length 80
Passed for start_position 201 and length 82
Passed for start_position 201 and length 84
Passed for start_position 201 and length 86
Passed for start_position 201 and length 88
Passed for start_position 201 and length 90
Passed for start_position 201 and length 92
Passed for start_position 201 and length 94
Passed for start_position 201 and length 96
Passed for start_position 201 and length 98
Passed for start_position 201 and length 100
Passed for start_position 202 and length 2
Passed for start_position 202 and length 4
Passed for start_position 202 and length 6
Passed for start_position 202 and length 8
Passed for start_position 202 and length 10
Passed for start_position 202 and length 12
Passed for start_position 202 and length 14
Passed for start_position 202 and length 16
Passed for start_position 202 and length 18
Passed for start_position 202 and length 20
Passed for start_position 202 and length 22
Passed for start_position 202 and length 24
Passed for start_position 202 and length 26
Passed for start_position 202 and length 28
Passed for start_position 202 and length 30
Passed for start_position 202 and length 32
Passed for start_position 202 and length 34
Passed for start_position 202 and length 36
Passed for start_position 202 and length 38
Passed for start_position 202 and length 40
Passed for start_position 202 and length 42
Passed for start_position 202 and length 44
Passed for start_position 202 and length 46
Passed for start_position 202 and length 48
Passed for start_position 202 and length 50
Passed for start_position 202 and length 52
Passed for start_position 202 and length 54
Passed for start_position 202 and length 56
Passed for start_position 202 and length 58
Passed for start_position 202 and length 60
Passed for start_position 202 and length 62
Passed for start_position 202 and length 64
Passed for start_position 202 and length 66
Passed for start_position 202 and length 68
Passed for start_position 202 and length 70
Passed for start_position 202 and length 72
Passed for start_position 202 and length 74
Passed for start_position 202 and length 76
Passed for start_position 202 and length 78
Passed for start_position 202 and length 80
Passed for start_position 202 and length 82
Passed for start_position 202 and length 84
Passed for start_position 202 and length 86
Passed for start_position 202 and length 88
Passed for start_position 202 and length 90
Passed for start_position 202 and length 92
Passed for start_position 202 and length 94
Passed for start_position 202 and length 96
Passed for start_position 202 and length 98
Passed for start_position 202 and length 100
Passed for start_position 203 and length 2
Passed for start_position 203 and length 4
Passed for start_position 203 and length 6
Passed for start_position 203 and length 8
Passed for start_position 203 and length 10
Passed for start_position 203 and length 12
Passed for start_position 203 and length 14
Passed for start_position 203 and length 16
Passed for start_position 203 and length 18
Passed for start_position 203 and length 20
Passed for start_position 203 and length 22
Passed for start_position 203 and length 24
Passed for start_position 203 and length 26
Passed for start_position 203 and length 28
Passed for start_position 203 and length 30
Passed for start_position 203 and length 32
Passed for start_position 203 and length 34
Passed for start_position 203 and length 36
Passed for start_position 203 and length 38
Passed for start_position 203 and length 40
Passed for start_position 203 and length 42
Passed for start_position 203 and length 44
Passed for start_position 203 and length 46
Passed for start_position 203 and length 48
Passed for start_position 203 and length 50
Passed for start_position 203 and length 52
Passed for start_position 203 and length 54
Passed for start_position 203 and length 56
Passed for start_position 203 and length 58
Passed for start_position 203 and length 60
Passed for start_position 203 and length 62
Passed for start_position 203 and length 64
Passed for start_position 203 and length 66
Passed for start_position 203 and length 68
Passed for start_position 203 and length 70
Passed for start_position 203 and length 72
Passed for start_position 203 and length 74
Passed for start_position 203 and length 76
Passed for start_position 203 and length 78
Passed for start_position 203 and length 80
Passed for start_position 203 and length 82
Passed for start_position 203 and length 84
Passed for start_position 203 and length 86
Passed for start_position 203 and length 88
Passed for start_position 203 and length 90
Passed for start_position 203 and length 92
Passed for start_position 203 and length 94
Passed for start_position 203 and length 96
Passed for start_position 203 and length 98
Passed for start_position 203 and length 100
Passed for start_position 204 and length 2
Passed for start_position 204 and length 4
Passed for start_position 204 and length 6
Passed for start_position 204 and length 8
Passed for start_position 204 and length 10
Passed for start_position 204 and length 12
Passed for start_position 204 and length 14
Passed for start_position 204 and length 16
Passed for start_position 204 and length 18
Passed for start_position 204 and length 20
Passed for start_position 204 and length 22
Passed for start_position 204 and length 24
Passed for start_position 204 and length 26
Passed for start_position 204 and length 28
Passed for start_position 204 and length 30
Passed for start_position 204 and length 32
Passed for start_position 204 and length 34
Passed for start_position 204 and length 36
Passed for start_position 204 and length 38
Passed for start_position 204 and length 40
Passed for start_position 204 and length 42
Passed for start_position 204 and length 44
Passed for start_position 204 and length 46
Passed for start_position 204 and length 48
Passed for start_position 204 and length 50
Passed for start_position 204 and length 52
Passed for start_position 204 and length 54
Passed for start_position 204 and length 56
Passed for start_position 204 and length 58
Passed for start_position 204 and length 60
Passed for start_position 204 and length 62
Passed for start_position 204 and length 64
Passed for start_position 204 and length 66
Passed for start_position 204 and length 68
Passed for start_position 204 and length 70
Passed for start_position 204 and length 72
Passed for start_position 204 and length 74
Passed for start_position 204 and length 76
Passed for start_position 204 and length 78
Passed for start_position 204 and length 80
Passed for start_position 204 and length 82
Passed for start_position 204 and length 84
Passed for start_position 204 and length 86
Passed for start_position 204 and length 88
Passed for start_position 204 and length 90
Passed for start_position 204 and length 92
Passed for start_position 204 and length 94
Passed for start_position 204 and length 96
Passed for start_position 204 and length 98
Passed for start_position 204 and length 100
Passed for start_position 205 and length 2
Passed for start_position 205 and length 4
Passed for start_position 205 and length 6
Passed for start_position 205 and length 8
Passed for start_position 205 and length 10
Passed for start_position 205 and length 12
Passed for start_position 205 and length 14
Passed for start_position 205 and length 16
Passed for start_position 205 and length 18
Passed for start_position 205 and length 20
Passed for start_position 205 and length 22
Passed for start_position 205 and length 24
Passed for start_position 205 and length 26
Passed for start_position 205 and length 28
Passed for start_position 205 and length 30
Passed for start_position 205 and length 32
Passed for start_position 205 and length 34
Passed for start_position 205 and length 36
Passed for start_position 205 and length 38
Passed for start_position 205 and length 40
Passed for start_position 205 and length 42
Passed for start_position 205 and length 44
Passed for start_position 205 and length 46
Passed for start_position 205 and length 48
Passed for start_position 205 and length 50
Passed for start_position 205 and length 52
Passed for start_position 205 and length 54
Passed for start_position 205 and length 56
Passed for start_position 205 and length 58
Passed for start_position 205 and length 60
Passed for start_position 205 and length 62
Passed for start_position 205 and length 64
Passed for start_position 205 and length 66
Passed for start_position 205 and length 68
Passed for start_position 205 and length 70
Passed for start_position 205 and length 72
Passed for start_position 205 and length 74
Passed for start_position 205 and length 76
Passed for start_position 205 and length 78
Passed for start_position 205 and length 80
Passed for start_position 205 and length 82
Passed for start_position 205 and length 84
Passed for start_position 205 and length 86
Passed for start_position 205 and length 88
Passed for start_position 205 and length 90
Passed for start_position 205 and length 92
Passed for start_position 205 and length 94
Passed for start_position 205 and length 96
Passed for start_position 205 and length 98
Passed for start_position 205 and length 100
Passed for start_position 206 and length 2
Passed for start_position 206 and length 4
Passed for start_position 206 and length 6
Passed for start_position 206 and length 8
Passed for start_position 206 and length 10
Passed for start_position 206 and length 12
Passed for start_position 206 and length 14
Passed for start_position 206 and length 16
Passed for start_position 206 and length 18
Passed for start_position 206 and length 20
Passed for start_position 206 and length 22
Passed for start_position 206 and length 24
Passed for start_position 206 and length 26
Passed for start_position 206 and length 28
Passed for start_position 206 and length 30
Passed for start_position 206 and length 32
Passed for start_position 206 and length 34
Passed for start_position 206 and length 36
Passed for start_position 206 and length 38
Passed for start_position 206 and length 40
Passed for start_position 206 and length 42
Passed for start_position 206 and length 44
Passed for start_position 206 and length 46
Passed for start_position 206 and length 48
Passed for start_position 206 and length 50
Passed for start_position 206 and length 52
Passed for start_position 206 and length 54
Passed for start_position 206 and length 56
Passed for start_position 206 and length 58
Passed for start_position 206 and length 60
Passed for start_position 206 and length 62
Passed for start_position 206 and length 64
Passed for start_position 206 and length 66
Passed for start_position 206 and length 68
Passed for start_position 206 and length 70
Passed for start_position 206 and length 72
Passed for start_position 206 and length 74
Passed for start_position 206 and length 76
Passed for start_position 206 and length 78
Passed for start_position 206 and length 80
Passed for start_position 206 and length 82
Passed for start_position 206 and length 84
Passed for start_position 206 and length 86
Passed for start_position 206 and length 88
Passed for start_position 206 and length 90
Passed for start_position 206 and length 92
Passed for start_position 206 and length 94
Passed for start_position 206 and length 96
Passed for start_position 206 and length 98
Passed for start_position 206 and length 100
Passed for start_position 207 and length 2
Passed for start_position 207 and length 4
Passed for start_position 207 and length 6
Passed for start_position 207 and length 8
Passed for start_position 207 and length 10
Passed for start_position 207 and length 12
Passed for start_position 207 and length 14
Passed for start_position 207 and length 16
Passed for start_position 207 and length 18
Passed for start_position 207 and length 20
Passed for start_position 207 and length 22
Passed for start_position 207 and length 24
Passed for start_position 207 and length 26
Passed for start_position 207 and length 28
Passed for start_position 207 and length 30
Passed for start_position 207 and length 32
Passed for start_position 207 and length 34
Passed for start_position 207 and length 36
Passed for start_position 207 and length 38
Passed for start_position 207 and length 40
Passed for start_position 207 and length 42
Passed for start_position 207 and length 44
Passed for start_position 207 and length 46
Passed for start_position 207 and length 48
Passed for start_position 207 and length 50
Passed for start_position 207 and length 52
Passed for start_position 207 and length 54
Passed for start_position 207 and length 56
Passed for start_position 207 and length 58
Passed for start_position 207 and length 60
Passed for start_position 207 and length 62
Passed for start_position 207 and length 64
Passed for start_position 207 and length 66
Passed for start_position 207 and length 68
Passed for start_position 207 and length 70
Passed for start_position 207 and length 72
Passed for start_position 207 and length 74
Passed for start_position 207 and length 76
Passed for start_position 207 and length 78
Passed for start_position 207 and length 80
Passed for start_position 207 and length 82
Passed for start_position 207 and length 84
Passed for start_position 207 and length 86
Passed for start_position 207 and length 88
Passed for start_position 207 and length 90
Passed for start_position 207 and length 92
Passed for start_position 207 and length 94
Passed for start_position 207 and length 96
Passed for start_position 207 and length 98
Passed for start_position 207 and length 100
Passed for start_position 208 and length 2
Passed for start_position 208 and length 4
Passed for start_position 208 and length 6
Passed for start_position 208 and length 8
Passed for start_position 208 and length 10
Passed for start_position 208 and length 12
Passed for start_position 208 and length 14
Passed for start_position 208 and length 16
Passed for start_position 208 and length 18
Passed for start_position 208 and length 20
Passed for start_position 208 and length 22
Passed for start_position 208 and length 24
Passed for start_position 208 and length 26
Passed for start_position 208 and length 28
Passed for start_position 208 and length 30
Passed for start_position 208 and length 32
Passed for start_position 208 and length 34
Passed for start_position 208 and length 36
Passed for start_position 208 and length 38
Passed for start_position 208 and length 40
Passed for start_position 208 and length 42
Passed for start_position 208 and length 44
Passed for start_position 208 and length 46
Passed for start_position 208 and length 48
Passed for start_position 208 and length 50
Passed for start_position 208 and length 52
Passed for start_position 208 and length 54
Passed for start_position 208 and length 56
Passed for start_position 208 and length 58
Passed for start_position 208 and length 60
Passed for start_position 208 and length 62
Passed for start_position 208 and length 64
Passed for start_position 208 and length 66
Passed for start_position 208 and length 68
Passed for start_position 208 and length 70
Passed for start_position 208 and length 72
Passed for start_position 208 and length 74
Passed for start_position 208 and length 76
Passed for start_position 208 and length 78
Passed for start_position 208 and length 80
Passed for start_position 208 and length 82
Passed for start_position 208 and length 84
Passed for start_position 208 and length 86
Passed for start_position 208 and length 88
Passed for start_position 208 and length 90
Passed for start_position 208 and length 92
Passed for start_position 208 and length 94
Passed for start_position 208 and length 96
Passed for start_position 208 and length 98
Passed for start_position 208 and length 100
Error for start_position 209 and length 2: Movement 1 not in dictionary
Passed for start_position 209 and length 4
Error for start_position 209 and length 6: Movement -1 not in dictionary
Passed for start_position 209 and length 8
Error for start_position 209 and length 10: Movement -1 not in dictionary
Passed for start_position 209 and length 12
Passed for start_position 209 and length 14
Error for start_position 209 and length 16: Movement 1 not in dictionary
Passed for start_position 209 and length 18
Error for start_position 209 and length 20: Movement 1 not in dictionary
Error for start_position 209 and length 22: Movement 1 not in dictionary
Passed for start_position 209 and length 24
Passed for start_position 209 and length 26
Error for start_position 209 and length 28: Movement 1 not in dictionary
Error for start_position 209 and length 30: Movement 1 not in dictionary
Error for start_position 209 and length 32: Movement -1 not in dictionary
Error for start_position 209 and length 34: Movement 1 not in dictionary
Error for start_position 209 and length 36: Movement 1 not in dictionary
Passed for start_position 209 and length 38
Passed for start_position 209 and length 40
Passed for start_position 209 and length 42
Error for start_position 209 and length 44: Movement 1 not in dictionary
Passed for start_position 209 and length 46
Passed for start_position 209 and length 48
Passed for start_position 209 and length 50
Error for start_position 209 and length 52: Movement -1 not in dictionary
Passed for start_position 209 and length 54
Error for start_position 209 and length 56: Movement -1 not in dictionary
Error for start_position 209 and length 58: Movement 1 not in dictionary
Passed for start_position 209 and length 60
Passed for start_position 209 and length 62
Passed for start_position 209 and length 64
Error for start_position 209 and length 66: Movement -1 not in dictionary
Error for start_position 209 and length 68: Movement -1 not in dictionary
Passed for start_position 209 and length 70
Passed for start_position 209 and length 72
Error for start_position 209 and length 74: Movement -1 not in dictionary
Error for start_position 209 and length 76: Movement -1 not in dictionary
Passed for start_position 209 and length 78
Passed for start_position 209 and length 80
Error for start_position 209 and length 82: Movement 1 not in dictionary
Error for start_position 209 and length 84: Movement 1 not in dictionary
Passed for start_position 209 and length 86
Passed for start_position 209 and length 88
Passed for start_position 209 and length 90
Error for start_position 209 and length 92: Movement 1 not in dictionary
Error for start_position 209 and length 94: Movement -1 not in dictionary
Passed for start_position 209 and length 96
Error for start_position 209 and length 98: Movement -1 not in dictionary
Error for start_position 209 and length 100: Movement -1 not in dictionary
Passed for start_position 210 and length 2
Passed for start_position 210 and length 4
Passed for start_position 210 and length 6
Passed for start_position 210 and length 8
Passed for start_position 210 and length 10
Passed for start_position 210 and length 12
Passed for start_position 210 and length 14
Passed for start_position 210 and length 16
Passed for start_position 210 and length 18
Passed for start_position 210 and length 20
Passed for start_position 210 and length 22
Passed for start_position 210 and length 24
Passed for start_position 210 and length 26
Passed for start_position 210 and length 28
Passed for start_position 210 and length 30
Passed for start_position 210 and length 32
Passed for start_position 210 and length 34
Passed for start_position 210 and length 36
Passed for start_position 210 and length 38
Passed for start_position 210 and length 40
Passed for start_position 210 and length 42
Passed for start_position 210 and length 44
Passed for start_position 210 and length 46
Passed for start_position 210 and length 48
Passed for start_position 210 and length 50
Passed for start_position 210 and length 52
Passed for start_position 210 and length 54
Passed for start_position 210 and length 56
Passed for start_position 210 and length 58
Passed for start_position 210 and length 60
Passed for start_position 210 and length 62
Passed for start_position 210 and length 64
Passed for start_position 210 and length 66
Passed for start_position 210 and length 68
Passed for start_position 210 and length 70
Passed for start_position 210 and length 72
Passed for start_position 210 and length 74
Passed for start_position 210 and length 76
Passed for start_position 210 and length 78
Passed for start_position 210 and length 80
Passed for start_position 210 and length 82
Passed for start_position 210 and length 84
Passed for start_position 210 and length 86
Passed for start_position 210 and length 88
Passed for start_position 210 and length 90
Passed for start_position 210 and length 92
Passed for start_position 210 and length 94
Passed for start_position 210 and length 96
Passed for start_position 210 and length 98
Passed for start_position 210 and length 100
Passed for start_position 211 and length 2
Passed for start_position 211 and length 4
Passed for start_position 211 and length 6
Passed for start_position 211 and length 8
Passed for start_position 211 and length 10
Passed for start_position 211 and length 12
Passed for start_position 211 and length 14
Passed for start_position 211 and length 16
Passed for start_position 211 and length 18
Passed for start_position 211 and length 20
Passed for start_position 211 and length 22
Passed for start_position 211 and length 24
Passed for start_position 211 and length 26
Passed for start_position 211 and length 28
Passed for start_position 211 and length 30
Passed for start_position 211 and length 32
Passed for start_position 211 and length 34
Passed for start_position 211 and length 36
Passed for start_position 211 and length 38
Passed for start_position 211 and length 40
Passed for start_position 211 and length 42
Passed for start_position 211 and length 44
Passed for start_position 211 and length 46
Passed for start_position 211 and length 48
Passed for start_position 211 and length 50
Passed for start_position 211 and length 52
Passed for start_position 211 and length 54
Passed for start_position 211 and length 56
Passed for start_position 211 and length 58
Passed for start_position 211 and length 60
Passed for start_position 211 and length 62
Passed for start_position 211 and length 64
Passed for start_position 211 and length 66
Passed for start_position 211 and length 68
Passed for start_position 211 and length 70
Passed for start_position 211 and length 72
Passed for start_position 211 and length 74
Passed for start_position 211 and length 76
Passed for start_position 211 and length 78
Passed for start_position 211 and length 80
Passed for start_position 211 and length 82
Passed for start_position 211 and length 84
Passed for start_position 211 and length 86
Passed for start_position 211 and length 88
Passed for start_position 211 and length 90
Passed for start_position 211 and length 92
Passed for start_position 211 and length 94
Passed for start_position 211 and length 96
Passed for start_position 211 and length 98
Passed for start_position 211 and length 100
Passed for start_position 212 and length 2
Passed for start_position 212 and length 4
Passed for start_position 212 and length 6
Passed for start_position 212 and length 8
Passed for start_position 212 and length 10
Passed for start_position 212 and length 12
Passed for start_position 212 and length 14
Passed for start_position 212 and length 16
Passed for start_position 212 and length 18
Passed for start_position 212 and length 20
Passed for start_position 212 and length 22
Passed for start_position 212 and length 24
Passed for start_position 212 and length 26
Passed for start_position 212 and length 28
Passed for start_position 212 and length 30
Passed for start_position 212 and length 32
Passed for start_position 212 and length 34
Passed for start_position 212 and length 36
Passed for start_position 212 and length 38
Passed for start_position 212 and length 40
Passed for start_position 212 and length 42
Passed for start_position 212 and length 44
Passed for start_position 212 and length 46
Passed for start_position 212 and length 48
Passed for start_position 212 and length 50
Passed for start_position 212 and length 52
Passed for start_position 212 and length 54
Passed for start_position 212 and length 56
Passed for start_position 212 and length 58
Passed for start_position 212 and length 60
Passed for start_position 212 and length 62
Passed for start_position 212 and length 64
Passed for start_position 212 and length 66
Passed for start_position 212 and length 68
Passed for start_position 212 and length 70
Passed for start_position 212 and length 72
Passed for start_position 212 and length 74
Passed for start_position 212 and length 76
Passed for start_position 212 and length 78
Passed for start_position 212 and length 80
Passed for start_position 212 and length 82
Passed for start_position 212 and length 84
Passed for start_position 212 and length 86
Passed for start_position 212 and length 88
Passed for start_position 212 and length 90
Passed for start_position 212 and length 92
Passed for start_position 212 and length 94
Passed for start_position 212 and length 96
Passed for start_position 212 and length 98
Passed for start_position 212 and length 100
Passed for start_position 213 and length 2
Passed for start_position 213 and length 4
Passed for start_position 213 and length 6
Passed for start_position 213 and length 8
Passed for start_position 213 and length 10
Passed for start_position 213 and length 12
Passed for start_position 213 and length 14
Passed for start_position 213 and length 16
Passed for start_position 213 and length 18
Passed for start_position 213 and length 20
Passed for start_position 213 and length 22
Passed for start_position 213 and length 24
Passed for start_position 213 and length 26
Passed for start_position 213 and length 28
Passed for start_position 213 and length 30
Passed for start_position 213 and length 32
Passed for start_position 213 and length 34
Passed for start_position 213 and length 36
Passed for start_position 213 and length 38
Passed for start_position 213 and length 40
Passed for start_position 213 and length 42
Passed for start_position 213 and length 44
Passed for start_position 213 and length 46
Passed for start_position 213 and length 48
Passed for start_position 213 and length 50
Passed for start_position 213 and length 52
Passed for start_position 213 and length 54
Passed for start_position 213 and length 56
Passed for start_position 213 and length 58
Passed for start_position 213 and length 60
Passed for start_position 213 and length 62
Passed for start_position 213 and length 64
Passed for start_position 213 and length 66
Passed for start_position 213 and length 68
Passed for start_position 213 and length 70
Passed for start_position 213 and length 72
Passed for start_position 213 and length 74
Passed for start_position 213 and length 76
Passed for start_position 213 and length 78
Passed for start_position 213 and length 80
Passed for start_position 213 and length 82
Passed for start_position 213 and length 84
Passed for start_position 213 and length 86
Passed for start_position 213 and length 88
Passed for start_position 213 and length 90
Passed for start_position 213 and length 92
Passed for start_position 213 and length 94
Passed for start_position 213 and length 96
Passed for start_position 213 and length 98
Passed for start_position 213 and length 100
Passed for start_position 214 and length 2
Passed for start_position 214 and length 4
Passed for start_position 214 and length 6
Passed for start_position 214 and length 8
Passed for start_position 214 and length 10
Passed for start_position 214 and length 12
Passed for start_position 214 and length 14
Passed for start_position 214 and length 16
Passed for start_position 214 and length 18
Passed for start_position 214 and length 20
Passed for start_position 214 and length 22
Passed for start_position 214 and length 24
Passed for start_position 214 and length 26
Passed for start_position 214 and length 28
Passed for start_position 214 and length 30
Passed for start_position 214 and length 32
Passed for start_position 214 and length 34
Passed for start_position 214 and length 36
Passed for start_position 214 and length 38
Passed for start_position 214 and length 40
Passed for start_position 214 and length 42
Passed for start_position 214 and length 44
Passed for start_position 214 and length 46
Passed for start_position 214 and length 48
Passed for start_position 214 and length 50
Passed for start_position 214 and length 52
Passed for start_position 214 and length 54
Passed for start_position 214 and length 56
Passed for start_position 214 and length 58
Passed for start_position 214 and length 60
Passed for start_position 214 and length 62
Passed for start_position 214 and length 64
Passed for start_position 214 and length 66
Passed for start_position 214 and length 68
Passed for start_position 214 and length 70
Passed for start_position 214 and length 72
Passed for start_position 214 and length 74
Passed for start_position 214 and length 76
Passed for start_position 214 and length 78
Passed for start_position 214 and length 80
Passed for start_position 214 and length 82
Passed for start_position 214 and length 84
Passed for start_position 214 and length 86
Passed for start_position 214 and length 88
Passed for start_position 214 and length 90
Passed for start_position 214 and length 92
Passed for start_position 214 and length 94
Passed for start_position 214 and length 96
Passed for start_position 214 and length 98
Passed for start_position 214 and length 100
Passed for start_position 215 and length 2
Passed for start_position 215 and length 4
Passed for start_position 215 and length 6
Passed for start_position 215 and length 8
Error for start_position 215 and length 10: Movement -1 not in dictionary
Error for start_position 215 and length 12: Movement 1 not in dictionary
Passed for start_position 215 and length 14
Error for start_position 215 and length 16: Movement 1 not in dictionary
Passed for start_position 215 and length 18
Error for start_position 215 and length 20: Movement 1 not in dictionary
Error for start_position 215 and length 22: Movement -1 not in dictionary
Passed for start_position 215 and length 24
Error for start_position 215 and length 26: Movement -1 not in dictionary
Passed for start_position 215 and length 28
Passed for start_position 215 and length 30
Passed for start_position 215 and length 32
Passed for start_position 215 and length 34
Error for start_position 215 and length 36: Movement 1 not in dictionary
Error for start_position 215 and length 38: Movement -1 not in dictionary
Passed for start_position 215 and length 40
Error for start_position 215 and length 42: Movement 1 not in dictionary
Passed for start_position 215 and length 44
Passed for start_position 215 and length 46
Passed for start_position 215 and length 48
Passed for start_position 215 and length 50
Passed for start_position 215 and length 52
Passed for start_position 215 and length 54
Passed for start_position 215 and length 56
Passed for start_position 215 and length 58
Passed for start_position 215 and length 60
Passed for start_position 215 and length 62
Passed for start_position 215 and length 64
Passed for start_position 215 and length 66
Passed for start_position 215 and length 68
Passed for start_position 215 and length 70
Error for start_position 215 and length 72: Movement 1 not in dictionary
Error for start_position 215 and length 74: Movement -1 not in dictionary
Passed for start_position 215 and length 76
Error for start_position 215 and length 78: Movement 1 not in dictionary
Passed for start_position 215 and length 80
Error for start_position 215 and length 82: Movement 1 not in dictionary
Passed for start_position 215 and length 84
Passed for start_position 215 and length 86
Passed for start_position 215 and length 88
Passed for start_position 215 and length 90
Error for start_position 215 and length 92: Movement 1 not in dictionary
Passed for start_position 215 and length 94
Passed for start_position 215 and length 96
Passed for start_position 215 and length 98
Passed for start_position 215 and length 100
Passed for start_position 216 and length 2
Passed for start_position 216 and length 4
Passed for start_position 216 and length 6
Passed for start_position 216 and length 8
Passed for start_position 216 and length 10
Passed for start_position 216 and length 12
Passed for start_position 216 and length 14
Passed for start_position 216 and length 16
Passed for start_position 216 and length 18
Passed for start_position 216 and length 20
Passed for start_position 216 and length 22
Passed for start_position 216 and length 24
Passed for start_position 216 and length 26
Passed for start_position 216 and length 28
Passed for start_position 216 and length 30
Passed for start_position 216 and length 32
Passed for start_position 216 and length 34
Passed for start_position 216 and length 36
Passed for start_position 216 and length 38
Passed for start_position 216 and length 40
Passed for start_position 216 and length 42
Passed for start_position 216 and length 44
Passed for start_position 216 and length 46
Passed for start_position 216 and length 48
Passed for start_position 216 and length 50
Passed for start_position 216 and length 52
Passed for start_position 216 and length 54
Passed for start_position 216 and length 56
Passed for start_position 216 and length 58
Passed for start_position 216 and length 60
Passed for start_position 216 and length 62
Passed for start_position 216 and length 64
Passed for start_position 216 and length 66
Passed for start_position 216 and length 68
Passed for start_position 216 and length 70
Passed for start_position 216 and length 72
Passed for start_position 216 and length 74
Passed for start_position 216 and length 76
Passed for start_position 216 and length 78
Passed for start_position 216 and length 80
Passed for start_position 216 and length 82
Passed for start_position 216 and length 84
Passed for start_position 216 and length 86
Passed for start_position 216 and length 88
Passed for start_position 216 and length 90
Passed for start_position 216 and length 92
Passed for start_position 216 and length 94
Passed for start_position 216 and length 96
Passed for start_position 216 and length 98
Passed for start_position 216 and length 100
Passed for start_position 217 and length 2
Passed for start_position 217 and length 4
Passed for start_position 217 and length 6
Passed for start_position 217 and length 8
Passed for start_position 217 and length 10
Passed for start_position 217 and length 12
Passed for start_position 217 and length 14
Passed for start_position 217 and length 16
Passed for start_position 217 and length 18
Passed for start_position 217 and length 20
Passed for start_position 217 and length 22
Passed for start_position 217 and length 24
Passed for start_position 217 and length 26
Passed for start_position 217 and length 28
Passed for start_position 217 and length 30
Passed for start_position 217 and length 32
Passed for start_position 217 and length 34
Passed for start_position 217 and length 36
Passed for start_position 217 and length 38
Passed for start_position 217 and length 40
Passed for start_position 217 and length 42
Passed for start_position 217 and length 44
Passed for start_position 217 and length 46
Passed for start_position 217 and length 48
Passed for start_position 217 and length 50
Passed for start_position 217 and length 52
Passed for start_position 217 and length 54
Passed for start_position 217 and length 56
Passed for start_position 217 and length 58
Passed for start_position 217 and length 60
Passed for start_position 217 and length 62
Passed for start_position 217 and length 64
Passed for start_position 217 and length 66
Passed for start_position 217 and length 68
Passed for start_position 217 and length 70
Passed for start_position 217 and length 72
Passed for start_position 217 and length 74
Passed for start_position 217 and length 76
Passed for start_position 217 and length 78
Passed for start_position 217 and length 80
Passed for start_position 217 and length 82
Passed for start_position 217 and length 84
Passed for start_position 217 and length 86
Passed for start_position 217 and length 88
Passed for start_position 217 and length 90
Passed for start_position 217 and length 92
Passed for start_position 217 and length 94
Passed for start_position 217 and length 96
Passed for start_position 217 and length 98
Passed for start_position 217 and length 100
Passed for start_position 218 and length 2
Passed for start_position 218 and length 4
Passed for start_position 218 and length 6
Passed for start_position 218 and length 8
Passed for start_position 218 and length 10
Passed for start_position 218 and length 12
Passed for start_position 218 and length 14
Passed for start_position 218 and length 16
Passed for start_position 218 and length 18
Passed for start_position 218 and length 20
Passed for start_position 218 and length 22
Passed for start_position 218 and length 24
Passed for start_position 218 and length 26
Passed for start_position 218 and length 28
Passed for start_position 218 and length 30
Passed for start_position 218 and length 32
Passed for start_position 218 and length 34
Passed for start_position 218 and length 36
Passed for start_position 218 and length 38
Passed for start_position 218 and length 40
Passed for start_position 218 and length 42
Passed for start_position 218 and length 44
Passed for start_position 218 and length 46
Passed for start_position 218 and length 48
Passed for start_position 218 and length 50
Passed for start_position 218 and length 52
Passed for start_position 218 and length 54
Passed for start_position 218 and length 56
Passed for start_position 218 and length 58
Passed for start_position 218 and length 60
Passed for start_position 218 and length 62
Passed for start_position 218 and length 64
Passed for start_position 218 and length 66
Passed for start_position 218 and length 68
Passed for start_position 218 and length 70
Passed for start_position 218 and length 72
Passed for start_position 218 and length 74
Passed for start_position 218 and length 76
Passed for start_position 218 and length 78
Passed for start_position 218 and length 80
Passed for start_position 218 and length 82
Passed for start_position 218 and length 84
Passed for start_position 218 and length 86
Passed for start_position 218 and length 88
Passed for start_position 218 and length 90
Passed for start_position 218 and length 92
Passed for start_position 218 and length 94
Passed for start_position 218 and length 96
Passed for start_position 218 and length 98
Passed for start_position 218 and length 100
Passed for start_position 219 and length 2
Passed for start_position 219 and length 4
Passed for start_position 219 and length 6
Passed for start_position 219 and length 8
Passed for start_position 219 and length 10
Passed for start_position 219 and length 12
Passed for start_position 219 and length 14
Passed for start_position 219 and length 16
Passed for start_position 219 and length 18
Passed for start_position 219 and length 20
Passed for start_position 219 and length 22
Passed for start_position 219 and length 24
Passed for start_position 219 and length 26
Passed for start_position 219 and length 28
Passed for start_position 219 and length 30
Passed for start_position 219 and length 32
Passed for start_position 219 and length 34
Passed for start_position 219 and length 36
Passed for start_position 219 and length 38
Passed for start_position 219 and length 40
Passed for start_position 219 and length 42
Passed for start_position 219 and length 44
Passed for start_position 219 and length 46
Passed for start_position 219 and length 48
Passed for start_position 219 and length 50
Passed for start_position 219 and length 52
Passed for start_position 219 and length 54
Passed for start_position 219 and length 56
Passed for start_position 219 and length 58
Passed for start_position 219 and length 60
Passed for start_position 219 and length 62
Passed for start_position 219 and length 64
Passed for start_position 219 and length 66
Passed for start_position 219 and length 68
Passed for start_position 219 and length 70
Passed for start_position 219 and length 72
Passed for start_position 219 and length 74
Passed for start_position 219 and length 76
Passed for start_position 219 and length 78
Passed for start_position 219 and length 80
Passed for start_position 219 and length 82
Passed for start_position 219 and length 84
Passed for start_position 219 and length 86
Passed for start_position 219 and length 88
Passed for start_position 219 and length 90
Passed for start_position 219 and length 92
Passed for start_position 219 and length 94
Passed for start_position 219 and length 96
Passed for start_position 219 and length 98
Passed for start_position 219 and length 100
Passed for start_position 220 and length 2
Passed for start_position 220 and length 4
Passed for start_position 220 and length 6
Passed for start_position 220 and length 8
Passed for start_position 220 and length 10
Passed for start_position 220 and length 12
Passed for start_position 220 and length 14
Passed for start_position 220 and length 16
Passed for start_position 220 and length 18
Passed for start_position 220 and length 20
Passed for start_position 220 and length 22
Passed for start_position 220 and length 24
Passed for start_position 220 and length 26
Passed for start_position 220 and length 28
Passed for start_position 220 and length 30
Passed for start_position 220 and length 32
Passed for start_position 220 and length 34
Passed for start_position 220 and length 36
Passed for start_position 220 and length 38
Passed for start_position 220 and length 40
Passed for start_position 220 and length 42
Passed for start_position 220 and length 44
Passed for start_position 220 and length 46
Passed for start_position 220 and length 48
Passed for start_position 220 and length 50
Passed for start_position 220 and length 52
Passed for start_position 220 and length 54
Passed for start_position 220 and length 56
Passed for start_position 220 and length 58
Passed for start_position 220 and length 60
Passed for start_position 220 and length 62
Passed for start_position 220 and length 64
Passed for start_position 220 and length 66
Passed for start_position 220 and length 68
Passed for start_position 220 and length 70
Passed for start_position 220 and length 72
Passed for start_position 220 and length 74
Passed for start_position 220 and length 76
Passed for start_position 220 and length 78
Passed for start_position 220 and length 80
Passed for start_position 220 and length 82
Passed for start_position 220 and length 84
Passed for start_position 220 and length 86
Passed for start_position 220 and length 88
Passed for start_position 220 and length 90
Passed for start_position 220 and length 92
Passed for start_position 220 and length 94
Passed for start_position 220 and length 96
Passed for start_position 220 and length 98
Passed for start_position 220 and length 100
Passed for start_position 221 and length 2
Passed for start_position 221 and length 4
Passed for start_position 221 and length 6
Passed for start_position 221 and length 8
Passed for start_position 221 and length 10
Passed for start_position 221 and length 12
Passed for start_position 221 and length 14
Passed for start_position 221 and length 16
Passed for start_position 221 and length 18
Passed for start_position 221 and length 20
Passed for start_position 221 and length 22
Passed for start_position 221 and length 24
Passed for start_position 221 and length 26
Passed for start_position 221 and length 28
Passed for start_position 221 and length 30
Passed for start_position 221 and length 32
Passed for start_position 221 and length 34
Passed for start_position 221 and length 36
Passed for start_position 221 and length 38
Passed for start_position 221 and length 40
Passed for start_position 221 and length 42
Passed for start_position 221 and length 44
Passed for start_position 221 and length 46
Passed for start_position 221 and length 48
Passed for start_position 221 and length 50
Passed for start_position 221 and length 52
Passed for start_position 221 and length 54
Passed for start_position 221 and length 56
Passed for start_position 221 and length 58
Passed for start_position 221 and length 60
Passed for start_position 221 and length 62
Passed for start_position 221 and length 64
Passed for start_position 221 and length 66
Passed for start_position 221 and length 68
Passed for start_position 221 and length 70
Passed for start_position 221 and length 72
Passed for start_position 221 and length 74
Passed for start_position 221 and length 76
Passed for start_position 221 and length 78
Passed for start_position 221 and length 80
Passed for start_position 221 and length 82
Passed for start_position 221 and length 84
Passed for start_position 221 and length 86
Passed for start_position 221 and length 88
Passed for start_position 221 and length 90
Passed for start_position 221 and length 92
Passed for start_position 221 and length 94
Passed for start_position 221 and length 96
Passed for start_position 221 and length 98
Passed for start_position 221 and length 100
Passed for start_position 222 and length 2
Passed for start_position 222 and length 4
Passed for start_position 222 and length 6
Passed for start_position 222 and length 8
Passed for start_position 222 and length 10
Passed for start_position 222 and length 12
Passed for start_position 222 and length 14
Passed for start_position 222 and length 16
Passed for start_position 222 and length 18
Passed for start_position 222 and length 20
Passed for start_position 222 and length 22
Passed for start_position 222 and length 24
Passed for start_position 222 and length 26
Passed for start_position 222 and length 28
Passed for start_position 222 and length 30
Passed for start_position 222 and length 32
Passed for start_position 222 and length 34
Passed for start_position 222 and length 36
Passed for start_position 222 and length 38
Passed for start_position 222 and length 40
Passed for start_position 222 and length 42
Passed for start_position 222 and length 44
Passed for start_position 222 and length 46
Passed for start_position 222 and length 48
Passed for start_position 222 and length 50
Passed for start_position 222 and length 52
Passed for start_position 222 and length 54
Passed for start_position 222 and length 56
Passed for start_position 222 and length 58
Passed for start_position 222 and length 60
Passed for start_position 222 and length 62
Passed for start_position 222 and length 64
Passed for start_position 222 and length 66
Passed for start_position 222 and length 68
Passed for start_position 222 and length 70
Passed for start_position 222 and length 72
Passed for start_position 222 and length 74
Passed for start_position 222 and length 76
Passed for start_position 222 and length 78
Passed for start_position 222 and length 80
Passed for start_position 222 and length 82
Passed for start_position 222 and length 84
Passed for start_position 222 and length 86
Passed for start_position 222 and length 88
Passed for start_position 222 and length 90
Passed for start_position 222 and length 92
Passed for start_position 222 and length 94
Passed for start_position 222 and length 96
Passed for start_position 222 and length 98
Passed for start_position 222 and length 100
Passed for start_position 223 and length 2
Passed for start_position 223 and length 4
Passed for start_position 223 and length 6
Passed for start_position 223 and length 8
Passed for start_position 223 and length 10
Passed for start_position 223 and length 12
Passed for start_position 223 and length 14
Passed for start_position 223 and length 16
Passed for start_position 223 and length 18
Passed for start_position 223 and length 20
Passed for start_position 223 and length 22
Passed for start_position 223 and length 24
Passed for start_position 223 and length 26
Passed for start_position 223 and length 28
Passed for start_position 223 and length 30
Passed for start_position 223 and length 32
Passed for start_position 223 and length 34
Passed for start_position 223 and length 36
Passed for start_position 223 and length 38
Passed for start_position 223 and length 40
Passed for start_position 223 and length 42
Passed for start_position 223 and length 44
Passed for start_position 223 and length 46
Passed for start_position 223 and length 48
Passed for start_position 223 and length 50
Passed for start_position 223 and length 52
Passed for start_position 223 and length 54
Passed for start_position 223 and length 56
Passed for start_position 223 and length 58
Passed for start_position 223 and length 60
Passed for start_position 223 and length 62
Passed for start_position 223 and length 64
Passed for start_position 223 and length 66
Passed for start_position 223 and length 68
Passed for start_position 223 and length 70
Passed for start_position 223 and length 72
Passed for start_position 223 and length 74
Passed for start_position 223 and length 76
Passed for start_position 223 and length 78
Passed for start_position 223 and length 80
Passed for start_position 223 and length 82
Passed for start_position 223 and length 84
Passed for start_position 223 and length 86
Passed for start_position 223 and length 88
Passed for start_position 223 and length 90
Passed for start_position 223 and length 92
Passed for start_position 223 and length 94
Passed for start_position 223 and length 96
Passed for start_position 223 and length 98
Passed for start_position 223 and length 100
Passed for start_position 224 and length 2
Passed for start_position 224 and length 4
Passed for start_position 224 and length 6
Passed for start_position 224 and length 8
Passed for start_position 224 and length 10
Passed for start_position 224 and length 12
Passed for start_position 224 and length 14
Passed for start_position 224 and length 16
Passed for start_position 224 and length 18
Passed for start_position 224 and length 20
Passed for start_position 224 and length 22
Passed for start_position 224 and length 24
Passed for start_position 224 and length 26
Passed for start_position 224 and length 28
Passed for start_position 224 and length 30
Passed for start_position 224 and length 32
Passed for start_position 224 and length 34
Passed for start_position 224 and length 36
Passed for start_position 224 and length 38
Passed for start_position 224 and length 40
Passed for start_position 224 and length 42
Passed for start_position 224 and length 44
Passed for start_position 224 and length 46
Passed for start_position 224 and length 48
Passed for start_position 224 and length 50
Passed for start_position 224 and length 52
Passed for start_position 224 and length 54
Passed for start_position 224 and length 56
Passed for start_position 224 and length 58
Passed for start_position 224 and length 60
Passed for start_position 224 and length 62
Passed for start_position 224 and length 64
Passed for start_position 224 and length 66
Passed for start_position 224 and length 68
Passed for start_position 224 and length 70
Passed for start_position 224 and length 72
Passed for start_position 224 and length 74
Passed for start_position 224 and length 76
Passed for start_position 224 and length 78
Passed for start_position 224 and length 80
Passed for start_position 224 and length 82
Passed for start_position 224 and length 84
Passed for start_position 224 and length 86
Passed for start_position 224 and length 88
Passed for start_position 224 and length 90
Passed for start_position 224 and length 92
Passed for start_position 224 and length 94
Passed for start_position 224 and length 96
Passed for start_position 224 and length 98
Passed for start_position 224 and length 100
Passed for start_position 225 and length 2
Passed for start_position 225 and length 4
Passed for start_position 225 and length 6
Passed for start_position 225 and length 8
Passed for start_position 225 and length 10
Passed for start_position 225 and length 12
Passed for start_position 225 and length 14
Passed for start_position 225 and length 16
Passed for start_position 225 and length 18
Passed for start_position 225 and length 20
Passed for start_position 225 and length 22
Passed for start_position 225 and length 24
Passed for start_position 225 and length 26
Passed for start_position 225 and length 28
Passed for start_position 225 and length 30
Passed for start_position 225 and length 32
Passed for start_position 225 and length 34
Passed for start_position 225 and length 36
Passed for start_position 225 and length 38
Passed for start_position 225 and length 40
Passed for start_position 225 and length 42
Passed for start_position 225 and length 44
Passed for start_position 225 and length 46
Passed for start_position 225 and length 48
Passed for start_position 225 and length 50
Passed for start_position 225 and length 52
Passed for start_position 225 and length 54
Passed for start_position 225 and length 56
Passed for start_position 225 and length 58
Passed for start_position 225 and length 60
Passed for start_position 225 and length 62
Passed for start_position 225 and length 64
Passed for start_position 225 and length 66
Passed for start_position 225 and length 68
Passed for start_position 225 and length 70
Passed for start_position 225 and length 72
Passed for start_position 225 and length 74
Passed for start_position 225 and length 76
Passed for start_position 225 and length 78
Passed for start_position 225 and length 80
Passed for start_position 225 and length 82
Passed for start_position 225 and length 84
Passed for start_position 225 and length 86
Passed for start_position 225 and length 88
Passed for start_position 225 and length 90
Passed for start_position 225 and length 92
Passed for start_position 225 and length 94
Passed for start_position 225 and length 96
Passed for start_position 225 and length 98
Passed for start_position 225 and length 100
Error for start_position 226 and length 2: Movement -1 not in dictionary
Error for start_position 226 and length 4: Movement -1 not in dictionary
Passed for start_position 226 and length 6
Passed for start_position 226 and length 8
Error for start_position 226 and length 10: Movement -1 not in dictionary
Passed for start_position 226 and length 12
Passed for start_position 226 and length 14
Passed for start_position 226 and length 16
Error for start_position 226 and length 18: Movement 1 not in dictionary
Passed for start_position 226 and length 20
Passed for start_position 226 and length 22
Passed for start_position 226 and length 24
Error for start_position 226 and length 26: Movement -1 not in dictionary
Passed for start_position 226 and length 28
Error for start_position 226 and length 30: Movement -1 not in dictionary
Passed for start_position 226 and length 32
Error for start_position 226 and length 34: Movement -1 not in dictionary
Passed for start_position 226 and length 36
Passed for start_position 226 and length 38
Passed for start_position 226 and length 40
Passed for start_position 226 and length 42
Passed for start_position 226 and length 44
Error for start_position 226 and length 46: Movement -1 not in dictionary
Passed for start_position 226 and length 48
Passed for start_position 226 and length 50
Error for start_position 226 and length 52: Movement 1 not in dictionary
Error for start_position 226 and length 54: Movement 1 not in dictionary
Passed for start_position 226 and length 56
Passed for start_position 226 and length 58
Passed for start_position 226 and length 60
Error for start_position 226 and length 62: Movement -1 not in dictionary
Passed for start_position 226 and length 64
Error for start_position 226 and length 66: Movement 1 not in dictionary
Passed for start_position 226 and length 68
Error for start_position 226 and length 70: Movement -1 not in dictionary
Passed for start_position 226 and length 72
Error for start_position 226 and length 74: Movement 1 not in dictionary
Error for start_position 226 and length 76: Movement 1 not in dictionary
Error for start_position 226 and length 78: Movement 1 not in dictionary
Passed for start_position 226 and length 80
Error for start_position 226 and length 82: Movement -1 not in dictionary
Error for start_position 226 and length 84: Movement -1 not in dictionary
Passed for start_position 226 and length 86
Passed for start_position 226 and length 88
Passed for start_position 226 and length 90
Passed for start_position 226 and length 92
Error for start_position 226 and length 94: Movement -1 not in dictionary
Passed for start_position 226 and length 96
Error for start_position 226 and length 98: Movement 1 not in dictionary
Passed for start_position 226 and length 100
Passed for start_position 227 and length 2
Passed for start_position 227 and length 4
Passed for start_position 227 and length 6
Passed for start_position 227 and length 8
Passed for start_position 227 and length 10
Passed for start_position 227 and length 12
Passed for start_position 227 and length 14
Passed for start_position 227 and length 16
Passed for start_position 227 and length 18
Passed for start_position 227 and length 20
Passed for start_position 227 and length 22
Passed for start_position 227 and length 24
Passed for start_position 227 and length 26
Passed for start_position 227 and length 28
Passed for start_position 227 and length 30
Passed for start_position 227 and length 32
Passed for start_position 227 and length 34
Passed for start_position 227 and length 36
Passed for start_position 227 and length 38
Passed for start_position 227 and length 40
Passed for start_position 227 and length 42
Passed for start_position 227 and length 44
Passed for start_position 227 and length 46
Passed for start_position 227 and length 48
Passed for start_position 227 and length 50
Passed for start_position 227 and length 52
Passed for start_position 227 and length 54
Passed for start_position 227 and length 56
Passed for start_position 227 and length 58
Passed for start_position 227 and length 60
Passed for start_position 227 and length 62
Passed for start_position 227 and length 64
Passed for start_position 227 and length 66
Passed for start_position 227 and length 68
Passed for start_position 227 and length 70
Passed for start_position 227 and length 72
Passed for start_position 227 and length 74
Passed for start_position 227 and length 76
Passed for start_position 227 and length 78
Passed for start_position 227 and length 80
Passed for start_position 227 and length 82
Passed for start_position 227 and length 84
Passed for start_position 227 and length 86
Passed for start_position 227 and length 88
Passed for start_position 227 and length 90
Passed for start_position 227 and length 92
Passed for start_position 227 and length 94
Passed for start_position 227 and length 96
Passed for start_position 227 and length 98
Passed for start_position 227 and length 100
Passed for start_position 228 and length 2
Passed for start_position 228 and length 4
Passed for start_position 228 and length 6
Passed for start_position 228 and length 8
Passed for start_position 228 and length 10
Passed for start_position 228 and length 12
Passed for start_position 228 and length 14
Passed for start_position 228 and length 16
Passed for start_position 228 and length 18
Passed for start_position 228 and length 20
Passed for start_position 228 and length 22
Passed for start_position 228 and length 24
Passed for start_position 228 and length 26
Passed for start_position 228 and length 28
Passed for start_position 228 and length 30
Passed for start_position 228 and length 32
Passed for start_position 228 and length 34
Passed for start_position 228 and length 36
Passed for start_position 228 and length 38
Passed for start_position 228 and length 40
Passed for start_position 228 and length 42
Passed for start_position 228 and length 44
Passed for start_position 228 and length 46
Passed for start_position 228 and length 48
Passed for start_position 228 and length 50
Passed for start_position 228 and length 52
Passed for start_position 228 and length 54
Passed for start_position 228 and length 56
Passed for start_position 228 and length 58
Passed for start_position 228 and length 60
Passed for start_position 228 and length 62
Passed for start_position 228 and length 64
Passed for start_position 228 and length 66
Passed for start_position 228 and length 68
Passed for start_position 228 and length 70
Passed for start_position 228 and length 72
Passed for start_position 228 and length 74
Passed for start_position 228 and length 76
Passed for start_position 228 and length 78
Passed for start_position 228 and length 80
Passed for start_position 228 and length 82
Passed for start_position 228 and length 84
Passed for start_position 228 and length 86
Passed for start_position 228 and length 88
Passed for start_position 228 and length 90
Passed for start_position 228 and length 92
Passed for start_position 228 and length 94
Passed for start_position 228 and length 96
Passed for start_position 228 and length 98
Passed for start_position 228 and length 100
Passed for start_position 229 and length 2
Passed for start_position 229 and length 4
Passed for start_position 229 and length 6
Passed for start_position 229 and length 8
Passed for start_position 229 and length 10
Passed for start_position 229 and length 12
Passed for start_position 229 and length 14
Passed for start_position 229 and length 16
Passed for start_position 229 and length 18
Passed for start_position 229 and length 20
Passed for start_position 229 and length 22
Passed for start_position 229 and length 24
Passed for start_position 229 and length 26
Passed for start_position 229 and length 28
Passed for start_position 229 and length 30
Passed for start_position 229 and length 32
Passed for start_position 229 and length 34
Passed for start_position 229 and length 36
Passed for start_position 229 and length 38
Passed for start_position 229 and length 40
Passed for start_position 229 and length 42
Passed for start_position 229 and length 44
Passed for start_position 229 and length 46
Passed for start_position 229 and length 48
Passed for start_position 229 and length 50
Passed for start_position 229 and length 52
Passed for start_position 229 and length 54
Passed for start_position 229 and length 56
Passed for start_position 229 and length 58
Passed for start_position 229 and length 60
Passed for start_position 229 and length 62
Passed for start_position 229 and length 64
Passed for start_position 229 and length 66
Passed for start_position 229 and length 68
Passed for start_position 229 and length 70
Passed for start_position 229 and length 72
Passed for start_position 229 and length 74
Passed for start_position 229 and length 76
Passed for start_position 229 and length 78
Passed for start_position 229 and length 80
Passed for start_position 229 and length 82
Passed for start_position 229 and length 84
Passed for start_position 229 and length 86
Passed for start_position 229 and length 88
Passed for start_position 229 and length 90
Passed for start_position 229 and length 92
Passed for start_position 229 and length 94
Passed for start_position 229 and length 96
Passed for start_position 229 and length 98
Passed for start_position 229 and length 100
Passed for start_position 230 and length 2
Passed for start_position 230 and length 4
Passed for start_position 230 and length 6
Passed for start_position 230 and length 8
Passed for start_position 230 and length 10
Passed for start_position 230 and length 12
Passed for start_position 230 and length 14
Passed for start_position 230 and length 16
Passed for start_position 230 and length 18
Passed for start_position 230 and length 20
Passed for start_position 230 and length 22
Passed for start_position 230 and length 24
Passed for start_position 230 and length 26
Passed for start_position 230 and length 28
Passed for start_position 230 and length 30
Passed for start_position 230 and length 32
Passed for start_position 230 and length 34
Passed for start_position 230 and length 36
Passed for start_position 230 and length 38
Passed for start_position 230 and length 40
Passed for start_position 230 and length 42
Passed for start_position 230 and length 44
Passed for start_position 230 and length 46
Passed for start_position 230 and length 48
Passed for start_position 230 and length 50
Passed for start_position 230 and length 52
Passed for start_position 230 and length 54
Passed for start_position 230 and length 56
Passed for start_position 230 and length 58
Passed for start_position 230 and length 60
Passed for start_position 230 and length 62
Passed for start_position 230 and length 64
Passed for start_position 230 and length 66
Passed for start_position 230 and length 68
Passed for start_position 230 and length 70
Passed for start_position 230 and length 72
Passed for start_position 230 and length 74
Passed for start_position 230 and length 76
Passed for start_position 230 and length 78
Passed for start_position 230 and length 80
Passed for start_position 230 and length 82
Passed for start_position 230 and length 84
Passed for start_position 230 and length 86
Passed for start_position 230 and length 88
Passed for start_position 230 and length 90
Passed for start_position 230 and length 92
Passed for start_position 230 and length 94
Passed for start_position 230 and length 96
Passed for start_position 230 and length 98
Passed for start_position 230 and length 100
Passed for start_position 231 and length 2
Passed for start_position 231 and length 4
Passed for start_position 231 and length 6
Passed for start_position 231 and length 8
Passed for start_position 231 and length 10
Passed for start_position 231 and length 12
Passed for start_position 231 and length 14
Passed for start_position 231 and length 16
Passed for start_position 231 and length 18
Passed for start_position 231 and length 20
Passed for start_position 231 and length 22
Passed for start_position 231 and length 24
Passed for start_position 231 and length 26
Passed for start_position 231 and length 28
Passed for start_position 231 and length 30
Passed for start_position 231 and length 32
Passed for start_position 231 and length 34
Passed for start_position 231 and length 36
Passed for start_position 231 and length 38
Passed for start_position 231 and length 40
Passed for start_position 231 and length 42
Passed for start_position 231 and length 44
Passed for start_position 231 and length 46
Passed for start_position 231 and length 48
Passed for start_position 231 and length 50
Passed for start_position 231 and length 52
Passed for start_position 231 and length 54
Passed for start_position 231 and length 56
Passed for start_position 231 and length 58
Passed for start_position 231 and length 60
Passed for start_position 231 and length 62
Passed for start_position 231 and length 64
Passed for start_position 231 and length 66
Passed for start_position 231 and length 68
Passed for start_position 231 and length 70
Passed for start_position 231 and length 72
Passed for start_position 231 and length 74
Passed for start_position 231 and length 76
Passed for start_position 231 and length 78
Passed for start_position 231 and length 80
Passed for start_position 231 and length 82
Passed for start_position 231 and length 84
Passed for start_position 231 and length 86
Passed for start_position 231 and length 88
Passed for start_position 231 and length 90
Passed for start_position 231 and length 92
Passed for start_position 231 and length 94
Passed for start_position 231 and length 96
Passed for start_position 231 and length 98
Passed for start_position 231 and length 100
Passed for start_position 232 and length 2
Passed for start_position 232 and length 4
Passed for start_position 232 and length 6
Passed for start_position 232 and length 8
Passed for start_position 232 and length 10
Passed for start_position 232 and length 12
Passed for start_position 232 and length 14
Passed for start_position 232 and length 16
Passed for start_position 232 and length 18
Passed for start_position 232 and length 20
Passed for start_position 232 and length 22
Passed for start_position 232 and length 24
Passed for start_position 232 and length 26
Passed for start_position 232 and length 28
Passed for start_position 232 and length 30
Passed for start_position 232 and length 32
Passed for start_position 232 and length 34
Passed for start_position 232 and length 36
Passed for start_position 232 and length 38
Passed for start_position 232 and length 40
Passed for start_position 232 and length 42
Passed for start_position 232 and length 44
Passed for start_position 232 and length 46
Passed for start_position 232 and length 48
Passed for start_position 232 and length 50
Passed for start_position 232 and length 52
Passed for start_position 232 and length 54
Passed for start_position 232 and length 56
Passed for start_position 232 and length 58
Passed for start_position 232 and length 60
Passed for start_position 232 and length 62
Passed for start_position 232 and length 64
Passed for start_position 232 and length 66
Passed for start_position 232 and length 68
Passed for start_position 232 and length 70
Passed for start_position 232 and length 72
Passed for start_position 232 and length 74
Passed for start_position 232 and length 76
Passed for start_position 232 and length 78
Passed for start_position 232 and length 80
Passed for start_position 232 and length 82
Passed for start_position 232 and length 84
Passed for start_position 232 and length 86
Passed for start_position 232 and length 88
Passed for start_position 232 and length 90
Passed for start_position 232 and length 92
Passed for start_position 232 and length 94
Passed for start_position 232 and length 96
Passed for start_position 232 and length 98
Passed for start_position 232 and length 100
Passed for start_position 233 and length 2
Passed for start_position 233 and length 4
Passed for start_position 233 and length 6
Passed for start_position 233 and length 8
Passed for start_position 233 and length 10
Passed for start_position 233 and length 12
Passed for start_position 233 and length 14
Passed for start_position 233 and length 16
Passed for start_position 233 and length 18
Passed for start_position 233 and length 20
Passed for start_position 233 and length 22
Passed for start_position 233 and length 24
Passed for start_position 233 and length 26
Passed for start_position 233 and length 28
Passed for start_position 233 and length 30
Passed for start_position 233 and length 32
Passed for start_position 233 and length 34
Passed for start_position 233 and length 36
Passed for start_position 233 and length 38
Passed for start_position 233 and length 40
Passed for start_position 233 and length 42
Passed for start_position 233 and length 44
Passed for start_position 233 and length 46
Passed for start_position 233 and length 48
Passed for start_position 233 and length 50
Passed for start_position 233 and length 52
Passed for start_position 233 and length 54
Passed for start_position 233 and length 56
Passed for start_position 233 and length 58
Passed for start_position 233 and length 60
Passed for start_position 233 and length 62
Passed for start_position 233 and length 64
Passed for start_position 233 and length 66
Passed for start_position 233 and length 68
Passed for start_position 233 and length 70
Passed for start_position 233 and length 72
Passed for start_position 233 and length 74
Passed for start_position 233 and length 76
Passed for start_position 233 and length 78
Passed for start_position 233 and length 80
Passed for start_position 233 and length 82
Passed for start_position 233 and length 84
Passed for start_position 233 and length 86
Passed for start_position 233 and length 88
Passed for start_position 233 and length 90
Passed for start_position 233 and length 92
Passed for start_position 233 and length 94
Passed for start_position 233 and length 96
Passed for start_position 233 and length 98
Passed for start_position 233 and length 100
Passed for start_position 234 and length 2
Passed for start_position 234 and length 4
Passed for start_position 234 and length 6
Passed for start_position 234 and length 8
Passed for start_position 234 and length 10
Passed for start_position 234 and length 12
Passed for start_position 234 and length 14
Passed for start_position 234 and length 16
Passed for start_position 234 and length 18
Passed for start_position 234 and length 20
Passed for start_position 234 and length 22
Passed for start_position 234 and length 24
Passed for start_position 234 and length 26
Passed for start_position 234 and length 28
Passed for start_position 234 and length 30
Passed for start_position 234 and length 32
Passed for start_position 234 and length 34
Passed for start_position 234 and length 36
Passed for start_position 234 and length 38
Passed for start_position 234 and length 40
Passed for start_position 234 and length 42
Passed for start_position 234 and length 44
Passed for start_position 234 and length 46
Passed for start_position 234 and length 48
Passed for start_position 234 and length 50
Passed for start_position 234 and length 52
Passed for start_position 234 and length 54
Passed for start_position 234 and length 56
Passed for start_position 234 and length 58
Passed for start_position 234 and length 60
Passed for start_position 234 and length 62
Passed for start_position 234 and length 64
Passed for start_position 234 and length 66
Passed for start_position 234 and length 68
Passed for start_position 234 and length 70
Passed for start_position 234 and length 72
Passed for start_position 234 and length 74
Passed for start_position 234 and length 76
Passed for start_position 234 and length 78
Passed for start_position 234 and length 80
Passed for start_position 234 and length 82
Passed for start_position 234 and length 84
Passed for start_position 234 and length 86
Passed for start_position 234 and length 88
Passed for start_position 234 and length 90
Passed for start_position 234 and length 92
Passed for start_position 234 and length 94
Passed for start_position 234 and length 96
Passed for start_position 234 and length 98
Passed for start_position 234 and length 100
Passed for start_position 235 and length 2
Passed for start_position 235 and length 4
Passed for start_position 235 and length 6
Passed for start_position 235 and length 8
Passed for start_position 235 and length 10
Passed for start_position 235 and length 12
Passed for start_position 235 and length 14
Passed for start_position 235 and length 16
Passed for start_position 235 and length 18
Passed for start_position 235 and length 20
Passed for start_position 235 and length 22
Passed for start_position 235 and length 24
Passed for start_position 235 and length 26
Passed for start_position 235 and length 28
Passed for start_position 235 and length 30
Passed for start_position 235 and length 32
Passed for start_position 235 and length 34
Passed for start_position 235 and length 36
Passed for start_position 235 and length 38
Passed for start_position 235 and length 40
Passed for start_position 235 and length 42
Passed for start_position 235 and length 44
Passed for start_position 235 and length 46
Passed for start_position 235 and length 48
Passed for start_position 235 and length 50
Passed for start_position 235 and length 52
Passed for start_position 235 and length 54
Passed for start_position 235 and length 56
Passed for start_position 235 and length 58
Passed for start_position 235 and length 60
Passed for start_position 235 and length 62
Passed for start_position 235 and length 64
Passed for start_position 235 and length 66
Passed for start_position 235 and length 68
Passed for start_position 235 and length 70
Passed for start_position 235 and length 72
Passed for start_position 235 and length 74
Passed for start_position 235 and length 76
Passed for start_position 235 and length 78
Passed for start_position 235 and length 80
Passed for start_position 235 and length 82
Passed for start_position 235 and length 84
Passed for start_position 235 and length 86
Passed for start_position 235 and length 88
Passed for start_position 235 and length 90
Passed for start_position 235 and length 92
Passed for start_position 235 and length 94
Passed for start_position 235 and length 96
Passed for start_position 235 and length 98
Passed for start_position 235 and length 100
Passed for start_position 236 and length 2
Error for start_position 236 and length 4: Movement 1 not in dictionary
Passed for start_position 236 and length 6
Passed for start_position 236 and length 8
Passed for start_position 236 and length 10
Passed for start_position 236 and length 12
Passed for start_position 236 and length 14
Error for start_position 236 and length 16: Movement 1 not in dictionary
Passed for start_position 236 and length 18
Error for start_position 236 and length 20: Movement -1 not in dictionary
Passed for start_position 236 and length 22
Error for start_position 236 and length 24: Movement 1 not in dictionary
Error for start_position 236 and length 26: Movement -1 not in dictionary
Passed for start_position 236 and length 28
Passed for start_position 236 and length 30
Error for start_position 236 and length 32: Movement -1 not in dictionary
Passed for start_position 236 and length 34
Passed for start_position 236 and length 36
Error for start_position 236 and length 38: Movement -1 not in dictionary
Passed for start_position 236 and length 40
Error for start_position 236 and length 42: Movement -1 not in dictionary
Passed for start_position 236 and length 44
Error for start_position 236 and length 46: Movement 1 not in dictionary
Passed for start_position 236 and length 48
Passed for start_position 236 and length 50
Passed for start_position 236 and length 52
Error for start_position 236 and length 54: Movement 1 not in dictionary
Passed for start_position 236 and length 56
Passed for start_position 236 and length 58
Passed for start_position 236 and length 60
Passed for start_position 236 and length 62
Error for start_position 236 and length 64: Movement -1 not in dictionary
Error for start_position 236 and length 66: Movement 1 not in dictionary
Error for start_position 236 and length 68: Movement -1 not in dictionary
Error for start_position 236 and length 70: Movement 1 not in dictionary
Passed for start_position 236 and length 72
Error for start_position 236 and length 74: Movement 1 not in dictionary
Error for start_position 236 and length 76: Movement 1 not in dictionary
Passed for start_position 236 and length 78
Passed for start_position 236 and length 80
Passed for start_position 236 and length 82
Error for start_position 236 and length 84: Movement 1 not in dictionary
Error for start_position 236 and length 86: Movement 1 not in dictionary
Error for start_position 236 and length 88: Movement 1 not in dictionary
Error for start_position 236 and length 90: Movement -1 not in dictionary
Passed for start_position 236 and length 92
Error for start_position 236 and length 94: Movement 1 not in dictionary
Passed for start_position 236 and length 96
Passed for start_position 236 and length 98
Passed for start_position 236 and length 100
Passed for start_position 237 and length 2
Passed for start_position 237 and length 4
Passed for start_position 237 and length 6
Passed for start_position 237 and length 8
Passed for start_position 237 and length 10
Passed for start_position 237 and length 12
Passed for start_position 237 and length 14
Passed for start_position 237 and length 16
Passed for start_position 237 and length 18
Passed for start_position 237 and length 20
Passed for start_position 237 and length 22
Passed for start_position 237 and length 24
Passed for start_position 237 and length 26
Passed for start_position 237 and length 28
Passed for start_position 237 and length 30
Passed for start_position 237 and length 32
Passed for start_position 237 and length 34
Passed for start_position 237 and length 36
Passed for start_position 237 and length 38
Passed for start_position 237 and length 40
Passed for start_position 237 and length 42
Passed for start_position 237 and length 44
Passed for start_position 237 and length 46
Passed for start_position 237 and length 48
Passed for start_position 237 and length 50
Passed for start_position 237 and length 52
Passed for start_position 237 and length 54
Passed for start_position 237 and length 56
Passed for start_position 237 and length 58
Passed for start_position 237 and length 60
Passed for start_position 237 and length 62
Passed for start_position 237 and length 64
Passed for start_position 237 and length 66
Passed for start_position 237 and length 68
Passed for start_position 237 and length 70
Passed for start_position 237 and length 72
Passed for start_position 237 and length 74
Passed for start_position 237 and length 76
Passed for start_position 237 and length 78
Passed for start_position 237 and length 80
Passed for start_position 237 and length 82
Passed for start_position 237 and length 84
Passed for start_position 237 and length 86
Passed for start_position 237 and length 88
Passed for start_position 237 and length 90
Passed for start_position 237 and length 92
Passed for start_position 237 and length 94
Passed for start_position 237 and length 96
Passed for start_position 237 and length 98
Passed for start_position 237 and length 100
Passed for start_position 238 and length 2
Passed for start_position 238 and length 4
Passed for start_position 238 and length 6
Passed for start_position 238 and length 8
Passed for start_position 238 and length 10
Passed for start_position 238 and length 12
Passed for start_position 238 and length 14
Passed for start_position 238 and length 16
Passed for start_position 238 and length 18
Passed for start_position 238 and length 20
Passed for start_position 238 and length 22
Passed for start_position 238 and length 24
Passed for start_position 238 and length 26
Passed for start_position 238 and length 28
Passed for start_position 238 and length 30
Passed for start_position 238 and length 32
Passed for start_position 238 and length 34
Passed for start_position 238 and length 36
Passed for start_position 238 and length 38
Passed for start_position 238 and length 40
Passed for start_position 238 and length 42
Passed for start_position 238 and length 44
Passed for start_position 238 and length 46
Passed for start_position 238 and length 48
Passed for start_position 238 and length 50
Passed for start_position 238 and length 52
Passed for start_position 238 and length 54
Passed for start_position 238 and length 56
Passed for start_position 238 and length 58
Passed for start_position 238 and length 60
Passed for start_position 238 and length 62
Passed for start_position 238 and length 64
Passed for start_position 238 and length 66
Passed for start_position 238 and length 68
Passed for start_position 238 and length 70
Passed for start_position 238 and length 72
Passed for start_position 238 and length 74
Passed for start_position 238 and length 76
Passed for start_position 238 and length 78
Passed for start_position 238 and length 80
Passed for start_position 238 and length 82
Passed for start_position 238 and length 84
Passed for start_position 238 and length 86
Passed for start_position 238 and length 88
Passed for start_position 238 and length 90
Passed for start_position 238 and length 92
Passed for start_position 238 and length 94
Passed for start_position 238 and length 96
Passed for start_position 238 and length 98
Passed for start_position 238 and length 100
Passed for start_position 239 and length 2
Passed for start_position 239 and length 4
Passed for start_position 239 and length 6
Passed for start_position 239 and length 8
Passed for start_position 239 and length 10
Passed for start_position 239 and length 12
Passed for start_position 239 and length 14
Passed for start_position 239 and length 16
Passed for start_position 239 and length 18
Passed for start_position 239 and length 20
Passed for start_position 239 and length 22
Passed for start_position 239 and length 24
Passed for start_position 239 and length 26
Passed for start_position 239 and length 28
Passed for start_position 239 and length 30
Passed for start_position 239 and length 32
Passed for start_position 239 and length 34
Passed for start_position 239 and length 36
Passed for start_position 239 and length 38
Passed for start_position 239 and length 40
Passed for start_position 239 and length 42
Passed for start_position 239 and length 44
Passed for start_position 239 and length 46
Passed for start_position 239 and length 48
Passed for start_position 239 and length 50
Passed for start_position 239 and length 52
Passed for start_position 239 and length 54
Passed for start_position 239 and length 56
Passed for start_position 239 and length 58
Passed for start_position 239 and length 60
Passed for start_position 239 and length 62
Passed for start_position 239 and length 64
Passed for start_position 239 and length 66
Passed for start_position 239 and length 68
Passed for start_position 239 and length 70
Passed for start_position 239 and length 72
Passed for start_position 239 and length 74
Passed for start_position 239 and length 76
Passed for start_position 239 and length 78
Passed for start_position 239 and length 80
Passed for start_position 239 and length 82
Passed for start_position 239 and length 84
Passed for start_position 239 and length 86
Passed for start_position 239 and length 88
Passed for start_position 239 and length 90
Passed for start_position 239 and length 92
Passed for start_position 239 and length 94
Passed for start_position 239 and length 96
Passed for start_position 239 and length 98
Passed for start_position 239 and length 100
Passed for start_position 240 and length 2
Passed for start_position 240 and length 4
Passed for start_position 240 and length 6
Passed for start_position 240 and length 8
Passed for start_position 240 and length 10
Passed for start_position 240 and length 12
Passed for start_position 240 and length 14
Passed for start_position 240 and length 16
Passed for start_position 240 and length 18
Passed for start_position 240 and length 20
Passed for start_position 240 and length 22
Passed for start_position 240 and length 24
Passed for start_position 240 and length 26
Passed for start_position 240 and length 28
Passed for start_position 240 and length 30
Passed for start_position 240 and length 32
Passed for start_position 240 and length 34
Passed for start_position 240 and length 36
Passed for start_position 240 and length 38
Passed for start_position 240 and length 40
Passed for start_position 240 and length 42
Passed for start_position 240 and length 44
Passed for start_position 240 and length 46
Passed for start_position 240 and length 48
Passed for start_position 240 and length 50
Passed for start_position 240 and length 52
Passed for start_position 240 and length 54
Passed for start_position 240 and length 56
Passed for start_position 240 and length 58
Passed for start_position 240 and length 60
Passed for start_position 240 and length 62
Passed for start_position 240 and length 64
Passed for start_position 240 and length 66
Passed for start_position 240 and length 68
Passed for start_position 240 and length 70
Passed for start_position 240 and length 72
Passed for start_position 240 and length 74
Passed for start_position 240 and length 76
Passed for start_position 240 and length 78
Passed for start_position 240 and length 80
Passed for start_position 240 and length 82
Passed for start_position 240 and length 84
Passed for start_position 240 and length 86
Passed for start_position 240 and length 88
Passed for start_position 240 and length 90
Passed for start_position 240 and length 92
Passed for start_position 240 and length 94
Passed for start_position 240 and length 96
Passed for start_position 240 and length 98
Passed for start_position 240 and length 100
Passed for start_position 241 and length 2
Passed for start_position 241 and length 4
Passed for start_position 241 and length 6
Passed for start_position 241 and length 8
Passed for start_position 241 and length 10
Passed for start_position 241 and length 12
Passed for start_position 241 and length 14
Passed for start_position 241 and length 16
Passed for start_position 241 and length 18
Passed for start_position 241 and length 20
Passed for start_position 241 and length 22
Passed for start_position 241 and length 24
Passed for start_position 241 and length 26
Passed for start_position 241 and length 28
Passed for start_position 241 and length 30
Passed for start_position 241 and length 32
Passed for start_position 241 and length 34
Passed for start_position 241 and length 36
Passed for start_position 241 and length 38
Passed for start_position 241 and length 40
Passed for start_position 241 and length 42
Passed for start_position 241 and length 44
Passed for start_position 241 and length 46
Passed for start_position 241 and length 48
Passed for start_position 241 and length 50
Passed for start_position 241 and length 52
Passed for start_position 241 and length 54
Passed for start_position 241 and length 56
Passed for start_position 241 and length 58
Passed for start_position 241 and length 60
Passed for start_position 241 and length 62
Passed for start_position 241 and length 64
Passed for start_position 241 and length 66
Passed for start_position 241 and length 68
Passed for start_position 241 and length 70
Passed for start_position 241 and length 72
Passed for start_position 241 and length 74
Passed for start_position 241 and length 76
Passed for start_position 241 and length 78
Passed for start_position 241 and length 80
Passed for start_position 241 and length 82
Passed for start_position 241 and length 84
Passed for start_position 241 and length 86
Passed for start_position 241 and length 88
Passed for start_position 241 and length 90
Passed for start_position 241 and length 92
Passed for start_position 241 and length 94
Passed for start_position 241 and length 96
Passed for start_position 241 and length 98
Passed for start_position 241 and length 100
Passed for start_position 242 and length 2
Passed for start_position 242 and length 4
Passed for start_position 242 and length 6
Passed for start_position 242 and length 8
Passed for start_position 242 and length 10
Passed for start_position 242 and length 12
Passed for start_position 242 and length 14
Passed for start_position 242 and length 16
Passed for start_position 242 and length 18
Passed for start_position 242 and length 20
Passed for start_position 242 and length 22
Passed for start_position 242 and length 24
Passed for start_position 242 and length 26
Passed for start_position 242 and length 28
Passed for start_position 242 and length 30
Passed for start_position 242 and length 32
Passed for start_position 242 and length 34
Passed for start_position 242 and length 36
Passed for start_position 242 and length 38
Passed for start_position 242 and length 40
Passed for start_position 242 and length 42
Passed for start_position 242 and length 44
Passed for start_position 242 and length 46
Passed for start_position 242 and length 48
Passed for start_position 242 and length 50
Passed for start_position 242 and length 52
Passed for start_position 242 and length 54
Passed for start_position 242 and length 56
Passed for start_position 242 and length 58
Passed for start_position 242 and length 60
Passed for start_position 242 and length 62
Passed for start_position 242 and length 64
Passed for start_position 242 and length 66
Passed for start_position 242 and length 68
Passed for start_position 242 and length 70
Passed for start_position 242 and length 72
Passed for start_position 242 and length 74
Passed for start_position 242 and length 76
Passed for start_position 242 and length 78
Passed for start_position 242 and length 80
Passed for start_position 242 and length 82
Passed for start_position 242 and length 84
Passed for start_position 242 and length 86
Passed for start_position 242 and length 88
Passed for start_position 242 and length 90
Passed for start_position 242 and length 92
Passed for start_position 242 and length 94
Passed for start_position 242 and length 96
Passed for start_position 242 and length 98
Passed for start_position 242 and length 100
Passed for start_position 243 and length 2
Passed for start_position 243 and length 4
Passed for start_position 243 and length 6
Passed for start_position 243 and length 8
Passed for start_position 243 and length 10
Passed for start_position 243 and length 12
Passed for start_position 243 and length 14
Passed for start_position 243 and length 16
Passed for start_position 243 and length 18
Passed for start_position 243 and length 20
Passed for start_position 243 and length 22
Passed for start_position 243 and length 24
Passed for start_position 243 and length 26
Passed for start_position 243 and length 28
Passed for start_position 243 and length 30
Passed for start_position 243 and length 32
Passed for start_position 243 and length 34
Passed for start_position 243 and length 36
Passed for start_position 243 and length 38
Passed for start_position 243 and length 40
Passed for start_position 243 and length 42
Passed for start_position 243 and length 44
Passed for start_position 243 and length 46
Passed for start_position 243 and length 48
Passed for start_position 243 and length 50
Passed for start_position 243 and length 52
Passed for start_position 243 and length 54
Passed for start_position 243 and length 56
Passed for start_position 243 and length 58
Passed for start_position 243 and length 60
Passed for start_position 243 and length 62
Passed for start_position 243 and length 64
Passed for start_position 243 and length 66
Passed for start_position 243 and length 68
Passed for start_position 243 and length 70
Passed for start_position 243 and length 72
Passed for start_position 243 and length 74
Passed for start_position 243 and length 76
Passed for start_position 243 and length 78
Passed for start_position 243 and length 80
Passed for start_position 243 and length 82
Passed for start_position 243 and length 84
Passed for start_position 243 and length 86
Passed for start_position 243 and length 88
Passed for start_position 243 and length 90
Passed for start_position 243 and length 92
Passed for start_position 243 and length 94
Passed for start_position 243 and length 96
Passed for start_position 243 and length 98
Passed for start_position 243 and length 100
Error for start_position 244 and length 2: Movement 1 not in dictionary
Passed for start_position 244 and length 4
Passed for start_position 244 and length 6
Passed for start_position 244 and length 8
Error for start_position 244 and length 10: Movement -1 not in dictionary
Passed for start_position 244 and length 12
Passed for start_position 244 and length 14
Error for start_position 244 and length 16: Movement 1 not in dictionary
Error for start_position 244 and length 18: Movement -1 not in dictionary
Error for start_position 244 and length 20: Movement -1 not in dictionary
Passed for start_position 244 and length 22
Error for start_position 244 and length 24: Movement 1 not in dictionary
Error for start_position 244 and length 26: Movement 1 not in dictionary
Passed for start_position 244 and length 28
Passed for start_position 244 and length 30
Error for start_position 244 and length 32: Movement 1 not in dictionary
Passed for start_position 244 and length 34
Error for start_position 244 and length 36: Movement 1 not in dictionary
Error for start_position 244 and length 38: Movement 1 not in dictionary
Passed for start_position 244 and length 40
Passed for start_position 244 and length 42
Error for start_position 244 and length 44: Movement 1 not in dictionary
Passed for start_position 244 and length 46
Passed for start_position 244 and length 48
Passed for start_position 244 and length 50
Passed for start_position 244 and length 52
Passed for start_position 244 and length 54
Passed for start_position 244 and length 56
Passed for start_position 244 and length 58
Error for start_position 244 and length 60: Movement -1 not in dictionary
Passed for start_position 244 and length 62
Passed for start_position 244 and length 64
Error for start_position 244 and length 66: Movement -1 not in dictionary
Passed for start_position 244 and length 68
Passed for start_position 244 and length 70
Passed for start_position 244 and length 72
Error for start_position 244 and length 74: Movement -1 not in dictionary
Passed for start_position 244 and length 76
Error for start_position 244 and length 78: Movement -1 not in dictionary
Error for start_position 244 and length 80: Movement 1 not in dictionary
Passed for start_position 244 and length 82
Error for start_position 244 and length 84: Movement -1 not in dictionary
Passed for start_position 244 and length 86
Passed for start_position 244 and length 88
Passed for start_position 244 and length 90
Error for start_position 244 and length 92: Movement 1 not in dictionary
Passed for start_position 244 and length 94
Error for start_position 244 and length 96: Movement 1 not in dictionary
Passed for start_position 244 and length 98
Error for start_position 244 and length 100: Movement -1 not in dictionary
Passed for start_position 245 and length 2
Passed for start_position 245 and length 4
Passed for start_position 245 and length 6
Passed for start_position 245 and length 8
Passed for start_position 245 and length 10
Passed for start_position 245 and length 12
Passed for start_position 245 and length 14
Passed for start_position 245 and length 16
Passed for start_position 245 and length 18
Passed for start_position 245 and length 20
Passed for start_position 245 and length 22
Passed for start_position 245 and length 24
Passed for start_position 245 and length 26
Passed for start_position 245 and length 28
Passed for start_position 245 and length 30
Passed for start_position 245 and length 32
Passed for start_position 245 and length 34
Passed for start_position 245 and length 36
Passed for start_position 245 and length 38
Passed for start_position 245 and length 40
Passed for start_position 245 and length 42
Passed for start_position 245 and length 44
Passed for start_position 245 and length 46
Passed for start_position 245 and length 48
Passed for start_position 245 and length 50
Passed for start_position 245 and length 52
Passed for start_position 245 and length 54
Passed for start_position 245 and length 56
Passed for start_position 245 and length 58
Passed for start_position 245 and length 60
Passed for start_position 245 and length 62
Passed for start_position 245 and length 64
Passed for start_position 245 and length 66
Passed for start_position 245 and length 68
Passed for start_position 245 and length 70
Passed for start_position 245 and length 72
Passed for start_position 245 and length 74
Passed for start_position 245 and length 76
Passed for start_position 245 and length 78
Passed for start_position 245 and length 80
Passed for start_position 245 and length 82
Passed for start_position 245 and length 84
Passed for start_position 245 and length 86
Passed for start_position 245 and length 88
Passed for start_position 245 and length 90
Passed for start_position 245 and length 92
Passed for start_position 245 and length 94
Passed for start_position 245 and length 96
Passed for start_position 245 and length 98
Passed for start_position 245 and length 100
Passed for start_position 246 and length 2
Passed for start_position 246 and length 4
Passed for start_position 246 and length 6
Passed for start_position 246 and length 8
Passed for start_position 246 and length 10
Passed for start_position 246 and length 12
Passed for start_position 246 and length 14
Passed for start_position 246 and length 16
Passed for start_position 246 and length 18
Passed for start_position 246 and length 20
Passed for start_position 246 and length 22
Passed for start_position 246 and length 24
Passed for start_position 246 and length 26
Passed for start_position 246 and length 28
Passed for start_position 246 and length 30
Passed for start_position 246 and length 32
Passed for start_position 246 and length 34
Passed for start_position 246 and length 36
Passed for start_position 246 and length 38
Passed for start_position 246 and length 40
Passed for start_position 246 and length 42
Passed for start_position 246 and length 44
Passed for start_position 246 and length 46
Passed for start_position 246 and length 48
Passed for start_position 246 and length 50
Passed for start_position 246 and length 52
Passed for start_position 246 and length 54
Passed for start_position 246 and length 56
Passed for start_position 246 and length 58
Passed for start_position 246 and length 60
Passed for start_position 246 and length 62
Passed for start_position 246 and length 64
Passed for start_position 246 and length 66
Passed for start_position 246 and length 68
Passed for start_position 246 and length 70
Passed for start_position 246 and length 72
Passed for start_position 246 and length 74
Passed for start_position 246 and length 76
Passed for start_position 246 and length 78
Passed for start_position 246 and length 80
Passed for start_position 246 and length 82
Passed for start_position 246 and length 84
Passed for start_position 246 and length 86
Passed for start_position 246 and length 88
Passed for start_position 246 and length 90
Passed for start_position 246 and length 92
Passed for start_position 246 and length 94
Passed for start_position 246 and length 96
Passed for start_position 246 and length 98
Passed for start_position 246 and length 100
Passed for start_position 247 and length 2
Passed for start_position 247 and length 4
Passed for start_position 247 and length 6
Passed for start_position 247 and length 8
Passed for start_position 247 and length 10
Passed for start_position 247 and length 12
Passed for start_position 247 and length 14
Passed for start_position 247 and length 16
Passed for start_position 247 and length 18
Passed for start_position 247 and length 20
Passed for start_position 247 and length 22
Passed for start_position 247 and length 24
Passed for start_position 247 and length 26
Passed for start_position 247 and length 28
Passed for start_position 247 and length 30
Passed for start_position 247 and length 32
Passed for start_position 247 and length 34
Passed for start_position 247 and length 36
Passed for start_position 247 and length 38
Passed for start_position 247 and length 40
Passed for start_position 247 and length 42
Passed for start_position 247 and length 44
Passed for start_position 247 and length 46
Passed for start_position 247 and length 48
Passed for start_position 247 and length 50
Passed for start_position 247 and length 52
Passed for start_position 247 and length 54
Passed for start_position 247 and length 56
Passed for start_position 247 and length 58
Passed for start_position 247 and length 60
Passed for start_position 247 and length 62
Passed for start_position 247 and length 64
Passed for start_position 247 and length 66
Passed for start_position 247 and length 68
Passed for start_position 247 and length 70
Passed for start_position 247 and length 72
Passed for start_position 247 and length 74
Passed for start_position 247 and length 76
Passed for start_position 247 and length 78
Passed for start_position 247 and length 80
Passed for start_position 247 and length 82
Passed for start_position 247 and length 84
Passed for start_position 247 and length 86
Passed for start_position 247 and length 88
Passed for start_position 247 and length 90
Passed for start_position 247 and length 92
Passed for start_position 247 and length 94
Passed for start_position 247 and length 96
Passed for start_position 247 and length 98
Passed for start_position 247 and length 100
Passed for start_position 248 and length 2
Passed for start_position 248 and length 4
Passed for start_position 248 and length 6
Passed for start_position 248 and length 8
Passed for start_position 248 and length 10
Passed for start_position 248 and length 12
Passed for start_position 248 and length 14
Passed for start_position 248 and length 16
Passed for start_position 248 and length 18
Passed for start_position 248 and length 20
Passed for start_position 248 and length 22
Passed for start_position 248 and length 24
Passed for start_position 248 and length 26
Passed for start_position 248 and length 28
Passed for start_position 248 and length 30
Passed for start_position 248 and length 32
Passed for start_position 248 and length 34
Passed for start_position 248 and length 36
Passed for start_position 248 and length 38
Passed for start_position 248 and length 40
Passed for start_position 248 and length 42
Passed for start_position 248 and length 44
Passed for start_position 248 and length 46
Passed for start_position 248 and length 48
Passed for start_position 248 and length 50
Passed for start_position 248 and length 52
Passed for start_position 248 and length 54
Passed for start_position 248 and length 56
Passed for start_position 248 and length 58
Passed for start_position 248 and length 60
Passed for start_position 248 and length 62
Passed for start_position 248 and length 64
Passed for start_position 248 and length 66
Passed for start_position 248 and length 68
Passed for start_position 248 and length 70
Passed for start_position 248 and length 72
Passed for start_position 248 and length 74
Passed for start_position 248 and length 76
Passed for start_position 248 and length 78
Passed for start_position 248 and length 80
Passed for start_position 248 and length 82
Passed for start_position 248 and length 84
Passed for start_position 248 and length 86
Passed for start_position 248 and length 88
Passed for start_position 248 and length 90
Passed for start_position 248 and length 92
Passed for start_position 248 and length 94
Passed for start_position 248 and length 96
Passed for start_position 248 and length 98
Passed for start_position 248 and length 100
Passed for start_position 249 and length 2
Passed for start_position 249 and length 4
Passed for start_position 249 and length 6
Passed for start_position 249 and length 8
Passed for start_position 249 and length 10
Passed for start_position 249 and length 12
Passed for start_position 249 and length 14
Passed for start_position 249 and length 16
Passed for start_position 249 and length 18
Passed for start_position 249 and length 20
Passed for start_position 249 and length 22
Passed for start_position 249 and length 24
Passed for start_position 249 and length 26
Passed for start_position 249 and length 28
Passed for start_position 249 and length 30
Passed for start_position 249 and length 32
Passed for start_position 249 and length 34
Passed for start_position 249 and length 36
Passed for start_position 249 and length 38
Passed for start_position 249 and length 40
Passed for start_position 249 and length 42
Passed for start_position 249 and length 44
Passed for start_position 249 and length 46
Passed for start_position 249 and length 48
Passed for start_position 249 and length 50
Passed for start_position 249 and length 52
Passed for start_position 249 and length 54
Passed for start_position 249 and length 56
Passed for start_position 249 and length 58
Passed for start_position 249 and length 60
Passed for start_position 249 and length 62
Passed for start_position 249 and length 64
Passed for start_position 249 and length 66
Passed for start_position 249 and length 68
Passed for start_position 249 and length 70
Passed for start_position 249 and length 72
Passed for start_position 249 and length 74
Passed for start_position 249 and length 76
Passed for start_position 249 and length 78
Passed for start_position 249 and length 80
Passed for start_position 249 and length 82
Passed for start_position 249 and length 84
Passed for start_position 249 and length 86
Passed for start_position 249 and length 88
Passed for start_position 249 and length 90
Passed for start_position 249 and length 92
Passed for start_position 249 and length 94
Passed for start_position 249 and length 96
Passed for start_position 249 and length 98
Passed for start_position 249 and length 100
Passed for start_position 250 and length 2
Passed for start_position 250 and length 4
Passed for start_position 250 and length 6
Passed for start_position 250 and length 8
Passed for start_position 250 and length 10
Passed for start_position 250 and length 12
Passed for start_position 250 and length 14
Passed for start_position 250 and length 16
Passed for start_position 250 and length 18
Passed for start_position 250 and length 20
Passed for start_position 250 and length 22
Passed for start_position 250 and length 24
Passed for start_position 250 and length 26
Passed for start_position 250 and length 28
Passed for start_position 250 and length 30
Passed for start_position 250 and length 32
Passed for start_position 250 and length 34
Passed for start_position 250 and length 36
Passed for start_position 250 and length 38
Passed for start_position 250 and length 40
Passed for start_position 250 and length 42
Passed for start_position 250 and length 44
Passed for start_position 250 and length 46
Passed for start_position 250 and length 48
Passed for start_position 250 and length 50
Passed for start_position 250 and length 52
Passed for start_position 250 and length 54
Passed for start_position 250 and length 56
Passed for start_position 250 and length 58
Passed for start_position 250 and length 60
Passed for start_position 250 and length 62
Passed for start_position 250 and length 64
Passed for start_position 250 and length 66
Passed for start_position 250 and length 68
Passed for start_position 250 and length 70
Passed for start_position 250 and length 72
Passed for start_position 250 and length 74
Passed for start_position 250 and length 76
Passed for start_position 250 and length 78
Passed for start_position 250 and length 80
Passed for start_position 250 and length 82
Passed for start_position 250 and length 84
Passed for start_position 250 and length 86
Passed for start_position 250 and length 88
Passed for start_position 250 and length 90
Passed for start_position 250 and length 92
Passed for start_position 250 and length 94
Passed for start_position 250 and length 96
Passed for start_position 250 and length 98
Passed for start_position 250 and length 100
Passed for start_position 251 and length 2
Passed for start_position 251 and length 4
Passed for start_position 251 and length 6
Passed for start_position 251 and length 8
Passed for start_position 251 and length 10
Passed for start_position 251 and length 12
Passed for start_position 251 and length 14
Passed for start_position 251 and length 16
Passed for start_position 251 and length 18
Passed for start_position 251 and length 20
Passed for start_position 251 and length 22
Passed for start_position 251 and length 24
Passed for start_position 251 and length 26
Passed for start_position 251 and length 28
Passed for start_position 251 and length 30
Passed for start_position 251 and length 32
Passed for start_position 251 and length 34
Passed for start_position 251 and length 36
Passed for start_position 251 and length 38
Passed for start_position 251 and length 40
Passed for start_position 251 and length 42
Passed for start_position 251 and length 44
Passed for start_position 251 and length 46
Passed for start_position 251 and length 48
Passed for start_position 251 and length 50
Passed for start_position 251 and length 52
Passed for start_position 251 and length 54
Passed for start_position 251 and length 56
Passed for start_position 251 and length 58
Passed for start_position 251 and length 60
Passed for start_position 251 and length 62
Passed for start_position 251 and length 64
Passed for start_position 251 and length 66
Passed for start_position 251 and length 68
Passed for start_position 251 and length 70
Passed for start_position 251 and length 72
Passed for start_position 251 and length 74
Passed for start_position 251 and length 76
Passed for start_position 251 and length 78
Passed for start_position 251 and length 80
Passed for start_position 251 and length 82
Passed for start_position 251 and length 84
Passed for start_position 251 and length 86
Passed for start_position 251 and length 88
Passed for start_position 251 and length 90
Passed for start_position 251 and length 92
Passed for start_position 251 and length 94
Passed for start_position 251 and length 96
Passed for start_position 251 and length 98
Passed for start_position 251 and length 100
Passed for start_position 252 and length 2
Passed for start_position 252 and length 4
Passed for start_position 252 and length 6
Passed for start_position 252 and length 8
Passed for start_position 252 and length 10
Passed for start_position 252 and length 12
Passed for start_position 252 and length 14
Passed for start_position 252 and length 16
Passed for start_position 252 and length 18
Passed for start_position 252 and length 20
Passed for start_position 252 and length 22
Passed for start_position 252 and length 24
Passed for start_position 252 and length 26
Passed for start_position 252 and length 28
Passed for start_position 252 and length 30
Passed for start_position 252 and length 32
Passed for start_position 252 and length 34
Passed for start_position 252 and length 36
Passed for start_position 252 and length 38
Passed for start_position 252 and length 40
Passed for start_position 252 and length 42
Passed for start_position 252 and length 44
Passed for start_position 252 and length 46
Passed for start_position 252 and length 48
Passed for start_position 252 and length 50
Passed for start_position 252 and length 52
Passed for start_position 252 and length 54
Passed for start_position 252 and length 56
Passed for start_position 252 and length 58
Passed for start_position 252 and length 60
Passed for start_position 252 and length 62
Passed for start_position 252 and length 64
Passed for start_position 252 and length 66
Passed for start_position 252 and length 68
Passed for start_position 252 and length 70
Passed for start_position 252 and length 72
Passed for start_position 252 and length 74
Passed for start_position 252 and length 76
Passed for start_position 252 and length 78
Passed for start_position 252 and length 80
Passed for start_position 252 and length 82
Passed for start_position 252 and length 84
Passed for start_position 252 and length 86
Passed for start_position 252 and length 88
Passed for start_position 252 and length 90
Passed for start_position 252 and length 92
Passed for start_position 252 and length 94
Passed for start_position 252 and length 96
Passed for start_position 252 and length 98
Passed for start_position 252 and length 100
Passed for start_position 253 and length 2
Passed for start_position 253 and length 4
Passed for start_position 253 and length 6
Passed for start_position 253 and length 8
Passed for start_position 253 and length 10
Passed for start_position 253 and length 12
Passed for start_position 253 and length 14
Passed for start_position 253 and length 16
Passed for start_position 253 and length 18
Passed for start_position 253 and length 20
Passed for start_position 253 and length 22
Passed for start_position 253 and length 24
Passed for start_position 253 and length 26
Passed for start_position 253 and length 28
Passed for start_position 253 and length 30
Passed for start_position 253 and length 32
Passed for start_position 253 and length 34
Passed for start_position 253 and length 36
Passed for start_position 253 and length 38
Passed for start_position 253 and length 40
Passed for start_position 253 and length 42
Passed for start_position 253 and length 44
Passed for start_position 253 and length 46
Passed for start_position 253 and length 48
Passed for start_position 253 and length 50
Passed for start_position 253 and length 52
Passed for start_position 253 and length 54
Passed for start_position 253 and length 56
Passed for start_position 253 and length 58
Passed for start_position 253 and length 60
Passed for start_position 253 and length 62
Passed for start_position 253 and length 64
Passed for start_position 253 and length 66
Passed for start_position 253 and length 68
Passed for start_position 253 and length 70
Passed for start_position 253 and length 72
Passed for start_position 253 and length 74
Passed for start_position 253 and length 76
Passed for start_position 253 and length 78
Passed for start_position 253 and length 80
Passed for start_position 253 and length 82
Passed for start_position 253 and length 84
Passed for start_position 253 and length 86
Passed for start_position 253 and length 88
Passed for start_position 253 and length 90
Passed for start_position 253 and length 92
Passed for start_position 253 and length 94
Passed for start_position 253 and length 96
Passed for start_position 253 and length 98
Passed for start_position 253 and length 100
Passed for start_position 254 and length 2
Passed for start_position 254 and length 4
Passed for start_position 254 and length 6
Passed for start_position 254 and length 8
Passed for start_position 254 and length 10
Passed for start_position 254 and length 12
Passed for start_position 254 and length 14
Passed for start_position 254 and length 16
Passed for start_position 254 and length 18
Passed for start_position 254 and length 20
Passed for start_position 254 and length 22
Passed for start_position 254 and length 24
Passed for start_position 254 and length 26
Passed for start_position 254 and length 28
Passed for start_position 254 and length 30
Passed for start_position 254 and length 32
Passed for start_position 254 and length 34
Passed for start_position 254 and length 36
Passed for start_position 254 and length 38
Passed for start_position 254 and length 40
Passed for start_position 254 and length 42
Passed for start_position 254 and length 44
Passed for start_position 254 and length 46
Passed for start_position 254 and length 48
Passed for start_position 254 and length 50
Passed for start_position 254 and length 52
Passed for start_position 254 and length 54
Passed for start_position 254 and length 56
Passed for start_position 254 and length 58
Passed for start_position 254 and length 60
Passed for start_position 254 and length 62
Passed for start_position 254 and length 64
Passed for start_position 254 and length 66
Passed for start_position 254 and length 68
Passed for start_position 254 and length 70
Passed for start_position 254 and length 72
Passed for start_position 254 and length 74
Passed for start_position 254 and length 76
Passed for start_position 254 and length 78
Passed for start_position 254 and length 80
Passed for start_position 254 and length 82
Passed for start_position 254 and length 84
Passed for start_position 254 and length 86
Passed for start_position 254 and length 88
Passed for start_position 254 and length 90
Passed for start_position 254 and length 92
Passed for start_position 254 and length 94
Passed for start_position 254 and length 96
Passed for start_position 254 and length 98
Passed for start_position 254 and length 100
Passed for start_position 255 and length 2
Passed for start_position 255 and length 4
Passed for start_position 255 and length 6
Passed for start_position 255 and length 8
Passed for start_position 255 and length 10
Passed for start_position 255 and length 12
Passed for start_position 255 and length 14
Passed for start_position 255 and length 16
Passed for start_position 255 and length 18
Passed for start_position 255 and length 20
Passed for start_position 255 and length 22
Passed for start_position 255 and length 24
Passed for start_position 255 and length 26
Passed for start_position 255 and length 28
Passed for start_position 255 and length 30
Passed for start_position 255 and length 32
Passed for start_position 255 and length 34
Passed for start_position 255 and length 36
Passed for start_position 255 and length 38
Passed for start_position 255 and length 40
Passed for start_position 255 and length 42
Passed for start_position 255 and length 44
Passed for start_position 255 and length 46
Passed for start_position 255 and length 48
Passed for start_position 255 and length 50
Passed for start_position 255 and length 52
Passed for start_position 255 and length 54
Passed for start_position 255 and length 56
Passed for start_position 255 and length 58
Passed for start_position 255 and length 60
Passed for start_position 255 and length 62
Passed for start_position 255 and length 64
Passed for start_position 255 and length 66
Passed for start_position 255 and length 68
Passed for start_position 255 and length 70
Passed for start_position 255 and length 72
Passed for start_position 255 and length 74
Passed for start_position 255 and length 76
Passed for start_position 255 and length 78
Passed for start_position 255 and length 80
Passed for start_position 255 and length 82
Passed for start_position 255 and length 84
Passed for start_position 255 and length 86
Passed for start_position 255 and length 88
Passed for start_position 255 and length 90
Passed for start_position 255 and length 92
Passed for start_position 255 and length 94
Passed for start_position 255 and length 96
Passed for start_position 255 and length 98
Passed for start_position 255 and length 100
Passed for start_position 256 and length 2
Passed for start_position 256 and length 4
Passed for start_position 256 and length 6
Passed for start_position 256 and length 8
Passed for start_position 256 and length 10
Passed for start_position 256 and length 12
Passed for start_position 256 and length 14
Passed for start_position 256 and length 16
Passed for start_position 256 and length 18
Passed for start_position 256 and length 20
Passed for start_position 256 and length 22
Passed for start_position 256 and length 24
Passed for start_position 256 and length 26
Passed for start_position 256 and length 28
Passed for start_position 256 and length 30
Passed for start_position 256 and length 32
Passed for start_position 256 and length 34
Passed for start_position 256 and length 36
Passed for start_position 256 and length 38
Passed for start_position 256 and length 40
Passed for start_position 256 and length 42
Passed for start_position 256 and length 44
Passed for start_position 256 and length 46
Passed for start_position 256 and length 48
Passed for start_position 256 and length 50
Passed for start_position 256 and length 52
Passed for start_position 256 and length 54
Passed for start_position 256 and length 56
Passed for start_position 256 and length 58
Passed for start_position 256 and length 60
Passed for start_position 256 and length 62
Passed for start_position 256 and length 64
Passed for start_position 256 and length 66
Passed for start_position 256 and length 68
Passed for start_position 256 and length 70
Passed for start_position 256 and length 72
Passed for start_position 256 and length 74
Passed for start_position 256 and length 76
Passed for start_position 256 and length 78
Passed for start_position 256 and length 80
Passed for start_position 256 and length 82
Passed for start_position 256 and length 84
Passed for start_position 256 and length 86
Passed for start_position 256 and length 88
Passed for start_position 256 and length 90
Passed for start_position 256 and length 92
Passed for start_position 256 and length 94
Passed for start_position 256 and length 96
Passed for start_position 256 and length 98
Passed for start_position 256 and length 100
Passed for start_position 257 and length 2
Passed for start_position 257 and length 4
Passed for start_position 257 and length 6
Passed for start_position 257 and length 8
Passed for start_position 257 and length 10
Passed for start_position 257 and length 12
Passed for start_position 257 and length 14
Passed for start_position 257 and length 16
Passed for start_position 257 and length 18
Passed for start_position 257 and length 20
Passed for start_position 257 and length 22
Passed for start_position 257 and length 24
Passed for start_position 257 and length 26
Passed for start_position 257 and length 28
Passed for start_position 257 and length 30
Passed for start_position 257 and length 32
Passed for start_position 257 and length 34
Passed for start_position 257 and length 36
Passed for start_position 257 and length 38
Passed for start_position 257 and length 40
Passed for start_position 257 and length 42
Passed for start_position 257 and length 44
Passed for start_position 257 and length 46
Passed for start_position 257 and length 48
Passed for start_position 257 and length 50
Passed for start_position 257 and length 52
Passed for start_position 257 and length 54
Passed for start_position 257 and length 56
Passed for start_position 257 and length 58
Passed for start_position 257 and length 60
Passed for start_position 257 and length 62
Passed for start_position 257 and length 64
Passed for start_position 257 and length 66
Passed for start_position 257 and length 68
Passed for start_position 257 and length 70
Passed for start_position 257 and length 72
Passed for start_position 257 and length 74
Passed for start_position 257 and length 76
Passed for start_position 257 and length 78
Passed for start_position 257 and length 80
Passed for start_position 257 and length 82
Passed for start_position 257 and length 84
Passed for start_position 257 and length 86
Passed for start_position 257 and length 88
Passed for start_position 257 and length 90
Passed for start_position 257 and length 92
Passed for start_position 257 and length 94
Passed for start_position 257 and length 96
Passed for start_position 257 and length 98
Passed for start_position 257 and length 100
Passed for start_position 258 and length 2
Passed for start_position 258 and length 4
Passed for start_position 258 and length 6
Passed for start_position 258 and length 8
Passed for start_position 258 and length 10
Passed for start_position 258 and length 12
Passed for start_position 258 and length 14
Passed for start_position 258 and length 16
Passed for start_position 258 and length 18
Passed for start_position 258 and length 20
Passed for start_position 258 and length 22
Passed for start_position 258 and length 24
Passed for start_position 258 and length 26
Passed for start_position 258 and length 28
Passed for start_position 258 and length 30
Passed for start_position 258 and length 32
Passed for start_position 258 and length 34
Passed for start_position 258 and length 36
Passed for start_position 258 and length 38
Passed for start_position 258 and length 40
Passed for start_position 258 and length 42
Passed for start_position 258 and length 44
Passed for start_position 258 and length 46
Passed for start_position 258 and length 48
Passed for start_position 258 and length 50
Passed for start_position 258 and length 52
Passed for start_position 258 and length 54
Passed for start_position 258 and length 56
Passed for start_position 258 and length 58
Passed for start_position 258 and length 60
Passed for start_position 258 and length 62
Passed for start_position 258 and length 64
Passed for start_position 258 and length 66
Passed for start_position 258 and length 68
Passed for start_position 258 and length 70
Passed for start_position 258 and length 72
Passed for start_position 258 and length 74
Passed for start_position 258 and length 76
Passed for start_position 258 and length 78
Passed for start_position 258 and length 80
Passed for start_position 258 and length 82
Passed for start_position 258 and length 84
Passed for start_position 258 and length 86
Passed for start_position 258 and length 88
Passed for start_position 258 and length 90
Passed for start_position 258 and length 92
Passed for start_position 258 and length 94
Passed for start_position 258 and length 96
Passed for start_position 258 and length 98
Passed for start_position 258 and length 100
Passed for start_position 259 and length 2
Passed for start_position 259 and length 4
Passed for start_position 259 and length 6
Passed for start_position 259 and length 8
Passed for start_position 259 and length 10
Passed for start_position 259 and length 12
Passed for start_position 259 and length 14
Passed for start_position 259 and length 16
Passed for start_position 259 and length 18
Passed for start_position 259 and length 20
Passed for start_position 259 and length 22
Passed for start_position 259 and length 24
Passed for start_position 259 and length 26
Passed for start_position 259 and length 28
Passed for start_position 259 and length 30
Passed for start_position 259 and length 32
Passed for start_position 259 and length 34
Passed for start_position 259 and length 36
Passed for start_position 259 and length 38
Passed for start_position 259 and length 40
Passed for start_position 259 and length 42
Passed for start_position 259 and length 44
Passed for start_position 259 and length 46
Passed for start_position 259 and length 48
Passed for start_position 259 and length 50
Passed for start_position 259 and length 52
Passed for start_position 259 and length 54
Passed for start_position 259 and length 56
Passed for start_position 259 and length 58
Passed for start_position 259 and length 60
Passed for start_position 259 and length 62
Passed for start_position 259 and length 64
Passed for start_position 259 and length 66
Passed for start_position 259 and length 68
Passed for start_position 259 and length 70
Passed for start_position 259 and length 72
Passed for start_position 259 and length 74
Passed for start_position 259 and length 76
Passed for start_position 259 and length 78
Passed for start_position 259 and length 80
Passed for start_position 259 and length 82
Passed for start_position 259 and length 84
Passed for start_position 259 and length 86
Passed for start_position 259 and length 88
Passed for start_position 259 and length 90
Passed for start_position 259 and length 92
Passed for start_position 259 and length 94
Passed for start_position 259 and length 96
Passed for start_position 259 and length 98
Passed for start_position 259 and length 100
Passed for start_position 260 and length 2
Passed for start_position 260 and length 4
Passed for start_position 260 and length 6
Passed for start_position 260 and length 8
Passed for start_position 260 and length 10
Passed for start_position 260 and length 12
Passed for start_position 260 and length 14
Passed for start_position 260 and length 16
Passed for start_position 260 and length 18
Passed for start_position 260 and length 20
Passed for start_position 260 and length 22
Passed for start_position 260 and length 24
Passed for start_position 260 and length 26
Passed for start_position 260 and length 28
Passed for start_position 260 and length 30
Passed for start_position 260 and length 32
Passed for start_position 260 and length 34
Passed for start_position 260 and length 36
Passed for start_position 260 and length 38
Passed for start_position 260 and length 40
Passed for start_position 260 and length 42
Passed for start_position 260 and length 44
Passed for start_position 260 and length 46
Passed for start_position 260 and length 48
Passed for start_position 260 and length 50
Passed for start_position 260 and length 52
Passed for start_position 260 and length 54
Passed for start_position 260 and length 56
Passed for start_position 260 and length 58
Passed for start_position 260 and length 60
Passed for start_position 260 and length 62
Passed for start_position 260 and length 64
Passed for start_position 260 and length 66
Passed for start_position 260 and length 68
Passed for start_position 260 and length 70
Passed for start_position 260 and length 72
Passed for start_position 260 and length 74
Passed for start_position 260 and length 76
Passed for start_position 260 and length 78
Passed for start_position 260 and length 80
Passed for start_position 260 and length 82
Passed for start_position 260 and length 84
Passed for start_position 260 and length 86
Passed for start_position 260 and length 88
Passed for start_position 260 and length 90
Passed for start_position 260 and length 92
Passed for start_position 260 and length 94
Passed for start_position 260 and length 96
Passed for start_position 260 and length 98
Passed for start_position 260 and length 100
Passed for start_position 261 and length 2
Passed for start_position 261 and length 4
Passed for start_position 261 and length 6
Passed for start_position 261 and length 8
Passed for start_position 261 and length 10
Passed for start_position 261 and length 12
Passed for start_position 261 and length 14
Passed for start_position 261 and length 16
Passed for start_position 261 and length 18
Passed for start_position 261 and length 20
Passed for start_position 261 and length 22
Passed for start_position 261 and length 24
Passed for start_position 261 and length 26
Passed for start_position 261 and length 28
Passed for start_position 261 and length 30
Passed for start_position 261 and length 32
Passed for start_position 261 and length 34
Passed for start_position 261 and length 36
Passed for start_position 261 and length 38
Passed for start_position 261 and length 40
Passed for start_position 261 and length 42
Passed for start_position 261 and length 44
Passed for start_position 261 and length 46
Passed for start_position 261 and length 48
Passed for start_position 261 and length 50
Passed for start_position 261 and length 52
Passed for start_position 261 and length 54
Passed for start_position 261 and length 56
Passed for start_position 261 and length 58
Passed for start_position 261 and length 60
Passed for start_position 261 and length 62
Passed for start_position 261 and length 64
Passed for start_position 261 and length 66
Passed for start_position 261 and length 68
Passed for start_position 261 and length 70
Passed for start_position 261 and length 72
Passed for start_position 261 and length 74
Passed for start_position 261 and length 76
Passed for start_position 261 and length 78
Passed for start_position 261 and length 80
Passed for start_position 261 and length 82
Passed for start_position 261 and length 84
Passed for start_position 261 and length 86
Passed for start_position 261 and length 88
Passed for start_position 261 and length 90
Passed for start_position 261 and length 92
Passed for start_position 261 and length 94
Passed for start_position 261 and length 96
Passed for start_position 261 and length 98
Passed for start_position 261 and length 100
Passed for start_position 262 and length 2
Passed for start_position 262 and length 4
Passed for start_position 262 and length 6
Passed for start_position 262 and length 8
Passed for start_position 262 and length 10
Passed for start_position 262 and length 12
Passed for start_position 262 and length 14
Passed for start_position 262 and length 16
Passed for start_position 262 and length 18
Passed for start_position 262 and length 20
Passed for start_position 262 and length 22
Passed for start_position 262 and length 24
Passed for start_position 262 and length 26
Passed for start_position 262 and length 28
Passed for start_position 262 and length 30
Passed for start_position 262 and length 32
Passed for start_position 262 and length 34
Passed for start_position 262 and length 36
Passed for start_position 262 and length 38
Passed for start_position 262 and length 40
Passed for start_position 262 and length 42
Passed for start_position 262 and length 44
Passed for start_position 262 and length 46
Passed for start_position 262 and length 48
Passed for start_position 262 and length 50
Passed for start_position 262 and length 52
Passed for start_position 262 and length 54
Passed for start_position 262 and length 56
Passed for start_position 262 and length 58
Passed for start_position 262 and length 60
Passed for start_position 262 and length 62
Passed for start_position 262 and length 64
Passed for start_position 262 and length 66
Passed for start_position 262 and length 68
Passed for start_position 262 and length 70
Passed for start_position 262 and length 72
Passed for start_position 262 and length 74
Passed for start_position 262 and length 76
Passed for start_position 262 and length 78
Passed for start_position 262 and length 80
Passed for start_position 262 and length 82
Passed for start_position 262 and length 84
Passed for start_position 262 and length 86
Passed for start_position 262 and length 88
Passed for start_position 262 and length 90
Passed for start_position 262 and length 92
Passed for start_position 262 and length 94
Passed for start_position 262 and length 96
Passed for start_position 262 and length 98
Passed for start_position 262 and length 100
Passed for start_position 263 and length 2
Passed for start_position 263 and length 4
Passed for start_position 263 and length 6
Passed for start_position 263 and length 8
Passed for start_position 263 and length 10
Passed for start_position 263 and length 12
Passed for start_position 263 and length 14
Passed for start_position 263 and length 16
Passed for start_position 263 and length 18
Passed for start_position 263 and length 20
Passed for start_position 263 and length 22
Passed for start_position 263 and length 24
Passed for start_position 263 and length 26
Passed for start_position 263 and length 28
Passed for start_position 263 and length 30
Passed for start_position 263 and length 32
Passed for start_position 263 and length 34
Passed for start_position 263 and length 36
Passed for start_position 263 and length 38
Passed for start_position 263 and length 40
Passed for start_position 263 and length 42
Passed for start_position 263 and length 44
Passed for start_position 263 and length 46
Passed for start_position 263 and length 48
Passed for start_position 263 and length 50
Passed for start_position 263 and length 52
Passed for start_position 263 and length 54
Passed for start_position 263 and length 56
Passed for start_position 263 and length 58
Passed for start_position 263 and length 60
Passed for start_position 263 and length 62
Passed for start_position 263 and length 64
Passed for start_position 263 and length 66
Passed for start_position 263 and length 68
Passed for start_position 263 and length 70
Passed for start_position 263 and length 72
Passed for start_position 263 and length 74
Passed for start_position 263 and length 76
Passed for start_position 263 and length 78
Passed for start_position 263 and length 80
Passed for start_position 263 and length 82
Passed for start_position 263 and length 84
Passed for start_position 263 and length 86
Passed for start_position 263 and length 88
Passed for start_position 263 and length 90
Passed for start_position 263 and length 92
Passed for start_position 263 and length 94
Passed for start_position 263 and length 96
Passed for start_position 263 and length 98
Passed for start_position 263 and length 100
Passed for start_position 264 and length 2
Passed for start_position 264 and length 4
Passed for start_position 264 and length 6
Passed for start_position 264 and length 8
Passed for start_position 264 and length 10
Passed for start_position 264 and length 12
Passed for start_position 264 and length 14
Passed for start_position 264 and length 16
Passed for start_position 264 and length 18
Passed for start_position 264 and length 20
Passed for start_position 264 and length 22
Passed for start_position 264 and length 24
Passed for start_position 264 and length 26
Passed for start_position 264 and length 28
Passed for start_position 264 and length 30
Passed for start_position 264 and length 32
Passed for start_position 264 and length 34
Passed for start_position 264 and length 36
Passed for start_position 264 and length 38
Passed for start_position 264 and length 40
Passed for start_position 264 and length 42
Passed for start_position 264 and length 44
Passed for start_position 264 and length 46
Passed for start_position 264 and length 48
Passed for start_position 264 and length 50
Passed for start_position 264 and length 52
Passed for start_position 264 and length 54
Passed for start_position 264 and length 56
Passed for start_position 264 and length 58
Passed for start_position 264 and length 60
Passed for start_position 264 and length 62
Passed for start_position 264 and length 64
Passed for start_position 264 and length 66
Passed for start_position 264 and length 68
Passed for start_position 264 and length 70
Passed for start_position 264 and length 72
Passed for start_position 264 and length 74
Passed for start_position 264 and length 76
Passed for start_position 264 and length 78
Passed for start_position 264 and length 80
Passed for start_position 264 and length 82
Passed for start_position 264 and length 84
Passed for start_position 264 and length 86
Passed for start_position 264 and length 88
Passed for start_position 264 and length 90
Passed for start_position 264 and length 92
Passed for start_position 264 and length 94
Passed for start_position 264 and length 96
Passed for start_position 264 and length 98
Passed for start_position 264 and length 100
Passed for start_position 265 and length 2
Passed for start_position 265 and length 4
Passed for start_position 265 and length 6
Passed for start_position 265 and length 8
Passed for start_position 265 and length 10
Passed for start_position 265 and length 12
Passed for start_position 265 and length 14
Passed for start_position 265 and length 16
Passed for start_position 265 and length 18
Passed for start_position 265 and length 20
Passed for start_position 265 and length 22
Passed for start_position 265 and length 24
Passed for start_position 265 and length 26
Passed for start_position 265 and length 28
Passed for start_position 265 and length 30
Passed for start_position 265 and length 32
Passed for start_position 265 and length 34
Passed for start_position 265 and length 36
Passed for start_position 265 and length 38
Passed for start_position 265 and length 40
Passed for start_position 265 and length 42
Passed for start_position 265 and length 44
Passed for start_position 265 and length 46
Passed for start_position 265 and length 48
Passed for start_position 265 and length 50
Passed for start_position 265 and length 52
Passed for start_position 265 and length 54
Passed for start_position 265 and length 56
Passed for start_position 265 and length 58
Passed for start_position 265 and length 60
Passed for start_position 265 and length 62
Passed for start_position 265 and length 64
Passed for start_position 265 and length 66
Passed for start_position 265 and length 68
Passed for start_position 265 and length 70
Passed for start_position 265 and length 72
Passed for start_position 265 and length 74
Passed for start_position 265 and length 76
Passed for start_position 265 and length 78
Passed for start_position 265 and length 80
Passed for start_position 265 and length 82
Passed for start_position 265 and length 84
Passed for start_position 265 and length 86
Passed for start_position 265 and length 88
Passed for start_position 265 and length 90
Passed for start_position 265 and length 92
Passed for start_position 265 and length 94
Passed for start_position 265 and length 96
Passed for start_position 265 and length 98
Passed for start_position 265 and length 100
Passed for start_position 266 and length 2
Passed for start_position 266 and length 4
Passed for start_position 266 and length 6
Passed for start_position 266 and length 8
Passed for start_position 266 and length 10
Passed for start_position 266 and length 12
Passed for start_position 266 and length 14
Passed for start_position 266 and length 16
Passed for start_position 266 and length 18
Passed for start_position 266 and length 20
Passed for start_position 266 and length 22
Passed for start_position 266 and length 24
Passed for start_position 266 and length 26
Passed for start_position 266 and length 28
Passed for start_position 266 and length 30
Passed for start_position 266 and length 32
Passed for start_position 266 and length 34
Passed for start_position 266 and length 36
Passed for start_position 266 and length 38
Passed for start_position 266 and length 40
Passed for start_position 266 and length 42
Passed for start_position 266 and length 44
Passed for start_position 266 and length 46
Passed for start_position 266 and length 48
Passed for start_position 266 and length 50
Passed for start_position 266 and length 52
Passed for start_position 266 and length 54
Passed for start_position 266 and length 56
Passed for start_position 266 and length 58
Passed for start_position 266 and length 60
Passed for start_position 266 and length 62
Passed for start_position 266 and length 64
Passed for start_position 266 and length 66
Passed for start_position 266 and length 68
Passed for start_position 266 and length 70
Passed for start_position 266 and length 72
Passed for start_position 266 and length 74
Passed for start_position 266 and length 76
Passed for start_position 266 and length 78
Passed for start_position 266 and length 80
Passed for start_position 266 and length 82
Passed for start_position 266 and length 84
Passed for start_position 266 and length 86
Passed for start_position 266 and length 88
Passed for start_position 266 and length 90
Passed for start_position 266 and length 92
Passed for start_position 266 and length 94
Passed for start_position 266 and length 96
Passed for start_position 266 and length 98
Passed for start_position 266 and length 100
Passed for start_position 267 and length 2
Passed for start_position 267 and length 4
Passed for start_position 267 and length 6
Passed for start_position 267 and length 8
Passed for start_position 267 and length 10
Passed for start_position 267 and length 12
Passed for start_position 267 and length 14
Passed for start_position 267 and length 16
Passed for start_position 267 and length 18
Passed for start_position 267 and length 20
Passed for start_position 267 and length 22
Passed for start_position 267 and length 24
Passed for start_position 267 and length 26
Passed for start_position 267 and length 28
Passed for start_position 267 and length 30
Passed for start_position 267 and length 32
Passed for start_position 267 and length 34
Passed for start_position 267 and length 36
Passed for start_position 267 and length 38
Passed for start_position 267 and length 40
Passed for start_position 267 and length 42
Passed for start_position 267 and length 44
Passed for start_position 267 and length 46
Passed for start_position 267 and length 48
Passed for start_position 267 and length 50
Passed for start_position 267 and length 52
Passed for start_position 267 and length 54
Passed for start_position 267 and length 56
Passed for start_position 267 and length 58
Passed for start_position 267 and length 60
Passed for start_position 267 and length 62
Passed for start_position 267 and length 64
Passed for start_position 267 and length 66
Passed for start_position 267 and length 68
Passed for start_position 267 and length 70
Passed for start_position 267 and length 72
Passed for start_position 267 and length 74
Passed for start_position 267 and length 76
Passed for start_position 267 and length 78
Passed for start_position 267 and length 80
Passed for start_position 267 and length 82
Passed for start_position 267 and length 84
Passed for start_position 267 and length 86
Passed for start_position 267 and length 88
Passed for start_position 267 and length 90
Passed for start_position 267 and length 92
Passed for start_position 267 and length 94
Passed for start_position 267 and length 96
Passed for start_position 267 and length 98
Passed for start_position 267 and length 100
Passed for start_position 268 and length 2
Passed for start_position 268 and length 4
Passed for start_position 268 and length 6
Passed for start_position 268 and length 8
Passed for start_position 268 and length 10
Passed for start_position 268 and length 12
Passed for start_position 268 and length 14
Passed for start_position 268 and length 16
Passed for start_position 268 and length 18
Passed for start_position 268 and length 20
Passed for start_position 268 and length 22
Passed for start_position 268 and length 24
Passed for start_position 268 and length 26
Passed for start_position 268 and length 28
Passed for start_position 268 and length 30
Passed for start_position 268 and length 32
Passed for start_position 268 and length 34
Passed for start_position 268 and length 36
Passed for start_position 268 and length 38
Passed for start_position 268 and length 40
Passed for start_position 268 and length 42
Passed for start_position 268 and length 44
Passed for start_position 268 and length 46
Passed for start_position 268 and length 48
Passed for start_position 268 and length 50
Passed for start_position 268 and length 52
Passed for start_position 268 and length 54
Passed for start_position 268 and length 56
Passed for start_position 268 and length 58
Passed for start_position 268 and length 60
Passed for start_position 268 and length 62
Passed for start_position 268 and length 64
Passed for start_position 268 and length 66
Passed for start_position 268 and length 68
Passed for start_position 268 and length 70
Passed for start_position 268 and length 72
Passed for start_position 268 and length 74
Passed for start_position 268 and length 76
Passed for start_position 268 and length 78
Passed for start_position 268 and length 80
Passed for start_position 268 and length 82
Passed for start_position 268 and length 84
Passed for start_position 268 and length 86
Passed for start_position 268 and length 88
Passed for start_position 268 and length 90
Passed for start_position 268 and length 92
Passed for start_position 268 and length 94
Passed for start_position 268 and length 96
Passed for start_position 268 and length 98
Passed for start_position 268 and length 100
Passed for start_position 269 and length 2
Passed for start_position 269 and length 4
Passed for start_position 269 and length 6
Passed for start_position 269 and length 8
Passed for start_position 269 and length 10
Passed for start_position 269 and length 12
Passed for start_position 269 and length 14
Passed for start_position 269 and length 16
Passed for start_position 269 and length 18
Passed for start_position 269 and length 20
Passed for start_position 269 and length 22
Passed for start_position 269 and length 24
Passed for start_position 269 and length 26
Passed for start_position 269 and length 28
Passed for start_position 269 and length 30
Passed for start_position 269 and length 32
Passed for start_position 269 and length 34
Passed for start_position 269 and length 36
Passed for start_position 269 and length 38
Passed for start_position 269 and length 40
Passed for start_position 269 and length 42
Passed for start_position 269 and length 44
Passed for start_position 269 and length 46
Passed for start_position 269 and length 48
Passed for start_position 269 and length 50
Passed for start_position 269 and length 52
Passed for start_position 269 and length 54
Passed for start_position 269 and length 56
Passed for start_position 269 and length 58
Passed for start_position 269 and length 60
Passed for start_position 269 and length 62
Passed for start_position 269 and length 64
Passed for start_position 269 and length 66
Passed for start_position 269 and length 68
Passed for start_position 269 and length 70
Passed for start_position 269 and length 72
Passed for start_position 269 and length 74
Passed for start_position 269 and length 76
Passed for start_position 269 and length 78
Passed for start_position 269 and length 80
Passed for start_position 269 and length 82
Passed for start_position 269 and length 84
Passed for start_position 269 and length 86
Passed for start_position 269 and length 88
Passed for start_position 269 and length 90
Passed for start_position 269 and length 92
Passed for start_position 269 and length 94
Passed for start_position 269 and length 96
Passed for start_position 269 and length 98
Passed for start_position 269 and length 100
Passed for start_position 270 and length 2
Passed for start_position 270 and length 4
Passed for start_position 270 and length 6
Passed for start_position 270 and length 8
Passed for start_position 270 and length 10
Passed for start_position 270 and length 12
Passed for start_position 270 and length 14
Passed for start_position 270 and length 16
Passed for start_position 270 and length 18
Passed for start_position 270 and length 20
Passed for start_position 270 and length 22
Passed for start_position 270 and length 24
Passed for start_position 270 and length 26
Passed for start_position 270 and length 28
Passed for start_position 270 and length 30
Passed for start_position 270 and length 32
Passed for start_position 270 and length 34
Passed for start_position 270 and length 36
Passed for start_position 270 and length 38
Passed for start_position 270 and length 40
Passed for start_position 270 and length 42
Passed for start_position 270 and length 44
Passed for start_position 270 and length 46
Passed for start_position 270 and length 48
Passed for start_position 270 and length 50
Passed for start_position 270 and length 52
Passed for start_position 270 and length 54
Passed for start_position 270 and length 56
Passed for start_position 270 and length 58
Passed for start_position 270 and length 60
Passed for start_position 270 and length 62
Passed for start_position 270 and length 64
Passed for start_position 270 and length 66
Passed for start_position 270 and length 68
Passed for start_position 270 and length 70
Passed for start_position 270 and length 72
Passed for start_position 270 and length 74
Passed for start_position 270 and length 76
Passed for start_position 270 and length 78
Passed for start_position 270 and length 80
Passed for start_position 270 and length 82
Passed for start_position 270 and length 84
Passed for start_position 270 and length 86
Passed for start_position 270 and length 88
Passed for start_position 270 and length 90
Passed for start_position 270 and length 92
Passed for start_position 270 and length 94
Passed for start_position 270 and length 96
Passed for start_position 270 and length 98
Passed for start_position 270 and length 100
Passed for start_position 271 and length 2
Passed for start_position 271 and length 4
Passed for start_position 271 and length 6
Passed for start_position 271 and length 8
Passed for start_position 271 and length 10
Passed for start_position 271 and length 12
Passed for start_position 271 and length 14
Passed for start_position 271 and length 16
Passed for start_position 271 and length 18
Passed for start_position 271 and length 20
Passed for start_position 271 and length 22
Passed for start_position 271 and length 24
Passed for start_position 271 and length 26
Passed for start_position 271 and length 28
Passed for start_position 271 and length 30
Passed for start_position 271 and length 32
Passed for start_position 271 and length 34
Passed for start_position 271 and length 36
Passed for start_position 271 and length 38
Passed for start_position 271 and length 40
Passed for start_position 271 and length 42
Passed for start_position 271 and length 44
Passed for start_position 271 and length 46
Passed for start_position 271 and length 48
Passed for start_position 271 and length 50
Passed for start_position 271 and length 52
Passed for start_position 271 and length 54
Passed for start_position 271 and length 56
Passed for start_position 271 and length 58
Passed for start_position 271 and length 60
Passed for start_position 271 and length 62
Passed for start_position 271 and length 64
Passed for start_position 271 and length 66
Passed for start_position 271 and length 68
Passed for start_position 271 and length 70
Passed for start_position 271 and length 72
Passed for start_position 271 and length 74
Passed for start_position 271 and length 76
Passed for start_position 271 and length 78
Passed for start_position 271 and length 80
Passed for start_position 271 and length 82
Passed for start_position 271 and length 84
Passed for start_position 271 and length 86
Passed for start_position 271 and length 88
Passed for start_position 271 and length 90
Passed for start_position 271 and length 92
Passed for start_position 271 and length 94
Passed for start_position 271 and length 96
Passed for start_position 271 and length 98
Passed for start_position 271 and length 100
Passed for start_position 272 and length 2
Passed for start_position 272 and length 4
Passed for start_position 272 and length 6
Passed for start_position 272 and length 8
Passed for start_position 272 and length 10
Passed for start_position 272 and length 12
Passed for start_position 272 and length 14
Passed for start_position 272 and length 16
Passed for start_position 272 and length 18
Passed for start_position 272 and length 20
Passed for start_position 272 and length 22
Passed for start_position 272 and length 24
Passed for start_position 272 and length 26
Passed for start_position 272 and length 28
Passed for start_position 272 and length 30
Passed for start_position 272 and length 32
Passed for start_position 272 and length 34
Passed for start_position 272 and length 36
Passed for start_position 272 and length 38
Passed for start_position 272 and length 40
Passed for start_position 272 and length 42
Passed for start_position 272 and length 44
Passed for start_position 272 and length 46
Passed for start_position 272 and length 48
Passed for start_position 272 and length 50
Passed for start_position 272 and length 52
Passed for start_position 272 and length 54
Passed for start_position 272 and length 56
Passed for start_position 272 and length 58
Passed for start_position 272 and length 60
Passed for start_position 272 and length 62
Passed for start_position 272 and length 64
Passed for start_position 272 and length 66
Passed for start_position 272 and length 68
Passed for start_position 272 and length 70
Passed for start_position 272 and length 72
Passed for start_position 272 and length 74
Passed for start_position 272 and length 76
Passed for start_position 272 and length 78
Passed for start_position 272 and length 80
Passed for start_position 272 and length 82
Passed for start_position 272 and length 84
Passed for start_position 272 and length 86
Passed for start_position 272 and length 88
Passed for start_position 272 and length 90
Passed for start_position 272 and length 92
Passed for start_position 272 and length 94
Passed for start_position 272 and length 96
Passed for start_position 272 and length 98
Passed for start_position 272 and length 100
Passed for start_position 273 and length 2
Passed for start_position 273 and length 4
Passed for start_position 273 and length 6
Passed for start_position 273 and length 8
Passed for start_position 273 and length 10
Passed for start_position 273 and length 12
Passed for start_position 273 and length 14
Passed for start_position 273 and length 16
Passed for start_position 273 and length 18
Passed for start_position 273 and length 20
Passed for start_position 273 and length 22
Passed for start_position 273 and length 24
Passed for start_position 273 and length 26
Passed for start_position 273 and length 28
Passed for start_position 273 and length 30
Passed for start_position 273 and length 32
Passed for start_position 273 and length 34
Passed for start_position 273 and length 36
Passed for start_position 273 and length 38
Passed for start_position 273 and length 40
Passed for start_position 273 and length 42
Passed for start_position 273 and length 44
Passed for start_position 273 and length 46
Passed for start_position 273 and length 48
Passed for start_position 273 and length 50
Passed for start_position 273 and length 52
Passed for start_position 273 and length 54
Passed for start_position 273 and length 56
Passed for start_position 273 and length 58
Passed for start_position 273 and length 60
Passed for start_position 273 and length 62
Passed for start_position 273 and length 64
Passed for start_position 273 and length 66
Passed for start_position 273 and length 68
Passed for start_position 273 and length 70
Passed for start_position 273 and length 72
Passed for start_position 273 and length 74
Passed for start_position 273 and length 76
Passed for start_position 273 and length 78
Passed for start_position 273 and length 80
Passed for start_position 273 and length 82
Passed for start_position 273 and length 84
Passed for start_position 273 and length 86
Passed for start_position 273 and length 88
Passed for start_position 273 and length 90
Passed for start_position 273 and length 92
Passed for start_position 273 and length 94
Passed for start_position 273 and length 96
Passed for start_position 273 and length 98
Passed for start_position 273 and length 100
Passed for start_position 274 and length 2
Passed for start_position 274 and length 4
Passed for start_position 274 and length 6
Passed for start_position 274 and length 8
Passed for start_position 274 and length 10
Passed for start_position 274 and length 12
Passed for start_position 274 and length 14
Passed for start_position 274 and length 16
Passed for start_position 274 and length 18
Passed for start_position 274 and length 20
Passed for start_position 274 and length 22
Passed for start_position 274 and length 24
Passed for start_position 274 and length 26
Passed for start_position 274 and length 28
Passed for start_position 274 and length 30
Passed for start_position 274 and length 32
Passed for start_position 274 and length 34
Passed for start_position 274 and length 36
Passed for start_position 274 and length 38
Passed for start_position 274 and length 40
Passed for start_position 274 and length 42
Passed for start_position 274 and length 44
Passed for start_position 274 and length 46
Passed for start_position 274 and length 48
Passed for start_position 274 and length 50
Passed for start_position 274 and length 52
Passed for start_position 274 and length 54
Passed for start_position 274 and length 56
Passed for start_position 274 and length 58
Passed for start_position 274 and length 60
Passed for start_position 274 and length 62
Passed for start_position 274 and length 64
Passed for start_position 274 and length 66
Passed for start_position 274 and length 68
Passed for start_position 274 and length 70
Passed for start_position 274 and length 72
Passed for start_position 274 and length 74
Passed for start_position 274 and length 76
Passed for start_position 274 and length 78
Passed for start_position 274 and length 80
Passed for start_position 274 and length 82
Passed for start_position 274 and length 84
Passed for start_position 274 and length 86
Passed for start_position 274 and length 88
Passed for start_position 274 and length 90
Passed for start_position 274 and length 92
Passed for start_position 274 and length 94
Passed for start_position 274 and length 96
Passed for start_position 274 and length 98
Passed for start_position 274 and length 100
Passed for start_position 275 and length 2
Passed for start_position 275 and length 4
Passed for start_position 275 and length 6
Passed for start_position 275 and length 8
Passed for start_position 275 and length 10
Passed for start_position 275 and length 12
Passed for start_position 275 and length 14
Passed for start_position 275 and length 16
Passed for start_position 275 and length 18
Passed for start_position 275 and length 20
Passed for start_position 275 and length 22
Passed for start_position 275 and length 24
Passed for start_position 275 and length 26
Passed for start_position 275 and length 28
Passed for start_position 275 and length 30
Passed for start_position 275 and length 32
Passed for start_position 275 and length 34
Passed for start_position 275 and length 36
Passed for start_position 275 and length 38
Passed for start_position 275 and length 40
Passed for start_position 275 and length 42
Passed for start_position 275 and length 44
Passed for start_position 275 and length 46
Passed for start_position 275 and length 48
Passed for start_position 275 and length 50
Passed for start_position 275 and length 52
Passed for start_position 275 and length 54
Passed for start_position 275 and length 56
Passed for start_position 275 and length 58
Passed for start_position 275 and length 60
Passed for start_position 275 and length 62
Passed for start_position 275 and length 64
Passed for start_position 275 and length 66
Passed for start_position 275 and length 68
Passed for start_position 275 and length 70
Passed for start_position 275 and length 72
Passed for start_position 275 and length 74
Passed for start_position 275 and length 76
Passed for start_position 275 and length 78
Passed for start_position 275 and length 80
Passed for start_position 275 and length 82
Passed for start_position 275 and length 84
Passed for start_position 275 and length 86
Passed for start_position 275 and length 88
Passed for start_position 275 and length 90
Passed for start_position 275 and length 92
Passed for start_position 275 and length 94
Passed for start_position 275 and length 96
Passed for start_position 275 and length 98
Passed for start_position 275 and length 100
Passed for start_position 276 and length 2
Passed for start_position 276 and length 4
Passed for start_position 276 and length 6
Passed for start_position 276 and length 8
Passed for start_position 276 and length 10
Passed for start_position 276 and length 12
Passed for start_position 276 and length 14
Passed for start_position 276 and length 16
Passed for start_position 276 and length 18
Passed for start_position 276 and length 20
Passed for start_position 276 and length 22
Passed for start_position 276 and length 24
Passed for start_position 276 and length 26
Passed for start_position 276 and length 28
Passed for start_position 276 and length 30
Passed for start_position 276 and length 32
Passed for start_position 276 and length 34
Passed for start_position 276 and length 36
Passed for start_position 276 and length 38
Passed for start_position 276 and length 40
Passed for start_position 276 and length 42
Passed for start_position 276 and length 44
Passed for start_position 276 and length 46
Passed for start_position 276 and length 48
Passed for start_position 276 and length 50
Passed for start_position 276 and length 52
Passed for start_position 276 and length 54
Passed for start_position 276 and length 56
Passed for start_position 276 and length 58
Passed for start_position 276 and length 60
Passed for start_position 276 and length 62
Passed for start_position 276 and length 64
Passed for start_position 276 and length 66
Passed for start_position 276 and length 68
Passed for start_position 276 and length 70
Passed for start_position 276 and length 72
Passed for start_position 276 and length 74
Passed for start_position 276 and length 76
Passed for start_position 276 and length 78
Passed for start_position 276 and length 80
Passed for start_position 276 and length 82
Passed for start_position 276 and length 84
Passed for start_position 276 and length 86
Passed for start_position 276 and length 88
Passed for start_position 276 and length 90
Passed for start_position 276 and length 92
Passed for start_position 276 and length 94
Passed for start_position 276 and length 96
Passed for start_position 276 and length 98
Passed for start_position 276 and length 100
Passed for start_position 277 and length 2
Passed for start_position 277 and length 4
Passed for start_position 277 and length 6
Passed for start_position 277 and length 8
Passed for start_position 277 and length 10
Passed for start_position 277 and length 12
Passed for start_position 277 and length 14
Passed for start_position 277 and length 16
Passed for start_position 277 and length 18
Passed for start_position 277 and length 20
Passed for start_position 277 and length 22
Passed for start_position 277 and length 24
Passed for start_position 277 and length 26
Passed for start_position 277 and length 28
Passed for start_position 277 and length 30
Passed for start_position 277 and length 32
Passed for start_position 277 and length 34
Passed for start_position 277 and length 36
Passed for start_position 277 and length 38
Passed for start_position 277 and length 40
Passed for start_position 277 and length 42
Passed for start_position 277 and length 44
Passed for start_position 277 and length 46
Passed for start_position 277 and length 48
Passed for start_position 277 and length 50
Passed for start_position 277 and length 52
Passed for start_position 277 and length 54
Passed for start_position 277 and length 56
Passed for start_position 277 and length 58
Passed for start_position 277 and length 60
Passed for start_position 277 and length 62
Passed for start_position 277 and length 64
Passed for start_position 277 and length 66
Passed for start_position 277 and length 68
Passed for start_position 277 and length 70
Passed for start_position 277 and length 72
Passed for start_position 277 and length 74
Passed for start_position 277 and length 76
Passed for start_position 277 and length 78
Passed for start_position 277 and length 80
Passed for start_position 277 and length 82
Passed for start_position 277 and length 84
Passed for start_position 277 and length 86
Passed for start_position 277 and length 88
Passed for start_position 277 and length 90
Passed for start_position 277 and length 92
Passed for start_position 277 and length 94
Passed for start_position 277 and length 96
Passed for start_position 277 and length 98
Passed for start_position 277 and length 100
Passed for start_position 278 and length 2
Passed for start_position 278 and length 4
Passed for start_position 278 and length 6
Passed for start_position 278 and length 8
Passed for start_position 278 and length 10
Passed for start_position 278 and length 12
Passed for start_position 278 and length 14
Passed for start_position 278 and length 16
Passed for start_position 278 and length 18
Passed for start_position 278 and length 20
Passed for start_position 278 and length 22
Passed for start_position 278 and length 24
Passed for start_position 278 and length 26
Passed for start_position 278 and length 28
Passed for start_position 278 and length 30
Passed for start_position 278 and length 32
Passed for start_position 278 and length 34
Passed for start_position 278 and length 36
Passed for start_position 278 and length 38
Passed for start_position 278 and length 40
Passed for start_position 278 and length 42
Passed for start_position 278 and length 44
Passed for start_position 278 and length 46
Passed for start_position 278 and length 48
Passed for start_position 278 and length 50
Passed for start_position 278 and length 52
Passed for start_position 278 and length 54
Passed for start_position 278 and length 56
Passed for start_position 278 and length 58
Passed for start_position 278 and length 60
Passed for start_position 278 and length 62
Passed for start_position 278 and length 64
Passed for start_position 278 and length 66
Passed for start_position 278 and length 68
Passed for start_position 278 and length 70
Passed for start_position 278 and length 72
Passed for start_position 278 and length 74
Passed for start_position 278 and length 76
Passed for start_position 278 and length 78
Passed for start_position 278 and length 80
Passed for start_position 278 and length 82
Passed for start_position 278 and length 84
Passed for start_position 278 and length 86
Passed for start_position 278 and length 88
Passed for start_position 278 and length 90
Passed for start_position 278 and length 92
Passed for start_position 278 and length 94
Passed for start_position 278 and length 96
Passed for start_position 278 and length 98
Passed for start_position 278 and length 100
Passed for start_position 279 and length 2
Passed for start_position 279 and length 4
Passed for start_position 279 and length 6
Passed for start_position 279 and length 8
Passed for start_position 279 and length 10
Passed for start_position 279 and length 12
Passed for start_position 279 and length 14
Passed for start_position 279 and length 16
Passed for start_position 279 and length 18
Passed for start_position 279 and length 20
Passed for start_position 279 and length 22
Passed for start_position 279 and length 24
Passed for start_position 279 and length 26
Passed for start_position 279 and length 28
Passed for start_position 279 and length 30
Passed for start_position 279 and length 32
Passed for start_position 279 and length 34
Passed for start_position 279 and length 36
Passed for start_position 279 and length 38
Passed for start_position 279 and length 40
Passed for start_position 279 and length 42
Passed for start_position 279 and length 44
Passed for start_position 279 and length 46
Passed for start_position 279 and length 48
Passed for start_position 279 and length 50
Passed for start_position 279 and length 52
Passed for start_position 279 and length 54
Passed for start_position 279 and length 56
Passed for start_position 279 and length 58
Passed for start_position 279 and length 60
Passed for start_position 279 and length 62
Passed for start_position 279 and length 64
Passed for start_position 279 and length 66
Passed for start_position 279 and length 68
Passed for start_position 279 and length 70
Passed for start_position 279 and length 72
Passed for start_position 279 and length 74
Passed for start_position 279 and length 76
Passed for start_position 279 and length 78
Passed for start_position 279 and length 80
Passed for start_position 279 and length 82
Passed for start_position 279 and length 84
Passed for start_position 279 and length 86
Passed for start_position 279 and length 88
Passed for start_position 279 and length 90
Passed for start_position 279 and length 92
Passed for start_position 279 and length 94
Passed for start_position 279 and length 96
Passed for start_position 279 and length 98
Passed for start_position 279 and length 100
Passed for start_position 280 and length 2
Passed for start_position 280 and length 4
Passed for start_position 280 and length 6
Passed for start_position 280 and length 8
Passed for start_position 280 and length 10
Passed for start_position 280 and length 12
Passed for start_position 280 and length 14
Passed for start_position 280 and length 16
Passed for start_position 280 and length 18
Passed for start_position 280 and length 20
Passed for start_position 280 and length 22
Passed for start_position 280 and length 24
Passed for start_position 280 and length 26
Passed for start_position 280 and length 28
Passed for start_position 280 and length 30
Passed for start_position 280 and length 32
Passed for start_position 280 and length 34
Passed for start_position 280 and length 36
Passed for start_position 280 and length 38
Passed for start_position 280 and length 40
Passed for start_position 280 and length 42
Passed for start_position 280 and length 44
Passed for start_position 280 and length 46
Passed for start_position 280 and length 48
Passed for start_position 280 and length 50
Passed for start_position 280 and length 52
Passed for start_position 280 and length 54
Passed for start_position 280 and length 56
Passed for start_position 280 and length 58
Passed for start_position 280 and length 60
Passed for start_position 280 and length 62
Passed for start_position 280 and length 64
Passed for start_position 280 and length 66
Passed for start_position 280 and length 68
Passed for start_position 280 and length 70
Passed for start_position 280 and length 72
Passed for start_position 280 and length 74
Passed for start_position 280 and length 76
Passed for start_position 280 and length 78
Passed for start_position 280 and length 80
Passed for start_position 280 and length 82
Passed for start_position 280 and length 84
Passed for start_position 280 and length 86
Passed for start_position 280 and length 88
Passed for start_position 280 and length 90
Passed for start_position 280 and length 92
Passed for start_position 280 and length 94
Passed for start_position 280 and length 96
Passed for start_position 280 and length 98
Passed for start_position 280 and length 100
Passed for start_position 281 and length 2
Passed for start_position 281 and length 4
Passed for start_position 281 and length 6
Passed for start_position 281 and length 8
Passed for start_position 281 and length 10
Passed for start_position 281 and length 12
Passed for start_position 281 and length 14
Passed for start_position 281 and length 16
Passed for start_position 281 and length 18
Passed for start_position 281 and length 20
Passed for start_position 281 and length 22
Passed for start_position 281 and length 24
Passed for start_position 281 and length 26
Passed for start_position 281 and length 28
Passed for start_position 281 and length 30
Passed for start_position 281 and length 32
Passed for start_position 281 and length 34
Passed for start_position 281 and length 36
Passed for start_position 281 and length 38
Passed for start_position 281 and length 40
Passed for start_position 281 and length 42
Passed for start_position 281 and length 44
Passed for start_position 281 and length 46
Passed for start_position 281 and length 48
Passed for start_position 281 and length 50
Passed for start_position 281 and length 52
Passed for start_position 281 and length 54
Passed for start_position 281 and length 56
Passed for start_position 281 and length 58
Passed for start_position 281 and length 60
Passed for start_position 281 and length 62
Passed for start_position 281 and length 64
Passed for start_position 281 and length 66
Passed for start_position 281 and length 68
Passed for start_position 281 and length 70
Passed for start_position 281 and length 72
Passed for start_position 281 and length 74
Passed for start_position 281 and length 76
Passed for start_position 281 and length 78
Passed for start_position 281 and length 80
Passed for start_position 281 and length 82
Passed for start_position 281 and length 84
Passed for start_position 281 and length 86
Passed for start_position 281 and length 88
Passed for start_position 281 and length 90
Passed for start_position 281 and length 92
Passed for start_position 281 and length 94
Passed for start_position 281 and length 96
Passed for start_position 281 and length 98
Passed for start_position 281 and length 100
Passed for start_position 282 and length 2
Passed for start_position 282 and length 4
Passed for start_position 282 and length 6
Passed for start_position 282 and length 8
Passed for start_position 282 and length 10
Passed for start_position 282 and length 12
Passed for start_position 282 and length 14
Passed for start_position 282 and length 16
Passed for start_position 282 and length 18
Passed for start_position 282 and length 20
Passed for start_position 282 and length 22
Passed for start_position 282 and length 24
Passed for start_position 282 and length 26
Passed for start_position 282 and length 28
Passed for start_position 282 and length 30
Passed for start_position 282 and length 32
Passed for start_position 282 and length 34
Passed for start_position 282 and length 36
Passed for start_position 282 and length 38
Passed for start_position 282 and length 40
Passed for start_position 282 and length 42
Passed for start_position 282 and length 44
Passed for start_position 282 and length 46
Passed for start_position 282 and length 48
Passed for start_position 282 and length 50
Passed for start_position 282 and length 52
Passed for start_position 282 and length 54
Passed for start_position 282 and length 56
Passed for start_position 282 and length 58
Passed for start_position 282 and length 60
Passed for start_position 282 and length 62
Passed for start_position 282 and length 64
Passed for start_position 282 and length 66
Passed for start_position 282 and length 68
Passed for start_position 282 and length 70
Passed for start_position 282 and length 72
Passed for start_position 282 and length 74
Passed for start_position 282 and length 76
Passed for start_position 282 and length 78
Passed for start_position 282 and length 80
Passed for start_position 282 and length 82
Passed for start_position 282 and length 84
Passed for start_position 282 and length 86
Passed for start_position 282 and length 88
Passed for start_position 282 and length 90
Passed for start_position 282 and length 92
Passed for start_position 282 and length 94
Passed for start_position 282 and length 96
Passed for start_position 282 and length 98
Passed for start_position 282 and length 100
Error for start_position 283 and length 2: Movement 1 not in dictionary
Passed for start_position 283 and length 4
Passed for start_position 283 and length 6
Error for start_position 283 and length 8: Movement -1 not in dictionary
Passed for start_position 283 and length 10
Error for start_position 283 and length 12: Movement -1 not in dictionary
Error for start_position 283 and length 14: Movement 1 not in dictionary
Passed for start_position 283 and length 16
Error for start_position 283 and length 18: Movement -1 not in dictionary
Error for start_position 283 and length 20: Movement -1 not in dictionary
Error for start_position 283 and length 22: Movement 1 not in dictionary
Error for start_position 283 and length 24: Movement 1 not in dictionary
Passed for start_position 283 and length 26
Error for start_position 283 and length 28: Movement 1 not in dictionary
Passed for start_position 283 and length 30
Error for start_position 283 and length 32: Movement -1 not in dictionary
Error for start_position 283 and length 34: Movement -1 not in dictionary
Error for start_position 283 and length 36: Movement 1 not in dictionary
Error for start_position 283 and length 38: Movement 1 not in dictionary
Passed for start_position 283 and length 40
Passed for start_position 283 and length 42
Passed for start_position 283 and length 44
Passed for start_position 283 and length 46
Passed for start_position 283 and length 48
Error for start_position 283 and length 50: Movement 1 not in dictionary
Passed for start_position 283 and length 52
Passed for start_position 283 and length 54
Error for start_position 283 and length 56: Movement 1 not in dictionary
Passed for start_position 283 and length 58
Passed for start_position 283 and length 60
Passed for start_position 283 and length 62
Passed for start_position 283 and length 64
Passed for start_position 283 and length 66
Error for start_position 283 and length 68: Movement -1 not in dictionary
Error for start_position 283 and length 70: Movement -1 not in dictionary
Error for start_position 283 and length 72: Movement -1 not in dictionary
Error for start_position 283 and length 74: Movement -1 not in dictionary
Passed for start_position 283 and length 76
Passed for start_position 283 and length 78
Error for start_position 283 and length 80: Movement 1 not in dictionary
Passed for start_position 283 and length 82
Passed for start_position 283 and length 84
Error for start_position 283 and length 86: Movement -1 not in dictionary
Error for start_position 283 and length 88: Movement -1 not in dictionary
Passed for start_position 283 and length 90
Passed for start_position 283 and length 92
Passed for start_position 283 and length 94
Passed for start_position 283 and length 96
Error for start_position 283 and length 98: Movement 1 not in dictionary
Passed for start_position 283 and length 100
Passed for start_position 284 and length 2
Passed for start_position 284 and length 4
Passed for start_position 284 and length 6
Passed for start_position 284 and length 8
Passed for start_position 284 and length 10
Passed for start_position 284 and length 12
Passed for start_position 284 and length 14
Passed for start_position 284 and length 16
Passed for start_position 284 and length 18
Passed for start_position 284 and length 20
Passed for start_position 284 and length 22
Passed for start_position 284 and length 24
Passed for start_position 284 and length 26
Passed for start_position 284 and length 28
Passed for start_position 284 and length 30
Passed for start_position 284 and length 32
Passed for start_position 284 and length 34
Passed for start_position 284 and length 36
Passed for start_position 284 and length 38
Passed for start_position 284 and length 40
Passed for start_position 284 and length 42
Passed for start_position 284 and length 44
Passed for start_position 284 and length 46
Passed for start_position 284 and length 48
Passed for start_position 284 and length 50
Passed for start_position 284 and length 52
Passed for start_position 284 and length 54
Passed for start_position 284 and length 56
Passed for start_position 284 and length 58
Passed for start_position 284 and length 60
Passed for start_position 284 and length 62
Passed for start_position 284 and length 64
Passed for start_position 284 and length 66
Passed for start_position 284 and length 68
Passed for start_position 284 and length 70
Passed for start_position 284 and length 72
Passed for start_position 284 and length 74
Passed for start_position 284 and length 76
Passed for start_position 284 and length 78
Passed for start_position 284 and length 80
Passed for start_position 284 and length 82
Passed for start_position 284 and length 84
Passed for start_position 284 and length 86
Passed for start_position 284 and length 88
Passed for start_position 284 and length 90
Passed for start_position 284 and length 92
Passed for start_position 284 and length 94
Passed for start_position 284 and length 96
Passed for start_position 284 and length 98
Passed for start_position 284 and length 100
Passed for start_position 285 and length 2
Passed for start_position 285 and length 4
Passed for start_position 285 and length 6
Passed for start_position 285 and length 8
Passed for start_position 285 and length 10
Passed for start_position 285 and length 12
Passed for start_position 285 and length 14
Passed for start_position 285 and length 16
Passed for start_position 285 and length 18
Passed for start_position 285 and length 20
Passed for start_position 285 and length 22
Passed for start_position 285 and length 24
Passed for start_position 285 and length 26
Passed for start_position 285 and length 28
Passed for start_position 285 and length 30
Passed for start_position 285 and length 32
Passed for start_position 285 and length 34
Passed for start_position 285 and length 36
Passed for start_position 285 and length 38
Passed for start_position 285 and length 40
Passed for start_position 285 and length 42
Passed for start_position 285 and length 44
Passed for start_position 285 and length 46
Passed for start_position 285 and length 48
Passed for start_position 285 and length 50
Passed for start_position 285 and length 52
Passed for start_position 285 and length 54
Passed for start_position 285 and length 56
Passed for start_position 285 and length 58
Passed for start_position 285 and length 60
Passed for start_position 285 and length 62
Passed for start_position 285 and length 64
Passed for start_position 285 and length 66
Passed for start_position 285 and length 68
Passed for start_position 285 and length 70
Passed for start_position 285 and length 72
Passed for start_position 285 and length 74
Passed for start_position 285 and length 76
Passed for start_position 285 and length 78
Passed for start_position 285 and length 80
Passed for start_position 285 and length 82
Passed for start_position 285 and length 84
Passed for start_position 285 and length 86
Passed for start_position 285 and length 88
Passed for start_position 285 and length 90
Passed for start_position 285 and length 92
Passed for start_position 285 and length 94
Passed for start_position 285 and length 96
Passed for start_position 285 and length 98
Passed for start_position 285 and length 100
Passed for start_position 286 and length 2
Passed for start_position 286 and length 4
Passed for start_position 286 and length 6
Passed for start_position 286 and length 8
Passed for start_position 286 and length 10
Passed for start_position 286 and length 12
Passed for start_position 286 and length 14
Passed for start_position 286 and length 16
Passed for start_position 286 and length 18
Passed for start_position 286 and length 20
Passed for start_position 286 and length 22
Passed for start_position 286 and length 24
Passed for start_position 286 and length 26
Passed for start_position 286 and length 28
Passed for start_position 286 and length 30
Passed for start_position 286 and length 32
Passed for start_position 286 and length 34
Passed for start_position 286 and length 36
Passed for start_position 286 and length 38
Passed for start_position 286 and length 40
Passed for start_position 286 and length 42
Passed for start_position 286 and length 44
Passed for start_position 286 and length 46
Passed for start_position 286 and length 48
Passed for start_position 286 and length 50
Passed for start_position 286 and length 52
Passed for start_position 286 and length 54
Passed for start_position 286 and length 56
Passed for start_position 286 and length 58
Passed for start_position 286 and length 60
Passed for start_position 286 and length 62
Passed for start_position 286 and length 64
Passed for start_position 286 and length 66
Passed for start_position 286 and length 68
Passed for start_position 286 and length 70
Passed for start_position 286 and length 72
Passed for start_position 286 and length 74
Passed for start_position 286 and length 76
Passed for start_position 286 and length 78
Passed for start_position 286 and length 80
Passed for start_position 286 and length 82
Passed for start_position 286 and length 84
Passed for start_position 286 and length 86
Passed for start_position 286 and length 88
Passed for start_position 286 and length 90
Passed for start_position 286 and length 92
Passed for start_position 286 and length 94
Passed for start_position 286 and length 96
Passed for start_position 286 and length 98
Passed for start_position 286 and length 100
Passed for start_position 287 and length 2
Passed for start_position 287 and length 4
Passed for start_position 287 and length 6
Passed for start_position 287 and length 8
Passed for start_position 287 and length 10
Passed for start_position 287 and length 12
Passed for start_position 287 and length 14
Passed for start_position 287 and length 16
Passed for start_position 287 and length 18
Passed for start_position 287 and length 20
Passed for start_position 287 and length 22
Passed for start_position 287 and length 24
Passed for start_position 287 and length 26
Passed for start_position 287 and length 28
Passed for start_position 287 and length 30
Passed for start_position 287 and length 32
Passed for start_position 287 and length 34
Passed for start_position 287 and length 36
Passed for start_position 287 and length 38
Passed for start_position 287 and length 40
Passed for start_position 287 and length 42
Passed for start_position 287 and length 44
Passed for start_position 287 and length 46
Passed for start_position 287 and length 48
Passed for start_position 287 and length 50
Passed for start_position 287 and length 52
Passed for start_position 287 and length 54
Passed for start_position 287 and length 56
Passed for start_position 287 and length 58
Passed for start_position 287 and length 60
Passed for start_position 287 and length 62
Passed for start_position 287 and length 64
Passed for start_position 287 and length 66
Passed for start_position 287 and length 68
Passed for start_position 287 and length 70
Passed for start_position 287 and length 72
Passed for start_position 287 and length 74
Passed for start_position 287 and length 76
Passed for start_position 287 and length 78
Passed for start_position 287 and length 80
Passed for start_position 287 and length 82
Passed for start_position 287 and length 84
Passed for start_position 287 and length 86
Passed for start_position 287 and length 88
Passed for start_position 287 and length 90
Passed for start_position 287 and length 92
Passed for start_position 287 and length 94
Passed for start_position 287 and length 96
Passed for start_position 287 and length 98
Passed for start_position 287 and length 100
Passed for start_position 288 and length 2
Passed for start_position 288 and length 4
Passed for start_position 288 and length 6
Passed for start_position 288 and length 8
Passed for start_position 288 and length 10
Passed for start_position 288 and length 12
Passed for start_position 288 and length 14
Passed for start_position 288 and length 16
Passed for start_position 288 and length 18
Passed for start_position 288 and length 20
Passed for start_position 288 and length 22
Passed for start_position 288 and length 24
Passed for start_position 288 and length 26
Passed for start_position 288 and length 28
Passed for start_position 288 and length 30
Passed for start_position 288 and length 32
Passed for start_position 288 and length 34
Passed for start_position 288 and length 36
Passed for start_position 288 and length 38
Passed for start_position 288 and length 40
Passed for start_position 288 and length 42
Passed for start_position 288 and length 44
Passed for start_position 288 and length 46
Passed for start_position 288 and length 48
Passed for start_position 288 and length 50
Passed for start_position 288 and length 52
Passed for start_position 288 and length 54
Passed for start_position 288 and length 56
Passed for start_position 288 and length 58
Passed for start_position 288 and length 60
Passed for start_position 288 and length 62
Passed for start_position 288 and length 64
Passed for start_position 288 and length 66
Passed for start_position 288 and length 68
Passed for start_position 288 and length 70
Passed for start_position 288 and length 72
Passed for start_position 288 and length 74
Passed for start_position 288 and length 76
Passed for start_position 288 and length 78
Passed for start_position 288 and length 80
Passed for start_position 288 and length 82
Passed for start_position 288 and length 84
Passed for start_position 288 and length 86
Passed for start_position 288 and length 88
Passed for start_position 288 and length 90
Passed for start_position 288 and length 92
Passed for start_position 288 and length 94
Passed for start_position 288 and length 96
Passed for start_position 288 and length 98
Passed for start_position 288 and length 100
Passed for start_position 289 and length 2
Passed for start_position 289 and length 4
Passed for start_position 289 and length 6
Passed for start_position 289 and length 8
Passed for start_position 289 and length 10
Passed for start_position 289 and length 12
Passed for start_position 289 and length 14
Passed for start_position 289 and length 16
Passed for start_position 289 and length 18
Passed for start_position 289 and length 20
Passed for start_position 289 and length 22
Passed for start_position 289 and length 24
Passed for start_position 289 and length 26
Passed for start_position 289 and length 28
Passed for start_position 289 and length 30
Passed for start_position 289 and length 32
Passed for start_position 289 and length 34
Passed for start_position 289 and length 36
Passed for start_position 289 and length 38
Passed for start_position 289 and length 40
Passed for start_position 289 and length 42
Passed for start_position 289 and length 44
Passed for start_position 289 and length 46
Passed for start_position 289 and length 48
Passed for start_position 289 and length 50
Passed for start_position 289 and length 52
Passed for start_position 289 and length 54
Passed for start_position 289 and length 56
Passed for start_position 289 and length 58
Passed for start_position 289 and length 60
Passed for start_position 289 and length 62
Passed for start_position 289 and length 64
Passed for start_position 289 and length 66
Passed for start_position 289 and length 68
Passed for start_position 289 and length 70
Passed for start_position 289 and length 72
Passed for start_position 289 and length 74
Passed for start_position 289 and length 76
Passed for start_position 289 and length 78
Passed for start_position 289 and length 80
Passed for start_position 289 and length 82
Passed for start_position 289 and length 84
Passed for start_position 289 and length 86
Passed for start_position 289 and length 88
Passed for start_position 289 and length 90
Passed for start_position 289 and length 92
Passed for start_position 289 and length 94
Passed for start_position 289 and length 96
Passed for start_position 289 and length 98
Passed for start_position 289 and length 100
Passed for start_position 290 and length 2
Passed for start_position 290 and length 4
Passed for start_position 290 and length 6
Passed for start_position 290 and length 8
Passed for start_position 290 and length 10
Passed for start_position 290 and length 12
Passed for start_position 290 and length 14
Passed for start_position 290 and length 16
Passed for start_position 290 and length 18
Passed for start_position 290 and length 20
Passed for start_position 290 and length 22
Passed for start_position 290 and length 24
Passed for start_position 290 and length 26
Passed for start_position 290 and length 28
Passed for start_position 290 and length 30
Passed for start_position 290 and length 32
Passed for start_position 290 and length 34
Passed for start_position 290 and length 36
Passed for start_position 290 and length 38
Passed for start_position 290 and length 40
Passed for start_position 290 and length 42
Passed for start_position 290 and length 44
Passed for start_position 290 and length 46
Passed for start_position 290 and length 48
Passed for start_position 290 and length 50
Passed for start_position 290 and length 52
Passed for start_position 290 and length 54
Passed for start_position 290 and length 56
Passed for start_position 290 and length 58
Passed for start_position 290 and length 60
Passed for start_position 290 and length 62
Passed for start_position 290 and length 64
Passed for start_position 290 and length 66
Passed for start_position 290 and length 68
Passed for start_position 290 and length 70
Passed for start_position 290 and length 72
Passed for start_position 290 and length 74
Passed for start_position 290 and length 76
Passed for start_position 290 and length 78
Passed for start_position 290 and length 80
Passed for start_position 290 and length 82
Passed for start_position 290 and length 84
Passed for start_position 290 and length 86
Passed for start_position 290 and length 88
Passed for start_position 290 and length 90
Passed for start_position 290 and length 92
Passed for start_position 290 and length 94
Passed for start_position 290 and length 96
Passed for start_position 290 and length 98
Passed for start_position 290 and length 100
Passed for start_position 291 and length 2
Passed for start_position 291 and length 4
Passed for start_position 291 and length 6
Passed for start_position 291 and length 8
Passed for start_position 291 and length 10
Passed for start_position 291 and length 12
Passed for start_position 291 and length 14
Passed for start_position 291 and length 16
Passed for start_position 291 and length 18
Passed for start_position 291 and length 20
Passed for start_position 291 and length 22
Passed for start_position 291 and length 24
Passed for start_position 291 and length 26
Passed for start_position 291 and length 28
Passed for start_position 291 and length 30
Passed for start_position 291 and length 32
Passed for start_position 291 and length 34
Passed for start_position 291 and length 36
Passed for start_position 291 and length 38
Passed for start_position 291 and length 40
Passed for start_position 291 and length 42
Passed for start_position 291 and length 44
Passed for start_position 291 and length 46
Passed for start_position 291 and length 48
Passed for start_position 291 and length 50
Passed for start_position 291 and length 52
Passed for start_position 291 and length 54
Passed for start_position 291 and length 56
Passed for start_position 291 and length 58
Passed for start_position 291 and length 60
Passed for start_position 291 and length 62
Passed for start_position 291 and length 64
Passed for start_position 291 and length 66
Passed for start_position 291 and length 68
Passed for start_position 291 and length 70
Passed for start_position 291 and length 72
Passed for start_position 291 and length 74
Passed for start_position 291 and length 76
Passed for start_position 291 and length 78
Passed for start_position 291 and length 80
Passed for start_position 291 and length 82
Passed for start_position 291 and length 84
Passed for start_position 291 and length 86
Passed for start_position 291 and length 88
Passed for start_position 291 and length 90
Passed for start_position 291 and length 92
Passed for start_position 291 and length 94
Passed for start_position 291 and length 96
Passed for start_position 291 and length 98
Passed for start_position 291 and length 100
Passed for start_position 292 and length 2
Passed for start_position 292 and length 4
Passed for start_position 292 and length 6
Passed for start_position 292 and length 8
Passed for start_position 292 and length 10
Passed for start_position 292 and length 12
Passed for start_position 292 and length 14
Passed for start_position 292 and length 16
Passed for start_position 292 and length 18
Passed for start_position 292 and length 20
Passed for start_position 292 and length 22
Passed for start_position 292 and length 24
Passed for start_position 292 and length 26
Passed for start_position 292 and length 28
Passed for start_position 292 and length 30
Passed for start_position 292 and length 32
Passed for start_position 292 and length 34
Passed for start_position 292 and length 36
Passed for start_position 292 and length 38
Passed for start_position 292 and length 40
Passed for start_position 292 and length 42
Passed for start_position 292 and length 44
Passed for start_position 292 and length 46
Passed for start_position 292 and length 48
Passed for start_position 292 and length 50
Passed for start_position 292 and length 52
Passed for start_position 292 and length 54
Passed for start_position 292 and length 56
Passed for start_position 292 and length 58
Passed for start_position 292 and length 60
Passed for start_position 292 and length 62
Passed for start_position 292 and length 64
Passed for start_position 292 and length 66
Passed for start_position 292 and length 68
Passed for start_position 292 and length 70
Passed for start_position 292 and length 72
Passed for start_position 292 and length 74
Passed for start_position 292 and length 76
Passed for start_position 292 and length 78
Passed for start_position 292 and length 80
Passed for start_position 292 and length 82
Passed for start_position 292 and length 84
Passed for start_position 292 and length 86
Passed for start_position 292 and length 88
Passed for start_position 292 and length 90
Passed for start_position 292 and length 92
Passed for start_position 292 and length 94
Passed for start_position 292 and length 96
Passed for start_position 292 and length 98
Passed for start_position 292 and length 100
Passed for start_position 293 and length 2
Passed for start_position 293 and length 4
Passed for start_position 293 and length 6
Passed for start_position 293 and length 8
Passed for start_position 293 and length 10
Passed for start_position 293 and length 12
Passed for start_position 293 and length 14
Passed for start_position 293 and length 16
Passed for start_position 293 and length 18
Passed for start_position 293 and length 20
Passed for start_position 293 and length 22
Passed for start_position 293 and length 24
Passed for start_position 293 and length 26
Passed for start_position 293 and length 28
Passed for start_position 293 and length 30
Passed for start_position 293 and length 32
Passed for start_position 293 and length 34
Passed for start_position 293 and length 36
Passed for start_position 293 and length 38
Passed for start_position 293 and length 40
Passed for start_position 293 and length 42
Passed for start_position 293 and length 44
Passed for start_position 293 and length 46
Passed for start_position 293 and length 48
Passed for start_position 293 and length 50
Passed for start_position 293 and length 52
Passed for start_position 293 and length 54
Passed for start_position 293 and length 56
Passed for start_position 293 and length 58
Passed for start_position 293 and length 60
Passed for start_position 293 and length 62
Passed for start_position 293 and length 64
Passed for start_position 293 and length 66
Passed for start_position 293 and length 68
Passed for start_position 293 and length 70
Passed for start_position 293 and length 72
Passed for start_position 293 and length 74
Passed for start_position 293 and length 76
Passed for start_position 293 and length 78
Passed for start_position 293 and length 80
Passed for start_position 293 and length 82
Passed for start_position 293 and length 84
Passed for start_position 293 and length 86
Passed for start_position 293 and length 88
Passed for start_position 293 and length 90
Passed for start_position 293 and length 92
Passed for start_position 293 and length 94
Passed for start_position 293 and length 96
Passed for start_position 293 and length 98
Passed for start_position 293 and length 100
Passed for start_position 294 and length 2
Passed for start_position 294 and length 4
Passed for start_position 294 and length 6
Passed for start_position 294 and length 8
Passed for start_position 294 and length 10
Passed for start_position 294 and length 12
Passed for start_position 294 and length 14
Passed for start_position 294 and length 16
Passed for start_position 294 and length 18
Passed for start_position 294 and length 20
Passed for start_position 294 and length 22
Passed for start_position 294 and length 24
Passed for start_position 294 and length 26
Passed for start_position 294 and length 28
Passed for start_position 294 and length 30
Passed for start_position 294 and length 32
Passed for start_position 294 and length 34
Passed for start_position 294 and length 36
Passed for start_position 294 and length 38
Passed for start_position 294 and length 40
Passed for start_position 294 and length 42
Passed for start_position 294 and length 44
Passed for start_position 294 and length 46
Passed for start_position 294 and length 48
Passed for start_position 294 and length 50
Passed for start_position 294 and length 52
Passed for start_position 294 and length 54
Passed for start_position 294 and length 56
Passed for start_position 294 and length 58
Passed for start_position 294 and length 60
Passed for start_position 294 and length 62
Passed for start_position 294 and length 64
Passed for start_position 294 and length 66
Passed for start_position 294 and length 68
Passed for start_position 294 and length 70
Passed for start_position 294 and length 72
Passed for start_position 294 and length 74
Passed for start_position 294 and length 76
Passed for start_position 294 and length 78
Passed for start_position 294 and length 80
Passed for start_position 294 and length 82
Passed for start_position 294 and length 84
Passed for start_position 294 and length 86
Passed for start_position 294 and length 88
Passed for start_position 294 and length 90
Passed for start_position 294 and length 92
Passed for start_position 294 and length 94
Passed for start_position 294 and length 96
Passed for start_position 294 and length 98
Passed for start_position 294 and length 100
Passed for start_position 295 and length 2
Passed for start_position 295 and length 4
Passed for start_position 295 and length 6
Passed for start_position 295 and length 8
Passed for start_position 295 and length 10
Passed for start_position 295 and length 12
Passed for start_position 295 and length 14
Passed for start_position 295 and length 16
Passed for start_position 295 and length 18
Passed for start_position 295 and length 20
Passed for start_position 295 and length 22
Passed for start_position 295 and length 24
Passed for start_position 295 and length 26
Passed for start_position 295 and length 28
Passed for start_position 295 and length 30
Passed for start_position 295 and length 32
Passed for start_position 295 and length 34
Passed for start_position 295 and length 36
Passed for start_position 295 and length 38
Passed for start_position 295 and length 40
Passed for start_position 295 and length 42
Passed for start_position 295 and length 44
Passed for start_position 295 and length 46
Passed for start_position 295 and length 48
Passed for start_position 295 and length 50
Passed for start_position 295 and length 52
Passed for start_position 295 and length 54
Passed for start_position 295 and length 56
Passed for start_position 295 and length 58
Passed for start_position 295 and length 60
Passed for start_position 295 and length 62
Passed for start_position 295 and length 64
Passed for start_position 295 and length 66
Passed for start_position 295 and length 68
Passed for start_position 295 and length 70
Passed for start_position 295 and length 72
Passed for start_position 295 and length 74
Passed for start_position 295 and length 76
Passed for start_position 295 and length 78
Passed for start_position 295 and length 80
Passed for start_position 295 and length 82
Passed for start_position 295 and length 84
Passed for start_position 295 and length 86
Passed for start_position 295 and length 88
Passed for start_position 295 and length 90
Passed for start_position 295 and length 92
Passed for start_position 295 and length 94
Passed for start_position 295 and length 96
Passed for start_position 295 and length 98
Passed for start_position 295 and length 100
Passed for start_position 296 and length 2
Passed for start_position 296 and length 4
Passed for start_position 296 and length 6
Passed for start_position 296 and length 8
Passed for start_position 296 and length 10
Passed for start_position 296 and length 12
Passed for start_position 296 and length 14
Passed for start_position 296 and length 16
Passed for start_position 296 and length 18
Passed for start_position 296 and length 20
Passed for start_position 296 and length 22
Passed for start_position 296 and length 24
Passed for start_position 296 and length 26
Passed for start_position 296 and length 28
Passed for start_position 296 and length 30
Passed for start_position 296 and length 32
Passed for start_position 296 and length 34
Passed for start_position 296 and length 36
Passed for start_position 296 and length 38
Passed for start_position 296 and length 40
Passed for start_position 296 and length 42
Passed for start_position 296 and length 44
Passed for start_position 296 and length 46
Passed for start_position 296 and length 48
Passed for start_position 296 and length 50
Passed for start_position 296 and length 52
Passed for start_position 296 and length 54
Passed for start_position 296 and length 56
Passed for start_position 296 and length 58
Passed for start_position 296 and length 60
Passed for start_position 296 and length 62
Passed for start_position 296 and length 64
Passed for start_position 296 and length 66
Passed for start_position 296 and length 68
Passed for start_position 296 and length 70
Passed for start_position 296 and length 72
Passed for start_position 296 and length 74
Passed for start_position 296 and length 76
Passed for start_position 296 and length 78
Passed for start_position 296 and length 80
Passed for start_position 296 and length 82
Passed for start_position 296 and length 84
Passed for start_position 296 and length 86
Passed for start_position 296 and length 88
Passed for start_position 296 and length 90
Passed for start_position 296 and length 92
Passed for start_position 296 and length 94
Passed for start_position 296 and length 96
Passed for start_position 296 and length 98
Passed for start_position 296 and length 100
Passed for start_position 297 and length 2
Passed for start_position 297 and length 4
Passed for start_position 297 and length 6
Passed for start_position 297 and length 8
Passed for start_position 297 and length 10
Passed for start_position 297 and length 12
Passed for start_position 297 and length 14
Passed for start_position 297 and length 16
Passed for start_position 297 and length 18
Passed for start_position 297 and length 20
Passed for start_position 297 and length 22
Passed for start_position 297 and length 24
Passed for start_position 297 and length 26
Passed for start_position 297 and length 28
Passed for start_position 297 and length 30
Passed for start_position 297 and length 32
Passed for start_position 297 and length 34
Passed for start_position 297 and length 36
Passed for start_position 297 and length 38
Passed for start_position 297 and length 40
Passed for start_position 297 and length 42
Passed for start_position 297 and length 44
Passed for start_position 297 and length 46
Passed for start_position 297 and length 48
Passed for start_position 297 and length 50
Passed for start_position 297 and length 52
Passed for start_position 297 and length 54
Passed for start_position 297 and length 56
Passed for start_position 297 and length 58
Passed for start_position 297 and length 60
Passed for start_position 297 and length 62
Passed for start_position 297 and length 64
Passed for start_position 297 and length 66
Passed for start_position 297 and length 68
Passed for start_position 297 and length 70
Passed for start_position 297 and length 72
Passed for start_position 297 and length 74
Passed for start_position 297 and length 76
Passed for start_position 297 and length 78
Passed for start_position 297 and length 80
Passed for start_position 297 and length 82
Passed for start_position 297 and length 84
Passed for start_position 297 and length 86
Passed for start_position 297 and length 88
Passed for start_position 297 and length 90
Passed for start_position 297 and length 92
Passed for start_position 297 and length 94
Passed for start_position 297 and length 96
Passed for start_position 297 and length 98
Passed for start_position 297 and length 100
Passed for start_position 298 and length 2
Passed for start_position 298 and length 4
Passed for start_position 298 and length 6
Passed for start_position 298 and length 8
Passed for start_position 298 and length 10
Passed for start_position 298 and length 12
Passed for start_position 298 and length 14
Passed for start_position 298 and length 16
Passed for start_position 298 and length 18
Passed for start_position 298 and length 20
Passed for start_position 298 and length 22
Passed for start_position 298 and length 24
Passed for start_position 298 and length 26
Passed for start_position 298 and length 28
Passed for start_position 298 and length 30
Passed for start_position 298 and length 32
Passed for start_position 298 and length 34
Passed for start_position 298 and length 36
Passed for start_position 298 and length 38
Passed for start_position 298 and length 40
Passed for start_position 298 and length 42
Passed for start_position 298 and length 44
Passed for start_position 298 and length 46
Passed for start_position 298 and length 48
Passed for start_position 298 and length 50
Passed for start_position 298 and length 52
Passed for start_position 298 and length 54
Passed for start_position 298 and length 56
Passed for start_position 298 and length 58
Passed for start_position 298 and length 60
Passed for start_position 298 and length 62
Passed for start_position 298 and length 64
Passed for start_position 298 and length 66
Passed for start_position 298 and length 68
Passed for start_position 298 and length 70
Passed for start_position 298 and length 72
Passed for start_position 298 and length 74
Passed for start_position 298 and length 76
Passed for start_position 298 and length 78
Passed for start_position 298 and length 80
Passed for start_position 298 and length 82
Passed for start_position 298 and length 84
Passed for start_position 298 and length 86
Passed for start_position 298 and length 88
Passed for start_position 298 and length 90
Passed for start_position 298 and length 92
Passed for start_position 298 and length 94
Passed for start_position 298 and length 96
Passed for start_position 298 and length 98
Passed for start_position 298 and length 100
Passed for start_position 299 and length 2
Passed for start_position 299 and length 4
Passed for start_position 299 and length 6
Passed for start_position 299 and length 8
Passed for start_position 299 and length 10
Error for start_position 299 and length 12: Movement -1 not in dictionary
Passed for start_position 299 and length 14
Passed for start_position 299 and length 16
Error for start_position 299 and length 18: Movement 1 not in dictionary
Passed for start_position 299 and length 20
Error for start_position 299 and length 22: Movement -1 not in dictionary
Error for start_position 299 and length 24: Movement 1 not in dictionary
Passed for start_position 299 and length 26
Error for start_position 299 and length 28: Movement -1 not in dictionary
Passed for start_position 299 and length 30
Passed for start_position 299 and length 32
Passed for start_position 299 and length 34
Error for start_position 299 and length 36: Movement -1 not in dictionary
Error for start_position 299 and length 38: Movement 1 not in dictionary
Passed for start_position 299 and length 40
Error for start_position 299 and length 42: Movement -1 not in dictionary
Error for start_position 299 and length 44: Movement 1 not in dictionary
Passed for start_position 299 and length 46
Passed for start_position 299 and length 48
Error for start_position 299 and length 50: Movement 1 not in dictionary
Passed for start_position 299 and length 52
Error for start_position 299 and length 54: Movement -1 not in dictionary
Passed for start_position 299 and length 56
Error for start_position 299 and length 58: Movement 1 not in dictionary
Passed for start_position 299 and length 60
Passed for start_position 299 and length 62
Passed for start_position 299 and length 64
Error for start_position 299 and length 66: Movement 1 not in dictionary
Passed for start_position 299 and length 68
Passed for start_position 299 and length 70
Passed for start_position 299 and length 72
Passed for start_position 299 and length 74
Error for start_position 299 and length 76: Movement -1 not in dictionary
Error for start_position 299 and length 78: Movement -1 not in dictionary
Passed for start_position 299 and length 80
Passed for start_position 299 and length 82
Passed for start_position 299 and length 84
Error for start_position 299 and length 86: Movement 1 not in dictionary
Error for start_position 299 and length 88: Movement -1 not in dictionary
Error for start_position 299 and length 90: Movement 1 not in dictionary
Passed for start_position 299 and length 92
Passed for start_position 299 and length 94
Error for start_position 299 and length 96: Movement -1 not in dictionary
Passed for start_position 299 and length 98
Error for start_position 299 and length 100: Movement -1 not in dictionary
Passed for start_position 300 and length 2
Passed for start_position 300 and length 4
Passed for start_position 300 and length 6
Passed for start_position 300 and length 8
Passed for start_position 300 and length 10
Passed for start_position 300 and length 12
Passed for start_position 300 and length 14
Passed for start_position 300 and length 16
Passed for start_position 300 and length 18
Passed for start_position 300 and length 20
Passed for start_position 300 and length 22
Passed for start_position 300 and length 24
Passed for start_position 300 and length 26
Passed for start_position 300 and length 28
Passed for start_position 300 and length 30
Passed for start_position 300 and length 32
Passed for start_position 300 and length 34
Passed for start_position 300 and length 36
Passed for start_position 300 and length 38
Passed for start_position 300 and length 40
Passed for start_position 300 and length 42
Passed for start_position 300 and length 44
Passed for start_position 300 and length 46
Passed for start_position 300 and length 48
Passed for start_position 300 and length 50
Passed for start_position 300 and length 52
Passed for start_position 300 and length 54
Passed for start_position 300 and length 56
Passed for start_position 300 and length 58
Passed for start_position 300 and length 60
Passed for start_position 300 and length 62
Passed for start_position 300 and length 64
Passed for start_position 300 and length 66
Passed for start_position 300 and length 68
Passed for start_position 300 and length 70
Passed for start_position 300 and length 72
Passed for start_position 300 and length 74
Passed for start_position 300 and length 76
Passed for start_position 300 and length 78
Passed for start_position 300 and length 80
Passed for start_position 300 and length 82
Passed for start_position 300 and length 84
Passed for start_position 300 and length 86
Passed for start_position 300 and length 88
Passed for start_position 300 and length 90
Passed for start_position 300 and length 92
Passed for start_position 300 and length 94
Passed for start_position 300 and length 96
Passed for start_position 300 and length 98
Passed for start_position 300 and length 100
Passed for start_position 301 and length 2
Passed for start_position 301 and length 4
Passed for start_position 301 and length 6
Passed for start_position 301 and length 8
Passed for start_position 301 and length 10
Passed for start_position 301 and length 12
Passed for start_position 301 and length 14
Passed for start_position 301 and length 16
Passed for start_position 301 and length 18
Passed for start_position 301 and length 20
Passed for start_position 301 and length 22
Passed for start_position 301 and length 24
Passed for start_position 301 and length 26
Passed for start_position 301 and length 28
Passed for start_position 301 and length 30
Passed for start_position 301 and length 32
Passed for start_position 301 and length 34
Passed for start_position 301 and length 36
Passed for start_position 301 and length 38
Passed for start_position 301 and length 40
Passed for start_position 301 and length 42
Passed for start_position 301 and length 44
Passed for start_position 301 and length 46
Passed for start_position 301 and length 48
Passed for start_position 301 and length 50
Passed for start_position 301 and length 52
Passed for start_position 301 and length 54
Passed for start_position 301 and length 56
Passed for start_position 301 and length 58
Passed for start_position 301 and length 60
Passed for start_position 301 and length 62
Passed for start_position 301 and length 64
Passed for start_position 301 and length 66
Passed for start_position 301 and length 68
Passed for start_position 301 and length 70
Passed for start_position 301 and length 72
Passed for start_position 301 and length 74
Passed for start_position 301 and length 76
Passed for start_position 301 and length 78
Passed for start_position 301 and length 80
Passed for start_position 301 and length 82
Passed for start_position 301 and length 84
Passed for start_position 301 and length 86
Passed for start_position 301 and length 88
Passed for start_position 301 and length 90
Passed for start_position 301 and length 92
Passed for start_position 301 and length 94
Passed for start_position 301 and length 96
Passed for start_position 301 and length 98
Passed for start_position 301 and length 100
Passed for start_position 302 and length 2
Passed for start_position 302 and length 4
Passed for start_position 302 and length 6
Passed for start_position 302 and length 8
Passed for start_position 302 and length 10
Passed for start_position 302 and length 12
Passed for start_position 302 and length 14
Passed for start_position 302 and length 16
Passed for start_position 302 and length 18
Passed for start_position 302 and length 20
Passed for start_position 302 and length 22
Passed for start_position 302 and length 24
Passed for start_position 302 and length 26
Passed for start_position 302 and length 28
Passed for start_position 302 and length 30
Passed for start_position 302 and length 32
Passed for start_position 302 and length 34
Passed for start_position 302 and length 36
Passed for start_position 302 and length 38
Passed for start_position 302 and length 40
Passed for start_position 302 and length 42
Passed for start_position 302 and length 44
Passed for start_position 302 and length 46
Passed for start_position 302 and length 48
Passed for start_position 302 and length 50
Passed for start_position 302 and length 52
Passed for start_position 302 and length 54
Passed for start_position 302 and length 56
Passed for start_position 302 and length 58
Passed for start_position 302 and length 60
Passed for start_position 302 and length 62
Passed for start_position 302 and length 64
Passed for start_position 302 and length 66
Passed for start_position 302 and length 68
Passed for start_position 302 and length 70
Passed for start_position 302 and length 72
Passed for start_position 302 and length 74
Passed for start_position 302 and length 76
Passed for start_position 302 and length 78
Passed for start_position 302 and length 80
Passed for start_position 302 and length 82
Passed for start_position 302 and length 84
Passed for start_position 302 and length 86
Passed for start_position 302 and length 88
Passed for start_position 302 and length 90
Passed for start_position 302 and length 92
Passed for start_position 302 and length 94
Passed for start_position 302 and length 96
Passed for start_position 302 and length 98
Passed for start_position 302 and length 100
Passed for start_position 303 and length 2
Passed for start_position 303 and length 4
Passed for start_position 303 and length 6
Passed for start_position 303 and length 8
Passed for start_position 303 and length 10
Passed for start_position 303 and length 12
Passed for start_position 303 and length 14
Passed for start_position 303 and length 16
Passed for start_position 303 and length 18
Passed for start_position 303 and length 20
Passed for start_position 303 and length 22
Passed for start_position 303 and length 24
Passed for start_position 303 and length 26
Passed for start_position 303 and length 28
Passed for start_position 303 and length 30
Passed for start_position 303 and length 32
Passed for start_position 303 and length 34
Passed for start_position 303 and length 36
Passed for start_position 303 and length 38
Passed for start_position 303 and length 40
Passed for start_position 303 and length 42
Passed for start_position 303 and length 44
Passed for start_position 303 and length 46
Passed for start_position 303 and length 48
Passed for start_position 303 and length 50
Passed for start_position 303 and length 52
Passed for start_position 303 and length 54
Passed for start_position 303 and length 56
Passed for start_position 303 and length 58
Passed for start_position 303 and length 60
Passed for start_position 303 and length 62
Passed for start_position 303 and length 64
Passed for start_position 303 and length 66
Passed for start_position 303 and length 68
Passed for start_position 303 and length 70
Passed for start_position 303 and length 72
Passed for start_position 303 and length 74
Passed for start_position 303 and length 76
Passed for start_position 303 and length 78
Passed for start_position 303 and length 80
Passed for start_position 303 and length 82
Passed for start_position 303 and length 84
Passed for start_position 303 and length 86
Passed for start_position 303 and length 88
Passed for start_position 303 and length 90
Passed for start_position 303 and length 92
Passed for start_position 303 and length 94
Passed for start_position 303 and length 96
Passed for start_position 303 and length 98
Passed for start_position 303 and length 100
Passed for start_position 304 and length 2
Passed for start_position 304 and length 4
Passed for start_position 304 and length 6
Passed for start_position 304 and length 8
Passed for start_position 304 and length 10
Passed for start_position 304 and length 12
Passed for start_position 304 and length 14
Passed for start_position 304 and length 16
Passed for start_position 304 and length 18
Passed for start_position 304 and length 20
Passed for start_position 304 and length 22
Passed for start_position 304 and length 24
Passed for start_position 304 and length 26
Passed for start_position 304 and length 28
Passed for start_position 304 and length 30
Passed for start_position 304 and length 32
Passed for start_position 304 and length 34
Passed for start_position 304 and length 36
Passed for start_position 304 and length 38
Passed for start_position 304 and length 40
Passed for start_position 304 and length 42
Passed for start_position 304 and length 44
Passed for start_position 304 and length 46
Passed for start_position 304 and length 48
Passed for start_position 304 and length 50
Passed for start_position 304 and length 52
Passed for start_position 304 and length 54
Passed for start_position 304 and length 56
Passed for start_position 304 and length 58
Passed for start_position 304 and length 60
Passed for start_position 304 and length 62
Passed for start_position 304 and length 64
Passed for start_position 304 and length 66
Passed for start_position 304 and length 68
Passed for start_position 304 and length 70
Passed for start_position 304 and length 72
Passed for start_position 304 and length 74
Passed for start_position 304 and length 76
Passed for start_position 304 and length 78
Passed for start_position 304 and length 80
Passed for start_position 304 and length 82
Passed for start_position 304 and length 84
Passed for start_position 304 and length 86
Passed for start_position 304 and length 88
Passed for start_position 304 and length 90
Passed for start_position 304 and length 92
Passed for start_position 304 and length 94
Passed for start_position 304 and length 96
Passed for start_position 304 and length 98
Passed for start_position 304 and length 100
Passed for start_position 305 and length 2
Passed for start_position 305 and length 4
Passed for start_position 305 and length 6
Passed for start_position 305 and length 8
Passed for start_position 305 and length 10
Passed for start_position 305 and length 12
Passed for start_position 305 and length 14
Passed for start_position 305 and length 16
Passed for start_position 305 and length 18
Passed for start_position 305 and length 20
Passed for start_position 305 and length 22
Passed for start_position 305 and length 24
Passed for start_position 305 and length 26
Passed for start_position 305 and length 28
Passed for start_position 305 and length 30
Passed for start_position 305 and length 32
Passed for start_position 305 and length 34
Passed for start_position 305 and length 36
Passed for start_position 305 and length 38
Passed for start_position 305 and length 40
Passed for start_position 305 and length 42
Passed for start_position 305 and length 44
Passed for start_position 305 and length 46
Passed for start_position 305 and length 48
Passed for start_position 305 and length 50
Passed for start_position 305 and length 52
Passed for start_position 305 and length 54
Passed for start_position 305 and length 56
Passed for start_position 305 and length 58
Passed for start_position 305 and length 60
Passed for start_position 305 and length 62
Passed for start_position 305 and length 64
Passed for start_position 305 and length 66
Passed for start_position 305 and length 68
Passed for start_position 305 and length 70
Passed for start_position 305 and length 72
Passed for start_position 305 and length 74
Passed for start_position 305 and length 76
Passed for start_position 305 and length 78
Passed for start_position 305 and length 80
Passed for start_position 305 and length 82
Passed for start_position 305 and length 84
Passed for start_position 305 and length 86
Passed for start_position 305 and length 88
Passed for start_position 305 and length 90
Passed for start_position 305 and length 92
Passed for start_position 305 and length 94
Passed for start_position 305 and length 96
Passed for start_position 305 and length 98
Passed for start_position 305 and length 100
Passed for start_position 306 and length 2
Passed for start_position 306 and length 4
Passed for start_position 306 and length 6
Passed for start_position 306 and length 8
Passed for start_position 306 and length 10
Passed for start_position 306 and length 12
Passed for start_position 306 and length 14
Passed for start_position 306 and length 16
Passed for start_position 306 and length 18
Passed for start_position 306 and length 20
Passed for start_position 306 and length 22
Passed for start_position 306 and length 24
Passed for start_position 306 and length 26
Passed for start_position 306 and length 28
Passed for start_position 306 and length 30
Passed for start_position 306 and length 32
Passed for start_position 306 and length 34
Passed for start_position 306 and length 36
Passed for start_position 306 and length 38
Passed for start_position 306 and length 40
Passed for start_position 306 and length 42
Passed for start_position 306 and length 44
Passed for start_position 306 and length 46
Passed for start_position 306 and length 48
Passed for start_position 306 and length 50
Passed for start_position 306 and length 52
Passed for start_position 306 and length 54
Passed for start_position 306 and length 56
Passed for start_position 306 and length 58
Passed for start_position 306 and length 60
Passed for start_position 306 and length 62
Passed for start_position 306 and length 64
Passed for start_position 306 and length 66
Passed for start_position 306 and length 68
Passed for start_position 306 and length 70
Passed for start_position 306 and length 72
Passed for start_position 306 and length 74
Passed for start_position 306 and length 76
Passed for start_position 306 and length 78
Passed for start_position 306 and length 80
Passed for start_position 306 and length 82
Passed for start_position 306 and length 84
Passed for start_position 306 and length 86
Passed for start_position 306 and length 88
Passed for start_position 306 and length 90
Passed for start_position 306 and length 92
Passed for start_position 306 and length 94
Passed for start_position 306 and length 96
Passed for start_position 306 and length 98
Passed for start_position 306 and length 100
Passed for start_position 307 and length 2
Passed for start_position 307 and length 4
Passed for start_position 307 and length 6
Passed for start_position 307 and length 8
Passed for start_position 307 and length 10
Passed for start_position 307 and length 12
Passed for start_position 307 and length 14
Passed for start_position 307 and length 16
Passed for start_position 307 and length 18
Passed for start_position 307 and length 20
Passed for start_position 307 and length 22
Passed for start_position 307 and length 24
Passed for start_position 307 and length 26
Passed for start_position 307 and length 28
Passed for start_position 307 and length 30
Passed for start_position 307 and length 32
Passed for start_position 307 and length 34
Passed for start_position 307 and length 36
Passed for start_position 307 and length 38
Passed for start_position 307 and length 40
Passed for start_position 307 and length 42
Passed for start_position 307 and length 44
Passed for start_position 307 and length 46
Passed for start_position 307 and length 48
Passed for start_position 307 and length 50
Passed for start_position 307 and length 52
Passed for start_position 307 and length 54
Passed for start_position 307 and length 56
Passed for start_position 307 and length 58
Passed for start_position 307 and length 60
Passed for start_position 307 and length 62
Passed for start_position 307 and length 64
Passed for start_position 307 and length 66
Passed for start_position 307 and length 68
Passed for start_position 307 and length 70
Passed for start_position 307 and length 72
Passed for start_position 307 and length 74
Passed for start_position 307 and length 76
Passed for start_position 307 and length 78
Passed for start_position 307 and length 80
Passed for start_position 307 and length 82
Passed for start_position 307 and length 84
Passed for start_position 307 and length 86
Passed for start_position 307 and length 88
Passed for start_position 307 and length 90
Passed for start_position 307 and length 92
Passed for start_position 307 and length 94
Passed for start_position 307 and length 96
Passed for start_position 307 and length 98
Passed for start_position 307 and length 100
Passed for start_position 308 and length 2
Passed for start_position 308 and length 4
Passed for start_position 308 and length 6
Passed for start_position 308 and length 8
Passed for start_position 308 and length 10
Passed for start_position 308 and length 12
Passed for start_position 308 and length 14
Passed for start_position 308 and length 16
Passed for start_position 308 and length 18
Passed for start_position 308 and length 20
Passed for start_position 308 and length 22
Passed for start_position 308 and length 24
Passed for start_position 308 and length 26
Passed for start_position 308 and length 28
Passed for start_position 308 and length 30
Passed for start_position 308 and length 32
Passed for start_position 308 and length 34
Passed for start_position 308 and length 36
Passed for start_position 308 and length 38
Passed for start_position 308 and length 40
Passed for start_position 308 and length 42
Passed for start_position 308 and length 44
Passed for start_position 308 and length 46
Passed for start_position 308 and length 48
Passed for start_position 308 and length 50
Passed for start_position 308 and length 52
Passed for start_position 308 and length 54
Passed for start_position 308 and length 56
Passed for start_position 308 and length 58
Passed for start_position 308 and length 60
Passed for start_position 308 and length 62
Passed for start_position 308 and length 64
Passed for start_position 308 and length 66
Passed for start_position 308 and length 68
Passed for start_position 308 and length 70
Passed for start_position 308 and length 72
Passed for start_position 308 and length 74
Passed for start_position 308 and length 76
Passed for start_position 308 and length 78
Passed for start_position 308 and length 80
Passed for start_position 308 and length 82
Passed for start_position 308 and length 84
Passed for start_position 308 and length 86
Passed for start_position 308 and length 88
Passed for start_position 308 and length 90
Passed for start_position 308 and length 92
Passed for start_position 308 and length 94
Passed for start_position 308 and length 96
Passed for start_position 308 and length 98
Passed for start_position 308 and length 100
Passed for start_position 309 and length 2
Passed for start_position 309 and length 4
Passed for start_position 309 and length 6
Passed for start_position 309 and length 8
Passed for start_position 309 and length 10
Passed for start_position 309 and length 12
Passed for start_position 309 and length 14
Passed for start_position 309 and length 16
Passed for start_position 309 and length 18
Passed for start_position 309 and length 20
Passed for start_position 309 and length 22
Passed for start_position 309 and length 24
Passed for start_position 309 and length 26
Passed for start_position 309 and length 28
Passed for start_position 309 and length 30
Passed for start_position 309 and length 32
Passed for start_position 309 and length 34
Passed for start_position 309 and length 36
Passed for start_position 309 and length 38
Passed for start_position 309 and length 40
Passed for start_position 309 and length 42
Passed for start_position 309 and length 44
Passed for start_position 309 and length 46
Passed for start_position 309 and length 48
Passed for start_position 309 and length 50
Passed for start_position 309 and length 52
Passed for start_position 309 and length 54
Passed for start_position 309 and length 56
Passed for start_position 309 and length 58
Passed for start_position 309 and length 60
Passed for start_position 309 and length 62
Passed for start_position 309 and length 64
Passed for start_position 309 and length 66
Passed for start_position 309 and length 68
Passed for start_position 309 and length 70
Passed for start_position 309 and length 72
Passed for start_position 309 and length 74
Passed for start_position 309 and length 76
Passed for start_position 309 and length 78
Passed for start_position 309 and length 80
Passed for start_position 309 and length 82
Passed for start_position 309 and length 84
Passed for start_position 309 and length 86
Passed for start_position 309 and length 88
Passed for start_position 309 and length 90
Passed for start_position 309 and length 92
Passed for start_position 309 and length 94
Passed for start_position 309 and length 96
Passed for start_position 309 and length 98
Passed for start_position 309 and length 100
Passed for start_position 310 and length 2
Passed for start_position 310 and length 4
Passed for start_position 310 and length 6
Passed for start_position 310 and length 8
Passed for start_position 310 and length 10
Passed for start_position 310 and length 12
Passed for start_position 310 and length 14
Passed for start_position 310 and length 16
Passed for start_position 310 and length 18
Passed for start_position 310 and length 20
Passed for start_position 310 and length 22
Passed for start_position 310 and length 24
Passed for start_position 310 and length 26
Passed for start_position 310 and length 28
Passed for start_position 310 and length 30
Passed for start_position 310 and length 32
Passed for start_position 310 and length 34
Passed for start_position 310 and length 36
Passed for start_position 310 and length 38
Passed for start_position 310 and length 40
Passed for start_position 310 and length 42
Passed for start_position 310 and length 44
Passed for start_position 310 and length 46
Passed for start_position 310 and length 48
Passed for start_position 310 and length 50
Passed for start_position 310 and length 52
Passed for start_position 310 and length 54
Passed for start_position 310 and length 56
Passed for start_position 310 and length 58
Passed for start_position 310 and length 60
Passed for start_position 310 and length 62
Passed for start_position 310 and length 64
Passed for start_position 310 and length 66
Passed for start_position 310 and length 68
Passed for start_position 310 and length 70
Passed for start_position 310 and length 72
Passed for start_position 310 and length 74
Passed for start_position 310 and length 76
Passed for start_position 310 and length 78
Passed for start_position 310 and length 80
Passed for start_position 310 and length 82
Passed for start_position 310 and length 84
Passed for start_position 310 and length 86
Passed for start_position 310 and length 88
Passed for start_position 310 and length 90
Passed for start_position 310 and length 92
Passed for start_position 310 and length 94
Passed for start_position 310 and length 96
Passed for start_position 310 and length 98
Passed for start_position 310 and length 100
Passed for start_position 311 and length 2
Passed for start_position 311 and length 4
Passed for start_position 311 and length 6
Passed for start_position 311 and length 8
Passed for start_position 311 and length 10
Passed for start_position 311 and length 12
Passed for start_position 311 and length 14
Passed for start_position 311 and length 16
Passed for start_position 311 and length 18
Passed for start_position 311 and length 20
Passed for start_position 311 and length 22
Passed for start_position 311 and length 24
Passed for start_position 311 and length 26
Passed for start_position 311 and length 28
Passed for start_position 311 and length 30
Passed for start_position 311 and length 32
Passed for start_position 311 and length 34
Passed for start_position 311 and length 36
Passed for start_position 311 and length 38
Passed for start_position 311 and length 40
Passed for start_position 311 and length 42
Passed for start_position 311 and length 44
Passed for start_position 311 and length 46
Passed for start_position 311 and length 48
Passed for start_position 311 and length 50
Passed for start_position 311 and length 52
Passed for start_position 311 and length 54
Passed for start_position 311 and length 56
Passed for start_position 311 and length 58
Passed for start_position 311 and length 60
Passed for start_position 311 and length 62
Passed for start_position 311 and length 64
Passed for start_position 311 and length 66
Passed for start_position 311 and length 68
Passed for start_position 311 and length 70
Passed for start_position 311 and length 72
Passed for start_position 311 and length 74
Passed for start_position 311 and length 76
Passed for start_position 311 and length 78
Passed for start_position 311 and length 80
Passed for start_position 311 and length 82
Passed for start_position 311 and length 84
Passed for start_position 311 and length 86
Passed for start_position 311 and length 88
Passed for start_position 311 and length 90
Passed for start_position 311 and length 92
Passed for start_position 311 and length 94
Passed for start_position 311 and length 96
Passed for start_position 311 and length 98
Passed for start_position 311 and length 100
Passed for start_position 312 and length 2
Passed for start_position 312 and length 4
Passed for start_position 312 and length 6
Passed for start_position 312 and length 8
Passed for start_position 312 and length 10
Passed for start_position 312 and length 12
Passed for start_position 312 and length 14
Passed for start_position 312 and length 16
Passed for start_position 312 and length 18
Passed for start_position 312 and length 20
Passed for start_position 312 and length 22
Passed for start_position 312 and length 24
Passed for start_position 312 and length 26
Passed for start_position 312 and length 28
Passed for start_position 312 and length 30
Passed for start_position 312 and length 32
Passed for start_position 312 and length 34
Passed for start_position 312 and length 36
Passed for start_position 312 and length 38
Passed for start_position 312 and length 40
Passed for start_position 312 and length 42
Passed for start_position 312 and length 44
Passed for start_position 312 and length 46
Passed for start_position 312 and length 48
Passed for start_position 312 and length 50
Passed for start_position 312 and length 52
Passed for start_position 312 and length 54
Passed for start_position 312 and length 56
Passed for start_position 312 and length 58
Passed for start_position 312 and length 60
Passed for start_position 312 and length 62
Passed for start_position 312 and length 64
Passed for start_position 312 and length 66
Passed for start_position 312 and length 68
Passed for start_position 312 and length 70
Passed for start_position 312 and length 72
Passed for start_position 312 and length 74
Passed for start_position 312 and length 76
Passed for start_position 312 and length 78
Passed for start_position 312 and length 80
Passed for start_position 312 and length 82
Passed for start_position 312 and length 84
Passed for start_position 312 and length 86
Passed for start_position 312 and length 88
Passed for start_position 312 and length 90
Passed for start_position 312 and length 92
Passed for start_position 312 and length 94
Passed for start_position 312 and length 96
Passed for start_position 312 and length 98
Passed for start_position 312 and length 100
Passed for start_position 313 and length 2
Passed for start_position 313 and length 4
Passed for start_position 313 and length 6
Passed for start_position 313 and length 8
Passed for start_position 313 and length 10
Passed for start_position 313 and length 12
Passed for start_position 313 and length 14
Passed for start_position 313 and length 16
Passed for start_position 313 and length 18
Passed for start_position 313 and length 20
Passed for start_position 313 and length 22
Passed for start_position 313 and length 24
Passed for start_position 313 and length 26
Passed for start_position 313 and length 28
Passed for start_position 313 and length 30
Passed for start_position 313 and length 32
Passed for start_position 313 and length 34
Passed for start_position 313 and length 36
Passed for start_position 313 and length 38
Passed for start_position 313 and length 40
Passed for start_position 313 and length 42
Passed for start_position 313 and length 44
Passed for start_position 313 and length 46
Passed for start_position 313 and length 48
Passed for start_position 313 and length 50
Passed for start_position 313 and length 52
Passed for start_position 313 and length 54
Passed for start_position 313 and length 56
Passed for start_position 313 and length 58
Passed for start_position 313 and length 60
Passed for start_position 313 and length 62
Passed for start_position 313 and length 64
Passed for start_position 313 and length 66
Passed for start_position 313 and length 68
Passed for start_position 313 and length 70
Passed for start_position 313 and length 72
Passed for start_position 313 and length 74
Passed for start_position 313 and length 76
Passed for start_position 313 and length 78
Passed for start_position 313 and length 80
Passed for start_position 313 and length 82
Passed for start_position 313 and length 84
Passed for start_position 313 and length 86
Passed for start_position 313 and length 88
Passed for start_position 313 and length 90
Passed for start_position 313 and length 92
Passed for start_position 313 and length 94
Passed for start_position 313 and length 96
Passed for start_position 313 and length 98
Passed for start_position 313 and length 100
Passed for start_position 314 and length 2
Passed for start_position 314 and length 4
Passed for start_position 314 and length 6
Passed for start_position 314 and length 8
Passed for start_position 314 and length 10
Passed for start_position 314 and length 12
Passed for start_position 314 and length 14
Passed for start_position 314 and length 16
Passed for start_position 314 and length 18
Passed for start_position 314 and length 20
Passed for start_position 314 and length 22
Passed for start_position 314 and length 24
Passed for start_position 314 and length 26
Passed for start_position 314 and length 28
Passed for start_position 314 and length 30
Passed for start_position 314 and length 32
Passed for start_position 314 and length 34
Passed for start_position 314 and length 36
Passed for start_position 314 and length 38
Passed for start_position 314 and length 40
Passed for start_position 314 and length 42
Passed for start_position 314 and length 44
Passed for start_position 314 and length 46
Passed for start_position 314 and length 48
Passed for start_position 314 and length 50
Passed for start_position 314 and length 52
Passed for start_position 314 and length 54
Passed for start_position 314 and length 56
Passed for start_position 314 and length 58
Passed for start_position 314 and length 60
Passed for start_position 314 and length 62
Passed for start_position 314 and length 64
Passed for start_position 314 and length 66
Passed for start_position 314 and length 68
Passed for start_position 314 and length 70
Passed for start_position 314 and length 72
Passed for start_position 314 and length 74
Passed for start_position 314 and length 76
Passed for start_position 314 and length 78
Passed for start_position 314 and length 80
Passed for start_position 314 and length 82
Passed for start_position 314 and length 84
Passed for start_position 314 and length 86
Passed for start_position 314 and length 88
Passed for start_position 314 and length 90
Passed for start_position 314 and length 92
Passed for start_position 314 and length 94
Passed for start_position 314 and length 96
Passed for start_position 314 and length 98
Passed for start_position 314 and length 100
Passed for start_position 315 and length 2
Passed for start_position 315 and length 4
Passed for start_position 315 and length 6
Passed for start_position 315 and length 8
Passed for start_position 315 and length 10
Passed for start_position 315 and length 12
Passed for start_position 315 and length 14
Passed for start_position 315 and length 16
Passed for start_position 315 and length 18
Passed for start_position 315 and length 20
Passed for start_position 315 and length 22
Passed for start_position 315 and length 24
Passed for start_position 315 and length 26
Passed for start_position 315 and length 28
Passed for start_position 315 and length 30
Passed for start_position 315 and length 32
Passed for start_position 315 and length 34
Passed for start_position 315 and length 36
Passed for start_position 315 and length 38
Passed for start_position 315 and length 40
Passed for start_position 315 and length 42
Passed for start_position 315 and length 44
Passed for start_position 315 and length 46
Passed for start_position 315 and length 48
Passed for start_position 315 and length 50
Passed for start_position 315 and length 52
Passed for start_position 315 and length 54
Passed for start_position 315 and length 56
Passed for start_position 315 and length 58
Passed for start_position 315 and length 60
Passed for start_position 315 and length 62
Passed for start_position 315 and length 64
Passed for start_position 315 and length 66
Passed for start_position 315 and length 68
Passed for start_position 315 and length 70
Passed for start_position 315 and length 72
Passed for start_position 315 and length 74
Passed for start_position 315 and length 76
Passed for start_position 315 and length 78
Passed for start_position 315 and length 80
Passed for start_position 315 and length 82
Passed for start_position 315 and length 84
Passed for start_position 315 and length 86
Passed for start_position 315 and length 88
Passed for start_position 315 and length 90
Passed for start_position 315 and length 92
Passed for start_position 315 and length 94
Passed for start_position 315 and length 96
Passed for start_position 315 and length 98
Passed for start_position 315 and length 100
Passed for start_position 316 and length 2
Passed for start_position 316 and length 4
Passed for start_position 316 and length 6
Passed for start_position 316 and length 8
Passed for start_position 316 and length 10
Passed for start_position 316 and length 12
Passed for start_position 316 and length 14
Passed for start_position 316 and length 16
Passed for start_position 316 and length 18
Passed for start_position 316 and length 20
Passed for start_position 316 and length 22
Passed for start_position 316 and length 24
Passed for start_position 316 and length 26
Passed for start_position 316 and length 28
Passed for start_position 316 and length 30
Passed for start_position 316 and length 32
Passed for start_position 316 and length 34
Passed for start_position 316 and length 36
Passed for start_position 316 and length 38
Passed for start_position 316 and length 40
Passed for start_position 316 and length 42
Passed for start_position 316 and length 44
Passed for start_position 316 and length 46
Passed for start_position 316 and length 48
Passed for start_position 316 and length 50
Passed for start_position 316 and length 52
Passed for start_position 316 and length 54
Passed for start_position 316 and length 56
Passed for start_position 316 and length 58
Passed for start_position 316 and length 60
Passed for start_position 316 and length 62
Passed for start_position 316 and length 64
Passed for start_position 316 and length 66
Passed for start_position 316 and length 68
Passed for start_position 316 and length 70
Passed for start_position 316 and length 72
Passed for start_position 316 and length 74
Passed for start_position 316 and length 76
Passed for start_position 316 and length 78
Passed for start_position 316 and length 80
Passed for start_position 316 and length 82
Passed for start_position 316 and length 84
Passed for start_position 316 and length 86
Passed for start_position 316 and length 88
Passed for start_position 316 and length 90
Passed for start_position 316 and length 92
Passed for start_position 316 and length 94
Passed for start_position 316 and length 96
Passed for start_position 316 and length 98
Passed for start_position 316 and length 100
Passed for start_position 317 and length 2
Passed for start_position 317 and length 4
Passed for start_position 317 and length 6
Passed for start_position 317 and length 8
Passed for start_position 317 and length 10
Passed for start_position 317 and length 12
Passed for start_position 317 and length 14
Passed for start_position 317 and length 16
Passed for start_position 317 and length 18
Passed for start_position 317 and length 20
Passed for start_position 317 and length 22
Passed for start_position 317 and length 24
Passed for start_position 317 and length 26
Passed for start_position 317 and length 28
Passed for start_position 317 and length 30
Passed for start_position 317 and length 32
Passed for start_position 317 and length 34
Passed for start_position 317 and length 36
Passed for start_position 317 and length 38
Passed for start_position 317 and length 40
Passed for start_position 317 and length 42
Passed for start_position 317 and length 44
Passed for start_position 317 and length 46
Passed for start_position 317 and length 48
Passed for start_position 317 and length 50
Passed for start_position 317 and length 52
Passed for start_position 317 and length 54
Passed for start_position 317 and length 56
Passed for start_position 317 and length 58
Passed for start_position 317 and length 60
Passed for start_position 317 and length 62
Passed for start_position 317 and length 64
Passed for start_position 317 and length 66
Passed for start_position 317 and length 68
Passed for start_position 317 and length 70
Passed for start_position 317 and length 72
Passed for start_position 317 and length 74
Passed for start_position 317 and length 76
Passed for start_position 317 and length 78
Passed for start_position 317 and length 80
Passed for start_position 317 and length 82
Passed for start_position 317 and length 84
Passed for start_position 317 and length 86
Passed for start_position 317 and length 88
Passed for start_position 317 and length 90
Passed for start_position 317 and length 92
Passed for start_position 317 and length 94
Passed for start_position 317 and length 96
Passed for start_position 317 and length 98
Passed for start_position 317 and length 100
Passed for start_position 318 and length 2
Passed for start_position 318 and length 4
Passed for start_position 318 and length 6
Passed for start_position 318 and length 8
Passed for start_position 318 and length 10
Passed for start_position 318 and length 12
Passed for start_position 318 and length 14
Passed for start_position 318 and length 16
Passed for start_position 318 and length 18
Passed for start_position 318 and length 20
Passed for start_position 318 and length 22
Passed for start_position 318 and length 24
Passed for start_position 318 and length 26
Passed for start_position 318 and length 28
Passed for start_position 318 and length 30
Passed for start_position 318 and length 32
Passed for start_position 318 and length 34
Passed for start_position 318 and length 36
Passed for start_position 318 and length 38
Passed for start_position 318 and length 40
Passed for start_position 318 and length 42
Passed for start_position 318 and length 44
Passed for start_position 318 and length 46
Passed for start_position 318 and length 48
Passed for start_position 318 and length 50
Passed for start_position 318 and length 52
Passed for start_position 318 and length 54
Passed for start_position 318 and length 56
Passed for start_position 318 and length 58
Passed for start_position 318 and length 60
Passed for start_position 318 and length 62
Passed for start_position 318 and length 64
Passed for start_position 318 and length 66
Passed for start_position 318 and length 68
Passed for start_position 318 and length 70
Passed for start_position 318 and length 72
Passed for start_position 318 and length 74
Passed for start_position 318 and length 76
Passed for start_position 318 and length 78
Passed for start_position 318 and length 80
Passed for start_position 318 and length 82
Passed for start_position 318 and length 84
Passed for start_position 318 and length 86
Passed for start_position 318 and length 88
Passed for start_position 318 and length 90
Passed for start_position 318 and length 92
Passed for start_position 318 and length 94
Passed for start_position 318 and length 96
Passed for start_position 318 and length 98
Passed for start_position 318 and length 100
Passed for start_position 319 and length 2
Passed for start_position 319 and length 4
Passed for start_position 319 and length 6
Passed for start_position 319 and length 8
Passed for start_position 319 and length 10
Passed for start_position 319 and length 12
Passed for start_position 319 and length 14
Passed for start_position 319 and length 16
Passed for start_position 319 and length 18
Passed for start_position 319 and length 20
Passed for start_position 319 and length 22
Passed for start_position 319 and length 24
Passed for start_position 319 and length 26
Passed for start_position 319 and length 28
Passed for start_position 319 and length 30
Passed for start_position 319 and length 32
Passed for start_position 319 and length 34
Passed for start_position 319 and length 36
Passed for start_position 319 and length 38
Passed for start_position 319 and length 40
Passed for start_position 319 and length 42
Passed for start_position 319 and length 44
Passed for start_position 319 and length 46
Passed for start_position 319 and length 48
Passed for start_position 319 and length 50
Passed for start_position 319 and length 52
Passed for start_position 319 and length 54
Passed for start_position 319 and length 56
Passed for start_position 319 and length 58
Passed for start_position 319 and length 60
Passed for start_position 319 and length 62
Passed for start_position 319 and length 64
Passed for start_position 319 and length 66
Passed for start_position 319 and length 68
Passed for start_position 319 and length 70
Passed for start_position 319 and length 72
Passed for start_position 319 and length 74
Passed for start_position 319 and length 76
Passed for start_position 319 and length 78
Passed for start_position 319 and length 80
Passed for start_position 319 and length 82
Passed for start_position 319 and length 84
Passed for start_position 319 and length 86
Passed for start_position 319 and length 88
Passed for start_position 319 and length 90
Passed for start_position 319 and length 92
Passed for start_position 319 and length 94
Passed for start_position 319 and length 96
Passed for start_position 319 and length 98
Passed for start_position 319 and length 100
Passed for start_position 320 and length 2
Passed for start_position 320 and length 4
Passed for start_position 320 and length 6
Passed for start_position 320 and length 8
Passed for start_position 320 and length 10
Passed for start_position 320 and length 12
Passed for start_position 320 and length 14
Passed for start_position 320 and length 16
Passed for start_position 320 and length 18
Passed for start_position 320 and length 20
Passed for start_position 320 and length 22
Passed for start_position 320 and length 24
Passed for start_position 320 and length 26
Passed for start_position 320 and length 28
Passed for start_position 320 and length 30
Passed for start_position 320 and length 32
Passed for start_position 320 and length 34
Passed for start_position 320 and length 36
Passed for start_position 320 and length 38
Passed for start_position 320 and length 40
Passed for start_position 320 and length 42
Passed for start_position 320 and length 44
Passed for start_position 320 and length 46
Passed for start_position 320 and length 48
Passed for start_position 320 and length 50
Passed for start_position 320 and length 52
Passed for start_position 320 and length 54
Passed for start_position 320 and length 56
Passed for start_position 320 and length 58
Passed for start_position 320 and length 60
Passed for start_position 320 and length 62
Passed for start_position 320 and length 64
Passed for start_position 320 and length 66
Passed for start_position 320 and length 68
Passed for start_position 320 and length 70
Passed for start_position 320 and length 72
Passed for start_position 320 and length 74
Passed for start_position 320 and length 76
Passed for start_position 320 and length 78
Passed for start_position 320 and length 80
Passed for start_position 320 and length 82
Passed for start_position 320 and length 84
Passed for start_position 320 and length 86
Passed for start_position 320 and length 88
Passed for start_position 320 and length 90
Passed for start_position 320 and length 92
Passed for start_position 320 and length 94
Passed for start_position 320 and length 96
Passed for start_position 320 and length 98
Passed for start_position 320 and length 100
Passed for start_position 321 and length 2
Passed for start_position 321 and length 4
Passed for start_position 321 and length 6
Passed for start_position 321 and length 8
Passed for start_position 321 and length 10
Passed for start_position 321 and length 12
Passed for start_position 321 and length 14
Passed for start_position 321 and length 16
Passed for start_position 321 and length 18
Passed for start_position 321 and length 20
Passed for start_position 321 and length 22
Passed for start_position 321 and length 24
Passed for start_position 321 and length 26
Passed for start_position 321 and length 28
Passed for start_position 321 and length 30
Passed for start_position 321 and length 32
Passed for start_position 321 and length 34
Passed for start_position 321 and length 36
Passed for start_position 321 and length 38
Passed for start_position 321 and length 40
Passed for start_position 321 and length 42
Passed for start_position 321 and length 44
Passed for start_position 321 and length 46
Passed for start_position 321 and length 48
Passed for start_position 321 and length 50
Passed for start_position 321 and length 52
Passed for start_position 321 and length 54
Passed for start_position 321 and length 56
Passed for start_position 321 and length 58
Passed for start_position 321 and length 60
Passed for start_position 321 and length 62
Passed for start_position 321 and length 64
Passed for start_position 321 and length 66
Passed for start_position 321 and length 68
Passed for start_position 321 and length 70
Passed for start_position 321 and length 72
Passed for start_position 321 and length 74
Passed for start_position 321 and length 76
Passed for start_position 321 and length 78
Passed for start_position 321 and length 80
Passed for start_position 321 and length 82
Passed for start_position 321 and length 84
Passed for start_position 321 and length 86
Passed for start_position 321 and length 88
Passed for start_position 321 and length 90
Passed for start_position 321 and length 92
Passed for start_position 321 and length 94
Passed for start_position 321 and length 96
Passed for start_position 321 and length 98
Passed for start_position 321 and length 100
Passed for start_position 322 and length 2
Passed for start_position 322 and length 4
Passed for start_position 322 and length 6
Passed for start_position 322 and length 8
Passed for start_position 322 and length 10
Passed for start_position 322 and length 12
Passed for start_position 322 and length 14
Passed for start_position 322 and length 16
Passed for start_position 322 and length 18
Passed for start_position 322 and length 20
Passed for start_position 322 and length 22
Passed for start_position 322 and length 24
Passed for start_position 322 and length 26
Passed for start_position 322 and length 28
Passed for start_position 322 and length 30
Passed for start_position 322 and length 32
Passed for start_position 322 and length 34
Passed for start_position 322 and length 36
Passed for start_position 322 and length 38
Passed for start_position 322 and length 40
Passed for start_position 322 and length 42
Passed for start_position 322 and length 44
Passed for start_position 322 and length 46
Passed for start_position 322 and length 48
Passed for start_position 322 and length 50
Passed for start_position 322 and length 52
Passed for start_position 322 and length 54
Passed for start_position 322 and length 56
Passed for start_position 322 and length 58
Passed for start_position 322 and length 60
Passed for start_position 322 and length 62
Passed for start_position 322 and length 64
Passed for start_position 322 and length 66
Passed for start_position 322 and length 68
Passed for start_position 322 and length 70
Passed for start_position 322 and length 72
Passed for start_position 322 and length 74
Passed for start_position 322 and length 76
Passed for start_position 322 and length 78
Passed for start_position 322 and length 80
Passed for start_position 322 and length 82
Passed for start_position 322 and length 84
Passed for start_position 322 and length 86
Passed for start_position 322 and length 88
Passed for start_position 322 and length 90
Passed for start_position 322 and length 92
Passed for start_position 322 and length 94
Passed for start_position 322 and length 96
Passed for start_position 322 and length 98
Passed for start_position 322 and length 100
Passed for start_position 323 and length 2
Passed for start_position 323 and length 4
Passed for start_position 323 and length 6
Passed for start_position 323 and length 8
Passed for start_position 323 and length 10
Passed for start_position 323 and length 12
Passed for start_position 323 and length 14
Passed for start_position 323 and length 16
Passed for start_position 323 and length 18
Passed for start_position 323 and length 20
Passed for start_position 323 and length 22
Passed for start_position 323 and length 24
Passed for start_position 323 and length 26
Passed for start_position 323 and length 28
Passed for start_position 323 and length 30
Passed for start_position 323 and length 32
Passed for start_position 323 and length 34
Passed for start_position 323 and length 36
Passed for start_position 323 and length 38
Passed for start_position 323 and length 40
Passed for start_position 323 and length 42
Passed for start_position 323 and length 44
Passed for start_position 323 and length 46
Passed for start_position 323 and length 48
Passed for start_position 323 and length 50
Passed for start_position 323 and length 52
Passed for start_position 323 and length 54
Passed for start_position 323 and length 56
Passed for start_position 323 and length 58
Passed for start_position 323 and length 60
Passed for start_position 323 and length 62
Passed for start_position 323 and length 64
Passed for start_position 323 and length 66
Passed for start_position 323 and length 68
Passed for start_position 323 and length 70
Passed for start_position 323 and length 72
Passed for start_position 323 and length 74
Passed for start_position 323 and length 76
Passed for start_position 323 and length 78
Passed for start_position 323 and length 80
Passed for start_position 323 and length 82
Passed for start_position 323 and length 84
Passed for start_position 323 and length 86
Passed for start_position 323 and length 88
Passed for start_position 323 and length 90
Passed for start_position 323 and length 92
Passed for start_position 323 and length 94
Passed for start_position 323 and length 96
Passed for start_position 323 and length 98
Passed for start_position 323 and length 100
Passed for start_position 324 and length 2
Passed for start_position 324 and length 4
Passed for start_position 324 and length 6
Passed for start_position 324 and length 8
Passed for start_position 324 and length 10
Passed for start_position 324 and length 12
Passed for start_position 324 and length 14
Passed for start_position 324 and length 16
Passed for start_position 324 and length 18
Passed for start_position 324 and length 20
Passed for start_position 324 and length 22
Passed for start_position 324 and length 24
Passed for start_position 324 and length 26
Passed for start_position 324 and length 28
Passed for start_position 324 and length 30
Passed for start_position 324 and length 32
Passed for start_position 324 and length 34
Passed for start_position 324 and length 36
Passed for start_position 324 and length 38
Passed for start_position 324 and length 40
Passed for start_position 324 and length 42
Passed for start_position 324 and length 44
Passed for start_position 324 and length 46
Passed for start_position 324 and length 48
Passed for start_position 324 and length 50
Passed for start_position 324 and length 52
Passed for start_position 324 and length 54
Passed for start_position 324 and length 56
Passed for start_position 324 and length 58
Passed for start_position 324 and length 60
Passed for start_position 324 and length 62
Passed for start_position 324 and length 64
Passed for start_position 324 and length 66
Passed for start_position 324 and length 68
Passed for start_position 324 and length 70
Passed for start_position 324 and length 72
Passed for start_position 324 and length 74
Passed for start_position 324 and length 76
Passed for start_position 324 and length 78
Passed for start_position 324 and length 80
Passed for start_position 324 and length 82
Passed for start_position 324 and length 84
Passed for start_position 324 and length 86
Passed for start_position 324 and length 88
Passed for start_position 324 and length 90
Passed for start_position 324 and length 92
Passed for start_position 324 and length 94
Passed for start_position 324 and length 96
Passed for start_position 324 and length 98
Passed for start_position 324 and length 100
Passed for start_position 325 and length 2
Passed for start_position 325 and length 4
Passed for start_position 325 and length 6
Passed for start_position 325 and length 8
Passed for start_position 325 and length 10
Passed for start_position 325 and length 12
Passed for start_position 325 and length 14
Passed for start_position 325 and length 16
Passed for start_position 325 and length 18
Passed for start_position 325 and length 20
Passed for start_position 325 and length 22
Passed for start_position 325 and length 24
Passed for start_position 325 and length 26
Passed for start_position 325 and length 28
Passed for start_position 325 and length 30
Passed for start_position 325 and length 32
Passed for start_position 325 and length 34
Passed for start_position 325 and length 36
Passed for start_position 325 and length 38
Passed for start_position 325 and length 40
Passed for start_position 325 and length 42
Passed for start_position 325 and length 44
Passed for start_position 325 and length 46
Passed for start_position 325 and length 48
Passed for start_position 325 and length 50
Passed for start_position 325 and length 52
Passed for start_position 325 and length 54
Passed for start_position 325 and length 56
Passed for start_position 325 and length 58
Passed for start_position 325 and length 60
Passed for start_position 325 and length 62
Passed for start_position 325 and length 64
Passed for start_position 325 and length 66
Passed for start_position 325 and length 68
Passed for start_position 325 and length 70
Passed for start_position 325 and length 72
Passed for start_position 325 and length 74
Passed for start_position 325 and length 76
Passed for start_position 325 and length 78
Passed for start_position 325 and length 80
Passed for start_position 325 and length 82
Passed for start_position 325 and length 84
Passed for start_position 325 and length 86
Passed for start_position 325 and length 88
Passed for start_position 325 and length 90
Passed for start_position 325 and length 92
Passed for start_position 325 and length 94
Passed for start_position 325 and length 96
Passed for start_position 325 and length 98
Passed for start_position 325 and length 100
Passed for start_position 326 and length 2
Passed for start_position 326 and length 4
Passed for start_position 326 and length 6
Passed for start_position 326 and length 8
Passed for start_position 326 and length 10
Passed for start_position 326 and length 12
Passed for start_position 326 and length 14
Passed for start_position 326 and length 16
Passed for start_position 326 and length 18
Passed for start_position 326 and length 20
Passed for start_position 326 and length 22
Passed for start_position 326 and length 24
Passed for start_position 326 and length 26
Passed for start_position 326 and length 28
Passed for start_position 326 and length 30
Passed for start_position 326 and length 32
Passed for start_position 326 and length 34
Passed for start_position 326 and length 36
Passed for start_position 326 and length 38
Passed for start_position 326 and length 40
Passed for start_position 326 and length 42
Passed for start_position 326 and length 44
Passed for start_position 326 and length 46
Passed for start_position 326 and length 48
Passed for start_position 326 and length 50
Passed for start_position 326 and length 52
Passed for start_position 326 and length 54
Passed for start_position 326 and length 56
Passed for start_position 326 and length 58
Passed for start_position 326 and length 60
Passed for start_position 326 and length 62
Passed for start_position 326 and length 64
Passed for start_position 326 and length 66
Passed for start_position 326 and length 68
Passed for start_position 326 and length 70
Passed for start_position 326 and length 72
Passed for start_position 326 and length 74
Passed for start_position 326 and length 76
Passed for start_position 326 and length 78
Passed for start_position 326 and length 80
Passed for start_position 326 and length 82
Passed for start_position 326 and length 84
Passed for start_position 326 and length 86
Passed for start_position 326 and length 88
Passed for start_position 326 and length 90
Passed for start_position 326 and length 92
Passed for start_position 326 and length 94
Passed for start_position 326 and length 96
Passed for start_position 326 and length 98
Passed for start_position 326 and length 100
Passed for start_position 327 and length 2
Passed for start_position 327 and length 4
Passed for start_position 327 and length 6
Passed for start_position 327 and length 8
Passed for start_position 327 and length 10
Passed for start_position 327 and length 12
Passed for start_position 327 and length 14
Passed for start_position 327 and length 16
Passed for start_position 327 and length 18
Passed for start_position 327 and length 20
Passed for start_position 327 and length 22
Passed for start_position 327 and length 24
Passed for start_position 327 and length 26
Passed for start_position 327 and length 28
Passed for start_position 327 and length 30
Passed for start_position 327 and length 32
Passed for start_position 327 and length 34
Passed for start_position 327 and length 36
Passed for start_position 327 and length 38
Passed for start_position 327 and length 40
Passed for start_position 327 and length 42
Passed for start_position 327 and length 44
Passed for start_position 327 and length 46
Passed for start_position 327 and length 48
Passed for start_position 327 and length 50
Passed for start_position 327 and length 52
Passed for start_position 327 and length 54
Passed for start_position 327 and length 56
Passed for start_position 327 and length 58
Passed for start_position 327 and length 60
Passed for start_position 327 and length 62
Passed for start_position 327 and length 64
Passed for start_position 327 and length 66
Passed for start_position 327 and length 68
Passed for start_position 327 and length 70
Passed for start_position 327 and length 72
Passed for start_position 327 and length 74
Passed for start_position 327 and length 76
Passed for start_position 327 and length 78
Passed for start_position 327 and length 80
Passed for start_position 327 and length 82
Passed for start_position 327 and length 84
Passed for start_position 327 and length 86
Passed for start_position 327 and length 88
Passed for start_position 327 and length 90
Passed for start_position 327 and length 92
Passed for start_position 327 and length 94
Passed for start_position 327 and length 96
Passed for start_position 327 and length 98
Passed for start_position 327 and length 100
Passed for start_position 328 and length 2
Passed for start_position 328 and length 4
Passed for start_position 328 and length 6
Passed for start_position 328 and length 8
Passed for start_position 328 and length 10
Passed for start_position 328 and length 12
Passed for start_position 328 and length 14
Passed for start_position 328 and length 16
Passed for start_position 328 and length 18
Passed for start_position 328 and length 20
Passed for start_position 328 and length 22
Passed for start_position 328 and length 24
Passed for start_position 328 and length 26
Passed for start_position 328 and length 28
Passed for start_position 328 and length 30
Passed for start_position 328 and length 32
Passed for start_position 328 and length 34
Passed for start_position 328 and length 36
Passed for start_position 328 and length 38
Passed for start_position 328 and length 40
Passed for start_position 328 and length 42
Passed for start_position 328 and length 44
Passed for start_position 328 and length 46
Passed for start_position 328 and length 48
Passed for start_position 328 and length 50
Passed for start_position 328 and length 52
Passed for start_position 328 and length 54
Passed for start_position 328 and length 56
Passed for start_position 328 and length 58
Passed for start_position 328 and length 60
Passed for start_position 328 and length 62
Passed for start_position 328 and length 64
Passed for start_position 328 and length 66
Passed for start_position 328 and length 68
Passed for start_position 328 and length 70
Passed for start_position 328 and length 72
Passed for start_position 328 and length 74
Passed for start_position 328 and length 76
Passed for start_position 328 and length 78
Passed for start_position 328 and length 80
Passed for start_position 328 and length 82
Passed for start_position 328 and length 84
Passed for start_position 328 and length 86
Passed for start_position 328 and length 88
Passed for start_position 328 and length 90
Passed for start_position 328 and length 92
Passed for start_position 328 and length 94
Passed for start_position 328 and length 96
Passed for start_position 328 and length 98
Passed for start_position 328 and length 100
Passed for start_position 329 and length 2
Passed for start_position 329 and length 4
Passed for start_position 329 and length 6
Passed for start_position 329 and length 8
Passed for start_position 329 and length 10
Passed for start_position 329 and length 12
Passed for start_position 329 and length 14
Passed for start_position 329 and length 16
Passed for start_position 329 and length 18
Passed for start_position 329 and length 20
Passed for start_position 329 and length 22
Passed for start_position 329 and length 24
Passed for start_position 329 and length 26
Passed for start_position 329 and length 28
Passed for start_position 329 and length 30
Passed for start_position 329 and length 32
Passed for start_position 329 and length 34
Passed for start_position 329 and length 36
Passed for start_position 329 and length 38
Passed for start_position 329 and length 40
Passed for start_position 329 and length 42
Passed for start_position 329 and length 44
Passed for start_position 329 and length 46
Passed for start_position 329 and length 48
Passed for start_position 329 and length 50
Passed for start_position 329 and length 52
Passed for start_position 329 and length 54
Passed for start_position 329 and length 56
Passed for start_position 329 and length 58
Passed for start_position 329 and length 60
Passed for start_position 329 and length 62
Passed for start_position 329 and length 64
Passed for start_position 329 and length 66
Passed for start_position 329 and length 68
Passed for start_position 329 and length 70
Passed for start_position 329 and length 72
Passed for start_position 329 and length 74
Passed for start_position 329 and length 76
Passed for start_position 329 and length 78
Passed for start_position 329 and length 80
Passed for start_position 329 and length 82
Passed for start_position 329 and length 84
Passed for start_position 329 and length 86
Passed for start_position 329 and length 88
Passed for start_position 329 and length 90
Passed for start_position 329 and length 92
Passed for start_position 329 and length 94
Passed for start_position 329 and length 96
Passed for start_position 329 and length 98
Passed for start_position 329 and length 100
Passed for start_position 330 and length 2
Passed for start_position 330 and length 4
Passed for start_position 330 and length 6
Passed for start_position 330 and length 8
Passed for start_position 330 and length 10
Passed for start_position 330 and length 12
Passed for start_position 330 and length 14
Passed for start_position 330 and length 16
Passed for start_position 330 and length 18
Passed for start_position 330 and length 20
Passed for start_position 330 and length 22
Passed for start_position 330 and length 24
Passed for start_position 330 and length 26
Passed for start_position 330 and length 28
Passed for start_position 330 and length 30
Passed for start_position 330 and length 32
Passed for start_position 330 and length 34
Passed for start_position 330 and length 36
Passed for start_position 330 and length 38
Passed for start_position 330 and length 40
Passed for start_position 330 and length 42
Passed for start_position 330 and length 44
Passed for start_position 330 and length 46
Passed for start_position 330 and length 48
Passed for start_position 330 and length 50
Passed for start_position 330 and length 52
Passed for start_position 330 and length 54
Passed for start_position 330 and length 56
Passed for start_position 330 and length 58
Passed for start_position 330 and length 60
Passed for start_position 330 and length 62
Passed for start_position 330 and length 64
Passed for start_position 330 and length 66
Passed for start_position 330 and length 68
Passed for start_position 330 and length 70
Passed for start_position 330 and length 72
Passed for start_position 330 and length 74
Passed for start_position 330 and length 76
Passed for start_position 330 and length 78
Passed for start_position 330 and length 80
Passed for start_position 330 and length 82
Passed for start_position 330 and length 84
Passed for start_position 330 and length 86
Passed for start_position 330 and length 88
Passed for start_position 330 and length 90
Passed for start_position 330 and length 92
Passed for start_position 330 and length 94
Passed for start_position 330 and length 96
Passed for start_position 330 and length 98
Passed for start_position 330 and length 100
Passed for start_position 331 and length 2
Passed for start_position 331 and length 4
Passed for start_position 331 and length 6
Passed for start_position 331 and length 8
Passed for start_position 331 and length 10
Passed for start_position 331 and length 12
Passed for start_position 331 and length 14
Passed for start_position 331 and length 16
Passed for start_position 331 and length 18
Passed for start_position 331 and length 20
Passed for start_position 331 and length 22
Passed for start_position 331 and length 24
Passed for start_position 331 and length 26
Passed for start_position 331 and length 28
Passed for start_position 331 and length 30
Passed for start_position 331 and length 32
Passed for start_position 331 and length 34
Passed for start_position 331 and length 36
Passed for start_position 331 and length 38
Passed for start_position 331 and length 40
Passed for start_position 331 and length 42
Passed for start_position 331 and length 44
Passed for start_position 331 and length 46
Passed for start_position 331 and length 48
Passed for start_position 331 and length 50
Passed for start_position 331 and length 52
Passed for start_position 331 and length 54
Passed for start_position 331 and length 56
Passed for start_position 331 and length 58
Passed for start_position 331 and length 60
Passed for start_position 331 and length 62
Passed for start_position 331 and length 64
Passed for start_position 331 and length 66
Passed for start_position 331 and length 68
Passed for start_position 331 and length 70
Passed for start_position 331 and length 72
Passed for start_position 331 and length 74
Passed for start_position 331 and length 76
Passed for start_position 331 and length 78
Passed for start_position 331 and length 80
Passed for start_position 331 and length 82
Passed for start_position 331 and length 84
Passed for start_position 331 and length 86
Passed for start_position 331 and length 88
Passed for start_position 331 and length 90
Passed for start_position 331 and length 92
Passed for start_position 331 and length 94
Passed for start_position 331 and length 96
Passed for start_position 331 and length 98
Passed for start_position 331 and length 100
Passed for start_position 332 and length 2
Passed for start_position 332 and length 4
Passed for start_position 332 and length 6
Passed for start_position 332 and length 8
Passed for start_position 332 and length 10
Passed for start_position 332 and length 12
Passed for start_position 332 and length 14
Passed for start_position 332 and length 16
Passed for start_position 332 and length 18
Passed for start_position 332 and length 20
Passed for start_position 332 and length 22
Passed for start_position 332 and length 24
Passed for start_position 332 and length 26
Passed for start_position 332 and length 28
Passed for start_position 332 and length 30
Passed for start_position 332 and length 32
Passed for start_position 332 and length 34
Passed for start_position 332 and length 36
Passed for start_position 332 and length 38
Passed for start_position 332 and length 40
Passed for start_position 332 and length 42
Passed for start_position 332 and length 44
Passed for start_position 332 and length 46
Passed for start_position 332 and length 48
Passed for start_position 332 and length 50
Passed for start_position 332 and length 52
Passed for start_position 332 and length 54
Passed for start_position 332 and length 56
Passed for start_position 332 and length 58
Passed for start_position 332 and length 60
Passed for start_position 332 and length 62
Passed for start_position 332 and length 64
Passed for start_position 332 and length 66
Passed for start_position 332 and length 68
Passed for start_position 332 and length 70
Passed for start_position 332 and length 72
Passed for start_position 332 and length 74
Passed for start_position 332 and length 76
Passed for start_position 332 and length 78
Passed for start_position 332 and length 80
Passed for start_position 332 and length 82
Passed for start_position 332 and length 84
Passed for start_position 332 and length 86
Passed for start_position 332 and length 88
Passed for start_position 332 and length 90
Passed for start_position 332 and length 92
Passed for start_position 332 and length 94
Passed for start_position 332 and length 96
Passed for start_position 332 and length 98
Passed for start_position 332 and length 100
Passed for start_position 333 and length 2
Passed for start_position 333 and length 4
Passed for start_position 333 and length 6
Passed for start_position 333 and length 8
Passed for start_position 333 and length 10
Passed for start_position 333 and length 12
Passed for start_position 333 and length 14
Passed for start_position 333 and length 16
Passed for start_position 333 and length 18
Passed for start_position 333 and length 20
Passed for start_position 333 and length 22
Passed for start_position 333 and length 24
Passed for start_position 333 and length 26
Passed for start_position 333 and length 28
Passed for start_position 333 and length 30
Passed for start_position 333 and length 32
Passed for start_position 333 and length 34
Passed for start_position 333 and length 36
Passed for start_position 333 and length 38
Passed for start_position 333 and length 40
Passed for start_position 333 and length 42
Passed for start_position 333 and length 44
Passed for start_position 333 and length 46
Passed for start_position 333 and length 48
Passed for start_position 333 and length 50
Passed for start_position 333 and length 52
Passed for start_position 333 and length 54
Passed for start_position 333 and length 56
Passed for start_position 333 and length 58
Passed for start_position 333 and length 60
Passed for start_position 333 and length 62
Passed for start_position 333 and length 64
Passed for start_position 333 and length 66
Passed for start_position 333 and length 68
Passed for start_position 333 and length 70
Passed for start_position 333 and length 72
Passed for start_position 333 and length 74
Passed for start_position 333 and length 76
Passed for start_position 333 and length 78
Passed for start_position 333 and length 80
Passed for start_position 333 and length 82
Passed for start_position 333 and length 84
Passed for start_position 333 and length 86
Passed for start_position 333 and length 88
Passed for start_position 333 and length 90
Passed for start_position 333 and length 92
Passed for start_position 333 and length 94
Passed for start_position 333 and length 96
Passed for start_position 333 and length 98
Passed for start_position 333 and length 100
Error for start_position 334 and length 2: Movement 1 not in dictionary
Error for start_position 334 and length 4: Movement -1 not in dictionary
Error for start_position 334 and length 6: Movement 1 not in dictionary
Passed for start_position 334 and length 8
Error for start_position 334 and length 10: Movement 1 not in dictionary
Passed for start_position 334 and length 12
Passed for start_position 334 and length 14
Passed for start_position 334 and length 16
Error for start_position 334 and length 18: Movement -1 not in dictionary
Passed for start_position 334 and length 20
Error for start_position 334 and length 22: Movement -1 not in dictionary
Error for start_position 334 and length 24: Movement 1 not in dictionary
Passed for start_position 334 and length 26
Passed for start_position 334 and length 28
Passed for start_position 334 and length 30
Error for start_position 334 and length 32: Movement 1 not in dictionary
Passed for start_position 334 and length 34
Error for start_position 334 and length 36: Movement -1 not in dictionary
Passed for start_position 334 and length 38
Error for start_position 334 and length 40: Movement 1 not in dictionary
Passed for start_position 334 and length 42
Error for start_position 334 and length 44: Movement -1 not in dictionary
Passed for start_position 334 and length 46
Error for start_position 334 and length 48: Movement -1 not in dictionary
Passed for start_position 334 and length 50
Passed for start_position 334 and length 52
Error for start_position 334 and length 54: Movement 1 not in dictionary
Error for start_position 334 and length 56: Movement -1 not in dictionary
Passed for start_position 334 and length 58
Passed for start_position 334 and length 60
Passed for start_position 334 and length 62
Error for start_position 334 and length 64: Movement -1 not in dictionary
Passed for start_position 334 and length 66
Passed for start_position 334 and length 68
Error for start_position 334 and length 70: Movement -1 not in dictionary
Passed for start_position 334 and length 72
Passed for start_position 334 and length 74
Passed for start_position 334 and length 76
Error for start_position 334 and length 78: Movement -1 not in dictionary
Passed for start_position 334 and length 80
Passed for start_position 334 and length 82
Passed for start_position 334 and length 84
Passed for start_position 334 and length 86
Error for start_position 334 and length 88: Movement -1 not in dictionary
Error for start_position 334 and length 90: Movement 1 not in dictionary
Passed for start_position 334 and length 92
Passed for start_position 334 and length 94
Error for start_position 334 and length 96: Movement 1 not in dictionary
Error for start_position 334 and length 98: Movement -1 not in dictionary
Passed for start_position 334 and length 100
Passed for start_position 335 and length 2
Passed for start_position 335 and length 4
Passed for start_position 335 and length 6
Passed for start_position 335 and length 8
Passed for start_position 335 and length 10
Passed for start_position 335 and length 12
Passed for start_position 335 and length 14
Passed for start_position 335 and length 16
Passed for start_position 335 and length 18
Passed for start_position 335 and length 20
Passed for start_position 335 and length 22
Passed for start_position 335 and length 24
Passed for start_position 335 and length 26
Passed for start_position 335 and length 28
Passed for start_position 335 and length 30
Passed for start_position 335 and length 32
Passed for start_position 335 and length 34
Passed for start_position 335 and length 36
Passed for start_position 335 and length 38
Passed for start_position 335 and length 40
Passed for start_position 335 and length 42
Passed for start_position 335 and length 44
Passed for start_position 335 and length 46
Passed for start_position 335 and length 48
Passed for start_position 335 and length 50
Passed for start_position 335 and length 52
Passed for start_position 335 and length 54
Passed for start_position 335 and length 56
Passed for start_position 335 and length 58
Passed for start_position 335 and length 60
Passed for start_position 335 and length 62
Passed for start_position 335 and length 64
Passed for start_position 335 and length 66
Passed for start_position 335 and length 68
Passed for start_position 335 and length 70
Passed for start_position 335 and length 72
Passed for start_position 335 and length 74
Passed for start_position 335 and length 76
Passed for start_position 335 and length 78
Passed for start_position 335 and length 80
Passed for start_position 335 and length 82
Passed for start_position 335 and length 84
Passed for start_position 335 and length 86
Passed for start_position 335 and length 88
Passed for start_position 335 and length 90
Passed for start_position 335 and length 92
Passed for start_position 335 and length 94
Passed for start_position 335 and length 96
Passed for start_position 335 and length 98
Passed for start_position 335 and length 100
Passed for start_position 336 and length 2
Passed for start_position 336 and length 4
Passed for start_position 336 and length 6
Passed for start_position 336 and length 8
Passed for start_position 336 and length 10
Passed for start_position 336 and length 12
Passed for start_position 336 and length 14
Passed for start_position 336 and length 16
Passed for start_position 336 and length 18
Passed for start_position 336 and length 20
Passed for start_position 336 and length 22
Passed for start_position 336 and length 24
Passed for start_position 336 and length 26
Passed for start_position 336 and length 28
Passed for start_position 336 and length 30
Passed for start_position 336 and length 32
Passed for start_position 336 and length 34
Passed for start_position 336 and length 36
Passed for start_position 336 and length 38
Passed for start_position 336 and length 40
Passed for start_position 336 and length 42
Passed for start_position 336 and length 44
Passed for start_position 336 and length 46
Passed for start_position 336 and length 48
Passed for start_position 336 and length 50
Passed for start_position 336 and length 52
Passed for start_position 336 and length 54
Passed for start_position 336 and length 56
Passed for start_position 336 and length 58
Passed for start_position 336 and length 60
Passed for start_position 336 and length 62
Passed for start_position 336 and length 64
Passed for start_position 336 and length 66
Passed for start_position 336 and length 68
Passed for start_position 336 and length 70
Passed for start_position 336 and length 72
Passed for start_position 336 and length 74
Passed for start_position 336 and length 76
Passed for start_position 336 and length 78
Passed for start_position 336 and length 80
Passed for start_position 336 and length 82
Passed for start_position 336 and length 84
Passed for start_position 336 and length 86
Passed for start_position 336 and length 88
Passed for start_position 336 and length 90
Passed for start_position 336 and length 92
Passed for start_position 336 and length 94
Passed for start_position 336 and length 96
Passed for start_position 336 and length 98
Passed for start_position 336 and length 100
Passed for start_position 337 and length 2
Passed for start_position 337 and length 4
Passed for start_position 337 and length 6
Passed for start_position 337 and length 8
Passed for start_position 337 and length 10
Passed for start_position 337 and length 12
Passed for start_position 337 and length 14
Passed for start_position 337 and length 16
Passed for start_position 337 and length 18
Passed for start_position 337 and length 20
Passed for start_position 337 and length 22
Passed for start_position 337 and length 24
Passed for start_position 337 and length 26
Passed for start_position 337 and length 28
Passed for start_position 337 and length 30
Passed for start_position 337 and length 32
Passed for start_position 337 and length 34
Passed for start_position 337 and length 36
Passed for start_position 337 and length 38
Passed for start_position 337 and length 40
Passed for start_position 337 and length 42
Passed for start_position 337 and length 44
Passed for start_position 337 and length 46
Passed for start_position 337 and length 48
Passed for start_position 337 and length 50
Passed for start_position 337 and length 52
Passed for start_position 337 and length 54
Passed for start_position 337 and length 56
Passed for start_position 337 and length 58
Passed for start_position 337 and length 60
Passed for start_position 337 and length 62
Passed for start_position 337 and length 64
Passed for start_position 337 and length 66
Passed for start_position 337 and length 68
Passed for start_position 337 and length 70
Passed for start_position 337 and length 72
Passed for start_position 337 and length 74
Passed for start_position 337 and length 76
Passed for start_position 337 and length 78
Passed for start_position 337 and length 80
Passed for start_position 337 and length 82
Passed for start_position 337 and length 84
Passed for start_position 337 and length 86
Passed for start_position 337 and length 88
Passed for start_position 337 and length 90
Passed for start_position 337 and length 92
Passed for start_position 337 and length 94
Passed for start_position 337 and length 96
Passed for start_position 337 and length 98
Passed for start_position 337 and length 100
Passed for start_position 338 and length 2
Passed for start_position 338 and length 4
Passed for start_position 338 and length 6
Passed for start_position 338 and length 8
Passed for start_position 338 and length 10
Passed for start_position 338 and length 12
Passed for start_position 338 and length 14
Passed for start_position 338 and length 16
Passed for start_position 338 and length 18
Passed for start_position 338 and length 20
Passed for start_position 338 and length 22
Passed for start_position 338 and length 24
Passed for start_position 338 and length 26
Passed for start_position 338 and length 28
Passed for start_position 338 and length 30
Passed for start_position 338 and length 32
Passed for start_position 338 and length 34
Passed for start_position 338 and length 36
Passed for start_position 338 and length 38
Passed for start_position 338 and length 40
Passed for start_position 338 and length 42
Passed for start_position 338 and length 44
Passed for start_position 338 and length 46
Passed for start_position 338 and length 48
Passed for start_position 338 and length 50
Passed for start_position 338 and length 52
Passed for start_position 338 and length 54
Passed for start_position 338 and length 56
Passed for start_position 338 and length 58
Passed for start_position 338 and length 60
Passed for start_position 338 and length 62
Passed for start_position 338 and length 64
Passed for start_position 338 and length 66
Passed for start_position 338 and length 68
Passed for start_position 338 and length 70
Passed for start_position 338 and length 72
Passed for start_position 338 and length 74
Passed for start_position 338 and length 76
Passed for start_position 338 and length 78
Passed for start_position 338 and length 80
Passed for start_position 338 and length 82
Passed for start_position 338 and length 84
Passed for start_position 338 and length 86
Passed for start_position 338 and length 88
Passed for start_position 338 and length 90
Passed for start_position 338 and length 92
Passed for start_position 338 and length 94
Passed for start_position 338 and length 96
Passed for start_position 338 and length 98
Passed for start_position 338 and length 100
Passed for start_position 339 and length 2
Passed for start_position 339 and length 4
Passed for start_position 339 and length 6
Passed for start_position 339 and length 8
Passed for start_position 339 and length 10
Passed for start_position 339 and length 12
Passed for start_position 339 and length 14
Passed for start_position 339 and length 16
Passed for start_position 339 and length 18
Passed for start_position 339 and length 20
Passed for start_position 339 and length 22
Passed for start_position 339 and length 24
Passed for start_position 339 and length 26
Passed for start_position 339 and length 28
Passed for start_position 339 and length 30
Passed for start_position 339 and length 32
Passed for start_position 339 and length 34
Passed for start_position 339 and length 36
Passed for start_position 339 and length 38
Passed for start_position 339 and length 40
Passed for start_position 339 and length 42
Passed for start_position 339 and length 44
Passed for start_position 339 and length 46
Passed for start_position 339 and length 48
Passed for start_position 339 and length 50
Passed for start_position 339 and length 52
Passed for start_position 339 and length 54
Passed for start_position 339 and length 56
Passed for start_position 339 and length 58
Passed for start_position 339 and length 60
Passed for start_position 339 and length 62
Passed for start_position 339 and length 64
Passed for start_position 339 and length 66
Passed for start_position 339 and length 68
Passed for start_position 339 and length 70
Passed for start_position 339 and length 72
Passed for start_position 339 and length 74
Passed for start_position 339 and length 76
Passed for start_position 339 and length 78
Passed for start_position 339 and length 80
Passed for start_position 339 and length 82
Passed for start_position 339 and length 84
Passed for start_position 339 and length 86
Passed for start_position 339 and length 88
Passed for start_position 339 and length 90
Passed for start_position 339 and length 92
Passed for start_position 339 and length 94
Passed for start_position 339 and length 96
Passed for start_position 339 and length 98
Passed for start_position 339 and length 100
Passed for start_position 340 and length 2
Passed for start_position 340 and length 4
Passed for start_position 340 and length 6
Passed for start_position 340 and length 8
Passed for start_position 340 and length 10
Passed for start_position 340 and length 12
Passed for start_position 340 and length 14
Passed for start_position 340 and length 16
Passed for start_position 340 and length 18
Passed for start_position 340 and length 20
Passed for start_position 340 and length 22
Passed for start_position 340 and length 24
Passed for start_position 340 and length 26
Passed for start_position 340 and length 28
Passed for start_position 340 and length 30
Passed for start_position 340 and length 32
Passed for start_position 340 and length 34
Passed for start_position 340 and length 36
Passed for start_position 340 and length 38
Passed for start_position 340 and length 40
Passed for start_position 340 and length 42
Passed for start_position 340 and length 44
Passed for start_position 340 and length 46
Passed for start_position 340 and length 48
Passed for start_position 340 and length 50
Passed for start_position 340 and length 52
Passed for start_position 340 and length 54
Passed for start_position 340 and length 56
Passed for start_position 340 and length 58
Passed for start_position 340 and length 60
Passed for start_position 340 and length 62
Passed for start_position 340 and length 64
Passed for start_position 340 and length 66
Passed for start_position 340 and length 68
Passed for start_position 340 and length 70
Passed for start_position 340 and length 72
Passed for start_position 340 and length 74
Passed for start_position 340 and length 76
Passed for start_position 340 and length 78
Passed for start_position 340 and length 80
Passed for start_position 340 and length 82
Passed for start_position 340 and length 84
Passed for start_position 340 and length 86
Passed for start_position 340 and length 88
Passed for start_position 340 and length 90
Passed for start_position 340 and length 92
Passed for start_position 340 and length 94
Passed for start_position 340 and length 96
Passed for start_position 340 and length 98
Passed for start_position 340 and length 100
Passed for start_position 341 and length 2
Passed for start_position 341 and length 4
Passed for start_position 341 and length 6
Passed for start_position 341 and length 8
Passed for start_position 341 and length 10
Passed for start_position 341 and length 12
Passed for start_position 341 and length 14
Passed for start_position 341 and length 16
Passed for start_position 341 and length 18
Passed for start_position 341 and length 20
Passed for start_position 341 and length 22
Passed for start_position 341 and length 24
Passed for start_position 341 and length 26
Passed for start_position 341 and length 28
Passed for start_position 341 and length 30
Passed for start_position 341 and length 32
Passed for start_position 341 and length 34
Passed for start_position 341 and length 36
Passed for start_position 341 and length 38
Passed for start_position 341 and length 40
Passed for start_position 341 and length 42
Passed for start_position 341 and length 44
Passed for start_position 341 and length 46
Passed for start_position 341 and length 48
Passed for start_position 341 and length 50
Passed for start_position 341 and length 52
Passed for start_position 341 and length 54
Passed for start_position 341 and length 56
Passed for start_position 341 and length 58
Passed for start_position 341 and length 60
Passed for start_position 341 and length 62
Passed for start_position 341 and length 64
Passed for start_position 341 and length 66
Passed for start_position 341 and length 68
Passed for start_position 341 and length 70
Passed for start_position 341 and length 72
Passed for start_position 341 and length 74
Passed for start_position 341 and length 76
Passed for start_position 341 and length 78
Passed for start_position 341 and length 80
Passed for start_position 341 and length 82
Passed for start_position 341 and length 84
Passed for start_position 341 and length 86
Passed for start_position 341 and length 88
Passed for start_position 341 and length 90
Passed for start_position 341 and length 92
Passed for start_position 341 and length 94
Passed for start_position 341 and length 96
Passed for start_position 341 and length 98
Passed for start_position 341 and length 100
Passed for start_position 342 and length 2
Passed for start_position 342 and length 4
Passed for start_position 342 and length 6
Passed for start_position 342 and length 8
Passed for start_position 342 and length 10
Passed for start_position 342 and length 12
Passed for start_position 342 and length 14
Passed for start_position 342 and length 16
Passed for start_position 342 and length 18
Passed for start_position 342 and length 20
Passed for start_position 342 and length 22
Passed for start_position 342 and length 24
Passed for start_position 342 and length 26
Passed for start_position 342 and length 28
Passed for start_position 342 and length 30
Passed for start_position 342 and length 32
Passed for start_position 342 and length 34
Passed for start_position 342 and length 36
Passed for start_position 342 and length 38
Passed for start_position 342 and length 40
Passed for start_position 342 and length 42
Passed for start_position 342 and length 44
Passed for start_position 342 and length 46
Passed for start_position 342 and length 48
Passed for start_position 342 and length 50
Passed for start_position 342 and length 52
Passed for start_position 342 and length 54
Passed for start_position 342 and length 56
Passed for start_position 342 and length 58
Passed for start_position 342 and length 60
Passed for start_position 342 and length 62
Passed for start_position 342 and length 64
Passed for start_position 342 and length 66
Passed for start_position 342 and length 68
Passed for start_position 342 and length 70
Passed for start_position 342 and length 72
Passed for start_position 342 and length 74
Passed for start_position 342 and length 76
Passed for start_position 342 and length 78
Passed for start_position 342 and length 80
Passed for start_position 342 and length 82
Passed for start_position 342 and length 84
Passed for start_position 342 and length 86
Passed for start_position 342 and length 88
Passed for start_position 342 and length 90
Passed for start_position 342 and length 92
Passed for start_position 342 and length 94
Passed for start_position 342 and length 96
Passed for start_position 342 and length 98
Passed for start_position 342 and length 100
Error for start_position 343 and length 2: Movement -1 not in dictionary
Passed for start_position 343 and length 4
Passed for start_position 343 and length 6
Passed for start_position 343 and length 8
Passed for start_position 343 and length 10
Error for start_position 343 and length 12: Movement -1 not in dictionary
Error for start_position 343 and length 14: Movement 1 not in dictionary
Passed for start_position 343 and length 16
Error for start_position 343 and length 18: Movement -1 not in dictionary
Passed for start_position 343 and length 20
Error for start_position 343 and length 22: Movement 1 not in dictionary
Error for start_position 343 and length 24: Movement -1 not in dictionary
Passed for start_position 343 and length 26
Passed for start_position 343 and length 28
Error for start_position 343 and length 30: Movement -1 not in dictionary
Passed for start_position 343 and length 32
Passed for start_position 343 and length 34
Error for start_position 343 and length 36: Movement 1 not in dictionary
Passed for start_position 343 and length 38
Error for start_position 343 and length 40: Movement 1 not in dictionary
Passed for start_position 343 and length 42
Error for start_position 343 and length 44: Movement 1 not in dictionary
Passed for start_position 343 and length 46
Passed for start_position 343 and length 48
Error for start_position 343 and length 50: Movement 1 not in dictionary
Passed for start_position 343 and length 52
Passed for start_position 343 and length 54
Passed for start_position 343 and length 56
Passed for start_position 343 and length 58
Passed for start_position 343 and length 60
Passed for start_position 343 and length 62
Error for start_position 343 and length 64: Movement 1 not in dictionary
Passed for start_position 343 and length 66
Passed for start_position 343 and length 68
Passed for start_position 343 and length 70
Passed for start_position 343 and length 72
Passed for start_position 343 and length 74
Error for start_position 343 and length 76: Movement 1 not in dictionary
Passed for start_position 343 and length 78
Error for start_position 343 and length 80: Movement 1 not in dictionary
Error for start_position 343 and length 82: Movement 1 not in dictionary
Error for start_position 343 and length 84: Movement -1 not in dictionary
Error for start_position 343 and length 86: Movement 1 not in dictionary
Passed for start_position 343 and length 88
Error for start_position 343 and length 90: Movement 1 not in dictionary
Passed for start_position 343 and length 92
Passed for start_position 343 and length 94
Error for start_position 343 and length 96: Movement 1 not in dictionary
Error for start_position 343 and length 98: Movement 1 not in dictionary
Passed for start_position 343 and length 100
Passed for start_position 344 and length 2
Passed for start_position 344 and length 4
Passed for start_position 344 and length 6
Passed for start_position 344 and length 8
Passed for start_position 344 and length 10
Passed for start_position 344 and length 12
Passed for start_position 344 and length 14
Passed for start_position 344 and length 16
Passed for start_position 344 and length 18
Passed for start_position 344 and length 20
Passed for start_position 344 and length 22
Passed for start_position 344 and length 24
Passed for start_position 344 and length 26
Passed for start_position 344 and length 28
Passed for start_position 344 and length 30
Passed for start_position 344 and length 32
Passed for start_position 344 and length 34
Passed for start_position 344 and length 36
Passed for start_position 344 and length 38
Passed for start_position 344 and length 40
Passed for start_position 344 and length 42
Passed for start_position 344 and length 44
Passed for start_position 344 and length 46
Passed for start_position 344 and length 48
Passed for start_position 344 and length 50
Passed for start_position 344 and length 52
Passed for start_position 344 and length 54
Passed for start_position 344 and length 56
Passed for start_position 344 and length 58
Passed for start_position 344 and length 60
Passed for start_position 344 and length 62
Passed for start_position 344 and length 64
Passed for start_position 344 and length 66
Passed for start_position 344 and length 68
Passed for start_position 344 and length 70
Passed for start_position 344 and length 72
Passed for start_position 344 and length 74
Passed for start_position 344 and length 76
Passed for start_position 344 and length 78
Passed for start_position 344 and length 80
Passed for start_position 344 and length 82
Passed for start_position 344 and length 84
Passed for start_position 344 and length 86
Passed for start_position 344 and length 88
Passed for start_position 344 and length 90
Passed for start_position 344 and length 92
Passed for start_position 344 and length 94
Passed for start_position 344 and length 96
Passed for start_position 344 and length 98
Passed for start_position 344 and length 100
Passed for start_position 345 and length 2
Passed for start_position 345 and length 4
Passed for start_position 345 and length 6
Passed for start_position 345 and length 8
Passed for start_position 345 and length 10
Passed for start_position 345 and length 12
Passed for start_position 345 and length 14
Passed for start_position 345 and length 16
Passed for start_position 345 and length 18
Passed for start_position 345 and length 20
Passed for start_position 345 and length 22
Passed for start_position 345 and length 24
Passed for start_position 345 and length 26
Passed for start_position 345 and length 28
Passed for start_position 345 and length 30
Passed for start_position 345 and length 32
Passed for start_position 345 and length 34
Passed for start_position 345 and length 36
Passed for start_position 345 and length 38
Passed for start_position 345 and length 40
Passed for start_position 345 and length 42
Passed for start_position 345 and length 44
Passed for start_position 345 and length 46
Passed for start_position 345 and length 48
Passed for start_position 345 and length 50
Passed for start_position 345 and length 52
Passed for start_position 345 and length 54
Passed for start_position 345 and length 56
Passed for start_position 345 and length 58
Passed for start_position 345 and length 60
Passed for start_position 345 and length 62
Passed for start_position 345 and length 64
Passed for start_position 345 and length 66
Passed for start_position 345 and length 68
Passed for start_position 345 and length 70
Passed for start_position 345 and length 72
Passed for start_position 345 and length 74
Passed for start_position 345 and length 76
Passed for start_position 345 and length 78
Passed for start_position 345 and length 80
Passed for start_position 345 and length 82
Passed for start_position 345 and length 84
Passed for start_position 345 and length 86
Passed for start_position 345 and length 88
Passed for start_position 345 and length 90
Passed for start_position 345 and length 92
Passed for start_position 345 and length 94
Passed for start_position 345 and length 96
Passed for start_position 345 and length 98
Passed for start_position 345 and length 100
Passed for start_position 346 and length 2
Passed for start_position 346 and length 4
Passed for start_position 346 and length 6
Passed for start_position 346 and length 8
Passed for start_position 346 and length 10
Passed for start_position 346 and length 12
Passed for start_position 346 and length 14
Passed for start_position 346 and length 16
Passed for start_position 346 and length 18
Passed for start_position 346 and length 20
Passed for start_position 346 and length 22
Passed for start_position 346 and length 24
Passed for start_position 346 and length 26
Passed for start_position 346 and length 28
Passed for start_position 346 and length 30
Passed for start_position 346 and length 32
Passed for start_position 346 and length 34
Passed for start_position 346 and length 36
Passed for start_position 346 and length 38
Passed for start_position 346 and length 40
Passed for start_position 346 and length 42
Passed for start_position 346 and length 44
Passed for start_position 346 and length 46
Passed for start_position 346 and length 48
Passed for start_position 346 and length 50
Passed for start_position 346 and length 52
Passed for start_position 346 and length 54
Passed for start_position 346 and length 56
Passed for start_position 346 and length 58
Passed for start_position 346 and length 60
Passed for start_position 346 and length 62
Passed for start_position 346 and length 64
Passed for start_position 346 and length 66
Passed for start_position 346 and length 68
Passed for start_position 346 and length 70
Passed for start_position 346 and length 72
Passed for start_position 346 and length 74
Passed for start_position 346 and length 76
Passed for start_position 346 and length 78
Passed for start_position 346 and length 80
Passed for start_position 346 and length 82
Passed for start_position 346 and length 84
Passed for start_position 346 and length 86
Passed for start_position 346 and length 88
Passed for start_position 346 and length 90
Passed for start_position 346 and length 92
Passed for start_position 346 and length 94
Passed for start_position 346 and length 96
Passed for start_position 346 and length 98
Passed for start_position 346 and length 100
Passed for start_position 347 and length 2
Passed for start_position 347 and length 4
Passed for start_position 347 and length 6
Passed for start_position 347 and length 8
Passed for start_position 347 and length 10
Passed for start_position 347 and length 12
Passed for start_position 347 and length 14
Passed for start_position 347 and length 16
Passed for start_position 347 and length 18
Passed for start_position 347 and length 20
Passed for start_position 347 and length 22
Passed for start_position 347 and length 24
Passed for start_position 347 and length 26
Passed for start_position 347 and length 28
Passed for start_position 347 and length 30
Passed for start_position 347 and length 32
Passed for start_position 347 and length 34
Passed for start_position 347 and length 36
Passed for start_position 347 and length 38
Passed for start_position 347 and length 40
Passed for start_position 347 and length 42
Passed for start_position 347 and length 44
Passed for start_position 347 and length 46
Passed for start_position 347 and length 48
Passed for start_position 347 and length 50
Passed for start_position 347 and length 52
Passed for start_position 347 and length 54
Passed for start_position 347 and length 56
Passed for start_position 347 and length 58
Passed for start_position 347 and length 60
Passed for start_position 347 and length 62
Passed for start_position 347 and length 64
Passed for start_position 347 and length 66
Passed for start_position 347 and length 68
Passed for start_position 347 and length 70
Passed for start_position 347 and length 72
Passed for start_position 347 and length 74
Passed for start_position 347 and length 76
Passed for start_position 347 and length 78
Passed for start_position 347 and length 80
Passed for start_position 347 and length 82
Passed for start_position 347 and length 84
Passed for start_position 347 and length 86
Passed for start_position 347 and length 88
Passed for start_position 347 and length 90
Passed for start_position 347 and length 92
Passed for start_position 347 and length 94
Passed for start_position 347 and length 96
Passed for start_position 347 and length 98
Passed for start_position 347 and length 100
Passed for start_position 348 and length 2
Passed for start_position 348 and length 4
Passed for start_position 348 and length 6
Passed for start_position 348 and length 8
Passed for start_position 348 and length 10
Passed for start_position 348 and length 12
Passed for start_position 348 and length 14
Passed for start_position 348 and length 16
Passed for start_position 348 and length 18
Passed for start_position 348 and length 20
Passed for start_position 348 and length 22
Passed for start_position 348 and length 24
Passed for start_position 348 and length 26
Passed for start_position 348 and length 28
Passed for start_position 348 and length 30
Passed for start_position 348 and length 32
Passed for start_position 348 and length 34
Passed for start_position 348 and length 36
Passed for start_position 348 and length 38
Passed for start_position 348 and length 40
Passed for start_position 348 and length 42
Passed for start_position 348 and length 44
Passed for start_position 348 and length 46
Passed for start_position 348 and length 48
Passed for start_position 348 and length 50
Passed for start_position 348 and length 52
Passed for start_position 348 and length 54
Passed for start_position 348 and length 56
Passed for start_position 348 and length 58
Passed for start_position 348 and length 60
Passed for start_position 348 and length 62
Passed for start_position 348 and length 64
Passed for start_position 348 and length 66
Passed for start_position 348 and length 68
Passed for start_position 348 and length 70
Passed for start_position 348 and length 72
Passed for start_position 348 and length 74
Passed for start_position 348 and length 76
Passed for start_position 348 and length 78
Passed for start_position 348 and length 80
Passed for start_position 348 and length 82
Passed for start_position 348 and length 84
Passed for start_position 348 and length 86
Passed for start_position 348 and length 88
Passed for start_position 348 and length 90
Passed for start_position 348 and length 92
Passed for start_position 348 and length 94
Passed for start_position 348 and length 96
Passed for start_position 348 and length 98
Passed for start_position 348 and length 100
Passed for start_position 349 and length 2
Passed for start_position 349 and length 4
Passed for start_position 349 and length 6
Passed for start_position 349 and length 8
Passed for start_position 349 and length 10
Passed for start_position 349 and length 12
Passed for start_position 349 and length 14
Passed for start_position 349 and length 16
Passed for start_position 349 and length 18
Passed for start_position 349 and length 20
Passed for start_position 349 and length 22
Passed for start_position 349 and length 24
Passed for start_position 349 and length 26
Passed for start_position 349 and length 28
Passed for start_position 349 and length 30
Passed for start_position 349 and length 32
Passed for start_position 349 and length 34
Passed for start_position 349 and length 36
Passed for start_position 349 and length 38
Passed for start_position 349 and length 40
Passed for start_position 349 and length 42
Passed for start_position 349 and length 44
Passed for start_position 349 and length 46
Passed for start_position 349 and length 48
Passed for start_position 349 and length 50
Passed for start_position 349 and length 52
Passed for start_position 349 and length 54
Passed for start_position 349 and length 56
Passed for start_position 349 and length 58
Passed for start_position 349 and length 60
Passed for start_position 349 and length 62
Passed for start_position 349 and length 64
Passed for start_position 349 and length 66
Passed for start_position 349 and length 68
Passed for start_position 349 and length 70
Passed for start_position 349 and length 72
Passed for start_position 349 and length 74
Passed for start_position 349 and length 76
Passed for start_position 349 and length 78
Passed for start_position 349 and length 80
Passed for start_position 349 and length 82
Passed for start_position 349 and length 84
Passed for start_position 349 and length 86
Passed for start_position 349 and length 88
Passed for start_position 349 and length 90
Passed for start_position 349 and length 92
Passed for start_position 349 and length 94
Passed for start_position 349 and length 96
Passed for start_position 349 and length 98
Passed for start_position 349 and length 100
Passed for start_position 350 and length 2
Passed for start_position 350 and length 4
Passed for start_position 350 and length 6
Passed for start_position 350 and length 8
Passed for start_position 350 and length 10
Passed for start_position 350 and length 12
Passed for start_position 350 and length 14
Passed for start_position 350 and length 16
Passed for start_position 350 and length 18
Passed for start_position 350 and length 20
Passed for start_position 350 and length 22
Passed for start_position 350 and length 24
Passed for start_position 350 and length 26
Passed for start_position 350 and length 28
Passed for start_position 350 and length 30
Passed for start_position 350 and length 32
Passed for start_position 350 and length 34
Passed for start_position 350 and length 36
Passed for start_position 350 and length 38
Passed for start_position 350 and length 40
Passed for start_position 350 and length 42
Passed for start_position 350 and length 44
Passed for start_position 350 and length 46
Passed for start_position 350 and length 48
Passed for start_position 350 and length 50
Passed for start_position 350 and length 52
Passed for start_position 350 and length 54
Passed for start_position 350 and length 56
Passed for start_position 350 and length 58
Passed for start_position 350 and length 60
Passed for start_position 350 and length 62
Passed for start_position 350 and length 64
Passed for start_position 350 and length 66
Passed for start_position 350 and length 68
Passed for start_position 350 and length 70
Passed for start_position 350 and length 72
Passed for start_position 350 and length 74
Passed for start_position 350 and length 76
Passed for start_position 350 and length 78
Passed for start_position 350 and length 80
Passed for start_position 350 and length 82
Passed for start_position 350 and length 84
Passed for start_position 350 and length 86
Passed for start_position 350 and length 88
Passed for start_position 350 and length 90
Passed for start_position 350 and length 92
Passed for start_position 350 and length 94
Passed for start_position 350 and length 96
Passed for start_position 350 and length 98
Passed for start_position 350 and length 100
Passed for start_position 351 and length 2
Passed for start_position 351 and length 4
Passed for start_position 351 and length 6
Passed for start_position 351 and length 8
Passed for start_position 351 and length 10
Passed for start_position 351 and length 12
Passed for start_position 351 and length 14
Passed for start_position 351 and length 16
Passed for start_position 351 and length 18
Passed for start_position 351 and length 20
Passed for start_position 351 and length 22
Passed for start_position 351 and length 24
Passed for start_position 351 and length 26
Passed for start_position 351 and length 28
Passed for start_position 351 and length 30
Passed for start_position 351 and length 32
Passed for start_position 351 and length 34
Passed for start_position 351 and length 36
Passed for start_position 351 and length 38
Passed for start_position 351 and length 40
Passed for start_position 351 and length 42
Passed for start_position 351 and length 44
Passed for start_position 351 and length 46
Passed for start_position 351 and length 48
Passed for start_position 351 and length 50
Passed for start_position 351 and length 52
Passed for start_position 351 and length 54
Passed for start_position 351 and length 56
Passed for start_position 351 and length 58
Passed for start_position 351 and length 60
Passed for start_position 351 and length 62
Passed for start_position 351 and length 64
Passed for start_position 351 and length 66
Passed for start_position 351 and length 68
Passed for start_position 351 and length 70
Passed for start_position 351 and length 72
Passed for start_position 351 and length 74
Passed for start_position 351 and length 76
Passed for start_position 351 and length 78
Passed for start_position 351 and length 80
Passed for start_position 351 and length 82
Passed for start_position 351 and length 84
Passed for start_position 351 and length 86
Passed for start_position 351 and length 88
Passed for start_position 351 and length 90
Passed for start_position 351 and length 92
Passed for start_position 351 and length 94
Passed for start_position 351 and length 96
Passed for start_position 351 and length 98
Passed for start_position 351 and length 100
Passed for start_position 352 and length 2
Passed for start_position 352 and length 4
Passed for start_position 352 and length 6
Passed for start_position 352 and length 8
Passed for start_position 352 and length 10
Passed for start_position 352 and length 12
Passed for start_position 352 and length 14
Passed for start_position 352 and length 16
Passed for start_position 352 and length 18
Passed for start_position 352 and length 20
Passed for start_position 352 and length 22
Passed for start_position 352 and length 24
Passed for start_position 352 and length 26
Passed for start_position 352 and length 28
Passed for start_position 352 and length 30
Passed for start_position 352 and length 32
Passed for start_position 352 and length 34
Passed for start_position 352 and length 36
Passed for start_position 352 and length 38
Passed for start_position 352 and length 40
Passed for start_position 352 and length 42
Passed for start_position 352 and length 44
Passed for start_position 352 and length 46
Passed for start_position 352 and length 48
Passed for start_position 352 and length 50
Passed for start_position 352 and length 52
Passed for start_position 352 and length 54
Passed for start_position 352 and length 56
Passed for start_position 352 and length 58
Passed for start_position 352 and length 60
Passed for start_position 352 and length 62
Passed for start_position 352 and length 64
Passed for start_position 352 and length 66
Passed for start_position 352 and length 68
Passed for start_position 352 and length 70
Passed for start_position 352 and length 72
Passed for start_position 352 and length 74
Passed for start_position 352 and length 76
Passed for start_position 352 and length 78
Passed for start_position 352 and length 80
Passed for start_position 352 and length 82
Passed for start_position 352 and length 84
Passed for start_position 352 and length 86
Passed for start_position 352 and length 88
Passed for start_position 352 and length 90
Passed for start_position 352 and length 92
Passed for start_position 352 and length 94
Passed for start_position 352 and length 96
Passed for start_position 352 and length 98
Passed for start_position 352 and length 100
Passed for start_position 353 and length 2
Passed for start_position 353 and length 4
Passed for start_position 353 and length 6
Passed for start_position 353 and length 8
Passed for start_position 353 and length 10
Passed for start_position 353 and length 12
Passed for start_position 353 and length 14
Passed for start_position 353 and length 16
Passed for start_position 353 and length 18
Passed for start_position 353 and length 20
Passed for start_position 353 and length 22
Passed for start_position 353 and length 24
Passed for start_position 353 and length 26
Passed for start_position 353 and length 28
Passed for start_position 353 and length 30
Passed for start_position 353 and length 32
Passed for start_position 353 and length 34
Passed for start_position 353 and length 36
Passed for start_position 353 and length 38
Passed for start_position 353 and length 40
Passed for start_position 353 and length 42
Passed for start_position 353 and length 44
Passed for start_position 353 and length 46
Passed for start_position 353 and length 48
Passed for start_position 353 and length 50
Passed for start_position 353 and length 52
Passed for start_position 353 and length 54
Passed for start_position 353 and length 56
Passed for start_position 353 and length 58
Passed for start_position 353 and length 60
Passed for start_position 353 and length 62
Passed for start_position 353 and length 64
Passed for start_position 353 and length 66
Passed for start_position 353 and length 68
Passed for start_position 353 and length 70
Passed for start_position 353 and length 72
Passed for start_position 353 and length 74
Passed for start_position 353 and length 76
Passed for start_position 353 and length 78
Passed for start_position 353 and length 80
Passed for start_position 353 and length 82
Passed for start_position 353 and length 84
Passed for start_position 353 and length 86
Passed for start_position 353 and length 88
Passed for start_position 353 and length 90
Passed for start_position 353 and length 92
Passed for start_position 353 and length 94
Passed for start_position 353 and length 96
Passed for start_position 353 and length 98
Passed for start_position 353 and length 100
Passed for start_position 354 and length 2
Passed for start_position 354 and length 4
Passed for start_position 354 and length 6
Passed for start_position 354 and length 8
Passed for start_position 354 and length 10
Passed for start_position 354 and length 12
Passed for start_position 354 and length 14
Passed for start_position 354 and length 16
Passed for start_position 354 and length 18
Passed for start_position 354 and length 20
Passed for start_position 354 and length 22
Passed for start_position 354 and length 24
Passed for start_position 354 and length 26
Passed for start_position 354 and length 28
Passed for start_position 354 and length 30
Passed for start_position 354 and length 32
Passed for start_position 354 and length 34
Passed for start_position 354 and length 36
Passed for start_position 354 and length 38
Passed for start_position 354 and length 40
Passed for start_position 354 and length 42
Passed for start_position 354 and length 44
Passed for start_position 354 and length 46
Passed for start_position 354 and length 48
Passed for start_position 354 and length 50
Passed for start_position 354 and length 52
Passed for start_position 354 and length 54
Passed for start_position 354 and length 56
Passed for start_position 354 and length 58
Passed for start_position 354 and length 60
Passed for start_position 354 and length 62
Passed for start_position 354 and length 64
Passed for start_position 354 and length 66
Passed for start_position 354 and length 68
Passed for start_position 354 and length 70
Passed for start_position 354 and length 72
Passed for start_position 354 and length 74
Passed for start_position 354 and length 76
Passed for start_position 354 and length 78
Passed for start_position 354 and length 80
Passed for start_position 354 and length 82
Passed for start_position 354 and length 84
Passed for start_position 354 and length 86
Passed for start_position 354 and length 88
Passed for start_position 354 and length 90
Passed for start_position 354 and length 92
Passed for start_position 354 and length 94
Passed for start_position 354 and length 96
Passed for start_position 354 and length 98
Passed for start_position 354 and length 100
Passed for start_position 355 and length 2
Passed for start_position 355 and length 4
Passed for start_position 355 and length 6
Passed for start_position 355 and length 8
Passed for start_position 355 and length 10
Passed for start_position 355 and length 12
Passed for start_position 355 and length 14
Passed for start_position 355 and length 16
Passed for start_position 355 and length 18
Passed for start_position 355 and length 20
Passed for start_position 355 and length 22
Passed for start_position 355 and length 24
Passed for start_position 355 and length 26
Passed for start_position 355 and length 28
Passed for start_position 355 and length 30
Passed for start_position 355 and length 32
Passed for start_position 355 and length 34
Passed for start_position 355 and length 36
Passed for start_position 355 and length 38
Passed for start_position 355 and length 40
Passed for start_position 355 and length 42
Passed for start_position 355 and length 44
Passed for start_position 355 and length 46
Passed for start_position 355 and length 48
Passed for start_position 355 and length 50
Passed for start_position 355 and length 52
Passed for start_position 355 and length 54
Passed for start_position 355 and length 56
Passed for start_position 355 and length 58
Passed for start_position 355 and length 60
Passed for start_position 355 and length 62
Passed for start_position 355 and length 64
Passed for start_position 355 and length 66
Passed for start_position 355 and length 68
Passed for start_position 355 and length 70
Passed for start_position 355 and length 72
Passed for start_position 355 and length 74
Passed for start_position 355 and length 76
Passed for start_position 355 and length 78
Passed for start_position 355 and length 80
Passed for start_position 355 and length 82
Passed for start_position 355 and length 84
Passed for start_position 355 and length 86
Passed for start_position 355 and length 88
Passed for start_position 355 and length 90
Passed for start_position 355 and length 92
Passed for start_position 355 and length 94
Passed for start_position 355 and length 96
Passed for start_position 355 and length 98
Passed for start_position 355 and length 100
Passed for start_position 356 and length 2
Passed for start_position 356 and length 4
Passed for start_position 356 and length 6
Passed for start_position 356 and length 8
Passed for start_position 356 and length 10
Passed for start_position 356 and length 12
Passed for start_position 356 and length 14
Passed for start_position 356 and length 16
Passed for start_position 356 and length 18
Passed for start_position 356 and length 20
Passed for start_position 356 and length 22
Passed for start_position 356 and length 24
Passed for start_position 356 and length 26
Passed for start_position 356 and length 28
Passed for start_position 356 and length 30
Passed for start_position 356 and length 32
Passed for start_position 356 and length 34
Passed for start_position 356 and length 36
Passed for start_position 356 and length 38
Passed for start_position 356 and length 40
Passed for start_position 356 and length 42
Passed for start_position 356 and length 44
Passed for start_position 356 and length 46
Passed for start_position 356 and length 48
Passed for start_position 356 and length 50
Passed for start_position 356 and length 52
Passed for start_position 356 and length 54
Passed for start_position 356 and length 56
Passed for start_position 356 and length 58
Passed for start_position 356 and length 60
Passed for start_position 356 and length 62
Passed for start_position 356 and length 64
Passed for start_position 356 and length 66
Passed for start_position 356 and length 68
Passed for start_position 356 and length 70
Passed for start_position 356 and length 72
Passed for start_position 356 and length 74
Passed for start_position 356 and length 76
Passed for start_position 356 and length 78
Passed for start_position 356 and length 80
Passed for start_position 356 and length 82
Passed for start_position 356 and length 84
Passed for start_position 356 and length 86
Passed for start_position 356 and length 88
Passed for start_position 356 and length 90
Passed for start_position 356 and length 92
Passed for start_position 356 and length 94
Passed for start_position 356 and length 96
Passed for start_position 356 and length 98
Passed for start_position 356 and length 100
Passed for start_position 357 and length 2
Passed for start_position 357 and length 4
Passed for start_position 357 and length 6
Passed for start_position 357 and length 8
Passed for start_position 357 and length 10
Passed for start_position 357 and length 12
Passed for start_position 357 and length 14
Passed for start_position 357 and length 16
Passed for start_position 357 and length 18
Passed for start_position 357 and length 20
Passed for start_position 357 and length 22
Passed for start_position 357 and length 24
Passed for start_position 357 and length 26
Passed for start_position 357 and length 28
Passed for start_position 357 and length 30
Passed for start_position 357 and length 32
Passed for start_position 357 and length 34
Passed for start_position 357 and length 36
Passed for start_position 357 and length 38
Passed for start_position 357 and length 40
Passed for start_position 357 and length 42
Passed for start_position 357 and length 44
Passed for start_position 357 and length 46
Passed for start_position 357 and length 48
Passed for start_position 357 and length 50
Passed for start_position 357 and length 52
Passed for start_position 357 and length 54
Passed for start_position 357 and length 56
Passed for start_position 357 and length 58
Passed for start_position 357 and length 60
Passed for start_position 357 and length 62
Passed for start_position 357 and length 64
Passed for start_position 357 and length 66
Passed for start_position 357 and length 68
Passed for start_position 357 and length 70
Passed for start_position 357 and length 72
Passed for start_position 357 and length 74
Passed for start_position 357 and length 76
Passed for start_position 357 and length 78
Passed for start_position 357 and length 80
Passed for start_position 357 and length 82
Passed for start_position 357 and length 84
Passed for start_position 357 and length 86
Passed for start_position 357 and length 88
Passed for start_position 357 and length 90
Passed for start_position 357 and length 92
Passed for start_position 357 and length 94
Passed for start_position 357 and length 96
Passed for start_position 357 and length 98
Passed for start_position 357 and length 100
Passed for start_position 358 and length 2
Passed for start_position 358 and length 4
Passed for start_position 358 and length 6
Passed for start_position 358 and length 8
Passed for start_position 358 and length 10
Passed for start_position 358 and length 12
Passed for start_position 358 and length 14
Passed for start_position 358 and length 16
Passed for start_position 358 and length 18
Passed for start_position 358 and length 20
Passed for start_position 358 and length 22
Passed for start_position 358 and length 24
Passed for start_position 358 and length 26
Passed for start_position 358 and length 28
Passed for start_position 358 and length 30
Passed for start_position 358 and length 32
Passed for start_position 358 and length 34
Passed for start_position 358 and length 36
Passed for start_position 358 and length 38
Passed for start_position 358 and length 40
Passed for start_position 358 and length 42
Passed for start_position 358 and length 44
Passed for start_position 358 and length 46
Passed for start_position 358 and length 48
Passed for start_position 358 and length 50
Passed for start_position 358 and length 52
Passed for start_position 358 and length 54
Passed for start_position 358 and length 56
Passed for start_position 358 and length 58
Passed for start_position 358 and length 60
Passed for start_position 358 and length 62
Passed for start_position 358 and length 64
Passed for start_position 358 and length 66
Passed for start_position 358 and length 68
Passed for start_position 358 and length 70
Passed for start_position 358 and length 72
Passed for start_position 358 and length 74
Passed for start_position 358 and length 76
Passed for start_position 358 and length 78
Passed for start_position 358 and length 80
Passed for start_position 358 and length 82
Passed for start_position 358 and length 84
Passed for start_position 358 and length 86
Passed for start_position 358 and length 88
Passed for start_position 358 and length 90
Passed for start_position 358 and length 92
Passed for start_position 358 and length 94
Passed for start_position 358 and length 96
Passed for start_position 358 and length 98
Passed for start_position 358 and length 100
Passed for start_position 359 and length 2
Passed for start_position 359 and length 4
Passed for start_position 359 and length 6
Passed for start_position 359 and length 8
Passed for start_position 359 and length 10
Passed for start_position 359 and length 12
Passed for start_position 359 and length 14
Passed for start_position 359 and length 16
Passed for start_position 359 and length 18
Passed for start_position 359 and length 20
Passed for start_position 359 and length 22
Passed for start_position 359 and length 24
Passed for start_position 359 and length 26
Passed for start_position 359 and length 28
Passed for start_position 359 and length 30
Passed for start_position 359 and length 32
Passed for start_position 359 and length 34
Passed for start_position 359 and length 36
Passed for start_position 359 and length 38
Passed for start_position 359 and length 40
Passed for start_position 359 and length 42
Passed for start_position 359 and length 44
Passed for start_position 359 and length 46
Passed for start_position 359 and length 48
Passed for start_position 359 and length 50
Passed for start_position 359 and length 52
Passed for start_position 359 and length 54
Passed for start_position 359 and length 56
Passed for start_position 359 and length 58
Passed for start_position 359 and length 60
Passed for start_position 359 and length 62
Passed for start_position 359 and length 64
Passed for start_position 359 and length 66
Passed for start_position 359 and length 68
Passed for start_position 359 and length 70
Passed for start_position 359 and length 72
Passed for start_position 359 and length 74
Passed for start_position 359 and length 76
Passed for start_position 359 and length 78
Passed for start_position 359 and length 80
Passed for start_position 359 and length 82
Passed for start_position 359 and length 84
Passed for start_position 359 and length 86
Passed for start_position 359 and length 88
Passed for start_position 359 and length 90
Passed for start_position 359 and length 92
Passed for start_position 359 and length 94
Passed for start_position 359 and length 96
Passed for start_position 359 and length 98
Passed for start_position 359 and length 100
Passed for start_position 360 and length 2
Passed for start_position 360 and length 4
Passed for start_position 360 and length 6
Passed for start_position 360 and length 8
Passed for start_position 360 and length 10
Passed for start_position 360 and length 12
Passed for start_position 360 and length 14
Passed for start_position 360 and length 16
Passed for start_position 360 and length 18
Passed for start_position 360 and length 20
Passed for start_position 360 and length 22
Passed for start_position 360 and length 24
Passed for start_position 360 and length 26
Passed for start_position 360 and length 28
Passed for start_position 360 and length 30
Passed for start_position 360 and length 32
Passed for start_position 360 and length 34
Passed for start_position 360 and length 36
Passed for start_position 360 and length 38
Passed for start_position 360 and length 40
Passed for start_position 360 and length 42
Passed for start_position 360 and length 44
Passed for start_position 360 and length 46
Passed for start_position 360 and length 48
Passed for start_position 360 and length 50
Passed for start_position 360 and length 52
Passed for start_position 360 and length 54
Passed for start_position 360 and length 56
Passed for start_position 360 and length 58
Passed for start_position 360 and length 60
Passed for start_position 360 and length 62
Passed for start_position 360 and length 64
Passed for start_position 360 and length 66
Passed for start_position 360 and length 68
Passed for start_position 360 and length 70
Passed for start_position 360 and length 72
Passed for start_position 360 and length 74
Passed for start_position 360 and length 76
Passed for start_position 360 and length 78
Passed for start_position 360 and length 80
Passed for start_position 360 and length 82
Passed for start_position 360 and length 84
Passed for start_position 360 and length 86
Passed for start_position 360 and length 88
Passed for start_position 360 and length 90
Passed for start_position 360 and length 92
Passed for start_position 360 and length 94
Passed for start_position 360 and length 96
Passed for start_position 360 and length 98
Passed for start_position 360 and length 100
Passed for start_position 361 and length 2
Passed for start_position 361 and length 4
Passed for start_position 361 and length 6
Passed for start_position 361 and length 8
Passed for start_position 361 and length 10
Passed for start_position 361 and length 12
Passed for start_position 361 and length 14
Passed for start_position 361 and length 16
Passed for start_position 361 and length 18
Passed for start_position 361 and length 20
Passed for start_position 361 and length 22
Passed for start_position 361 and length 24
Passed for start_position 361 and length 26
Passed for start_position 361 and length 28
Passed for start_position 361 and length 30
Passed for start_position 361 and length 32
Passed for start_position 361 and length 34
Passed for start_position 361 and length 36
Passed for start_position 361 and length 38
Passed for start_position 361 and length 40
Passed for start_position 361 and length 42
Passed for start_position 361 and length 44
Passed for start_position 361 and length 46
Passed for start_position 361 and length 48
Passed for start_position 361 and length 50
Passed for start_position 361 and length 52
Passed for start_position 361 and length 54
Passed for start_position 361 and length 56
Passed for start_position 361 and length 58
Passed for start_position 361 and length 60
Passed for start_position 361 and length 62
Passed for start_position 361 and length 64
Passed for start_position 361 and length 66
Passed for start_position 361 and length 68
Passed for start_position 361 and length 70
Passed for start_position 361 and length 72
Passed for start_position 361 and length 74
Passed for start_position 361 and length 76
Passed for start_position 361 and length 78
Passed for start_position 361 and length 80
Passed for start_position 361 and length 82
Passed for start_position 361 and length 84
Passed for start_position 361 and length 86
Passed for start_position 361 and length 88
Passed for start_position 361 and length 90
Passed for start_position 361 and length 92
Passed for start_position 361 and length 94
Passed for start_position 361 and length 96
Passed for start_position 361 and length 98
Passed for start_position 361 and length 100
Passed for start_position 362 and length 2
Passed for start_position 362 and length 4
Passed for start_position 362 and length 6
Passed for start_position 362 and length 8
Passed for start_position 362 and length 10
Passed for start_position 362 and length 12
Passed for start_position 362 and length 14
Passed for start_position 362 and length 16
Passed for start_position 362 and length 18
Passed for start_position 362 and length 20
Passed for start_position 362 and length 22
Passed for start_position 362 and length 24
Passed for start_position 362 and length 26
Passed for start_position 362 and length 28
Passed for start_position 362 and length 30
Passed for start_position 362 and length 32
Passed for start_position 362 and length 34
Passed for start_position 362 and length 36
Passed for start_position 362 and length 38
Passed for start_position 362 and length 40
Passed for start_position 362 and length 42
Passed for start_position 362 and length 44
Passed for start_position 362 and length 46
Passed for start_position 362 and length 48
Passed for start_position 362 and length 50
Passed for start_position 362 and length 52
Passed for start_position 362 and length 54
Passed for start_position 362 and length 56
Passed for start_position 362 and length 58
Passed for start_position 362 and length 60
Passed for start_position 362 and length 62
Passed for start_position 362 and length 64
Passed for start_position 362 and length 66
Passed for start_position 362 and length 68
Passed for start_position 362 and length 70
Passed for start_position 362 and length 72
Passed for start_position 362 and length 74
Passed for start_position 362 and length 76
Passed for start_position 362 and length 78
Passed for start_position 362 and length 80
Passed for start_position 362 and length 82
Passed for start_position 362 and length 84
Passed for start_position 362 and length 86
Passed for start_position 362 and length 88
Passed for start_position 362 and length 90
Passed for start_position 362 and length 92
Passed for start_position 362 and length 94
Passed for start_position 362 and length 96
Passed for start_position 362 and length 98
Passed for start_position 362 and length 100
Passed for start_position 363 and length 2
Passed for start_position 363 and length 4
Passed for start_position 363 and length 6
Passed for start_position 363 and length 8
Passed for start_position 363 and length 10
Passed for start_position 363 and length 12
Passed for start_position 363 and length 14
Passed for start_position 363 and length 16
Passed for start_position 363 and length 18
Passed for start_position 363 and length 20
Passed for start_position 363 and length 22
Passed for start_position 363 and length 24
Passed for start_position 363 and length 26
Passed for start_position 363 and length 28
Passed for start_position 363 and length 30
Passed for start_position 363 and length 32
Passed for start_position 363 and length 34
Passed for start_position 363 and length 36
Passed for start_position 363 and length 38
Passed for start_position 363 and length 40
Passed for start_position 363 and length 42
Passed for start_position 363 and length 44
Passed for start_position 363 and length 46
Passed for start_position 363 and length 48
Passed for start_position 363 and length 50
Passed for start_position 363 and length 52
Passed for start_position 363 and length 54
Passed for start_position 363 and length 56
Passed for start_position 363 and length 58
Passed for start_position 363 and length 60
Passed for start_position 363 and length 62
Passed for start_position 363 and length 64
Passed for start_position 363 and length 66
Passed for start_position 363 and length 68
Passed for start_position 363 and length 70
Passed for start_position 363 and length 72
Passed for start_position 363 and length 74
Passed for start_position 363 and length 76
Passed for start_position 363 and length 78
Passed for start_position 363 and length 80
Passed for start_position 363 and length 82
Passed for start_position 363 and length 84
Passed for start_position 363 and length 86
Passed for start_position 363 and length 88
Passed for start_position 363 and length 90
Passed for start_position 363 and length 92
Passed for start_position 363 and length 94
Passed for start_position 363 and length 96
Passed for start_position 363 and length 98
Passed for start_position 363 and length 100
Passed for start_position 364 and length 2
Passed for start_position 364 and length 4
Passed for start_position 364 and length 6
Passed for start_position 364 and length 8
Passed for start_position 364 and length 10
Passed for start_position 364 and length 12
Passed for start_position 364 and length 14
Passed for start_position 364 and length 16
Passed for start_position 364 and length 18
Passed for start_position 364 and length 20
Passed for start_position 364 and length 22
Passed for start_position 364 and length 24
Passed for start_position 364 and length 26
Passed for start_position 364 and length 28
Passed for start_position 364 and length 30
Passed for start_position 364 and length 32
Passed for start_position 364 and length 34
Passed for start_position 364 and length 36
Passed for start_position 364 and length 38
Passed for start_position 364 and length 40
Passed for start_position 364 and length 42
Passed for start_position 364 and length 44
Passed for start_position 364 and length 46
Passed for start_position 364 and length 48
Passed for start_position 364 and length 50
Passed for start_position 364 and length 52
Passed for start_position 364 and length 54
Passed for start_position 364 and length 56
Passed for start_position 364 and length 58
Passed for start_position 364 and length 60
Passed for start_position 364 and length 62
Passed for start_position 364 and length 64
Passed for start_position 364 and length 66
Passed for start_position 364 and length 68
Passed for start_position 364 and length 70
Passed for start_position 364 and length 72
Passed for start_position 364 and length 74
Passed for start_position 364 and length 76
Passed for start_position 364 and length 78
Passed for start_position 364 and length 80
Passed for start_position 364 and length 82
Passed for start_position 364 and length 84
Passed for start_position 364 and length 86
Passed for start_position 364 and length 88
Passed for start_position 364 and length 90
Passed for start_position 364 and length 92
Passed for start_position 364 and length 94
Passed for start_position 364 and length 96
Passed for start_position 364 and length 98
Passed for start_position 364 and length 100
Passed for start_position 365 and length 2
Passed for start_position 365 and length 4
Passed for start_position 365 and length 6
Passed for start_position 365 and length 8
Passed for start_position 365 and length 10
Passed for start_position 365 and length 12
Passed for start_position 365 and length 14
Passed for start_position 365 and length 16
Passed for start_position 365 and length 18
Passed for start_position 365 and length 20
Passed for start_position 365 and length 22
Passed for start_position 365 and length 24
Passed for start_position 365 and length 26
Passed for start_position 365 and length 28
Passed for start_position 365 and length 30
Passed for start_position 365 and length 32
Passed for start_position 365 and length 34
Passed for start_position 365 and length 36
Passed for start_position 365 and length 38
Passed for start_position 365 and length 40
Passed for start_position 365 and length 42
Passed for start_position 365 and length 44
Passed for start_position 365 and length 46
Passed for start_position 365 and length 48
Passed for start_position 365 and length 50
Passed for start_position 365 and length 52
Passed for start_position 365 and length 54
Passed for start_position 365 and length 56
Passed for start_position 365 and length 58
Passed for start_position 365 and length 60
Passed for start_position 365 and length 62
Passed for start_position 365 and length 64
Passed for start_position 365 and length 66
Passed for start_position 365 and length 68
Passed for start_position 365 and length 70
Passed for start_position 365 and length 72
Passed for start_position 365 and length 74
Passed for start_position 365 and length 76
Passed for start_position 365 and length 78
Passed for start_position 365 and length 80
Passed for start_position 365 and length 82
Passed for start_position 365 and length 84
Passed for start_position 365 and length 86
Passed for start_position 365 and length 88
Passed for start_position 365 and length 90
Passed for start_position 365 and length 92
Passed for start_position 365 and length 94
Passed for start_position 365 and length 96
Passed for start_position 365 and length 98
Passed for start_position 365 and length 100
Passed for start_position 366 and length 2
Passed for start_position 366 and length 4
Passed for start_position 366 and length 6
Passed for start_position 366 and length 8
Passed for start_position 366 and length 10
Passed for start_position 366 and length 12
Passed for start_position 366 and length 14
Passed for start_position 366 and length 16
Passed for start_position 366 and length 18
Passed for start_position 366 and length 20
Passed for start_position 366 and length 22
Passed for start_position 366 and length 24
Passed for start_position 366 and length 26
Passed for start_position 366 and length 28
Passed for start_position 366 and length 30
Passed for start_position 366 and length 32
Passed for start_position 366 and length 34
Passed for start_position 366 and length 36
Passed for start_position 366 and length 38
Passed for start_position 366 and length 40
Passed for start_position 366 and length 42
Passed for start_position 366 and length 44
Passed for start_position 366 and length 46
Passed for start_position 366 and length 48
Passed for start_position 366 and length 50
Passed for start_position 366 and length 52
Passed for start_position 366 and length 54
Passed for start_position 366 and length 56
Passed for start_position 366 and length 58
Passed for start_position 366 and length 60
Passed for start_position 366 and length 62
Passed for start_position 366 and length 64
Passed for start_position 366 and length 66
Passed for start_position 366 and length 68
Passed for start_position 366 and length 70
Passed for start_position 366 and length 72
Passed for start_position 366 and length 74
Passed for start_position 366 and length 76
Passed for start_position 366 and length 78
Passed for start_position 366 and length 80
Passed for start_position 366 and length 82
Passed for start_position 366 and length 84
Passed for start_position 366 and length 86
Passed for start_position 366 and length 88
Passed for start_position 366 and length 90
Passed for start_position 366 and length 92
Passed for start_position 366 and length 94
Passed for start_position 366 and length 96
Passed for start_position 366 and length 98
Passed for start_position 366 and length 100
Passed for start_position 367 and length 2
Passed for start_position 367 and length 4
Passed for start_position 367 and length 6
Passed for start_position 367 and length 8
Passed for start_position 367 and length 10
Passed for start_position 367 and length 12
Passed for start_position 367 and length 14
Passed for start_position 367 and length 16
Passed for start_position 367 and length 18
Passed for start_position 367 and length 20
Passed for start_position 367 and length 22
Passed for start_position 367 and length 24
Passed for start_position 367 and length 26
Passed for start_position 367 and length 28
Passed for start_position 367 and length 30
Passed for start_position 367 and length 32
Passed for start_position 367 and length 34
Passed for start_position 367 and length 36
Passed for start_position 367 and length 38
Passed for start_position 367 and length 40
Passed for start_position 367 and length 42
Passed for start_position 367 and length 44
Passed for start_position 367 and length 46
Passed for start_position 367 and length 48
Passed for start_position 367 and length 50
Passed for start_position 367 and length 52
Passed for start_position 367 and length 54
Passed for start_position 367 and length 56
Passed for start_position 367 and length 58
Passed for start_position 367 and length 60
Passed for start_position 367 and length 62
Passed for start_position 367 and length 64
Passed for start_position 367 and length 66
Passed for start_position 367 and length 68
Passed for start_position 367 and length 70
Passed for start_position 367 and length 72
Passed for start_position 367 and length 74
Passed for start_position 367 and length 76
Passed for start_position 367 and length 78
Passed for start_position 367 and length 80
Passed for start_position 367 and length 82
Passed for start_position 367 and length 84
Passed for start_position 367 and length 86
Passed for start_position 367 and length 88
Passed for start_position 367 and length 90
Passed for start_position 367 and length 92
Passed for start_position 367 and length 94
Passed for start_position 367 and length 96
Passed for start_position 367 and length 98
Passed for start_position 367 and length 100
Passed for start_position 368 and length 2
Passed for start_position 368 and length 4
Passed for start_position 368 and length 6
Passed for start_position 368 and length 8
Passed for start_position 368 and length 10
Passed for start_position 368 and length 12
Passed for start_position 368 and length 14
Passed for start_position 368 and length 16
Passed for start_position 368 and length 18
Passed for start_position 368 and length 20
Passed for start_position 368 and length 22
Passed for start_position 368 and length 24
Passed for start_position 368 and length 26
Passed for start_position 368 and length 28
Passed for start_position 368 and length 30
Passed for start_position 368 and length 32
Passed for start_position 368 and length 34
Passed for start_position 368 and length 36
Passed for start_position 368 and length 38
Passed for start_position 368 and length 40
Passed for start_position 368 and length 42
Passed for start_position 368 and length 44
Passed for start_position 368 and length 46
Passed for start_position 368 and length 48
Passed for start_position 368 and length 50
Passed for start_position 368 and length 52
Passed for start_position 368 and length 54
Passed for start_position 368 and length 56
Passed for start_position 368 and length 58
Passed for start_position 368 and length 60
Passed for start_position 368 and length 62
Passed for start_position 368 and length 64
Passed for start_position 368 and length 66
Passed for start_position 368 and length 68
Passed for start_position 368 and length 70
Passed for start_position 368 and length 72
Passed for start_position 368 and length 74
Passed for start_position 368 and length 76
Passed for start_position 368 and length 78
Passed for start_position 368 and length 80
Passed for start_position 368 and length 82
Passed for start_position 368 and length 84
Passed for start_position 368 and length 86
Passed for start_position 368 and length 88
Passed for start_position 368 and length 90
Passed for start_position 368 and length 92
Passed for start_position 368 and length 94
Passed for start_position 368 and length 96
Passed for start_position 368 and length 98
Passed for start_position 368 and length 100
Passed for start_position 369 and length 2
Passed for start_position 369 and length 4
Passed for start_position 369 and length 6
Passed for start_position 369 and length 8
Passed for start_position 369 and length 10
Passed for start_position 369 and length 12
Passed for start_position 369 and length 14
Passed for start_position 369 and length 16
Passed for start_position 369 and length 18
Passed for start_position 369 and length 20
Passed for start_position 369 and length 22
Passed for start_position 369 and length 24
Passed for start_position 369 and length 26
Passed for start_position 369 and length 28
Passed for start_position 369 and length 30
Passed for start_position 369 and length 32
Passed for start_position 369 and length 34
Passed for start_position 369 and length 36
Passed for start_position 369 and length 38
Passed for start_position 369 and length 40
Passed for start_position 369 and length 42
Passed for start_position 369 and length 44
Passed for start_position 369 and length 46
Passed for start_position 369 and length 48
Passed for start_position 369 and length 50
Passed for start_position 369 and length 52
Passed for start_position 369 and length 54
Passed for start_position 369 and length 56
Passed for start_position 369 and length 58
Passed for start_position 369 and length 60
Passed for start_position 369 and length 62
Passed for start_position 369 and length 64
Passed for start_position 369 and length 66
Passed for start_position 369 and length 68
Passed for start_position 369 and length 70
Passed for start_position 369 and length 72
Passed for start_position 369 and length 74
Passed for start_position 369 and length 76
Passed for start_position 369 and length 78
Passed for start_position 369 and length 80
Passed for start_position 369 and length 82
Passed for start_position 369 and length 84
Passed for start_position 369 and length 86
Passed for start_position 369 and length 88
Passed for start_position 369 and length 90
Passed for start_position 369 and length 92
Passed for start_position 369 and length 94
Passed for start_position 369 and length 96
Passed for start_position 369 and length 98
Passed for start_position 369 and length 100
Passed for start_position 370 and length 2
Passed for start_position 370 and length 4
Passed for start_position 370 and length 6
Passed for start_position 370 and length 8
Passed for start_position 370 and length 10
Passed for start_position 370 and length 12
Passed for start_position 370 and length 14
Passed for start_position 370 and length 16
Passed for start_position 370 and length 18
Passed for start_position 370 and length 20
Passed for start_position 370 and length 22
Passed for start_position 370 and length 24
Passed for start_position 370 and length 26
Passed for start_position 370 and length 28
Passed for start_position 370 and length 30
Passed for start_position 370 and length 32
Passed for start_position 370 and length 34
Passed for start_position 370 and length 36
Passed for start_position 370 and length 38
Passed for start_position 370 and length 40
Passed for start_position 370 and length 42
Passed for start_position 370 and length 44
Passed for start_position 370 and length 46
Passed for start_position 370 and length 48
Passed for start_position 370 and length 50
Passed for start_position 370 and length 52
Passed for start_position 370 and length 54
Passed for start_position 370 and length 56
Passed for start_position 370 and length 58
Passed for start_position 370 and length 60
Passed for start_position 370 and length 62
Passed for start_position 370 and length 64
Passed for start_position 370 and length 66
Passed for start_position 370 and length 68
Passed for start_position 370 and length 70
Passed for start_position 370 and length 72
Passed for start_position 370 and length 74
Passed for start_position 370 and length 76
Passed for start_position 370 and length 78
Passed for start_position 370 and length 80
Passed for start_position 370 and length 82
Passed for start_position 370 and length 84
Passed for start_position 370 and length 86
Passed for start_position 370 and length 88
Passed for start_position 370 and length 90
Passed for start_position 370 and length 92
Passed for start_position 370 and length 94
Passed for start_position 370 and length 96
Passed for start_position 370 and length 98
Passed for start_position 370 and length 100
Passed for start_position 371 and length 2
Passed for start_position 371 and length 4
Passed for start_position 371 and length 6
Passed for start_position 371 and length 8
Passed for start_position 371 and length 10
Passed for start_position 371 and length 12
Passed for start_position 371 and length 14
Passed for start_position 371 and length 16
Passed for start_position 371 and length 18
Passed for start_position 371 and length 20
Passed for start_position 371 and length 22
Passed for start_position 371 and length 24
Passed for start_position 371 and length 26
Passed for start_position 371 and length 28
Passed for start_position 371 and length 30
Passed for start_position 371 and length 32
Passed for start_position 371 and length 34
Passed for start_position 371 and length 36
Passed for start_position 371 and length 38
Passed for start_position 371 and length 40
Passed for start_position 371 and length 42
Passed for start_position 371 and length 44
Passed for start_position 371 and length 46
Passed for start_position 371 and length 48
Passed for start_position 371 and length 50
Passed for start_position 371 and length 52
Passed for start_position 371 and length 54
Passed for start_position 371 and length 56
Passed for start_position 371 and length 58
Passed for start_position 371 and length 60
Passed for start_position 371 and length 62
Passed for start_position 371 and length 64
Passed for start_position 371 and length 66
Passed for start_position 371 and length 68
Passed for start_position 371 and length 70
Passed for start_position 371 and length 72
Passed for start_position 371 and length 74
Passed for start_position 371 and length 76
Passed for start_position 371 and length 78
Passed for start_position 371 and length 80
Passed for start_position 371 and length 82
Passed for start_position 371 and length 84
Passed for start_position 371 and length 86
Passed for start_position 371 and length 88
Passed for start_position 371 and length 90
Passed for start_position 371 and length 92
Passed for start_position 371 and length 94
Passed for start_position 371 and length 96
Passed for start_position 371 and length 98
Passed for start_position 371 and length 100
Passed for start_position 372 and length 2
Passed for start_position 372 and length 4
Passed for start_position 372 and length 6
Passed for start_position 372 and length 8
Passed for start_position 372 and length 10
Passed for start_position 372 and length 12
Passed for start_position 372 and length 14
Passed for start_position 372 and length 16
Passed for start_position 372 and length 18
Passed for start_position 372 and length 20
Passed for start_position 372 and length 22
Passed for start_position 372 and length 24
Passed for start_position 372 and length 26
Passed for start_position 372 and length 28
Passed for start_position 372 and length 30
Passed for start_position 372 and length 32
Passed for start_position 372 and length 34
Passed for start_position 372 and length 36
Passed for start_position 372 and length 38
Passed for start_position 372 and length 40
Passed for start_position 372 and length 42
Passed for start_position 372 and length 44
Passed for start_position 372 and length 46
Passed for start_position 372 and length 48
Passed for start_position 372 and length 50
Passed for start_position 372 and length 52
Passed for start_position 372 and length 54
Passed for start_position 372 and length 56
Passed for start_position 372 and length 58
Passed for start_position 372 and length 60
Passed for start_position 372 and length 62
Passed for start_position 372 and length 64
Passed for start_position 372 and length 66
Passed for start_position 372 and length 68
Passed for start_position 372 and length 70
Passed for start_position 372 and length 72
Passed for start_position 372 and length 74
Passed for start_position 372 and length 76
Passed for start_position 372 and length 78
Passed for start_position 372 and length 80
Passed for start_position 372 and length 82
Passed for start_position 372 and length 84
Passed for start_position 372 and length 86
Passed for start_position 372 and length 88
Passed for start_position 372 and length 90
Passed for start_position 372 and length 92
Passed for start_position 372 and length 94
Passed for start_position 372 and length 96
Passed for start_position 372 and length 98
Passed for start_position 372 and length 100
Passed for start_position 373 and length 2
Passed for start_position 373 and length 4
Passed for start_position 373 and length 6
Passed for start_position 373 and length 8
Passed for start_position 373 and length 10
Passed for start_position 373 and length 12
Passed for start_position 373 and length 14
Passed for start_position 373 and length 16
Passed for start_position 373 and length 18
Passed for start_position 373 and length 20
Passed for start_position 373 and length 22
Passed for start_position 373 and length 24
Passed for start_position 373 and length 26
Passed for start_position 373 and length 28
Passed for start_position 373 and length 30
Passed for start_position 373 and length 32
Passed for start_position 373 and length 34
Passed for start_position 373 and length 36
Passed for start_position 373 and length 38
Passed for start_position 373 and length 40
Passed for start_position 373 and length 42
Passed for start_position 373 and length 44
Passed for start_position 373 and length 46
Passed for start_position 373 and length 48
Passed for start_position 373 and length 50
Passed for start_position 373 and length 52
Passed for start_position 373 and length 54
Passed for start_position 373 and length 56
Passed for start_position 373 and length 58
Passed for start_position 373 and length 60
Passed for start_position 373 and length 62
Passed for start_position 373 and length 64
Passed for start_position 373 and length 66
Passed for start_position 373 and length 68
Passed for start_position 373 and length 70
Passed for start_position 373 and length 72
Passed for start_position 373 and length 74
Passed for start_position 373 and length 76
Passed for start_position 373 and length 78
Passed for start_position 373 and length 80
Passed for start_position 373 and length 82
Passed for start_position 373 and length 84
Passed for start_position 373 and length 86
Passed for start_position 373 and length 88
Passed for start_position 373 and length 90
Passed for start_position 373 and length 92
Passed for start_position 373 and length 94
Passed for start_position 373 and length 96
Passed for start_position 373 and length 98
Passed for start_position 373 and length 100
Passed for start_position 374 and length 2
Passed for start_position 374 and length 4
Passed for start_position 374 and length 6
Passed for start_position 374 and length 8
Passed for start_position 374 and length 10
Passed for start_position 374 and length 12
Passed for start_position 374 and length 14
Passed for start_position 374 and length 16
Passed for start_position 374 and length 18
Passed for start_position 374 and length 20
Passed for start_position 374 and length 22
Passed for start_position 374 and length 24
Passed for start_position 374 and length 26
Passed for start_position 374 and length 28
Passed for start_position 374 and length 30
Passed for start_position 374 and length 32
Passed for start_position 374 and length 34
Passed for start_position 374 and length 36
Passed for start_position 374 and length 38
Passed for start_position 374 and length 40
Passed for start_position 374 and length 42
Passed for start_position 374 and length 44
Passed for start_position 374 and length 46
Passed for start_position 374 and length 48
Passed for start_position 374 and length 50
Passed for start_position 374 and length 52
Passed for start_position 374 and length 54
Passed for start_position 374 and length 56
Passed for start_position 374 and length 58
Passed for start_position 374 and length 60
Passed for start_position 374 and length 62
Passed for start_position 374 and length 64
Passed for start_position 374 and length 66
Passed for start_position 374 and length 68
Passed for start_position 374 and length 70
Passed for start_position 374 and length 72
Passed for start_position 374 and length 74
Passed for start_position 374 and length 76
Passed for start_position 374 and length 78
Passed for start_position 374 and length 80
Passed for start_position 374 and length 82
Passed for start_position 374 and length 84
Passed for start_position 374 and length 86
Passed for start_position 374 and length 88
Passed for start_position 374 and length 90
Passed for start_position 374 and length 92
Passed for start_position 374 and length 94
Passed for start_position 374 and length 96
Passed for start_position 374 and length 98
Passed for start_position 374 and length 100
Passed for start_position 375 and length 2
Passed for start_position 375 and length 4
Passed for start_position 375 and length 6
Passed for start_position 375 and length 8
Passed for start_position 375 and length 10
Passed for start_position 375 and length 12
Passed for start_position 375 and length 14
Passed for start_position 375 and length 16
Passed for start_position 375 and length 18
Passed for start_position 375 and length 20
Passed for start_position 375 and length 22
Passed for start_position 375 and length 24
Passed for start_position 375 and length 26
Passed for start_position 375 and length 28
Passed for start_position 375 and length 30
Passed for start_position 375 and length 32
Passed for start_position 375 and length 34
Passed for start_position 375 and length 36
Passed for start_position 375 and length 38
Passed for start_position 375 and length 40
Passed for start_position 375 and length 42
Passed for start_position 375 and length 44
Passed for start_position 375 and length 46
Passed for start_position 375 and length 48
Passed for start_position 375 and length 50
Passed for start_position 375 and length 52
Passed for start_position 375 and length 54
Passed for start_position 375 and length 56
Passed for start_position 375 and length 58
Passed for start_position 375 and length 60
Passed for start_position 375 and length 62
Passed for start_position 375 and length 64
Passed for start_position 375 and length 66
Passed for start_position 375 and length 68
Passed for start_position 375 and length 70
Passed for start_position 375 and length 72
Passed for start_position 375 and length 74
Passed for start_position 375 and length 76
Passed for start_position 375 and length 78
Passed for start_position 375 and length 80
Passed for start_position 375 and length 82
Passed for start_position 375 and length 84
Passed for start_position 375 and length 86
Passed for start_position 375 and length 88
Passed for start_position 375 and length 90
Passed for start_position 375 and length 92
Passed for start_position 375 and length 94
Passed for start_position 375 and length 96
Passed for start_position 375 and length 98
Passed for start_position 375 and length 100
Passed for start_position 376 and length 2
Passed for start_position 376 and length 4
Passed for start_position 376 and length 6
Passed for start_position 376 and length 8
Passed for start_position 376 and length 10
Error for start_position 376 and length 12: Movement 1 not in dictionary
Passed for start_position 376 and length 14
Error for start_position 376 and length 16: Movement 1 not in dictionary
Passed for start_position 376 and length 18
Passed for start_position 376 and length 20
Passed for start_position 376 and length 22
Error for start_position 376 and length 24: Movement -1 not in dictionary
Error for start_position 376 and length 26: Movement 1 not in dictionary
Passed for start_position 376 and length 28
Error for start_position 376 and length 30: Movement -1 not in dictionary
Error for start_position 376 and length 32: Movement -1 not in dictionary
Error for start_position 376 and length 34: Movement -1 not in dictionary
Passed for start_position 376 and length 36
Error for start_position 376 and length 38: Movement -1 not in dictionary
Error for start_position 376 and length 40: Movement -1 not in dictionary
Passed for start_position 376 and length 42
Error for start_position 376 and length 44: Movement -1 not in dictionary
Passed for start_position 376 and length 46
Error for start_position 376 and length 48: Movement -1 not in dictionary
Passed for start_position 376 and length 50
Error for start_position 376 and length 52: Movement -1 not in dictionary
Passed for start_position 376 and length 54
Error for start_position 376 and length 56: Movement 1 not in dictionary
Passed for start_position 376 and length 58
Error for start_position 376 and length 60: Movement 1 not in dictionary
Passed for start_position 376 and length 62
Passed for start_position 376 and length 64
Passed for start_position 376 and length 66
Passed for start_position 376 and length 68
Error for start_position 376 and length 70: Movement 1 not in dictionary
Error for start_position 376 and length 72: Movement 1 not in dictionary
Error for start_position 376 and length 74: Movement -1 not in dictionary
Passed for start_position 376 and length 76
Passed for start_position 376 and length 78
Error for start_position 376 and length 80: Movement -1 not in dictionary
Passed for start_position 376 and length 82
Passed for start_position 376 and length 84
Error for start_position 376 and length 86: Movement 1 not in dictionary
Error for start_position 376 and length 88: Movement 1 not in dictionary
Error for start_position 376 and length 90: Movement 1 not in dictionary
Passed for start_position 376 and length 92
Passed for start_position 376 and length 94
Passed for start_position 376 and length 96
Passed for start_position 376 and length 98
Passed for start_position 376 and length 100
Passed for start_position 377 and length 2
Passed for start_position 377 and length 4
Passed for start_position 377 and length 6
Passed for start_position 377 and length 8
Passed for start_position 377 and length 10
Passed for start_position 377 and length 12
Passed for start_position 377 and length 14
Passed for start_position 377 and length 16
Passed for start_position 377 and length 18
Passed for start_position 377 and length 20
Passed for start_position 377 and length 22
Passed for start_position 377 and length 24
Passed for start_position 377 and length 26
Passed for start_position 377 and length 28
Passed for start_position 377 and length 30
Passed for start_position 377 and length 32
Passed for start_position 377 and length 34
Passed for start_position 377 and length 36
Passed for start_position 377 and length 38
Passed for start_position 377 and length 40
Passed for start_position 377 and length 42
Passed for start_position 377 and length 44
Passed for start_position 377 and length 46
Passed for start_position 377 and length 48
Passed for start_position 377 and length 50
Passed for start_position 377 and length 52
Passed for start_position 377 and length 54
Passed for start_position 377 and length 56
Passed for start_position 377 and length 58
Passed for start_position 377 and length 60
Passed for start_position 377 and length 62
Passed for start_position 377 and length 64
Passed for start_position 377 and length 66
Passed for start_position 377 and length 68
Passed for start_position 377 and length 70
Passed for start_position 377 and length 72
Passed for start_position 377 and length 74
Passed for start_position 377 and length 76
Passed for start_position 377 and length 78
Passed for start_position 377 and length 80
Passed for start_position 377 and length 82
Passed for start_position 377 and length 84
Passed for start_position 377 and length 86
Passed for start_position 377 and length 88
Passed for start_position 377 and length 90
Passed for start_position 377 and length 92
Passed for start_position 377 and length 94
Passed for start_position 377 and length 96
Passed for start_position 377 and length 98
Passed for start_position 377 and length 100
Passed for start_position 378 and length 2
Passed for start_position 378 and length 4
Passed for start_position 378 and length 6
Passed for start_position 378 and length 8
Passed for start_position 378 and length 10
Passed for start_position 378 and length 12
Passed for start_position 378 and length 14
Passed for start_position 378 and length 16
Passed for start_position 378 and length 18
Passed for start_position 378 and length 20
Passed for start_position 378 and length 22
Passed for start_position 378 and length 24
Passed for start_position 378 and length 26
Passed for start_position 378 and length 28
Passed for start_position 378 and length 30
Passed for start_position 378 and length 32
Passed for start_position 378 and length 34
Passed for start_position 378 and length 36
Passed for start_position 378 and length 38
Passed for start_position 378 and length 40
Passed for start_position 378 and length 42
Passed for start_position 378 and length 44
Passed for start_position 378 and length 46
Passed for start_position 378 and length 48
Passed for start_position 378 and length 50
Passed for start_position 378 and length 52
Passed for start_position 378 and length 54
Passed for start_position 378 and length 56
Passed for start_position 378 and length 58
Passed for start_position 378 and length 60
Passed for start_position 378 and length 62
Passed for start_position 378 and length 64
Passed for start_position 378 and length 66
Passed for start_position 378 and length 68
Passed for start_position 378 and length 70
Passed for start_position 378 and length 72
Passed for start_position 378 and length 74
Passed for start_position 378 and length 76
Passed for start_position 378 and length 78
Passed for start_position 378 and length 80
Passed for start_position 378 and length 82
Passed for start_position 378 and length 84
Passed for start_position 378 and length 86
Passed for start_position 378 and length 88
Passed for start_position 378 and length 90
Passed for start_position 378 and length 92
Passed for start_position 378 and length 94
Passed for start_position 378 and length 96
Passed for start_position 378 and length 98
Passed for start_position 378 and length 100
Passed for start_position 379 and length 2
Passed for start_position 379 and length 4
Passed for start_position 379 and length 6
Passed for start_position 379 and length 8
Passed for start_position 379 and length 10
Passed for start_position 379 and length 12
Passed for start_position 379 and length 14
Passed for start_position 379 and length 16
Passed for start_position 379 and length 18
Passed for start_position 379 and length 20
Passed for start_position 379 and length 22
Passed for start_position 379 and length 24
Passed for start_position 379 and length 26
Passed for start_position 379 and length 28
Passed for start_position 379 and length 30
Passed for start_position 379 and length 32
Passed for start_position 379 and length 34
Passed for start_position 379 and length 36
Passed for start_position 379 and length 38
Passed for start_position 379 and length 40
Passed for start_position 379 and length 42
Passed for start_position 379 and length 44
Passed for start_position 379 and length 46
Passed for start_position 379 and length 48
Passed for start_position 379 and length 50
Passed for start_position 379 and length 52
Passed for start_position 379 and length 54
Passed for start_position 379 and length 56
Passed for start_position 379 and length 58
Passed for start_position 379 and length 60
Passed for start_position 379 and length 62
Passed for start_position 379 and length 64
Passed for start_position 379 and length 66
Passed for start_position 379 and length 68
Passed for start_position 379 and length 70
Passed for start_position 379 and length 72
Passed for start_position 379 and length 74
Passed for start_position 379 and length 76
Passed for start_position 379 and length 78
Passed for start_position 379 and length 80
Passed for start_position 379 and length 82
Passed for start_position 379 and length 84
Passed for start_position 379 and length 86
Passed for start_position 379 and length 88
Passed for start_position 379 and length 90
Passed for start_position 379 and length 92
Passed for start_position 379 and length 94
Passed for start_position 379 and length 96
Passed for start_position 379 and length 98
Passed for start_position 379 and length 100
Passed for start_position 380 and length 2
Passed for start_position 380 and length 4
Passed for start_position 380 and length 6
Passed for start_position 380 and length 8
Passed for start_position 380 and length 10
Passed for start_position 380 and length 12
Passed for start_position 380 and length 14
Passed for start_position 380 and length 16
Passed for start_position 380 and length 18
Passed for start_position 380 and length 20
Passed for start_position 380 and length 22
Passed for start_position 380 and length 24
Passed for start_position 380 and length 26
Passed for start_position 380 and length 28
Passed for start_position 380 and length 30
Passed for start_position 380 and length 32
Passed for start_position 380 and length 34
Passed for start_position 380 and length 36
Passed for start_position 380 and length 38
Passed for start_position 380 and length 40
Passed for start_position 380 and length 42
Passed for start_position 380 and length 44
Passed for start_position 380 and length 46
Passed for start_position 380 and length 48
Passed for start_position 380 and length 50
Passed for start_position 380 and length 52
Passed for start_position 380 and length 54
Passed for start_position 380 and length 56
Passed for start_position 380 and length 58
Passed for start_position 380 and length 60
Passed for start_position 380 and length 62
Passed for start_position 380 and length 64
Passed for start_position 380 and length 66
Passed for start_position 380 and length 68
Passed for start_position 380 and length 70
Passed for start_position 380 and length 72
Passed for start_position 380 and length 74
Passed for start_position 380 and length 76
Passed for start_position 380 and length 78
Passed for start_position 380 and length 80
Passed for start_position 380 and length 82
Passed for start_position 380 and length 84
Passed for start_position 380 and length 86
Passed for start_position 380 and length 88
Passed for start_position 380 and length 90
Passed for start_position 380 and length 92
Passed for start_position 380 and length 94
Passed for start_position 380 and length 96
Passed for start_position 380 and length 98
Passed for start_position 380 and length 100
Passed for start_position 381 and length 2
Passed for start_position 381 and length 4
Passed for start_position 381 and length 6
Passed for start_position 381 and length 8
Passed for start_position 381 and length 10
Passed for start_position 381 and length 12
Passed for start_position 381 and length 14
Passed for start_position 381 and length 16
Passed for start_position 381 and length 18
Passed for start_position 381 and length 20
Passed for start_position 381 and length 22
Passed for start_position 381 and length 24
Passed for start_position 381 and length 26
Passed for start_position 381 and length 28
Passed for start_position 381 and length 30
Passed for start_position 381 and length 32
Passed for start_position 381 and length 34
Passed for start_position 381 and length 36
Passed for start_position 381 and length 38
Passed for start_position 381 and length 40
Passed for start_position 381 and length 42
Passed for start_position 381 and length 44
Passed for start_position 381 and length 46
Passed for start_position 381 and length 48
Passed for start_position 381 and length 50
Passed for start_position 381 and length 52
Passed for start_position 381 and length 54
Passed for start_position 381 and length 56
Passed for start_position 381 and length 58
Passed for start_position 381 and length 60
Passed for start_position 381 and length 62
Passed for start_position 381 and length 64
Passed for start_position 381 and length 66
Passed for start_position 381 and length 68
Passed for start_position 381 and length 70
Passed for start_position 381 and length 72
Passed for start_position 381 and length 74
Passed for start_position 381 and length 76
Passed for start_position 381 and length 78
Passed for start_position 381 and length 80
Passed for start_position 381 and length 82
Passed for start_position 381 and length 84
Passed for start_position 381 and length 86
Passed for start_position 381 and length 88
Passed for start_position 381 and length 90
Passed for start_position 381 and length 92
Passed for start_position 381 and length 94
Passed for start_position 381 and length 96
Passed for start_position 381 and length 98
Passed for start_position 381 and length 100
Passed for start_position 382 and length 2
Passed for start_position 382 and length 4
Passed for start_position 382 and length 6
Passed for start_position 382 and length 8
Passed for start_position 382 and length 10
Passed for start_position 382 and length 12
Passed for start_position 382 and length 14
Passed for start_position 382 and length 16
Passed for start_position 382 and length 18
Passed for start_position 382 and length 20
Passed for start_position 382 and length 22
Passed for start_position 382 and length 24
Passed for start_position 382 and length 26
Passed for start_position 382 and length 28
Passed for start_position 382 and length 30
Passed for start_position 382 and length 32
Passed for start_position 382 and length 34
Passed for start_position 382 and length 36
Passed for start_position 382 and length 38
Passed for start_position 382 and length 40
Passed for start_position 382 and length 42
Passed for start_position 382 and length 44
Passed for start_position 382 and length 46
Passed for start_position 382 and length 48
Passed for start_position 382 and length 50
Passed for start_position 382 and length 52
Passed for start_position 382 and length 54
Passed for start_position 382 and length 56
Passed for start_position 382 and length 58
Passed for start_position 382 and length 60
Passed for start_position 382 and length 62
Passed for start_position 382 and length 64
Passed for start_position 382 and length 66
Passed for start_position 382 and length 68
Passed for start_position 382 and length 70
Passed for start_position 382 and length 72
Passed for start_position 382 and length 74
Passed for start_position 382 and length 76
Passed for start_position 382 and length 78
Passed for start_position 382 and length 80
Passed for start_position 382 and length 82
Passed for start_position 382 and length 84
Passed for start_position 382 and length 86
Passed for start_position 382 and length 88
Passed for start_position 382 and length 90
Passed for start_position 382 and length 92
Passed for start_position 382 and length 94
Passed for start_position 382 and length 96
Passed for start_position 382 and length 98
Passed for start_position 382 and length 100
Passed for start_position 383 and length 2
Passed for start_position 383 and length 4
Passed for start_position 383 and length 6
Passed for start_position 383 and length 8
Passed for start_position 383 and length 10
Passed for start_position 383 and length 12
Passed for start_position 383 and length 14
Passed for start_position 383 and length 16
Passed for start_position 383 and length 18
Passed for start_position 383 and length 20
Passed for start_position 383 and length 22
Passed for start_position 383 and length 24
Passed for start_position 383 and length 26
Passed for start_position 383 and length 28
Passed for start_position 383 and length 30
Passed for start_position 383 and length 32
Passed for start_position 383 and length 34
Passed for start_position 383 and length 36
Passed for start_position 383 and length 38
Passed for start_position 383 and length 40
Passed for start_position 383 and length 42
Passed for start_position 383 and length 44
Passed for start_position 383 and length 46
Passed for start_position 383 and length 48
Passed for start_position 383 and length 50
Passed for start_position 383 and length 52
Passed for start_position 383 and length 54
Passed for start_position 383 and length 56
Passed for start_position 383 and length 58
Passed for start_position 383 and length 60
Passed for start_position 383 and length 62
Passed for start_position 383 and length 64
Passed for start_position 383 and length 66
Passed for start_position 383 and length 68
Passed for start_position 383 and length 70
Passed for start_position 383 and length 72
Passed for start_position 383 and length 74
Passed for start_position 383 and length 76
Passed for start_position 383 and length 78
Passed for start_position 383 and length 80
Passed for start_position 383 and length 82
Passed for start_position 383 and length 84
Passed for start_position 383 and length 86
Passed for start_position 383 and length 88
Passed for start_position 383 and length 90
Passed for start_position 383 and length 92
Passed for start_position 383 and length 94
Passed for start_position 383 and length 96
Passed for start_position 383 and length 98
Passed for start_position 383 and length 100
Passed for start_position 384 and length 2
Passed for start_position 384 and length 4
Passed for start_position 384 and length 6
Passed for start_position 384 and length 8
Passed for start_position 384 and length 10
Passed for start_position 384 and length 12
Passed for start_position 384 and length 14
Passed for start_position 384 and length 16
Passed for start_position 384 and length 18
Passed for start_position 384 and length 20
Passed for start_position 384 and length 22
Passed for start_position 384 and length 24
Passed for start_position 384 and length 26
Passed for start_position 384 and length 28
Passed for start_position 384 and length 30
Passed for start_position 384 and length 32
Passed for start_position 384 and length 34
Passed for start_position 384 and length 36
Passed for start_position 384 and length 38
Passed for start_position 384 and length 40
Passed for start_position 384 and length 42
Passed for start_position 384 and length 44
Passed for start_position 384 and length 46
Passed for start_position 384 and length 48
Passed for start_position 384 and length 50
Passed for start_position 384 and length 52
Passed for start_position 384 and length 54
Passed for start_position 384 and length 56
Passed for start_position 384 and length 58
Passed for start_position 384 and length 60
Passed for start_position 384 and length 62
Passed for start_position 384 and length 64
Passed for start_position 384 and length 66
Passed for start_position 384 and length 68
Passed for start_position 384 and length 70
Passed for start_position 384 and length 72
Passed for start_position 384 and length 74
Passed for start_position 384 and length 76
Passed for start_position 384 and length 78
Passed for start_position 384 and length 80
Passed for start_position 384 and length 82
Passed for start_position 384 and length 84
Passed for start_position 384 and length 86
Passed for start_position 384 and length 88
Passed for start_position 384 and length 90
Passed for start_position 384 and length 92
Passed for start_position 384 and length 94
Passed for start_position 384 and length 96
Passed for start_position 384 and length 98
Passed for start_position 384 and length 100
Passed for start_position 385 and length 2
Passed for start_position 385 and length 4
Passed for start_position 385 and length 6
Passed for start_position 385 and length 8
Passed for start_position 385 and length 10
Passed for start_position 385 and length 12
Passed for start_position 385 and length 14
Passed for start_position 385 and length 16
Passed for start_position 385 and length 18
Passed for start_position 385 and length 20
Passed for start_position 385 and length 22
Passed for start_position 385 and length 24
Passed for start_position 385 and length 26
Passed for start_position 385 and length 28
Passed for start_position 385 and length 30
Passed for start_position 385 and length 32
Passed for start_position 385 and length 34
Passed for start_position 385 and length 36
Passed for start_position 385 and length 38
Passed for start_position 385 and length 40
Passed for start_position 385 and length 42
Passed for start_position 385 and length 44
Passed for start_position 385 and length 46
Passed for start_position 385 and length 48
Passed for start_position 385 and length 50
Passed for start_position 385 and length 52
Passed for start_position 385 and length 54
Passed for start_position 385 and length 56
Passed for start_position 385 and length 58
Passed for start_position 385 and length 60
Passed for start_position 385 and length 62
Passed for start_position 385 and length 64
Passed for start_position 385 and length 66
Passed for start_position 385 and length 68
Passed for start_position 385 and length 70
Passed for start_position 385 and length 72
Passed for start_position 385 and length 74
Passed for start_position 385 and length 76
Passed for start_position 385 and length 78
Passed for start_position 385 and length 80
Passed for start_position 385 and length 82
Passed for start_position 385 and length 84
Passed for start_position 385 and length 86
Passed for start_position 385 and length 88
Passed for start_position 385 and length 90
Passed for start_position 385 and length 92
Passed for start_position 385 and length 94
Passed for start_position 385 and length 96
Passed for start_position 385 and length 98
Passed for start_position 385 and length 100
Passed for start_position 386 and length 2
Passed for start_position 386 and length 4
Passed for start_position 386 and length 6
Passed for start_position 386 and length 8
Passed for start_position 386 and length 10
Passed for start_position 386 and length 12
Passed for start_position 386 and length 14
Passed for start_position 386 and length 16
Passed for start_position 386 and length 18
Passed for start_position 386 and length 20
Passed for start_position 386 and length 22
Passed for start_position 386 and length 24
Passed for start_position 386 and length 26
Passed for start_position 386 and length 28
Passed for start_position 386 and length 30
Passed for start_position 386 and length 32
Passed for start_position 386 and length 34
Passed for start_position 386 and length 36
Passed for start_position 386 and length 38
Passed for start_position 386 and length 40
Passed for start_position 386 and length 42
Passed for start_position 386 and length 44
Passed for start_position 386 and length 46
Passed for start_position 386 and length 48
Passed for start_position 386 and length 50
Passed for start_position 386 and length 52
Passed for start_position 386 and length 54
Passed for start_position 386 and length 56
Passed for start_position 386 and length 58
Passed for start_position 386 and length 60
Passed for start_position 386 and length 62
Passed for start_position 386 and length 64
Passed for start_position 386 and length 66
Passed for start_position 386 and length 68
Passed for start_position 386 and length 70
Passed for start_position 386 and length 72
Passed for start_position 386 and length 74
Passed for start_position 386 and length 76
Passed for start_position 386 and length 78
Passed for start_position 386 and length 80
Passed for start_position 386 and length 82
Passed for start_position 386 and length 84
Passed for start_position 386 and length 86
Passed for start_position 386 and length 88
Passed for start_position 386 and length 90
Passed for start_position 386 and length 92
Passed for start_position 386 and length 94
Passed for start_position 386 and length 96
Passed for start_position 386 and length 98
Passed for start_position 386 and length 100
Passed for start_position 387 and length 2
Passed for start_position 387 and length 4
Passed for start_position 387 and length 6
Passed for start_position 387 and length 8
Passed for start_position 387 and length 10
Passed for start_position 387 and length 12
Passed for start_position 387 and length 14
Passed for start_position 387 and length 16
Passed for start_position 387 and length 18
Passed for start_position 387 and length 20
Passed for start_position 387 and length 22
Passed for start_position 387 and length 24
Passed for start_position 387 and length 26
Passed for start_position 387 and length 28
Passed for start_position 387 and length 30
Passed for start_position 387 and length 32
Passed for start_position 387 and length 34
Passed for start_position 387 and length 36
Passed for start_position 387 and length 38
Passed for start_position 387 and length 40
Passed for start_position 387 and length 42
Passed for start_position 387 and length 44
Passed for start_position 387 and length 46
Passed for start_position 387 and length 48
Passed for start_position 387 and length 50
Passed for start_position 387 and length 52
Passed for start_position 387 and length 54
Passed for start_position 387 and length 56
Passed for start_position 387 and length 58
Passed for start_position 387 and length 60
Passed for start_position 387 and length 62
Passed for start_position 387 and length 64
Passed for start_position 387 and length 66
Passed for start_position 387 and length 68
Passed for start_position 387 and length 70
Passed for start_position 387 and length 72
Passed for start_position 387 and length 74
Passed for start_position 387 and length 76
Passed for start_position 387 and length 78
Passed for start_position 387 and length 80
Passed for start_position 387 and length 82
Passed for start_position 387 and length 84
Passed for start_position 387 and length 86
Passed for start_position 387 and length 88
Passed for start_position 387 and length 90
Passed for start_position 387 and length 92
Passed for start_position 387 and length 94
Passed for start_position 387 and length 96
Passed for start_position 387 and length 98
Passed for start_position 387 and length 100
Passed for start_position 388 and length 2
Passed for start_position 388 and length 4
Passed for start_position 388 and length 6
Passed for start_position 388 and length 8
Passed for start_position 388 and length 10
Passed for start_position 388 and length 12
Passed for start_position 388 and length 14
Passed for start_position 388 and length 16
Passed for start_position 388 and length 18
Passed for start_position 388 and length 20
Passed for start_position 388 and length 22
Passed for start_position 388 and length 24
Passed for start_position 388 and length 26
Passed for start_position 388 and length 28
Passed for start_position 388 and length 30
Passed for start_position 388 and length 32
Passed for start_position 388 and length 34
Passed for start_position 388 and length 36
Passed for start_position 388 and length 38
Passed for start_position 388 and length 40
Passed for start_position 388 and length 42
Passed for start_position 388 and length 44
Passed for start_position 388 and length 46
Passed for start_position 388 and length 48
Passed for start_position 388 and length 50
Passed for start_position 388 and length 52
Passed for start_position 388 and length 54
Passed for start_position 388 and length 56
Passed for start_position 388 and length 58
Passed for start_position 388 and length 60
Passed for start_position 388 and length 62
Passed for start_position 388 and length 64
Passed for start_position 388 and length 66
Passed for start_position 388 and length 68
Passed for start_position 388 and length 70
Passed for start_position 388 and length 72
Passed for start_position 388 and length 74
Passed for start_position 388 and length 76
Passed for start_position 388 and length 78
Passed for start_position 388 and length 80
Passed for start_position 388 and length 82
Passed for start_position 388 and length 84
Passed for start_position 388 and length 86
Passed for start_position 388 and length 88
Passed for start_position 388 and length 90
Passed for start_position 388 and length 92
Passed for start_position 388 and length 94
Passed for start_position 388 and length 96
Passed for start_position 388 and length 98
Passed for start_position 388 and length 100
Passed for start_position 389 and length 2
Passed for start_position 389 and length 4
Passed for start_position 389 and length 6
Passed for start_position 389 and length 8
Passed for start_position 389 and length 10
Passed for start_position 389 and length 12
Passed for start_position 389 and length 14
Passed for start_position 389 and length 16
Passed for start_position 389 and length 18
Passed for start_position 389 and length 20
Passed for start_position 389 and length 22
Passed for start_position 389 and length 24
Passed for start_position 389 and length 26
Passed for start_position 389 and length 28
Passed for start_position 389 and length 30
Passed for start_position 389 and length 32
Passed for start_position 389 and length 34
Passed for start_position 389 and length 36
Passed for start_position 389 and length 38
Passed for start_position 389 and length 40
Passed for start_position 389 and length 42
Passed for start_position 389 and length 44
Passed for start_position 389 and length 46
Passed for start_position 389 and length 48
Passed for start_position 389 and length 50
Passed for start_position 389 and length 52
Passed for start_position 389 and length 54
Passed for start_position 389 and length 56
Passed for start_position 389 and length 58
Passed for start_position 389 and length 60
Passed for start_position 389 and length 62
Passed for start_position 389 and length 64
Passed for start_position 389 and length 66
Passed for start_position 389 and length 68
Passed for start_position 389 and length 70
Passed for start_position 389 and length 72
Passed for start_position 389 and length 74
Passed for start_position 389 and length 76
Passed for start_position 389 and length 78
Passed for start_position 389 and length 80
Passed for start_position 389 and length 82
Passed for start_position 389 and length 84
Passed for start_position 389 and length 86
Passed for start_position 389 and length 88
Passed for start_position 389 and length 90
Passed for start_position 389 and length 92
Passed for start_position 389 and length 94
Passed for start_position 389 and length 96
Passed for start_position 389 and length 98
Passed for start_position 389 and length 100
Passed for start_position 390 and length 2
Passed for start_position 390 and length 4
Passed for start_position 390 and length 6
Passed for start_position 390 and length 8
Passed for start_position 390 and length 10
Passed for start_position 390 and length 12
Passed for start_position 390 and length 14
Passed for start_position 390 and length 16
Passed for start_position 390 and length 18
Passed for start_position 390 and length 20
Passed for start_position 390 and length 22
Passed for start_position 390 and length 24
Passed for start_position 390 and length 26
Passed for start_position 390 and length 28
Passed for start_position 390 and length 30
Passed for start_position 390 and length 32
Passed for start_position 390 and length 34
Passed for start_position 390 and length 36
Passed for start_position 390 and length 38
Passed for start_position 390 and length 40
Passed for start_position 390 and length 42
Passed for start_position 390 and length 44
Passed for start_position 390 and length 46
Passed for start_position 390 and length 48
Passed for start_position 390 and length 50
Passed for start_position 390 and length 52
Passed for start_position 390 and length 54
Passed for start_position 390 and length 56
Passed for start_position 390 and length 58
Passed for start_position 390 and length 60
Passed for start_position 390 and length 62
Passed for start_position 390 and length 64
Passed for start_position 390 and length 66
Passed for start_position 390 and length 68
Passed for start_position 390 and length 70
Passed for start_position 390 and length 72
Passed for start_position 390 and length 74
Passed for start_position 390 and length 76
Passed for start_position 390 and length 78
Passed for start_position 390 and length 80
Passed for start_position 390 and length 82
Passed for start_position 390 and length 84
Passed for start_position 390 and length 86
Passed for start_position 390 and length 88
Passed for start_position 390 and length 90
Passed for start_position 390 and length 92
Passed for start_position 390 and length 94
Passed for start_position 390 and length 96
Passed for start_position 390 and length 98
Passed for start_position 390 and length 100
Passed for start_position 391 and length 2
Passed for start_position 391 and length 4
Passed for start_position 391 and length 6
Passed for start_position 391 and length 8
Passed for start_position 391 and length 10
Passed for start_position 391 and length 12
Passed for start_position 391 and length 14
Passed for start_position 391 and length 16
Passed for start_position 391 and length 18
Passed for start_position 391 and length 20
Passed for start_position 391 and length 22
Passed for start_position 391 and length 24
Passed for start_position 391 and length 26
Passed for start_position 391 and length 28
Passed for start_position 391 and length 30
Passed for start_position 391 and length 32
Passed for start_position 391 and length 34
Passed for start_position 391 and length 36
Passed for start_position 391 and length 38
Passed for start_position 391 and length 40
Passed for start_position 391 and length 42
Passed for start_position 391 and length 44
Passed for start_position 391 and length 46
Passed for start_position 391 and length 48
Passed for start_position 391 and length 50
Passed for start_position 391 and length 52
Passed for start_position 391 and length 54
Passed for start_position 391 and length 56
Passed for start_position 391 and length 58
Passed for start_position 391 and length 60
Passed for start_position 391 and length 62
Passed for start_position 391 and length 64
Passed for start_position 391 and length 66
Passed for start_position 391 and length 68
Passed for start_position 391 and length 70
Passed for start_position 391 and length 72
Passed for start_position 391 and length 74
Passed for start_position 391 and length 76
Passed for start_position 391 and length 78
Passed for start_position 391 and length 80
Passed for start_position 391 and length 82
Passed for start_position 391 and length 84
Passed for start_position 391 and length 86
Passed for start_position 391 and length 88
Passed for start_position 391 and length 90
Passed for start_position 391 and length 92
Passed for start_position 391 and length 94
Passed for start_position 391 and length 96
Passed for start_position 391 and length 98
Passed for start_position 391 and length 100
Passed for start_position 392 and length 2
Passed for start_position 392 and length 4
Passed for start_position 392 and length 6
Passed for start_position 392 and length 8
Passed for start_position 392 and length 10
Passed for start_position 392 and length 12
Passed for start_position 392 and length 14
Passed for start_position 392 and length 16
Passed for start_position 392 and length 18
Passed for start_position 392 and length 20
Passed for start_position 392 and length 22
Passed for start_position 392 and length 24
Passed for start_position 392 and length 26
Passed for start_position 392 and length 28
Passed for start_position 392 and length 30
Passed for start_position 392 and length 32
Passed for start_position 392 and length 34
Passed for start_position 392 and length 36
Passed for start_position 392 and length 38
Passed for start_position 392 and length 40
Passed for start_position 392 and length 42
Passed for start_position 392 and length 44
Passed for start_position 392 and length 46
Passed for start_position 392 and length 48
Passed for start_position 392 and length 50
Passed for start_position 392 and length 52
Passed for start_position 392 and length 54
Passed for start_position 392 and length 56
Passed for start_position 392 and length 58
Passed for start_position 392 and length 60
Passed for start_position 392 and length 62
Passed for start_position 392 and length 64
Passed for start_position 392 and length 66
Passed for start_position 392 and length 68
Passed for start_position 392 and length 70
Passed for start_position 392 and length 72
Passed for start_position 392 and length 74
Passed for start_position 392 and length 76
Passed for start_position 392 and length 78
Passed for start_position 392 and length 80
Passed for start_position 392 and length 82
Passed for start_position 392 and length 84
Passed for start_position 392 and length 86
Passed for start_position 392 and length 88
Passed for start_position 392 and length 90
Passed for start_position 392 and length 92
Passed for start_position 392 and length 94
Passed for start_position 392 and length 96
Passed for start_position 392 and length 98
Passed for start_position 392 and length 100
Passed for start_position 393 and length 2
Passed for start_position 393 and length 4
Passed for start_position 393 and length 6
Passed for start_position 393 and length 8
Passed for start_position 393 and length 10
Passed for start_position 393 and length 12
Passed for start_position 393 and length 14
Passed for start_position 393 and length 16
Passed for start_position 393 and length 18
Passed for start_position 393 and length 20
Passed for start_position 393 and length 22
Passed for start_position 393 and length 24
Passed for start_position 393 and length 26
Passed for start_position 393 and length 28
Passed for start_position 393 and length 30
Passed for start_position 393 and length 32
Passed for start_position 393 and length 34
Passed for start_position 393 and length 36
Passed for start_position 393 and length 38
Passed for start_position 393 and length 40
Passed for start_position 393 and length 42
Passed for start_position 393 and length 44
Passed for start_position 393 and length 46
Passed for start_position 393 and length 48
Passed for start_position 393 and length 50
Passed for start_position 393 and length 52
Passed for start_position 393 and length 54
Passed for start_position 393 and length 56
Passed for start_position 393 and length 58
Passed for start_position 393 and length 60
Passed for start_position 393 and length 62
Passed for start_position 393 and length 64
Passed for start_position 393 and length 66
Passed for start_position 393 and length 68
Passed for start_position 393 and length 70
Passed for start_position 393 and length 72
Passed for start_position 393 and length 74
Passed for start_position 393 and length 76
Passed for start_position 393 and length 78
Passed for start_position 393 and length 80
Passed for start_position 393 and length 82
Passed for start_position 393 and length 84
Passed for start_position 393 and length 86
Passed for start_position 393 and length 88
Passed for start_position 393 and length 90
Passed for start_position 393 and length 92
Passed for start_position 393 and length 94
Passed for start_position 393 and length 96
Passed for start_position 393 and length 98
Passed for start_position 393 and length 100
Passed for start_position 394 and length 2
Passed for start_position 394 and length 4
Passed for start_position 394 and length 6
Passed for start_position 394 and length 8
Passed for start_position 394 and length 10
Passed for start_position 394 and length 12
Passed for start_position 394 and length 14
Passed for start_position 394 and length 16
Passed for start_position 394 and length 18
Passed for start_position 394 and length 20
Passed for start_position 394 and length 22
Passed for start_position 394 and length 24
Passed for start_position 394 and length 26
Passed for start_position 394 and length 28
Passed for start_position 394 and length 30
Passed for start_position 394 and length 32
Passed for start_position 394 and length 34
Passed for start_position 394 and length 36
Passed for start_position 394 and length 38
Passed for start_position 394 and length 40
Passed for start_position 394 and length 42
Passed for start_position 394 and length 44
Passed for start_position 394 and length 46
Passed for start_position 394 and length 48
Passed for start_position 394 and length 50
Passed for start_position 394 and length 52
Passed for start_position 394 and length 54
Passed for start_position 394 and length 56
Passed for start_position 394 and length 58
Passed for start_position 394 and length 60
Passed for start_position 394 and length 62
Passed for start_position 394 and length 64
Passed for start_position 394 and length 66
Passed for start_position 394 and length 68
Passed for start_position 394 and length 70
Passed for start_position 394 and length 72
Passed for start_position 394 and length 74
Passed for start_position 394 and length 76
Passed for start_position 394 and length 78
Passed for start_position 394 and length 80
Passed for start_position 394 and length 82
Passed for start_position 394 and length 84
Passed for start_position 394 and length 86
Passed for start_position 394 and length 88
Passed for start_position 394 and length 90
Passed for start_position 394 and length 92
Passed for start_position 394 and length 94
Passed for start_position 394 and length 96
Passed for start_position 394 and length 98
Passed for start_position 394 and length 100
Passed for start_position 395 and length 2
Passed for start_position 395 and length 4
Passed for start_position 395 and length 6
Passed for start_position 395 and length 8
Passed for start_position 395 and length 10
Passed for start_position 395 and length 12
Passed for start_position 395 and length 14
Passed for start_position 395 and length 16
Passed for start_position 395 and length 18
Passed for start_position 395 and length 20
Passed for start_position 395 and length 22
Passed for start_position 395 and length 24
Passed for start_position 395 and length 26
Passed for start_position 395 and length 28
Passed for start_position 395 and length 30
Passed for start_position 395 and length 32
Passed for start_position 395 and length 34
Passed for start_position 395 and length 36
Passed for start_position 395 and length 38
Passed for start_position 395 and length 40
Passed for start_position 395 and length 42
Passed for start_position 395 and length 44
Passed for start_position 395 and length 46
Passed for start_position 395 and length 48
Passed for start_position 395 and length 50
Passed for start_position 395 and length 52
Passed for start_position 395 and length 54
Passed for start_position 395 and length 56
Passed for start_position 395 and length 58
Passed for start_position 395 and length 60
Passed for start_position 395 and length 62
Passed for start_position 395 and length 64
Passed for start_position 395 and length 66
Passed for start_position 395 and length 68
Passed for start_position 395 and length 70
Passed for start_position 395 and length 72
Passed for start_position 395 and length 74
Passed for start_position 395 and length 76
Passed for start_position 395 and length 78
Passed for start_position 395 and length 80
Passed for start_position 395 and length 82
Passed for start_position 395 and length 84
Passed for start_position 395 and length 86
Passed for start_position 395 and length 88
Passed for start_position 395 and length 90
Passed for start_position 395 and length 92
Passed for start_position 395 and length 94
Passed for start_position 395 and length 96
Passed for start_position 395 and length 98
Passed for start_position 395 and length 100
Passed for start_position 396 and length 2
Passed for start_position 396 and length 4
Passed for start_position 396 and length 6
Passed for start_position 396 and length 8
Passed for start_position 396 and length 10
Passed for start_position 396 and length 12
Passed for start_position 396 and length 14
Passed for start_position 396 and length 16
Passed for start_position 396 and length 18
Passed for start_position 396 and length 20
Passed for start_position 396 and length 22
Passed for start_position 396 and length 24
Passed for start_position 396 and length 26
Passed for start_position 396 and length 28
Passed for start_position 396 and length 30
Passed for start_position 396 and length 32
Passed for start_position 396 and length 34
Passed for start_position 396 and length 36
Passed for start_position 396 and length 38
Passed for start_position 396 and length 40
Passed for start_position 396 and length 42
Passed for start_position 396 and length 44
Passed for start_position 396 and length 46
Passed for start_position 396 and length 48
Passed for start_position 396 and length 50
Passed for start_position 396 and length 52
Passed for start_position 396 and length 54
Passed for start_position 396 and length 56
Passed for start_position 396 and length 58
Passed for start_position 396 and length 60
Passed for start_position 396 and length 62
Passed for start_position 396 and length 64
Passed for start_position 396 and length 66
Passed for start_position 396 and length 68
Passed for start_position 396 and length 70
Passed for start_position 396 and length 72
Passed for start_position 396 and length 74
Passed for start_position 396 and length 76
Passed for start_position 396 and length 78
Passed for start_position 396 and length 80
Passed for start_position 396 and length 82
Passed for start_position 396 and length 84
Passed for start_position 396 and length 86
Passed for start_position 396 and length 88
Passed for start_position 396 and length 90
Passed for start_position 396 and length 92
Passed for start_position 396 and length 94
Passed for start_position 396 and length 96
Passed for start_position 396 and length 98
Passed for start_position 396 and length 100
Passed for start_position 397 and length 2
Passed for start_position 397 and length 4
Passed for start_position 397 and length 6
Passed for start_position 397 and length 8
Passed for start_position 397 and length 10
Passed for start_position 397 and length 12
Passed for start_position 397 and length 14
Passed for start_position 397 and length 16
Passed for start_position 397 and length 18
Passed for start_position 397 and length 20
Passed for start_position 397 and length 22
Passed for start_position 397 and length 24
Passed for start_position 397 and length 26
Passed for start_position 397 and length 28
Passed for start_position 397 and length 30
Passed for start_position 397 and length 32
Passed for start_position 397 and length 34
Passed for start_position 397 and length 36
Passed for start_position 397 and length 38
Passed for start_position 397 and length 40
Passed for start_position 397 and length 42
Passed for start_position 397 and length 44
Passed for start_position 397 and length 46
Passed for start_position 397 and length 48
Passed for start_position 397 and length 50
Passed for start_position 397 and length 52
Passed for start_position 397 and length 54
Passed for start_position 397 and length 56
Passed for start_position 397 and length 58
Passed for start_position 397 and length 60
Passed for start_position 397 and length 62
Passed for start_position 397 and length 64
Passed for start_position 397 and length 66
Passed for start_position 397 and length 68
Passed for start_position 397 and length 70
Passed for start_position 397 and length 72
Passed for start_position 397 and length 74
Passed for start_position 397 and length 76
Passed for start_position 397 and length 78
Passed for start_position 397 and length 80
Passed for start_position 397 and length 82
Passed for start_position 397 and length 84
Passed for start_position 397 and length 86
Passed for start_position 397 and length 88
Passed for start_position 397 and length 90
Passed for start_position 397 and length 92
Passed for start_position 397 and length 94
Passed for start_position 397 and length 96
Passed for start_position 397 and length 98
Passed for start_position 397 and length 100
Passed for start_position 398 and length 2
Passed for start_position 398 and length 4
Passed for start_position 398 and length 6
Passed for start_position 398 and length 8
Passed for start_position 398 and length 10
Passed for start_position 398 and length 12
Passed for start_position 398 and length 14
Passed for start_position 398 and length 16
Passed for start_position 398 and length 18
Passed for start_position 398 and length 20
Passed for start_position 398 and length 22
Passed for start_position 398 and length 24
Passed for start_position 398 and length 26
Passed for start_position 398 and length 28
Passed for start_position 398 and length 30
Passed for start_position 398 and length 32
Passed for start_position 398 and length 34
Passed for start_position 398 and length 36
Passed for start_position 398 and length 38
Passed for start_position 398 and length 40
Passed for start_position 398 and length 42
Passed for start_position 398 and length 44
Passed for start_position 398 and length 46
Passed for start_position 398 and length 48
Passed for start_position 398 and length 50
Passed for start_position 398 and length 52
Passed for start_position 398 and length 54
Passed for start_position 398 and length 56
Passed for start_position 398 and length 58
Passed for start_position 398 and length 60
Passed for start_position 398 and length 62
Passed for start_position 398 and length 64
Passed for start_position 398 and length 66
Passed for start_position 398 and length 68
Passed for start_position 398 and length 70
Passed for start_position 398 and length 72
Passed for start_position 398 and length 74
Passed for start_position 398 and length 76
Passed for start_position 398 and length 78
Passed for start_position 398 and length 80
Passed for start_position 398 and length 82
Passed for start_position 398 and length 84
Passed for start_position 398 and length 86
Passed for start_position 398 and length 88
Passed for start_position 398 and length 90
Passed for start_position 398 and length 92
Passed for start_position 398 and length 94
Passed for start_position 398 and length 96
Passed for start_position 398 and length 98
Passed for start_position 398 and length 100
Passed for start_position 399 and length 2
Passed for start_position 399 and length 4
Passed for start_position 399 and length 6
Error for start_position 399 and length 8: Movement 1 not in dictionary
Error for start_position 399 and length 10: Movement -1 not in dictionary
Passed for start_position 399 and length 12
Error for start_position 399 and length 14: Movement 1 not in dictionary
Passed for start_position 399 and length 16
Error for start_position 399 and length 18: Movement -1 not in dictionary
Error for start_position 399 and length 20: Movement 1 not in dictionary
Error for start_position 399 and length 22: Movement 1 not in dictionary
Passed for start_position 399 and length 24
Error for start_position 399 and length 26: Movement -1 not in dictionary
Passed for start_position 399 and length 28
Error for start_position 399 and length 30: Movement -1 not in dictionary
Passed for start_position 399 and length 32
Passed for start_position 399 and length 34
Error for start_position 399 and length 36: Movement -1 not in dictionary
Error for start_position 399 and length 38: Movement 1 not in dictionary
Error for start_position 399 and length 40: Movement 1 not in dictionary
Error for start_position 399 and length 42: Movement -1 not in dictionary
Passed for start_position 399 and length 44
Passed for start_position 399 and length 46
Error for start_position 399 and length 48: Movement 1 not in dictionary
Passed for start_position 399 and length 50
Error for start_position 399 and length 52: Movement -1 not in dictionary
Passed for start_position 399 and length 54
Passed for start_position 399 and length 56
Error for start_position 399 and length 58: Movement 1 not in dictionary
Passed for start_position 399 and length 60
Error for start_position 399 and length 62: Movement -1 not in dictionary
Passed for start_position 399 and length 64
Passed for start_position 399 and length 66
Error for start_position 399 and length 68: Movement -1 not in dictionary
Error for start_position 399 and length 70: Movement 1 not in dictionary
Passed for start_position 399 and length 72
Passed for start_position 399 and length 74
Passed for start_position 399 and length 76
Passed for start_position 399 and length 78
Passed for start_position 399 and length 80
Passed for start_position 399 and length 82
Error for start_position 399 and length 84: Movement 1 not in dictionary
Passed for start_position 399 and length 86
Passed for start_position 399 and length 88
Passed for start_position 399 and length 90
Error for start_position 399 and length 92: Movement 1 not in dictionary
Passed for start_position 399 and length 94
Error for start_position 399 and length 96: Movement -1 not in dictionary
Error for start_position 399 and length 98: Movement -1 not in dictionary
Passed for start_position 399 and length 100
Passed for start_position 400 and length 2
Passed for start_position 400 and length 4
Passed for start_position 400 and length 6
Passed for start_position 400 and length 8
Passed for start_position 400 and length 10
Passed for start_position 400 and length 12
Passed for start_position 400 and length 14
Passed for start_position 400 and length 16
Passed for start_position 400 and length 18
Passed for start_position 400 and length 20
Passed for start_position 400 and length 22
Passed for start_position 400 and length 24
Passed for start_position 400 and length 26
Passed for start_position 400 and length 28
Passed for start_position 400 and length 30
Passed for start_position 400 and length 32
Passed for start_position 400 and length 34
Passed for start_position 400 and length 36
Passed for start_position 400 and length 38
Passed for start_position 400 and length 40
Passed for start_position 400 and length 42
Passed for start_position 400 and length 44
Passed for start_position 400 and length 46
Passed for start_position 400 and length 48
Passed for start_position 400 and length 50
Passed for start_position 400 and length 52
Passed for start_position 400 and length 54
Passed for start_position 400 and length 56
Passed for start_position 400 and length 58
Passed for start_position 400 and length 60
Passed for start_position 400 and length 62
Passed for start_position 400 and length 64
Passed for start_position 400 and length 66
Passed for start_position 400 and length 68
Passed for start_position 400 and length 70
Passed for start_position 400 and length 72
Passed for start_position 400 and length 74
Passed for start_position 400 and length 76
Passed for start_position 400 and length 78
Passed for start_position 400 and length 80
Passed for start_position 400 and length 82
Passed for start_position 400 and length 84
Passed for start_position 400 and length 86
Passed for start_position 400 and length 88
Passed for start_position 400 and length 90
Passed for start_position 400 and length 92
Passed for start_position 400 and length 94
Passed for start_position 400 and length 96
Passed for start_position 400 and length 98
Passed for start_position 400 and length 100
Passed for start_position 401 and length 2
Passed for start_position 401 and length 4
Passed for start_position 401 and length 6
Passed for start_position 401 and length 8
Passed for start_position 401 and length 10
Passed for start_position 401 and length 12
Passed for start_position 401 and length 14
Passed for start_position 401 and length 16
Passed for start_position 401 and length 18
Passed for start_position 401 and length 20
Passed for start_position 401 and length 22
Passed for start_position 401 and length 24
Passed for start_position 401 and length 26
Passed for start_position 401 and length 28
Passed for start_position 401 and length 30
Passed for start_position 401 and length 32
Passed for start_position 401 and length 34
Passed for start_position 401 and length 36
Passed for start_position 401 and length 38
Passed for start_position 401 and length 40
Passed for start_position 401 and length 42
Passed for start_position 401 and length 44
Passed for start_position 401 and length 46
Passed for start_position 401 and length 48
Passed for start_position 401 and length 50
Passed for start_position 401 and length 52
Passed for start_position 401 and length 54
Passed for start_position 401 and length 56
Passed for start_position 401 and length 58
Passed for start_position 401 and length 60
Passed for start_position 401 and length 62
Passed for start_position 401 and length 64
Passed for start_position 401 and length 66
Passed for start_position 401 and length 68
Passed for start_position 401 and length 70
Passed for start_position 401 and length 72
Passed for start_position 401 and length 74
Passed for start_position 401 and length 76
Passed for start_position 401 and length 78
Passed for start_position 401 and length 80
Passed for start_position 401 and length 82
Passed for start_position 401 and length 84
Passed for start_position 401 and length 86
Passed for start_position 401 and length 88
Passed for start_position 401 and length 90
Passed for start_position 401 and length 92
Passed for start_position 401 and length 94
Passed for start_position 401 and length 96
Passed for start_position 401 and length 98
Passed for start_position 401 and length 100
Passed for start_position 402 and length 2
Passed for start_position 402 and length 4
Passed for start_position 402 and length 6
Passed for start_position 402 and length 8
Passed for start_position 402 and length 10
Passed for start_position 402 and length 12
Passed for start_position 402 and length 14
Passed for start_position 402 and length 16
Passed for start_position 402 and length 18
Passed for start_position 402 and length 20
Passed for start_position 402 and length 22
Passed for start_position 402 and length 24
Passed for start_position 402 and length 26
Passed for start_position 402 and length 28
Passed for start_position 402 and length 30
Passed for start_position 402 and length 32
Passed for start_position 402 and length 34
Passed for start_position 402 and length 36
Passed for start_position 402 and length 38
Passed for start_position 402 and length 40
Passed for start_position 402 and length 42
Passed for start_position 402 and length 44
Passed for start_position 402 and length 46
Passed for start_position 402 and length 48
Passed for start_position 402 and length 50
Passed for start_position 402 and length 52
Passed for start_position 402 and length 54
Passed for start_position 402 and length 56
Passed for start_position 402 and length 58
Passed for start_position 402 and length 60
Passed for start_position 402 and length 62
Passed for start_position 402 and length 64
Passed for start_position 402 and length 66
Passed for start_position 402 and length 68
Passed for start_position 402 and length 70
Passed for start_position 402 and length 72
Passed for start_position 402 and length 74
Passed for start_position 402 and length 76
Passed for start_position 402 and length 78
Passed for start_position 402 and length 80
Passed for start_position 402 and length 82
Passed for start_position 402 and length 84
Passed for start_position 402 and length 86
Passed for start_position 402 and length 88
Passed for start_position 402 and length 90
Passed for start_position 402 and length 92
Passed for start_position 402 and length 94
Passed for start_position 402 and length 96
Passed for start_position 402 and length 98
Passed for start_position 402 and length 100
Passed for start_position 403 and length 2
Passed for start_position 403 and length 4
Passed for start_position 403 and length 6
Passed for start_position 403 and length 8
Passed for start_position 403 and length 10
Passed for start_position 403 and length 12
Passed for start_position 403 and length 14
Passed for start_position 403 and length 16
Passed for start_position 403 and length 18
Passed for start_position 403 and length 20
Passed for start_position 403 and length 22
Passed for start_position 403 and length 24
Passed for start_position 403 and length 26
Passed for start_position 403 and length 28
Passed for start_position 403 and length 30
Passed for start_position 403 and length 32
Passed for start_position 403 and length 34
Passed for start_position 403 and length 36
Passed for start_position 403 and length 38
Passed for start_position 403 and length 40
Passed for start_position 403 and length 42
Passed for start_position 403 and length 44
Passed for start_position 403 and length 46
Passed for start_position 403 and length 48
Passed for start_position 403 and length 50
Passed for start_position 403 and length 52
Passed for start_position 403 and length 54
Passed for start_position 403 and length 56
Passed for start_position 403 and length 58
Passed for start_position 403 and length 60
Passed for start_position 403 and length 62
Passed for start_position 403 and length 64
Passed for start_position 403 and length 66
Passed for start_position 403 and length 68
Passed for start_position 403 and length 70
Passed for start_position 403 and length 72
Passed for start_position 403 and length 74
Passed for start_position 403 and length 76
Passed for start_position 403 and length 78
Passed for start_position 403 and length 80
Passed for start_position 403 and length 82
Passed for start_position 403 and length 84
Passed for start_position 403 and length 86
Passed for start_position 403 and length 88
Passed for start_position 403 and length 90
Passed for start_position 403 and length 92
Passed for start_position 403 and length 94
Passed for start_position 403 and length 96
Passed for start_position 403 and length 98
Passed for start_position 403 and length 100
Passed for start_position 404 and length 2
Passed for start_position 404 and length 4
Passed for start_position 404 and length 6
Passed for start_position 404 and length 8
Passed for start_position 404 and length 10
Passed for start_position 404 and length 12
Passed for start_position 404 and length 14
Passed for start_position 404 and length 16
Passed for start_position 404 and length 18
Passed for start_position 404 and length 20
Passed for start_position 404 and length 22
Passed for start_position 404 and length 24
Passed for start_position 404 and length 26
Passed for start_position 404 and length 28
Passed for start_position 404 and length 30
Passed for start_position 404 and length 32
Passed for start_position 404 and length 34
Passed for start_position 404 and length 36
Passed for start_position 404 and length 38
Passed for start_position 404 and length 40
Passed for start_position 404 and length 42
Passed for start_position 404 and length 44
Passed for start_position 404 and length 46
Passed for start_position 404 and length 48
Passed for start_position 404 and length 50
Passed for start_position 404 and length 52
Passed for start_position 404 and length 54
Passed for start_position 404 and length 56
Passed for start_position 404 and length 58
Passed for start_position 404 and length 60
Passed for start_position 404 and length 62
Passed for start_position 404 and length 64
Passed for start_position 404 and length 66
Passed for start_position 404 and length 68
Passed for start_position 404 and length 70
Passed for start_position 404 and length 72
Passed for start_position 404 and length 74
Passed for start_position 404 and length 76
Passed for start_position 404 and length 78
Passed for start_position 404 and length 80
Passed for start_position 404 and length 82
Passed for start_position 404 and length 84
Passed for start_position 404 and length 86
Passed for start_position 404 and length 88
Passed for start_position 404 and length 90
Passed for start_position 404 and length 92
Passed for start_position 404 and length 94
Passed for start_position 404 and length 96
Passed for start_position 404 and length 98
Passed for start_position 404 and length 100
Passed for start_position 405 and length 2
Passed for start_position 405 and length 4
Passed for start_position 405 and length 6
Passed for start_position 405 and length 8
Passed for start_position 405 and length 10
Passed for start_position 405 and length 12
Passed for start_position 405 and length 14
Passed for start_position 405 and length 16
Passed for start_position 405 and length 18
Passed for start_position 405 and length 20
Passed for start_position 405 and length 22
Passed for start_position 405 and length 24
Passed for start_position 405 and length 26
Passed for start_position 405 and length 28
Passed for start_position 405 and length 30
Passed for start_position 405 and length 32
Passed for start_position 405 and length 34
Passed for start_position 405 and length 36
Passed for start_position 405 and length 38
Passed for start_position 405 and length 40
Passed for start_position 405 and length 42
Passed for start_position 405 and length 44
Passed for start_position 405 and length 46
Passed for start_position 405 and length 48
Passed for start_position 405 and length 50
Passed for start_position 405 and length 52
Passed for start_position 405 and length 54
Passed for start_position 405 and length 56
Passed for start_position 405 and length 58
Passed for start_position 405 and length 60
Passed for start_position 405 and length 62
Passed for start_position 405 and length 64
Passed for start_position 405 and length 66
Passed for start_position 405 and length 68
Passed for start_position 405 and length 70
Passed for start_position 405 and length 72
Passed for start_position 405 and length 74
Passed for start_position 405 and length 76
Passed for start_position 405 and length 78
Passed for start_position 405 and length 80
Passed for start_position 405 and length 82
Passed for start_position 405 and length 84
Passed for start_position 405 and length 86
Passed for start_position 405 and length 88
Passed for start_position 405 and length 90
Passed for start_position 405 and length 92
Passed for start_position 405 and length 94
Passed for start_position 405 and length 96
Passed for start_position 405 and length 98
Passed for start_position 405 and length 100
Passed for start_position 406 and length 2
Passed for start_position 406 and length 4
Passed for start_position 406 and length 6
Passed for start_position 406 and length 8
Passed for start_position 406 and length 10
Passed for start_position 406 and length 12
Passed for start_position 406 and length 14
Passed for start_position 406 and length 16
Passed for start_position 406 and length 18
Passed for start_position 406 and length 20
Passed for start_position 406 and length 22
Passed for start_position 406 and length 24
Passed for start_position 406 and length 26
Passed for start_position 406 and length 28
Passed for start_position 406 and length 30
Passed for start_position 406 and length 32
Passed for start_position 406 and length 34
Passed for start_position 406 and length 36
Passed for start_position 406 and length 38
Passed for start_position 406 and length 40
Passed for start_position 406 and length 42
Passed for start_position 406 and length 44
Passed for start_position 406 and length 46
Passed for start_position 406 and length 48
Passed for start_position 406 and length 50
Passed for start_position 406 and length 52
Passed for start_position 406 and length 54
Passed for start_position 406 and length 56
Passed for start_position 406 and length 58
Passed for start_position 406 and length 60
Passed for start_position 406 and length 62
Passed for start_position 406 and length 64
Passed for start_position 406 and length 66
Passed for start_position 406 and length 68
Passed for start_position 406 and length 70
Passed for start_position 406 and length 72
Passed for start_position 406 and length 74
Passed for start_position 406 and length 76
Passed for start_position 406 and length 78
Passed for start_position 406 and length 80
Passed for start_position 406 and length 82
Passed for start_position 406 and length 84
Passed for start_position 406 and length 86
Passed for start_position 406 and length 88
Passed for start_position 406 and length 90
Passed for start_position 406 and length 92
Passed for start_position 406 and length 94
Passed for start_position 406 and length 96
Passed for start_position 406 and length 98
Passed for start_position 406 and length 100
Passed for start_position 407 and length 2
Passed for start_position 407 and length 4
Passed for start_position 407 and length 6
Passed for start_position 407 and length 8
Passed for start_position 407 and length 10
Passed for start_position 407 and length 12
Passed for start_position 407 and length 14
Passed for start_position 407 and length 16
Passed for start_position 407 and length 18
Passed for start_position 407 and length 20
Passed for start_position 407 and length 22
Passed for start_position 407 and length 24
Passed for start_position 407 and length 26
Passed for start_position 407 and length 28
Passed for start_position 407 and length 30
Passed for start_position 407 and length 32
Passed for start_position 407 and length 34
Passed for start_position 407 and length 36
Passed for start_position 407 and length 38
Passed for start_position 407 and length 40
Passed for start_position 407 and length 42
Passed for start_position 407 and length 44
Passed for start_position 407 and length 46
Passed for start_position 407 and length 48
Passed for start_position 407 and length 50
Passed for start_position 407 and length 52
Passed for start_position 407 and length 54
Passed for start_position 407 and length 56
Passed for start_position 407 and length 58
Passed for start_position 407 and length 60
Passed for start_position 407 and length 62
Passed for start_position 407 and length 64
Passed for start_position 407 and length 66
Passed for start_position 407 and length 68
Passed for start_position 407 and length 70
Passed for start_position 407 and length 72
Passed for start_position 407 and length 74
Passed for start_position 407 and length 76
Passed for start_position 407 and length 78
Passed for start_position 407 and length 80
Passed for start_position 407 and length 82
Passed for start_position 407 and length 84
Passed for start_position 407 and length 86
Passed for start_position 407 and length 88
Passed for start_position 407 and length 90
Passed for start_position 407 and length 92
Passed for start_position 407 and length 94
Passed for start_position 407 and length 96
Passed for start_position 407 and length 98
Passed for start_position 407 and length 100
Passed for start_position 408 and length 2
Passed for start_position 408 and length 4
Passed for start_position 408 and length 6
Passed for start_position 408 and length 8
Passed for start_position 408 and length 10
Passed for start_position 408 and length 12
Passed for start_position 408 and length 14
Passed for start_position 408 and length 16
Passed for start_position 408 and length 18
Passed for start_position 408 and length 20
Passed for start_position 408 and length 22
Passed for start_position 408 and length 24
Passed for start_position 408 and length 26
Passed for start_position 408 and length 28
Passed for start_position 408 and length 30
Passed for start_position 408 and length 32
Passed for start_position 408 and length 34
Passed for start_position 408 and length 36
Passed for start_position 408 and length 38
Passed for start_position 408 and length 40
Passed for start_position 408 and length 42
Passed for start_position 408 and length 44
Passed for start_position 408 and length 46
Passed for start_position 408 and length 48
Passed for start_position 408 and length 50
Passed for start_position 408 and length 52
Passed for start_position 408 and length 54
Passed for start_position 408 and length 56
Passed for start_position 408 and length 58
Passed for start_position 408 and length 60
Passed for start_position 408 and length 62
Passed for start_position 408 and length 64
Passed for start_position 408 and length 66
Passed for start_position 408 and length 68
Passed for start_position 408 and length 70
Passed for start_position 408 and length 72
Passed for start_position 408 and length 74
Passed for start_position 408 and length 76
Passed for start_position 408 and length 78
Passed for start_position 408 and length 80
Passed for start_position 408 and length 82
Passed for start_position 408 and length 84
Passed for start_position 408 and length 86
Passed for start_position 408 and length 88
Passed for start_position 408 and length 90
Passed for start_position 408 and length 92
Passed for start_position 408 and length 94
Passed for start_position 408 and length 96
Passed for start_position 408 and length 98
Passed for start_position 408 and length 100
Passed for start_position 409 and length 2
Passed for start_position 409 and length 4
Passed for start_position 409 and length 6
Passed for start_position 409 and length 8
Passed for start_position 409 and length 10
Passed for start_position 409 and length 12
Passed for start_position 409 and length 14
Passed for start_position 409 and length 16
Passed for start_position 409 and length 18
Passed for start_position 409 and length 20
Passed for start_position 409 and length 22
Passed for start_position 409 and length 24
Passed for start_position 409 and length 26
Passed for start_position 409 and length 28
Passed for start_position 409 and length 30
Passed for start_position 409 and length 32
Passed for start_position 409 and length 34
Passed for start_position 409 and length 36
Passed for start_position 409 and length 38
Passed for start_position 409 and length 40
Passed for start_position 409 and length 42
Passed for start_position 409 and length 44
Passed for start_position 409 and length 46
Passed for start_position 409 and length 48
Passed for start_position 409 and length 50
Passed for start_position 409 and length 52
Passed for start_position 409 and length 54
Passed for start_position 409 and length 56
Passed for start_position 409 and length 58
Passed for start_position 409 and length 60
Passed for start_position 409 and length 62
Passed for start_position 409 and length 64
Passed for start_position 409 and length 66
Passed for start_position 409 and length 68
Passed for start_position 409 and length 70
Passed for start_position 409 and length 72
Passed for start_position 409 and length 74
Passed for start_position 409 and length 76
Passed for start_position 409 and length 78
Passed for start_position 409 and length 80
Passed for start_position 409 and length 82
Passed for start_position 409 and length 84
Passed for start_position 409 and length 86
Passed for start_position 409 and length 88
Passed for start_position 409 and length 90
Passed for start_position 409 and length 92
Passed for start_position 409 and length 94
Passed for start_position 409 and length 96
Passed for start_position 409 and length 98
Passed for start_position 409 and length 100
Passed for start_position 410 and length 2
Passed for start_position 410 and length 4
Passed for start_position 410 and length 6
Passed for start_position 410 and length 8
Passed for start_position 410 and length 10
Passed for start_position 410 and length 12
Passed for start_position 410 and length 14
Passed for start_position 410 and length 16
Passed for start_position 410 and length 18
Passed for start_position 410 and length 20
Passed for start_position 410 and length 22
Passed for start_position 410 and length 24
Passed for start_position 410 and length 26
Passed for start_position 410 and length 28
Passed for start_position 410 and length 30
Passed for start_position 410 and length 32
Passed for start_position 410 and length 34
Passed for start_position 410 and length 36
Passed for start_position 410 and length 38
Passed for start_position 410 and length 40
Passed for start_position 410 and length 42
Passed for start_position 410 and length 44
Passed for start_position 410 and length 46
Passed for start_position 410 and length 48
Passed for start_position 410 and length 50
Passed for start_position 410 and length 52
Passed for start_position 410 and length 54
Passed for start_position 410 and length 56
Passed for start_position 410 and length 58
Passed for start_position 410 and length 60
Passed for start_position 410 and length 62
Passed for start_position 410 and length 64
Passed for start_position 410 and length 66
Passed for start_position 410 and length 68
Passed for start_position 410 and length 70
Passed for start_position 410 and length 72
Passed for start_position 410 and length 74
Passed for start_position 410 and length 76
Passed for start_position 410 and length 78
Passed for start_position 410 and length 80
Passed for start_position 410 and length 82
Passed for start_position 410 and length 84
Passed for start_position 410 and length 86
Passed for start_position 410 and length 88
Passed for start_position 410 and length 90
Passed for start_position 410 and length 92
Passed for start_position 410 and length 94
Passed for start_position 410 and length 96
Passed for start_position 410 and length 98
Passed for start_position 410 and length 100
Passed for start_position 411 and length 2
Passed for start_position 411 and length 4
Passed for start_position 411 and length 6
Passed for start_position 411 and length 8
Passed for start_position 411 and length 10
Passed for start_position 411 and length 12
Passed for start_position 411 and length 14
Passed for start_position 411 and length 16
Passed for start_position 411 and length 18
Passed for start_position 411 and length 20
Passed for start_position 411 and length 22
Passed for start_position 411 and length 24
Passed for start_position 411 and length 26
Passed for start_position 411 and length 28
Passed for start_position 411 and length 30
Passed for start_position 411 and length 32
Passed for start_position 411 and length 34
Passed for start_position 411 and length 36
Passed for start_position 411 and length 38
Passed for start_position 411 and length 40
Passed for start_position 411 and length 42
Passed for start_position 411 and length 44
Passed for start_position 411 and length 46
Passed for start_position 411 and length 48
Passed for start_position 411 and length 50
Passed for start_position 411 and length 52
Passed for start_position 411 and length 54
Passed for start_position 411 and length 56
Passed for start_position 411 and length 58
Passed for start_position 411 and length 60
Passed for start_position 411 and length 62
Passed for start_position 411 and length 64
Passed for start_position 411 and length 66
Passed for start_position 411 and length 68
Passed for start_position 411 and length 70
Passed for start_position 411 and length 72
Passed for start_position 411 and length 74
Passed for start_position 411 and length 76
Passed for start_position 411 and length 78
Passed for start_position 411 and length 80
Passed for start_position 411 and length 82
Passed for start_position 411 and length 84
Passed for start_position 411 and length 86
Passed for start_position 411 and length 88
Passed for start_position 411 and length 90
Passed for start_position 411 and length 92
Passed for start_position 411 and length 94
Passed for start_position 411 and length 96
Passed for start_position 411 and length 98
Passed for start_position 411 and length 100
Passed for start_position 412 and length 2
Passed for start_position 412 and length 4
Passed for start_position 412 and length 6
Passed for start_position 412 and length 8
Passed for start_position 412 and length 10
Passed for start_position 412 and length 12
Passed for start_position 412 and length 14
Passed for start_position 412 and length 16
Passed for start_position 412 and length 18
Passed for start_position 412 and length 20
Passed for start_position 412 and length 22
Passed for start_position 412 and length 24
Passed for start_position 412 and length 26
Passed for start_position 412 and length 28
Passed for start_position 412 and length 30
Passed for start_position 412 and length 32
Passed for start_position 412 and length 34
Passed for start_position 412 and length 36
Passed for start_position 412 and length 38
Passed for start_position 412 and length 40
Passed for start_position 412 and length 42
Passed for start_position 412 and length 44
Passed for start_position 412 and length 46
Passed for start_position 412 and length 48
Passed for start_position 412 and length 50
Passed for start_position 412 and length 52
Passed for start_position 412 and length 54
Passed for start_position 412 and length 56
Passed for start_position 412 and length 58
Passed for start_position 412 and length 60
Passed for start_position 412 and length 62
Passed for start_position 412 and length 64
Passed for start_position 412 and length 66
Passed for start_position 412 and length 68
Passed for start_position 412 and length 70
Passed for start_position 412 and length 72
Passed for start_position 412 and length 74
Passed for start_position 412 and length 76
Passed for start_position 412 and length 78
Passed for start_position 412 and length 80
Passed for start_position 412 and length 82
Passed for start_position 412 and length 84
Passed for start_position 412 and length 86
Passed for start_position 412 and length 88
Passed for start_position 412 and length 90
Passed for start_position 412 and length 92
Passed for start_position 412 and length 94
Passed for start_position 412 and length 96
Passed for start_position 412 and length 98
Passed for start_position 412 and length 100
Passed for start_position 413 and length 2
Passed for start_position 413 and length 4
Passed for start_position 413 and length 6
Passed for start_position 413 and length 8
Passed for start_position 413 and length 10
Passed for start_position 413 and length 12
Passed for start_position 413 and length 14
Passed for start_position 413 and length 16
Passed for start_position 413 and length 18
Passed for start_position 413 and length 20
Passed for start_position 413 and length 22
Passed for start_position 413 and length 24
Passed for start_position 413 and length 26
Passed for start_position 413 and length 28
Passed for start_position 413 and length 30
Passed for start_position 413 and length 32
Passed for start_position 413 and length 34
Passed for start_position 413 and length 36
Passed for start_position 413 and length 38
Passed for start_position 413 and length 40
Passed for start_position 413 and length 42
Passed for start_position 413 and length 44
Passed for start_position 413 and length 46
Passed for start_position 413 and length 48
Passed for start_position 413 and length 50
Passed for start_position 413 and length 52
Passed for start_position 413 and length 54
Passed for start_position 413 and length 56
Passed for start_position 413 and length 58
Passed for start_position 413 and length 60
Passed for start_position 413 and length 62
Passed for start_position 413 and length 64
Passed for start_position 413 and length 66
Passed for start_position 413 and length 68
Passed for start_position 413 and length 70
Passed for start_position 413 and length 72
Passed for start_position 413 and length 74
Passed for start_position 413 and length 76
Passed for start_position 413 and length 78
Passed for start_position 413 and length 80
Passed for start_position 413 and length 82
Passed for start_position 413 and length 84
Passed for start_position 413 and length 86
Passed for start_position 413 and length 88
Passed for start_position 413 and length 90
Passed for start_position 413 and length 92
Passed for start_position 413 and length 94
Passed for start_position 413 and length 96
Passed for start_position 413 and length 98
Passed for start_position 413 and length 100
Passed for start_position 414 and length 2
Passed for start_position 414 and length 4
Passed for start_position 414 and length 6
Passed for start_position 414 and length 8
Passed for start_position 414 and length 10
Passed for start_position 414 and length 12
Passed for start_position 414 and length 14
Passed for start_position 414 and length 16
Passed for start_position 414 and length 18
Passed for start_position 414 and length 20
Passed for start_position 414 and length 22
Passed for start_position 414 and length 24
Passed for start_position 414 and length 26
Passed for start_position 414 and length 28
Passed for start_position 414 and length 30
Passed for start_position 414 and length 32
Passed for start_position 414 and length 34
Passed for start_position 414 and length 36
Passed for start_position 414 and length 38
Passed for start_position 414 and length 40
Passed for start_position 414 and length 42
Passed for start_position 414 and length 44
Passed for start_position 414 and length 46
Passed for start_position 414 and length 48
Passed for start_position 414 and length 50
Passed for start_position 414 and length 52
Passed for start_position 414 and length 54
Passed for start_position 414 and length 56
Passed for start_position 414 and length 58
Passed for start_position 414 and length 60
Passed for start_position 414 and length 62
Passed for start_position 414 and length 64
Passed for start_position 414 and length 66
Passed for start_position 414 and length 68
Passed for start_position 414 and length 70
Passed for start_position 414 and length 72
Passed for start_position 414 and length 74
Passed for start_position 414 and length 76
Passed for start_position 414 and length 78
Passed for start_position 414 and length 80
Passed for start_position 414 and length 82
Passed for start_position 414 and length 84
Passed for start_position 414 and length 86
Passed for start_position 414 and length 88
Passed for start_position 414 and length 90
Passed for start_position 414 and length 92
Passed for start_position 414 and length 94
Passed for start_position 414 and length 96
Passed for start_position 414 and length 98
Passed for start_position 414 and length 100
Passed for start_position 415 and length 2
Passed for start_position 415 and length 4
Passed for start_position 415 and length 6
Passed for start_position 415 and length 8
Passed for start_position 415 and length 10
Passed for start_position 415 and length 12
Passed for start_position 415 and length 14
Passed for start_position 415 and length 16
Passed for start_position 415 and length 18
Passed for start_position 415 and length 20
Passed for start_position 415 and length 22
Passed for start_position 415 and length 24
Passed for start_position 415 and length 26
Passed for start_position 415 and length 28
Passed for start_position 415 and length 30
Passed for start_position 415 and length 32
Passed for start_position 415 and length 34
Passed for start_position 415 and length 36
Passed for start_position 415 and length 38
Passed for start_position 415 and length 40
Passed for start_position 415 and length 42
Passed for start_position 415 and length 44
Passed for start_position 415 and length 46
Passed for start_position 415 and length 48
Passed for start_position 415 and length 50
Passed for start_position 415 and length 52
Passed for start_position 415 and length 54
Passed for start_position 415 and length 56
Passed for start_position 415 and length 58
Passed for start_position 415 and length 60
Passed for start_position 415 and length 62
Passed for start_position 415 and length 64
Passed for start_position 415 and length 66
Passed for start_position 415 and length 68
Passed for start_position 415 and length 70
Passed for start_position 415 and length 72
Passed for start_position 415 and length 74
Passed for start_position 415 and length 76
Passed for start_position 415 and length 78
Passed for start_position 415 and length 80
Passed for start_position 415 and length 82
Passed for start_position 415 and length 84
Passed for start_position 415 and length 86
Passed for start_position 415 and length 88
Passed for start_position 415 and length 90
Passed for start_position 415 and length 92
Passed for start_position 415 and length 94
Passed for start_position 415 and length 96
Passed for start_position 415 and length 98
Passed for start_position 415 and length 100
Passed for start_position 416 and length 2
Passed for start_position 416 and length 4
Passed for start_position 416 and length 6
Passed for start_position 416 and length 8
Passed for start_position 416 and length 10
Passed for start_position 416 and length 12
Passed for start_position 416 and length 14
Passed for start_position 416 and length 16
Passed for start_position 416 and length 18
Passed for start_position 416 and length 20
Passed for start_position 416 and length 22
Passed for start_position 416 and length 24
Passed for start_position 416 and length 26
Passed for start_position 416 and length 28
Passed for start_position 416 and length 30
Passed for start_position 416 and length 32
Passed for start_position 416 and length 34
Passed for start_position 416 and length 36
Passed for start_position 416 and length 38
Passed for start_position 416 and length 40
Passed for start_position 416 and length 42
Passed for start_position 416 and length 44
Passed for start_position 416 and length 46
Passed for start_position 416 and length 48
Passed for start_position 416 and length 50
Passed for start_position 416 and length 52
Passed for start_position 416 and length 54
Passed for start_position 416 and length 56
Passed for start_position 416 and length 58
Passed for start_position 416 and length 60
Passed for start_position 416 and length 62
Passed for start_position 416 and length 64
Passed for start_position 416 and length 66
Passed for start_position 416 and length 68
Passed for start_position 416 and length 70
Passed for start_position 416 and length 72
Passed for start_position 416 and length 74
Passed for start_position 416 and length 76
Passed for start_position 416 and length 78
Passed for start_position 416 and length 80
Passed for start_position 416 and length 82
Passed for start_position 416 and length 84
Passed for start_position 416 and length 86
Passed for start_position 416 and length 88
Passed for start_position 416 and length 90
Passed for start_position 416 and length 92
Passed for start_position 416 and length 94
Passed for start_position 416 and length 96
Passed for start_position 416 and length 98
Passed for start_position 416 and length 100
Passed for start_position 417 and length 2
Passed for start_position 417 and length 4
Passed for start_position 417 and length 6
Passed for start_position 417 and length 8
Passed for start_position 417 and length 10
Passed for start_position 417 and length 12
Passed for start_position 417 and length 14
Passed for start_position 417 and length 16
Passed for start_position 417 and length 18
Passed for start_position 417 and length 20
Passed for start_position 417 and length 22
Passed for start_position 417 and length 24
Passed for start_position 417 and length 26
Passed for start_position 417 and length 28
Passed for start_position 417 and length 30
Passed for start_position 417 and length 32
Passed for start_position 417 and length 34
Passed for start_position 417 and length 36
Passed for start_position 417 and length 38
Passed for start_position 417 and length 40
Passed for start_position 417 and length 42
Passed for start_position 417 and length 44
Passed for start_position 417 and length 46
Passed for start_position 417 and length 48
Passed for start_position 417 and length 50
Passed for start_position 417 and length 52
Passed for start_position 417 and length 54
Passed for start_position 417 and length 56
Passed for start_position 417 and length 58
Passed for start_position 417 and length 60
Passed for start_position 417 and length 62
Passed for start_position 417 and length 64
Passed for start_position 417 and length 66
Passed for start_position 417 and length 68
Passed for start_position 417 and length 70
Passed for start_position 417 and length 72
Passed for start_position 417 and length 74
Passed for start_position 417 and length 76
Passed for start_position 417 and length 78
Passed for start_position 417 and length 80
Passed for start_position 417 and length 82
Passed for start_position 417 and length 84
Passed for start_position 417 and length 86
Passed for start_position 417 and length 88
Passed for start_position 417 and length 90
Passed for start_position 417 and length 92
Passed for start_position 417 and length 94
Passed for start_position 417 and length 96
Passed for start_position 417 and length 98
Passed for start_position 417 and length 100
Passed for start_position 418 and length 2
Passed for start_position 418 and length 4
Passed for start_position 418 and length 6
Passed for start_position 418 and length 8
Passed for start_position 418 and length 10
Passed for start_position 418 and length 12
Passed for start_position 418 and length 14
Passed for start_position 418 and length 16
Passed for start_position 418 and length 18
Passed for start_position 418 and length 20
Passed for start_position 418 and length 22
Passed for start_position 418 and length 24
Passed for start_position 418 and length 26
Passed for start_position 418 and length 28
Passed for start_position 418 and length 30
Passed for start_position 418 and length 32
Passed for start_position 418 and length 34
Passed for start_position 418 and length 36
Passed for start_position 418 and length 38
Passed for start_position 418 and length 40
Passed for start_position 418 and length 42
Passed for start_position 418 and length 44
Passed for start_position 418 and length 46
Passed for start_position 418 and length 48
Passed for start_position 418 and length 50
Passed for start_position 418 and length 52
Passed for start_position 418 and length 54
Passed for start_position 418 and length 56
Passed for start_position 418 and length 58
Passed for start_position 418 and length 60
Passed for start_position 418 and length 62
Passed for start_position 418 and length 64
Passed for start_position 418 and length 66
Passed for start_position 418 and length 68
Passed for start_position 418 and length 70
Passed for start_position 418 and length 72
Passed for start_position 418 and length 74
Passed for start_position 418 and length 76
Passed for start_position 418 and length 78
Passed for start_position 418 and length 80
Passed for start_position 418 and length 82
Passed for start_position 418 and length 84
Passed for start_position 418 and length 86
Passed for start_position 418 and length 88
Passed for start_position 418 and length 90
Passed for start_position 418 and length 92
Passed for start_position 418 and length 94
Passed for start_position 418 and length 96
Passed for start_position 418 and length 98
Passed for start_position 418 and length 100
Passed for start_position 419 and length 2
Passed for start_position 419 and length 4
Passed for start_position 419 and length 6
Passed for start_position 419 and length 8
Passed for start_position 419 and length 10
Passed for start_position 419 and length 12
Passed for start_position 419 and length 14
Passed for start_position 419 and length 16
Passed for start_position 419 and length 18
Passed for start_position 419 and length 20
Passed for start_position 419 and length 22
Passed for start_position 419 and length 24
Passed for start_position 419 and length 26
Passed for start_position 419 and length 28
Passed for start_position 419 and length 30
Passed for start_position 419 and length 32
Passed for start_position 419 and length 34
Passed for start_position 419 and length 36
Passed for start_position 419 and length 38
Passed for start_position 419 and length 40
Passed for start_position 419 and length 42
Passed for start_position 419 and length 44
Passed for start_position 419 and length 46
Passed for start_position 419 and length 48
Passed for start_position 419 and length 50
Passed for start_position 419 and length 52
Passed for start_position 419 and length 54
Passed for start_position 419 and length 56
Passed for start_position 419 and length 58
Passed for start_position 419 and length 60
Passed for start_position 419 and length 62
Passed for start_position 419 and length 64
Passed for start_position 419 and length 66
Passed for start_position 419 and length 68
Passed for start_position 419 and length 70
Passed for start_position 419 and length 72
Passed for start_position 419 and length 74
Passed for start_position 419 and length 76
Passed for start_position 419 and length 78
Passed for start_position 419 and length 80
Passed for start_position 419 and length 82
Passed for start_position 419 and length 84
Passed for start_position 419 and length 86
Passed for start_position 419 and length 88
Passed for start_position 419 and length 90
Passed for start_position 419 and length 92
Passed for start_position 419 and length 94
Passed for start_position 419 and length 96
Passed for start_position 419 and length 98
Passed for start_position 419 and length 100
Passed for start_position 420 and length 2
Passed for start_position 420 and length 4
Passed for start_position 420 and length 6
Passed for start_position 420 and length 8
Passed for start_position 420 and length 10
Passed for start_position 420 and length 12
Passed for start_position 420 and length 14
Passed for start_position 420 and length 16
Passed for start_position 420 and length 18
Passed for start_position 420 and length 20
Passed for start_position 420 and length 22
Passed for start_position 420 and length 24
Passed for start_position 420 and length 26
Passed for start_position 420 and length 28
Passed for start_position 420 and length 30
Passed for start_position 420 and length 32
Passed for start_position 420 and length 34
Passed for start_position 420 and length 36
Passed for start_position 420 and length 38
Passed for start_position 420 and length 40
Passed for start_position 420 and length 42
Passed for start_position 420 and length 44
Passed for start_position 420 and length 46
Passed for start_position 420 and length 48
Passed for start_position 420 and length 50
Passed for start_position 420 and length 52
Passed for start_position 420 and length 54
Passed for start_position 420 and length 56
Passed for start_position 420 and length 58
Passed for start_position 420 and length 60
Passed for start_position 420 and length 62
Passed for start_position 420 and length 64
Passed for start_position 420 and length 66
Passed for start_position 420 and length 68
Passed for start_position 420 and length 70
Passed for start_position 420 and length 72
Passed for start_position 420 and length 74
Passed for start_position 420 and length 76
Passed for start_position 420 and length 78
Passed for start_position 420 and length 80
Passed for start_position 420 and length 82
Passed for start_position 420 and length 84
Passed for start_position 420 and length 86
Passed for start_position 420 and length 88
Passed for start_position 420 and length 90
Passed for start_position 420 and length 92
Passed for start_position 420 and length 94
Passed for start_position 420 and length 96
Passed for start_position 420 and length 98
Passed for start_position 420 and length 100
Error for start_position 421 and length 2: Movement -1 not in dictionary
Passed for start_position 421 and length 4
Error for start_position 421 and length 6: Movement -1 not in dictionary
Passed for start_position 421 and length 8
Passed for start_position 421 and length 10
Error for start_position 421 and length 12: Movement 1 not in dictionary
Error for start_position 421 and length 14: Movement -1 not in dictionary
Error for start_position 421 and length 16: Movement 1 not in dictionary
Passed for start_position 421 and length 18
Passed for start_position 421 and length 20
Passed for start_position 421 and length 22
Error for start_position 421 and length 24: Movement -1 not in dictionary
Passed for start_position 421 and length 26
Passed for start_position 421 and length 28
Error for start_position 421 and length 30: Movement -1 not in dictionary
Passed for start_position 421 and length 32
Error for start_position 421 and length 34: Movement 1 not in dictionary
Error for start_position 421 and length 36: Movement 1 not in dictionary
Error for start_position 421 and length 38: Movement -1 not in dictionary
Error for start_position 421 and length 40: Movement 1 not in dictionary
Passed for start_position 421 and length 42
Passed for start_position 421 and length 44
Error for start_position 421 and length 46: Movement -1 not in dictionary
Error for start_position 421 and length 48: Movement -1 not in dictionary
Error for start_position 421 and length 50: Movement -1 not in dictionary
Passed for start_position 421 and length 52
Passed for start_position 421 and length 54
Error for start_position 421 and length 56: Movement -1 not in dictionary
Error for start_position 421 and length 58: Movement 1 not in dictionary
Passed for start_position 421 and length 60
Passed for start_position 421 and length 62
Passed for start_position 421 and length 64
Passed for start_position 421 and length 66
Error for start_position 421 and length 68: Movement 1 not in dictionary
Passed for start_position 421 and length 70
Passed for start_position 421 and length 72
Passed for start_position 421 and length 74
Passed for start_position 421 and length 76
Passed for start_position 421 and length 78
Error for start_position 421 and length 80: Movement -1 not in dictionary
Passed for start_position 421 and length 82
Error for start_position 421 and length 84: Movement -1 not in dictionary
Error for start_position 421 and length 86: Movement 1 not in dictionary
Passed for start_position 421 and length 88
Error for start_position 421 and length 90: Movement 1 not in dictionary
Error for start_position 421 and length 92: Movement 1 not in dictionary
Passed for start_position 421 and length 94
Passed for start_position 421 and length 96
Passed for start_position 421 and length 98
Error for start_position 421 and length 100: Movement -1 not in dictionary
Passed for start_position 422 and length 2
Passed for start_position 422 and length 4
Passed for start_position 422 and length 6
Passed for start_position 422 and length 8
Passed for start_position 422 and length 10
Passed for start_position 422 and length 12
Passed for start_position 422 and length 14
Passed for start_position 422 and length 16
Passed for start_position 422 and length 18
Passed for start_position 422 and length 20
Passed for start_position 422 and length 22
Passed for start_position 422 and length 24
Passed for start_position 422 and length 26
Passed for start_position 422 and length 28
Passed for start_position 422 and length 30
Passed for start_position 422 and length 32
Passed for start_position 422 and length 34
Passed for start_position 422 and length 36
Passed for start_position 422 and length 38
Passed for start_position 422 and length 40
Passed for start_position 422 and length 42
Passed for start_position 422 and length 44
Passed for start_position 422 and length 46
Passed for start_position 422 and length 48
Passed for start_position 422 and length 50
Passed for start_position 422 and length 52
Passed for start_position 422 and length 54
Passed for start_position 422 and length 56
Passed for start_position 422 and length 58
Passed for start_position 422 and length 60
Passed for start_position 422 and length 62
Passed for start_position 422 and length 64
Passed for start_position 422 and length 66
Passed for start_position 422 and length 68
Passed for start_position 422 and length 70
Passed for start_position 422 and length 72
Passed for start_position 422 and length 74
Passed for start_position 422 and length 76
Passed for start_position 422 and length 78
Passed for start_position 422 and length 80
Passed for start_position 422 and length 82
Passed for start_position 422 and length 84
Passed for start_position 422 and length 86
Passed for start_position 422 and length 88
Passed for start_position 422 and length 90
Passed for start_position 422 and length 92
Passed for start_position 422 and length 94
Passed for start_position 422 and length 96
Passed for start_position 422 and length 98
Passed for start_position 422 and length 100
Error for start_position 423 and length 2: Movement 1 not in dictionary
Passed for start_position 423 and length 4
Passed for start_position 423 and length 6
Passed for start_position 423 and length 8
Passed for start_position 423 and length 10
Passed for start_position 423 and length 12
Passed for start_position 423 and length 14
Passed for start_position 423 and length 16
Error for start_position 423 and length 18: Movement -1 not in dictionary
Error for start_position 423 and length 20: Movement 1 not in dictionary
Passed for start_position 423 and length 22
Passed for start_position 423 and length 24
Passed for start_position 423 and length 26
Error for start_position 423 and length 28: Movement 1 not in dictionary
Error for start_position 423 and length 30: Movement -1 not in dictionary
Passed for start_position 423 and length 32
Error for start_position 423 and length 34: Movement -1 not in dictionary
Error for start_position 423 and length 36: Movement 1 not in dictionary
Error for start_position 423 and length 38: Movement 1 not in dictionary
Passed for start_position 423 and length 40
Error for start_position 423 and length 42: Movement 1 not in dictionary
Passed for start_position 423 and length 44
Passed for start_position 423 and length 46
Error for start_position 423 and length 48: Movement 1 not in dictionary
Passed for start_position 423 and length 50
Passed for start_position 423 and length 52
Passed for start_position 423 and length 54
Passed for start_position 423 and length 56
Error for start_position 423 and length 58: Movement -1 not in dictionary
Error for start_position 423 and length 60: Movement 1 not in dictionary
Error for start_position 423 and length 62: Movement 1 not in dictionary
Passed for start_position 423 and length 64
Passed for start_position 423 and length 66
Error for start_position 423 and length 68: Movement -1 not in dictionary
Error for start_position 423 and length 70: Movement 1 not in dictionary
Error for start_position 423 and length 72: Movement 1 not in dictionary
Passed for start_position 423 and length 74
Passed for start_position 423 and length 76
Error for start_position 423 and length 78: Movement -1 not in dictionary
Error for start_position 423 and length 80: Movement 1 not in dictionary
Error for start_position 423 and length 82: Movement 1 not in dictionary
Passed for start_position 423 and length 84
Error for start_position 423 and length 86: Movement 1 not in dictionary
Passed for start_position 423 and length 88
Error for start_position 423 and length 90: Movement -1 not in dictionary
Error for start_position 423 and length 92: Movement 1 not in dictionary
Passed for start_position 423 and length 94
Passed for start_position 423 and length 96
Passed for start_position 423 and length 98
Passed for start_position 423 and length 100
Passed for start_position 424 and length 2
Passed for start_position 424 and length 4
Passed for start_position 424 and length 6
Passed for start_position 424 and length 8
Passed for start_position 424 and length 10
Passed for start_position 424 and length 12
Passed for start_position 424 and length 14
Passed for start_position 424 and length 16
Passed for start_position 424 and length 18
Passed for start_position 424 and length 20
Passed for start_position 424 and length 22
Passed for start_position 424 and length 24
Passed for start_position 424 and length 26
Passed for start_position 424 and length 28
Passed for start_position 424 and length 30
Passed for start_position 424 and length 32
Passed for start_position 424 and length 34
Passed for start_position 424 and length 36
Passed for start_position 424 and length 38
Passed for start_position 424 and length 40
Passed for start_position 424 and length 42
Passed for start_position 424 and length 44
Passed for start_position 424 and length 46
Passed for start_position 424 and length 48
Passed for start_position 424 and length 50
Passed for start_position 424 and length 52
Passed for start_position 424 and length 54
Passed for start_position 424 and length 56
Passed for start_position 424 and length 58
Passed for start_position 424 and length 60
Passed for start_position 424 and length 62
Passed for start_position 424 and length 64
Passed for start_position 424 and length 66
Passed for start_position 424 and length 68
Passed for start_position 424 and length 70
Passed for start_position 424 and length 72
Passed for start_position 424 and length 74
Passed for start_position 424 and length 76
Passed for start_position 424 and length 78
Passed for start_position 424 and length 80
Passed for start_position 424 and length 82
Passed for start_position 424 and length 84
Passed for start_position 424 and length 86
Passed for start_position 424 and length 88
Passed for start_position 424 and length 90
Passed for start_position 424 and length 92
Passed for start_position 424 and length 94
Passed for start_position 424 and length 96
Passed for start_position 424 and length 98
Passed for start_position 424 and length 100
Passed for start_position 425 and length 2
Passed for start_position 425 and length 4
Passed for start_position 425 and length 6
Passed for start_position 425 and length 8
Passed for start_position 425 and length 10
Passed for start_position 425 and length 12
Passed for start_position 425 and length 14
Passed for start_position 425 and length 16
Passed for start_position 425 and length 18
Passed for start_position 425 and length 20
Passed for start_position 425 and length 22
Passed for start_position 425 and length 24
Passed for start_position 425 and length 26
Passed for start_position 425 and length 28
Passed for start_position 425 and length 30
Passed for start_position 425 and length 32
Passed for start_position 425 and length 34
Passed for start_position 425 and length 36
Passed for start_position 425 and length 38
Passed for start_position 425 and length 40
Passed for start_position 425 and length 42
Passed for start_position 425 and length 44
Passed for start_position 425 and length 46
Passed for start_position 425 and length 48
Passed for start_position 425 and length 50
Passed for start_position 425 and length 52
Passed for start_position 425 and length 54
Passed for start_position 425 and length 56
Passed for start_position 425 and length 58
Passed for start_position 425 and length 60
Passed for start_position 425 and length 62
Passed for start_position 425 and length 64
Passed for start_position 425 and length 66
Passed for start_position 425 and length 68
Passed for start_position 425 and length 70
Passed for start_position 425 and length 72
Passed for start_position 425 and length 74
Passed for start_position 425 and length 76
Passed for start_position 425 and length 78
Passed for start_position 425 and length 80
Passed for start_position 425 and length 82
Passed for start_position 425 and length 84
Passed for start_position 425 and length 86
Passed for start_position 425 and length 88
Passed for start_position 425 and length 90
Passed for start_position 425 and length 92
Passed for start_position 425 and length 94
Passed for start_position 425 and length 96
Passed for start_position 425 and length 98
Passed for start_position 425 and length 100
Passed for start_position 426 and length 2
Passed for start_position 426 and length 4
Passed for start_position 426 and length 6
Passed for start_position 426 and length 8
Passed for start_position 426 and length 10
Passed for start_position 426 and length 12
Passed for start_position 426 and length 14
Passed for start_position 426 and length 16
Passed for start_position 426 and length 18
Passed for start_position 426 and length 20
Passed for start_position 426 and length 22
Passed for start_position 426 and length 24
Passed for start_position 426 and length 26
Passed for start_position 426 and length 28
Passed for start_position 426 and length 30
Passed for start_position 426 and length 32
Passed for start_position 426 and length 34
Passed for start_position 426 and length 36
Passed for start_position 426 and length 38
Passed for start_position 426 and length 40
Passed for start_position 426 and length 42
Passed for start_position 426 and length 44
Passed for start_position 426 and length 46
Passed for start_position 426 and length 48
Passed for start_position 426 and length 50
Passed for start_position 426 and length 52
Passed for start_position 426 and length 54
Passed for start_position 426 and length 56
Passed for start_position 426 and length 58
Passed for start_position 426 and length 60
Passed for start_position 426 and length 62
Passed for start_position 426 and length 64
Passed for start_position 426 and length 66
Passed for start_position 426 and length 68
Passed for start_position 426 and length 70
Passed for start_position 426 and length 72
Passed for start_position 426 and length 74
Passed for start_position 426 and length 76
Passed for start_position 426 and length 78
Passed for start_position 426 and length 80
Passed for start_position 426 and length 82
Passed for start_position 426 and length 84
Passed for start_position 426 and length 86
Passed for start_position 426 and length 88
Passed for start_position 426 and length 90
Passed for start_position 426 and length 92
Passed for start_position 426 and length 94
Passed for start_position 426 and length 96
Passed for start_position 426 and length 98
Passed for start_position 426 and length 100
Passed for start_position 427 and length 2
Passed for start_position 427 and length 4
Passed for start_position 427 and length 6
Passed for start_position 427 and length 8
Passed for start_position 427 and length 10
Passed for start_position 427 and length 12
Passed for start_position 427 and length 14
Passed for start_position 427 and length 16
Passed for start_position 427 and length 18
Passed for start_position 427 and length 20
Passed for start_position 427 and length 22
Passed for start_position 427 and length 24
Passed for start_position 427 and length 26
Passed for start_position 427 and length 28
Passed for start_position 427 and length 30
Passed for start_position 427 and length 32
Passed for start_position 427 and length 34
Passed for start_position 427 and length 36
Passed for start_position 427 and length 38
Passed for start_position 427 and length 40
Passed for start_position 427 and length 42
Passed for start_position 427 and length 44
Passed for start_position 427 and length 46
Passed for start_position 427 and length 48
Passed for start_position 427 and length 50
Passed for start_position 427 and length 52
Passed for start_position 427 and length 54
Passed for start_position 427 and length 56
Passed for start_position 427 and length 58
Passed for start_position 427 and length 60
Passed for start_position 427 and length 62
Passed for start_position 427 and length 64
Passed for start_position 427 and length 66
Passed for start_position 427 and length 68
Passed for start_position 427 and length 70
Passed for start_position 427 and length 72
Passed for start_position 427 and length 74
Passed for start_position 427 and length 76
Passed for start_position 427 and length 78
Passed for start_position 427 and length 80
Passed for start_position 427 and length 82
Passed for start_position 427 and length 84
Passed for start_position 427 and length 86
Passed for start_position 427 and length 88
Passed for start_position 427 and length 90
Passed for start_position 427 and length 92
Passed for start_position 427 and length 94
Passed for start_position 427 and length 96
Passed for start_position 427 and length 98
Passed for start_position 427 and length 100
Passed for start_position 428 and length 2
Passed for start_position 428 and length 4
Passed for start_position 428 and length 6
Passed for start_position 428 and length 8
Passed for start_position 428 and length 10
Passed for start_position 428 and length 12
Passed for start_position 428 and length 14
Passed for start_position 428 and length 16
Passed for start_position 428 and length 18
Passed for start_position 428 and length 20
Passed for start_position 428 and length 22
Passed for start_position 428 and length 24
Passed for start_position 428 and length 26
Passed for start_position 428 and length 28
Passed for start_position 428 and length 30
Passed for start_position 428 and length 32
Passed for start_position 428 and length 34
Passed for start_position 428 and length 36
Passed for start_position 428 and length 38
Passed for start_position 428 and length 40
Passed for start_position 428 and length 42
Passed for start_position 428 and length 44
Passed for start_position 428 and length 46
Passed for start_position 428 and length 48
Passed for start_position 428 and length 50
Passed for start_position 428 and length 52
Passed for start_position 428 and length 54
Passed for start_position 428 and length 56
Passed for start_position 428 and length 58
Passed for start_position 428 and length 60
Passed for start_position 428 and length 62
Passed for start_position 428 and length 64
Passed for start_position 428 and length 66
Passed for start_position 428 and length 68
Passed for start_position 428 and length 70
Passed for start_position 428 and length 72
Passed for start_position 428 and length 74
Passed for start_position 428 and length 76
Passed for start_position 428 and length 78
Passed for start_position 428 and length 80
Passed for start_position 428 and length 82
Passed for start_position 428 and length 84
Passed for start_position 428 and length 86
Passed for start_position 428 and length 88
Passed for start_position 428 and length 90
Passed for start_position 428 and length 92
Passed for start_position 428 and length 94
Passed for start_position 428 and length 96
Passed for start_position 428 and length 98
Passed for start_position 428 and length 100
Passed for start_position 429 and length 2
Passed for start_position 429 and length 4
Passed for start_position 429 and length 6
Passed for start_position 429 and length 8
Passed for start_position 429 and length 10
Passed for start_position 429 and length 12
Passed for start_position 429 and length 14
Passed for start_position 429 and length 16
Passed for start_position 429 and length 18
Passed for start_position 429 and length 20
Passed for start_position 429 and length 22
Passed for start_position 429 and length 24
Passed for start_position 429 and length 26
Passed for start_position 429 and length 28
Passed for start_position 429 and length 30
Passed for start_position 429 and length 32
Passed for start_position 429 and length 34
Passed for start_position 429 and length 36
Passed for start_position 429 and length 38
Passed for start_position 429 and length 40
Passed for start_position 429 and length 42
Passed for start_position 429 and length 44
Passed for start_position 429 and length 46
Passed for start_position 429 and length 48
Passed for start_position 429 and length 50
Passed for start_position 429 and length 52
Passed for start_position 429 and length 54
Passed for start_position 429 and length 56
Passed for start_position 429 and length 58
Passed for start_position 429 and length 60
Passed for start_position 429 and length 62
Passed for start_position 429 and length 64
Passed for start_position 429 and length 66
Passed for start_position 429 and length 68
Passed for start_position 429 and length 70
Passed for start_position 429 and length 72
Passed for start_position 429 and length 74
Passed for start_position 429 and length 76
Passed for start_position 429 and length 78
Passed for start_position 429 and length 80
Passed for start_position 429 and length 82
Passed for start_position 429 and length 84
Passed for start_position 429 and length 86
Passed for start_position 429 and length 88
Passed for start_position 429 and length 90
Passed for start_position 429 and length 92
Passed for start_position 429 and length 94
Passed for start_position 429 and length 96
Passed for start_position 429 and length 98
Passed for start_position 429 and length 100
Passed for start_position 430 and length 2
Passed for start_position 430 and length 4
Passed for start_position 430 and length 6
Passed for start_position 430 and length 8
Passed for start_position 430 and length 10
Passed for start_position 430 and length 12
Passed for start_position 430 and length 14
Passed for start_position 430 and length 16
Passed for start_position 430 and length 18
Passed for start_position 430 and length 20
Passed for start_position 430 and length 22
Passed for start_position 430 and length 24
Passed for start_position 430 and length 26
Passed for start_position 430 and length 28
Passed for start_position 430 and length 30
Passed for start_position 430 and length 32
Passed for start_position 430 and length 34
Passed for start_position 430 and length 36
Passed for start_position 430 and length 38
Passed for start_position 430 and length 40
Passed for start_position 430 and length 42
Passed for start_position 430 and length 44
Passed for start_position 430 and length 46
Passed for start_position 430 and length 48
Passed for start_position 430 and length 50
Passed for start_position 430 and length 52
Passed for start_position 430 and length 54
Passed for start_position 430 and length 56
Passed for start_position 430 and length 58
Passed for start_position 430 and length 60
Passed for start_position 430 and length 62
Passed for start_position 430 and length 64
Passed for start_position 430 and length 66
Passed for start_position 430 and length 68
Passed for start_position 430 and length 70
Passed for start_position 430 and length 72
Passed for start_position 430 and length 74
Passed for start_position 430 and length 76
Passed for start_position 430 and length 78
Passed for start_position 430 and length 80
Passed for start_position 430 and length 82
Passed for start_position 430 and length 84
Passed for start_position 430 and length 86
Passed for start_position 430 and length 88
Passed for start_position 430 and length 90
Passed for start_position 430 and length 92
Passed for start_position 430 and length 94
Passed for start_position 430 and length 96
Passed for start_position 430 and length 98
Passed for start_position 430 and length 100
Passed for start_position 431 and length 2
Passed for start_position 431 and length 4
Passed for start_position 431 and length 6
Passed for start_position 431 and length 8
Passed for start_position 431 and length 10
Passed for start_position 431 and length 12
Passed for start_position 431 and length 14
Passed for start_position 431 and length 16
Passed for start_position 431 and length 18
Passed for start_position 431 and length 20
Passed for start_position 431 and length 22
Passed for start_position 431 and length 24
Passed for start_position 431 and length 26
Passed for start_position 431 and length 28
Passed for start_position 431 and length 30
Passed for start_position 431 and length 32
Passed for start_position 431 and length 34
Passed for start_position 431 and length 36
Passed for start_position 431 and length 38
Passed for start_position 431 and length 40
Passed for start_position 431 and length 42
Passed for start_position 431 and length 44
Passed for start_position 431 and length 46
Passed for start_position 431 and length 48
Passed for start_position 431 and length 50
Passed for start_position 431 and length 52
Passed for start_position 431 and length 54
Passed for start_position 431 and length 56
Passed for start_position 431 and length 58
Passed for start_position 431 and length 60
Passed for start_position 431 and length 62
Passed for start_position 431 and length 64
Passed for start_position 431 and length 66
Passed for start_position 431 and length 68
Passed for start_position 431 and length 70
Passed for start_position 431 and length 72
Passed for start_position 431 and length 74
Passed for start_position 431 and length 76
Passed for start_position 431 and length 78
Passed for start_position 431 and length 80
Passed for start_position 431 and length 82
Passed for start_position 431 and length 84
Passed for start_position 431 and length 86
Passed for start_position 431 and length 88
Passed for start_position 431 and length 90
Passed for start_position 431 and length 92
Passed for start_position 431 and length 94
Passed for start_position 431 and length 96
Passed for start_position 431 and length 98
Passed for start_position 431 and length 100
Passed for start_position 432 and length 2
Passed for start_position 432 and length 4
Passed for start_position 432 and length 6
Passed for start_position 432 and length 8
Passed for start_position 432 and length 10
Passed for start_position 432 and length 12
Passed for start_position 432 and length 14
Passed for start_position 432 and length 16
Passed for start_position 432 and length 18
Passed for start_position 432 and length 20
Passed for start_position 432 and length 22
Passed for start_position 432 and length 24
Passed for start_position 432 and length 26
Passed for start_position 432 and length 28
Passed for start_position 432 and length 30
Passed for start_position 432 and length 32
Passed for start_position 432 and length 34
Passed for start_position 432 and length 36
Passed for start_position 432 and length 38
Passed for start_position 432 and length 40
Passed for start_position 432 and length 42
Passed for start_position 432 and length 44
Passed for start_position 432 and length 46
Passed for start_position 432 and length 48
Passed for start_position 432 and length 50
Passed for start_position 432 and length 52
Passed for start_position 432 and length 54
Passed for start_position 432 and length 56
Passed for start_position 432 and length 58
Passed for start_position 432 and length 60
Passed for start_position 432 and length 62
Passed for start_position 432 and length 64
Passed for start_position 432 and length 66
Passed for start_position 432 and length 68
Passed for start_position 432 and length 70
Passed for start_position 432 and length 72
Passed for start_position 432 and length 74
Passed for start_position 432 and length 76
Passed for start_position 432 and length 78
Passed for start_position 432 and length 80
Passed for start_position 432 and length 82
Passed for start_position 432 and length 84
Passed for start_position 432 and length 86
Passed for start_position 432 and length 88
Passed for start_position 432 and length 90
Passed for start_position 432 and length 92
Passed for start_position 432 and length 94
Passed for start_position 432 and length 96
Passed for start_position 432 and length 98
Passed for start_position 432 and length 100
Passed for start_position 433 and length 2
Passed for start_position 433 and length 4
Passed for start_position 433 and length 6
Passed for start_position 433 and length 8
Passed for start_position 433 and length 10
Passed for start_position 433 and length 12
Passed for start_position 433 and length 14
Passed for start_position 433 and length 16
Passed for start_position 433 and length 18
Passed for start_position 433 and length 20
Passed for start_position 433 and length 22
Passed for start_position 433 and length 24
Passed for start_position 433 and length 26
Passed for start_position 433 and length 28
Passed for start_position 433 and length 30
Passed for start_position 433 and length 32
Passed for start_position 433 and length 34
Passed for start_position 433 and length 36
Passed for start_position 433 and length 38
Passed for start_position 433 and length 40
Passed for start_position 433 and length 42
Passed for start_position 433 and length 44
Passed for start_position 433 and length 46
Passed for start_position 433 and length 48
Passed for start_position 433 and length 50
Passed for start_position 433 and length 52
Passed for start_position 433 and length 54
Passed for start_position 433 and length 56
Passed for start_position 433 and length 58
Passed for start_position 433 and length 60
Passed for start_position 433 and length 62
Passed for start_position 433 and length 64
Passed for start_position 433 and length 66
Passed for start_position 433 and length 68
Passed for start_position 433 and length 70
Passed for start_position 433 and length 72
Passed for start_position 433 and length 74
Passed for start_position 433 and length 76
Passed for start_position 433 and length 78
Passed for start_position 433 and length 80
Passed for start_position 433 and length 82
Passed for start_position 433 and length 84
Passed for start_position 433 and length 86
Passed for start_position 433 and length 88
Passed for start_position 433 and length 90
Passed for start_position 433 and length 92
Passed for start_position 433 and length 94
Passed for start_position 433 and length 96
Passed for start_position 433 and length 98
Passed for start_position 433 and length 100
Passed for start_position 434 and length 2
Passed for start_position 434 and length 4
Passed for start_position 434 and length 6
Passed for start_position 434 and length 8
Passed for start_position 434 and length 10
Passed for start_position 434 and length 12
Passed for start_position 434 and length 14
Passed for start_position 434 and length 16
Passed for start_position 434 and length 18
Passed for start_position 434 and length 20
Passed for start_position 434 and length 22
Passed for start_position 434 and length 24
Passed for start_position 434 and length 26
Passed for start_position 434 and length 28
Passed for start_position 434 and length 30
Passed for start_position 434 and length 32
Passed for start_position 434 and length 34
Passed for start_position 434 and length 36
Passed for start_position 434 and length 38
Passed for start_position 434 and length 40
Passed for start_position 434 and length 42
Passed for start_position 434 and length 44
Passed for start_position 434 and length 46
Passed for start_position 434 and length 48
Passed for start_position 434 and length 50
Passed for start_position 434 and length 52
Passed for start_position 434 and length 54
Passed for start_position 434 and length 56
Passed for start_position 434 and length 58
Passed for start_position 434 and length 60
Passed for start_position 434 and length 62
Passed for start_position 434 and length 64
Passed for start_position 434 and length 66
Passed for start_position 434 and length 68
Passed for start_position 434 and length 70
Passed for start_position 434 and length 72
Passed for start_position 434 and length 74
Passed for start_position 434 and length 76
Passed for start_position 434 and length 78
Passed for start_position 434 and length 80
Passed for start_position 434 and length 82
Passed for start_position 434 and length 84
Passed for start_position 434 and length 86
Passed for start_position 434 and length 88
Passed for start_position 434 and length 90
Passed for start_position 434 and length 92
Passed for start_position 434 and length 94
Passed for start_position 434 and length 96
Passed for start_position 434 and length 98
Passed for start_position 434 and length 100
Passed for start_position 435 and length 2
Passed for start_position 435 and length 4
Passed for start_position 435 and length 6
Passed for start_position 435 and length 8
Passed for start_position 435 and length 10
Passed for start_position 435 and length 12
Passed for start_position 435 and length 14
Passed for start_position 435 and length 16
Passed for start_position 435 and length 18
Passed for start_position 435 and length 20
Passed for start_position 435 and length 22
Passed for start_position 435 and length 24
Passed for start_position 435 and length 26
Passed for start_position 435 and length 28
Passed for start_position 435 and length 30
Passed for start_position 435 and length 32
Passed for start_position 435 and length 34
Passed for start_position 435 and length 36
Passed for start_position 435 and length 38
Passed for start_position 435 and length 40
Passed for start_position 435 and length 42
Passed for start_position 435 and length 44
Passed for start_position 435 and length 46
Passed for start_position 435 and length 48
Passed for start_position 435 and length 50
Passed for start_position 435 and length 52
Passed for start_position 435 and length 54
Passed for start_position 435 and length 56
Passed for start_position 435 and length 58
Passed for start_position 435 and length 60
Passed for start_position 435 and length 62
Passed for start_position 435 and length 64
Passed for start_position 435 and length 66
Passed for start_position 435 and length 68
Passed for start_position 435 and length 70
Passed for start_position 435 and length 72
Passed for start_position 435 and length 74
Passed for start_position 435 and length 76
Passed for start_position 435 and length 78
Passed for start_position 435 and length 80
Passed for start_position 435 and length 82
Passed for start_position 435 and length 84
Passed for start_position 435 and length 86
Passed for start_position 435 and length 88
Passed for start_position 435 and length 90
Passed for start_position 435 and length 92
Passed for start_position 435 and length 94
Passed for start_position 435 and length 96
Passed for start_position 435 and length 98
Passed for start_position 435 and length 100
Passed for start_position 436 and length 2
Passed for start_position 436 and length 4
Passed for start_position 436 and length 6
Passed for start_position 436 and length 8
Passed for start_position 436 and length 10
Passed for start_position 436 and length 12
Passed for start_position 436 and length 14
Passed for start_position 436 and length 16
Passed for start_position 436 and length 18
Passed for start_position 436 and length 20
Passed for start_position 436 and length 22
Passed for start_position 436 and length 24
Passed for start_position 436 and length 26
Passed for start_position 436 and length 28
Passed for start_position 436 and length 30
Passed for start_position 436 and length 32
Passed for start_position 436 and length 34
Passed for start_position 436 and length 36
Passed for start_position 436 and length 38
Passed for start_position 436 and length 40
Passed for start_position 436 and length 42
Passed for start_position 436 and length 44
Passed for start_position 436 and length 46
Passed for start_position 436 and length 48
Passed for start_position 436 and length 50
Passed for start_position 436 and length 52
Passed for start_position 436 and length 54
Passed for start_position 436 and length 56
Passed for start_position 436 and length 58
Passed for start_position 436 and length 60
Passed for start_position 436 and length 62
Passed for start_position 436 and length 64
Passed for start_position 436 and length 66
Passed for start_position 436 and length 68
Passed for start_position 436 and length 70
Passed for start_position 436 and length 72
Passed for start_position 436 and length 74
Passed for start_position 436 and length 76
Passed for start_position 436 and length 78
Passed for start_position 436 and length 80
Passed for start_position 436 and length 82
Passed for start_position 436 and length 84
Passed for start_position 436 and length 86
Passed for start_position 436 and length 88
Passed for start_position 436 and length 90
Passed for start_position 436 and length 92
Passed for start_position 436 and length 94
Passed for start_position 436 and length 96
Passed for start_position 436 and length 98
Passed for start_position 436 and length 100
Passed for start_position 437 and length 2
Passed for start_position 437 and length 4
Passed for start_position 437 and length 6
Passed for start_position 437 and length 8
Passed for start_position 437 and length 10
Passed for start_position 437 and length 12
Passed for start_position 437 and length 14
Passed for start_position 437 and length 16
Passed for start_position 437 and length 18
Passed for start_position 437 and length 20
Passed for start_position 437 and length 22
Passed for start_position 437 and length 24
Passed for start_position 437 and length 26
Passed for start_position 437 and length 28
Passed for start_position 437 and length 30
Passed for start_position 437 and length 32
Passed for start_position 437 and length 34
Passed for start_position 437 and length 36
Passed for start_position 437 and length 38
Passed for start_position 437 and length 40
Passed for start_position 437 and length 42
Passed for start_position 437 and length 44
Passed for start_position 437 and length 46
Passed for start_position 437 and length 48
Passed for start_position 437 and length 50
Passed for start_position 437 and length 52
Passed for start_position 437 and length 54
Passed for start_position 437 and length 56
Passed for start_position 437 and length 58
Passed for start_position 437 and length 60
Passed for start_position 437 and length 62
Passed for start_position 437 and length 64
Passed for start_position 437 and length 66
Passed for start_position 437 and length 68
Passed for start_position 437 and length 70
Passed for start_position 437 and length 72
Passed for start_position 437 and length 74
Passed for start_position 437 and length 76
Passed for start_position 437 and length 78
Passed for start_position 437 and length 80
Passed for start_position 437 and length 82
Passed for start_position 437 and length 84
Passed for start_position 437 and length 86
Passed for start_position 437 and length 88
Passed for start_position 437 and length 90
Passed for start_position 437 and length 92
Passed for start_position 437 and length 94
Passed for start_position 437 and length 96
Passed for start_position 437 and length 98
Passed for start_position 437 and length 100
Passed for start_position 438 and length 2
Passed for start_position 438 and length 4
Passed for start_position 438 and length 6
Passed for start_position 438 and length 8
Passed for start_position 438 and length 10
Passed for start_position 438 and length 12
Passed for start_position 438 and length 14
Passed for start_position 438 and length 16
Passed for start_position 438 and length 18
Passed for start_position 438 and length 20
Passed for start_position 438 and length 22
Passed for start_position 438 and length 24
Passed for start_position 438 and length 26
Passed for start_position 438 and length 28
Passed for start_position 438 and length 30
Passed for start_position 438 and length 32
Passed for start_position 438 and length 34
Passed for start_position 438 and length 36
Passed for start_position 438 and length 38
Passed for start_position 438 and length 40
Passed for start_position 438 and length 42
Passed for start_position 438 and length 44
Passed for start_position 438 and length 46
Passed for start_position 438 and length 48
Passed for start_position 438 and length 50
Passed for start_position 438 and length 52
Passed for start_position 438 and length 54
Passed for start_position 438 and length 56
Passed for start_position 438 and length 58
Passed for start_position 438 and length 60
Passed for start_position 438 and length 62
Passed for start_position 438 and length 64
Passed for start_position 438 and length 66
Passed for start_position 438 and length 68
Passed for start_position 438 and length 70
Passed for start_position 438 and length 72
Passed for start_position 438 and length 74
Passed for start_position 438 and length 76
Passed for start_position 438 and length 78
Passed for start_position 438 and length 80
Passed for start_position 438 and length 82
Passed for start_position 438 and length 84
Passed for start_position 438 and length 86
Passed for start_position 438 and length 88
Passed for start_position 438 and length 90
Passed for start_position 438 and length 92
Passed for start_position 438 and length 94
Passed for start_position 438 and length 96
Passed for start_position 438 and length 98
Passed for start_position 438 and length 100
Passed for start_position 439 and length 2
Passed for start_position 439 and length 4
Passed for start_position 439 and length 6
Passed for start_position 439 and length 8
Passed for start_position 439 and length 10
Passed for start_position 439 and length 12
Passed for start_position 439 and length 14
Passed for start_position 439 and length 16
Passed for start_position 439 and length 18
Passed for start_position 439 and length 20
Passed for start_position 439 and length 22
Passed for start_position 439 and length 24
Passed for start_position 439 and length 26
Passed for start_position 439 and length 28
Passed for start_position 439 and length 30
Passed for start_position 439 and length 32
Passed for start_position 439 and length 34
Passed for start_position 439 and length 36
Passed for start_position 439 and length 38
Passed for start_position 439 and length 40
Passed for start_position 439 and length 42
Passed for start_position 439 and length 44
Passed for start_position 439 and length 46
Passed for start_position 439 and length 48
Passed for start_position 439 and length 50
Passed for start_position 439 and length 52
Passed for start_position 439 and length 54
Passed for start_position 439 and length 56
Passed for start_position 439 and length 58
Passed for start_position 439 and length 60
Passed for start_position 439 and length 62
Passed for start_position 439 and length 64
Passed for start_position 439 and length 66
Passed for start_position 439 and length 68
Passed for start_position 439 and length 70
Passed for start_position 439 and length 72
Passed for start_position 439 and length 74
Passed for start_position 439 and length 76
Passed for start_position 439 and length 78
Passed for start_position 439 and length 80
Passed for start_position 439 and length 82
Passed for start_position 439 and length 84
Passed for start_position 439 and length 86
Passed for start_position 439 and length 88
Passed for start_position 439 and length 90
Passed for start_position 439 and length 92
Passed for start_position 439 and length 94
Passed for start_position 439 and length 96
Passed for start_position 439 and length 98
Passed for start_position 439 and length 100
Passed for start_position 440 and length 2
Passed for start_position 440 and length 4
Passed for start_position 440 and length 6
Passed for start_position 440 and length 8
Passed for start_position 440 and length 10
Passed for start_position 440 and length 12
Passed for start_position 440 and length 14
Passed for start_position 440 and length 16
Passed for start_position 440 and length 18
Passed for start_position 440 and length 20
Passed for start_position 440 and length 22
Passed for start_position 440 and length 24
Passed for start_position 440 and length 26
Passed for start_position 440 and length 28
Passed for start_position 440 and length 30
Passed for start_position 440 and length 32
Passed for start_position 440 and length 34
Passed for start_position 440 and length 36
Passed for start_position 440 and length 38
Passed for start_position 440 and length 40
Passed for start_position 440 and length 42
Passed for start_position 440 and length 44
Passed for start_position 440 and length 46
Passed for start_position 440 and length 48
Passed for start_position 440 and length 50
Passed for start_position 440 and length 52
Passed for start_position 440 and length 54
Passed for start_position 440 and length 56
Passed for start_position 440 and length 58
Passed for start_position 440 and length 60
Passed for start_position 440 and length 62
Passed for start_position 440 and length 64
Passed for start_position 440 and length 66
Passed for start_position 440 and length 68
Passed for start_position 440 and length 70
Passed for start_position 440 and length 72
Passed for start_position 440 and length 74
Passed for start_position 440 and length 76
Passed for start_position 440 and length 78
Passed for start_position 440 and length 80
Passed for start_position 440 and length 82
Passed for start_position 440 and length 84
Passed for start_position 440 and length 86
Passed for start_position 440 and length 88
Passed for start_position 440 and length 90
Passed for start_position 440 and length 92
Passed for start_position 440 and length 94
Passed for start_position 440 and length 96
Passed for start_position 440 and length 98
Passed for start_position 440 and length 100
Passed for start_position 441 and length 2
Passed for start_position 441 and length 4
Passed for start_position 441 and length 6
Passed for start_position 441 and length 8
Passed for start_position 441 and length 10
Passed for start_position 441 and length 12
Passed for start_position 441 and length 14
Passed for start_position 441 and length 16
Passed for start_position 441 and length 18
Passed for start_position 441 and length 20
Passed for start_position 441 and length 22
Passed for start_position 441 and length 24
Passed for start_position 441 and length 26
Passed for start_position 441 and length 28
Passed for start_position 441 and length 30
Passed for start_position 441 and length 32
Passed for start_position 441 and length 34
Passed for start_position 441 and length 36
Passed for start_position 441 and length 38
Passed for start_position 441 and length 40
Passed for start_position 441 and length 42
Passed for start_position 441 and length 44
Passed for start_position 441 and length 46
Passed for start_position 441 and length 48
Passed for start_position 441 and length 50
Passed for start_position 441 and length 52
Passed for start_position 441 and length 54
Passed for start_position 441 and length 56
Passed for start_position 441 and length 58
Passed for start_position 441 and length 60
Passed for start_position 441 and length 62
Passed for start_position 441 and length 64
Passed for start_position 441 and length 66
Passed for start_position 441 and length 68
Passed for start_position 441 and length 70
Passed for start_position 441 and length 72
Passed for start_position 441 and length 74
Passed for start_position 441 and length 76
Passed for start_position 441 and length 78
Passed for start_position 441 and length 80
Passed for start_position 441 and length 82
Passed for start_position 441 and length 84
Passed for start_position 441 and length 86
Passed for start_position 441 and length 88
Passed for start_position 441 and length 90
Passed for start_position 441 and length 92
Passed for start_position 441 and length 94
Passed for start_position 441 and length 96
Passed for start_position 441 and length 98
Passed for start_position 441 and length 100
Passed for start_position 442 and length 2
Passed for start_position 442 and length 4
Passed for start_position 442 and length 6
Passed for start_position 442 and length 8
Passed for start_position 442 and length 10
Passed for start_position 442 and length 12
Passed for start_position 442 and length 14
Passed for start_position 442 and length 16
Passed for start_position 442 and length 18
Passed for start_position 442 and length 20
Passed for start_position 442 and length 22
Passed for start_position 442 and length 24
Passed for start_position 442 and length 26
Passed for start_position 442 and length 28
Passed for start_position 442 and length 30
Passed for start_position 442 and length 32
Passed for start_position 442 and length 34
Passed for start_position 442 and length 36
Passed for start_position 442 and length 38
Passed for start_position 442 and length 40
Passed for start_position 442 and length 42
Passed for start_position 442 and length 44
Passed for start_position 442 and length 46
Passed for start_position 442 and length 48
Passed for start_position 442 and length 50
Passed for start_position 442 and length 52
Passed for start_position 442 and length 54
Passed for start_position 442 and length 56
Passed for start_position 442 and length 58
Passed for start_position 442 and length 60
Passed for start_position 442 and length 62
Passed for start_position 442 and length 64
Passed for start_position 442 and length 66
Passed for start_position 442 and length 68
Passed for start_position 442 and length 70
Passed for start_position 442 and length 72
Passed for start_position 442 and length 74
Passed for start_position 442 and length 76
Passed for start_position 442 and length 78
Passed for start_position 442 and length 80
Passed for start_position 442 and length 82
Passed for start_position 442 and length 84
Passed for start_position 442 and length 86
Passed for start_position 442 and length 88
Passed for start_position 442 and length 90
Passed for start_position 442 and length 92
Passed for start_position 442 and length 94
Passed for start_position 442 and length 96
Passed for start_position 442 and length 98
Passed for start_position 442 and length 100
Passed for start_position 443 and length 2
Passed for start_position 443 and length 4
Passed for start_position 443 and length 6
Passed for start_position 443 and length 8
Passed for start_position 443 and length 10
Passed for start_position 443 and length 12
Passed for start_position 443 and length 14
Passed for start_position 443 and length 16
Passed for start_position 443 and length 18
Passed for start_position 443 and length 20
Passed for start_position 443 and length 22
Passed for start_position 443 and length 24
Passed for start_position 443 and length 26
Passed for start_position 443 and length 28
Passed for start_position 443 and length 30
Passed for start_position 443 and length 32
Passed for start_position 443 and length 34
Passed for start_position 443 and length 36
Passed for start_position 443 and length 38
Passed for start_position 443 and length 40
Passed for start_position 443 and length 42
Passed for start_position 443 and length 44
Passed for start_position 443 and length 46
Passed for start_position 443 and length 48
Passed for start_position 443 and length 50
Passed for start_position 443 and length 52
Passed for start_position 443 and length 54
Passed for start_position 443 and length 56
Passed for start_position 443 and length 58
Passed for start_position 443 and length 60
Passed for start_position 443 and length 62
Passed for start_position 443 and length 64
Passed for start_position 443 and length 66
Passed for start_position 443 and length 68
Passed for start_position 443 and length 70
Passed for start_position 443 and length 72
Passed for start_position 443 and length 74
Passed for start_position 443 and length 76
Passed for start_position 443 and length 78
Passed for start_position 443 and length 80
Passed for start_position 443 and length 82
Passed for start_position 443 and length 84
Passed for start_position 443 and length 86
Passed for start_position 443 and length 88
Passed for start_position 443 and length 90
Passed for start_position 443 and length 92
Passed for start_position 443 and length 94
Passed for start_position 443 and length 96
Passed for start_position 443 and length 98
Passed for start_position 443 and length 100
Passed for start_position 444 and length 2
Passed for start_position 444 and length 4
Passed for start_position 444 and length 6
Passed for start_position 444 and length 8
Passed for start_position 444 and length 10
Passed for start_position 444 and length 12
Passed for start_position 444 and length 14
Passed for start_position 444 and length 16
Passed for start_position 444 and length 18
Passed for start_position 444 and length 20
Passed for start_position 444 and length 22
Passed for start_position 444 and length 24
Passed for start_position 444 and length 26
Passed for start_position 444 and length 28
Passed for start_position 444 and length 30
Passed for start_position 444 and length 32
Passed for start_position 444 and length 34
Passed for start_position 444 and length 36
Passed for start_position 444 and length 38
Passed for start_position 444 and length 40
Passed for start_position 444 and length 42
Passed for start_position 444 and length 44
Passed for start_position 444 and length 46
Passed for start_position 444 and length 48
Passed for start_position 444 and length 50
Passed for start_position 444 and length 52
Passed for start_position 444 and length 54
Passed for start_position 444 and length 56
Passed for start_position 444 and length 58
Passed for start_position 444 and length 60
Passed for start_position 444 and length 62
Passed for start_position 444 and length 64
Passed for start_position 444 and length 66
Passed for start_position 444 and length 68
Passed for start_position 444 and length 70
Passed for start_position 444 and length 72
Passed for start_position 444 and length 74
Passed for start_position 444 and length 76
Passed for start_position 444 and length 78
Passed for start_position 444 and length 80
Passed for start_position 444 and length 82
Passed for start_position 444 and length 84
Passed for start_position 444 and length 86
Passed for start_position 444 and length 88
Passed for start_position 444 and length 90
Passed for start_position 444 and length 92
Passed for start_position 444 and length 94
Passed for start_position 444 and length 96
Passed for start_position 444 and length 98
Passed for start_position 444 and length 100
Passed for start_position 445 and length 2
Passed for start_position 445 and length 4
Passed for start_position 445 and length 6
Passed for start_position 445 and length 8
Passed for start_position 445 and length 10
Passed for start_position 445 and length 12
Passed for start_position 445 and length 14
Passed for start_position 445 and length 16
Passed for start_position 445 and length 18
Passed for start_position 445 and length 20
Passed for start_position 445 and length 22
Passed for start_position 445 and length 24
Passed for start_position 445 and length 26
Passed for start_position 445 and length 28
Passed for start_position 445 and length 30
Passed for start_position 445 and length 32
Passed for start_position 445 and length 34
Passed for start_position 445 and length 36
Passed for start_position 445 and length 38
Passed for start_position 445 and length 40
Passed for start_position 445 and length 42
Passed for start_position 445 and length 44
Passed for start_position 445 and length 46
Passed for start_position 445 and length 48
Passed for start_position 445 and length 50
Passed for start_position 445 and length 52
Passed for start_position 445 and length 54
Passed for start_position 445 and length 56
Passed for start_position 445 and length 58
Passed for start_position 445 and length 60
Passed for start_position 445 and length 62
Passed for start_position 445 and length 64
Passed for start_position 445 and length 66
Passed for start_position 445 and length 68
Passed for start_position 445 and length 70
Passed for start_position 445 and length 72
Passed for start_position 445 and length 74
Passed for start_position 445 and length 76
Passed for start_position 445 and length 78
Passed for start_position 445 and length 80
Passed for start_position 445 and length 82
Passed for start_position 445 and length 84
Passed for start_position 445 and length 86
Passed for start_position 445 and length 88
Passed for start_position 445 and length 90
Passed for start_position 445 and length 92
Passed for start_position 445 and length 94
Passed for start_position 445 and length 96
Passed for start_position 445 and length 98
Passed for start_position 445 and length 100
Passed for start_position 446 and length 2
Passed for start_position 446 and length 4
Passed for start_position 446 and length 6
Passed for start_position 446 and length 8
Passed for start_position 446 and length 10
Passed for start_position 446 and length 12
Passed for start_position 446 and length 14
Passed for start_position 446 and length 16
Passed for start_position 446 and length 18
Passed for start_position 446 and length 20
Passed for start_position 446 and length 22
Passed for start_position 446 and length 24
Passed for start_position 446 and length 26
Passed for start_position 446 and length 28
Passed for start_position 446 and length 30
Passed for start_position 446 and length 32
Passed for start_position 446 and length 34
Passed for start_position 446 and length 36
Passed for start_position 446 and length 38
Passed for start_position 446 and length 40
Passed for start_position 446 and length 42
Passed for start_position 446 and length 44
Passed for start_position 446 and length 46
Passed for start_position 446 and length 48
Passed for start_position 446 and length 50
Passed for start_position 446 and length 52
Passed for start_position 446 and length 54
Passed for start_position 446 and length 56
Passed for start_position 446 and length 58
Passed for start_position 446 and length 60
Passed for start_position 446 and length 62
Passed for start_position 446 and length 64
Passed for start_position 446 and length 66
Passed for start_position 446 and length 68
Passed for start_position 446 and length 70
Passed for start_position 446 and length 72
Passed for start_position 446 and length 74
Passed for start_position 446 and length 76
Passed for start_position 446 and length 78
Passed for start_position 446 and length 80
Passed for start_position 446 and length 82
Passed for start_position 446 and length 84
Passed for start_position 446 and length 86
Passed for start_position 446 and length 88
Passed for start_position 446 and length 90
Passed for start_position 446 and length 92
Passed for start_position 446 and length 94
Passed for start_position 446 and length 96
Passed for start_position 446 and length 98
Passed for start_position 446 and length 100
Passed for start_position 447 and length 2
Passed for start_position 447 and length 4
Passed for start_position 447 and length 6
Passed for start_position 447 and length 8
Passed for start_position 447 and length 10
Passed for start_position 447 and length 12
Passed for start_position 447 and length 14
Passed for start_position 447 and length 16
Passed for start_position 447 and length 18
Passed for start_position 447 and length 20
Passed for start_position 447 and length 22
Passed for start_position 447 and length 24
Passed for start_position 447 and length 26
Passed for start_position 447 and length 28
Passed for start_position 447 and length 30
Passed for start_position 447 and length 32
Passed for start_position 447 and length 34
Passed for start_position 447 and length 36
Passed for start_position 447 and length 38
Passed for start_position 447 and length 40
Passed for start_position 447 and length 42
Passed for start_position 447 and length 44
Passed for start_position 447 and length 46
Passed for start_position 447 and length 48
Passed for start_position 447 and length 50
Passed for start_position 447 and length 52
Passed for start_position 447 and length 54
Passed for start_position 447 and length 56
Passed for start_position 447 and length 58
Passed for start_position 447 and length 60
Passed for start_position 447 and length 62
Passed for start_position 447 and length 64
Passed for start_position 447 and length 66
Passed for start_position 447 and length 68
Passed for start_position 447 and length 70
Passed for start_position 447 and length 72
Passed for start_position 447 and length 74
Passed for start_position 447 and length 76
Passed for start_position 447 and length 78
Passed for start_position 447 and length 80
Passed for start_position 447 and length 82
Passed for start_position 447 and length 84
Passed for start_position 447 and length 86
Passed for start_position 447 and length 88
Passed for start_position 447 and length 90
Passed for start_position 447 and length 92
Passed for start_position 447 and length 94
Passed for start_position 447 and length 96
Passed for start_position 447 and length 98
Passed for start_position 447 and length 100
Passed for start_position 448 and length 2
Passed for start_position 448 and length 4
Passed for start_position 448 and length 6
Passed for start_position 448 and length 8
Passed for start_position 448 and length 10
Passed for start_position 448 and length 12
Passed for start_position 448 and length 14
Passed for start_position 448 and length 16
Passed for start_position 448 and length 18
Passed for start_position 448 and length 20
Passed for start_position 448 and length 22
Passed for start_position 448 and length 24
Passed for start_position 448 and length 26
Passed for start_position 448 and length 28
Passed for start_position 448 and length 30
Passed for start_position 448 and length 32
Passed for start_position 448 and length 34
Passed for start_position 448 and length 36
Passed for start_position 448 and length 38
Passed for start_position 448 and length 40
Passed for start_position 448 and length 42
Passed for start_position 448 and length 44
Passed for start_position 448 and length 46
Passed for start_position 448 and length 48
Passed for start_position 448 and length 50
Passed for start_position 448 and length 52
Passed for start_position 448 and length 54
Passed for start_position 448 and length 56
Passed for start_position 448 and length 58
Passed for start_position 448 and length 60
Passed for start_position 448 and length 62
Passed for start_position 448 and length 64
Passed for start_position 448 and length 66
Passed for start_position 448 and length 68
Passed for start_position 448 and length 70
Passed for start_position 448 and length 72
Passed for start_position 448 and length 74
Passed for start_position 448 and length 76
Passed for start_position 448 and length 78
Passed for start_position 448 and length 80
Passed for start_position 448 and length 82
Passed for start_position 448 and length 84
Passed for start_position 448 and length 86
Passed for start_position 448 and length 88
Passed for start_position 448 and length 90
Passed for start_position 448 and length 92
Passed for start_position 448 and length 94
Passed for start_position 448 and length 96
Passed for start_position 448 and length 98
Passed for start_position 448 and length 100
Passed for start_position 449 and length 2
Passed for start_position 449 and length 4
Passed for start_position 449 and length 6
Passed for start_position 449 and length 8
Passed for start_position 449 and length 10
Passed for start_position 449 and length 12
Passed for start_position 449 and length 14
Passed for start_position 449 and length 16
Passed for start_position 449 and length 18
Passed for start_position 449 and length 20
Passed for start_position 449 and length 22
Passed for start_position 449 and length 24
Passed for start_position 449 and length 26
Passed for start_position 449 and length 28
Passed for start_position 449 and length 30
Passed for start_position 449 and length 32
Passed for start_position 449 and length 34
Passed for start_position 449 and length 36
Passed for start_position 449 and length 38
Passed for start_position 449 and length 40
Passed for start_position 449 and length 42
Passed for start_position 449 and length 44
Passed for start_position 449 and length 46
Passed for start_position 449 and length 48
Passed for start_position 449 and length 50
Passed for start_position 449 and length 52
Passed for start_position 449 and length 54
Passed for start_position 449 and length 56
Passed for start_position 449 and length 58
Passed for start_position 449 and length 60
Passed for start_position 449 and length 62
Passed for start_position 449 and length 64
Passed for start_position 449 and length 66
Passed for start_position 449 and length 68
Passed for start_position 449 and length 70
Passed for start_position 449 and length 72
Passed for start_position 449 and length 74
Passed for start_position 449 and length 76
Passed for start_position 449 and length 78
Passed for start_position 449 and length 80
Passed for start_position 449 and length 82
Passed for start_position 449 and length 84
Passed for start_position 449 and length 86
Passed for start_position 449 and length 88
Passed for start_position 449 and length 90
Passed for start_position 449 and length 92
Passed for start_position 449 and length 94
Passed for start_position 449 and length 96
Passed for start_position 449 and length 98
Passed for start_position 449 and length 100
Passed for start_position 450 and length 2
Passed for start_position 450 and length 4
Passed for start_position 450 and length 6
Passed for start_position 450 and length 8
Passed for start_position 450 and length 10
Passed for start_position 450 and length 12
Passed for start_position 450 and length 14
Passed for start_position 450 and length 16
Passed for start_position 450 and length 18
Passed for start_position 450 and length 20
Passed for start_position 450 and length 22
Passed for start_position 450 and length 24
Passed for start_position 450 and length 26
Passed for start_position 450 and length 28
Passed for start_position 450 and length 30
Passed for start_position 450 and length 32
Passed for start_position 450 and length 34
Passed for start_position 450 and length 36
Passed for start_position 450 and length 38
Passed for start_position 450 and length 40
Passed for start_position 450 and length 42
Passed for start_position 450 and length 44
Passed for start_position 450 and length 46
Passed for start_position 450 and length 48
Passed for start_position 450 and length 50
Passed for start_position 450 and length 52
Passed for start_position 450 and length 54
Passed for start_position 450 and length 56
Passed for start_position 450 and length 58
Passed for start_position 450 and length 60
Passed for start_position 450 and length 62
Passed for start_position 450 and length 64
Passed for start_position 450 and length 66
Passed for start_position 450 and length 68
Passed for start_position 450 and length 70
Passed for start_position 450 and length 72
Passed for start_position 450 and length 74
Passed for start_position 450 and length 76
Passed for start_position 450 and length 78
Passed for start_position 450 and length 80
Passed for start_position 450 and length 82
Passed for start_position 450 and length 84
Passed for start_position 450 and length 86
Passed for start_position 450 and length 88
Passed for start_position 450 and length 90
Passed for start_position 450 and length 92
Passed for start_position 450 and length 94
Passed for start_position 450 and length 96
Passed for start_position 450 and length 98
Passed for start_position 450 and length 100
Passed for start_position 451 and length 2
Passed for start_position 451 and length 4
Passed for start_position 451 and length 6
Passed for start_position 451 and length 8
Passed for start_position 451 and length 10
Passed for start_position 451 and length 12
Passed for start_position 451 and length 14
Passed for start_position 451 and length 16
Passed for start_position 451 and length 18
Passed for start_position 451 and length 20
Passed for start_position 451 and length 22
Passed for start_position 451 and length 24
Passed for start_position 451 and length 26
Passed for start_position 451 and length 28
Passed for start_position 451 and length 30
Passed for start_position 451 and length 32
Passed for start_position 451 and length 34
Passed for start_position 451 and length 36
Passed for start_position 451 and length 38
Passed for start_position 451 and length 40
Passed for start_position 451 and length 42
Passed for start_position 451 and length 44
Passed for start_position 451 and length 46
Passed for start_position 451 and length 48
Passed for start_position 451 and length 50
Passed for start_position 451 and length 52
Passed for start_position 451 and length 54
Passed for start_position 451 and length 56
Passed for start_position 451 and length 58
Passed for start_position 451 and length 60
Passed for start_position 451 and length 62
Passed for start_position 451 and length 64
Passed for start_position 451 and length 66
Passed for start_position 451 and length 68
Passed for start_position 451 and length 70
Passed for start_position 451 and length 72
Passed for start_position 451 and length 74
Passed for start_position 451 and length 76
Passed for start_position 451 and length 78
Passed for start_position 451 and length 80
Passed for start_position 451 and length 82
Passed for start_position 451 and length 84
Passed for start_position 451 and length 86
Passed for start_position 451 and length 88
Passed for start_position 451 and length 90
Passed for start_position 451 and length 92
Passed for start_position 451 and length 94
Passed for start_position 451 and length 96
Passed for start_position 451 and length 98
Passed for start_position 451 and length 100
Passed for start_position 452 and length 2
Passed for start_position 452 and length 4
Passed for start_position 452 and length 6
Passed for start_position 452 and length 8
Passed for start_position 452 and length 10
Passed for start_position 452 and length 12
Passed for start_position 452 and length 14
Passed for start_position 452 and length 16
Passed for start_position 452 and length 18
Passed for start_position 452 and length 20
Passed for start_position 452 and length 22
Passed for start_position 452 and length 24
Passed for start_position 452 and length 26
Passed for start_position 452 and length 28
Passed for start_position 452 and length 30
Passed for start_position 452 and length 32
Passed for start_position 452 and length 34
Passed for start_position 452 and length 36
Passed for start_position 452 and length 38
Passed for start_position 452 and length 40
Passed for start_position 452 and length 42
Passed for start_position 452 and length 44
Passed for start_position 452 and length 46
Passed for start_position 452 and length 48
Passed for start_position 452 and length 50
Passed for start_position 452 and length 52
Passed for start_position 452 and length 54
Passed for start_position 452 and length 56
Passed for start_position 452 and length 58
Passed for start_position 452 and length 60
Passed for start_position 452 and length 62
Passed for start_position 452 and length 64
Passed for start_position 452 and length 66
Passed for start_position 452 and length 68
Passed for start_position 452 and length 70
Passed for start_position 452 and length 72
Passed for start_position 452 and length 74
Passed for start_position 452 and length 76
Passed for start_position 452 and length 78
Passed for start_position 452 and length 80
Passed for start_position 452 and length 82
Passed for start_position 452 and length 84
Passed for start_position 452 and length 86
Passed for start_position 452 and length 88
Passed for start_position 452 and length 90
Passed for start_position 452 and length 92
Passed for start_position 452 and length 94
Passed for start_position 452 and length 96
Passed for start_position 452 and length 98
Passed for start_position 452 and length 100
Passed for start_position 453 and length 2
Passed for start_position 453 and length 4
Passed for start_position 453 and length 6
Passed for start_position 453 and length 8
Passed for start_position 453 and length 10
Passed for start_position 453 and length 12
Passed for start_position 453 and length 14
Passed for start_position 453 and length 16
Passed for start_position 453 and length 18
Passed for start_position 453 and length 20
Passed for start_position 453 and length 22
Passed for start_position 453 and length 24
Passed for start_position 453 and length 26
Passed for start_position 453 and length 28
Passed for start_position 453 and length 30
Passed for start_position 453 and length 32
Passed for start_position 453 and length 34
Passed for start_position 453 and length 36
Passed for start_position 453 and length 38
Passed for start_position 453 and length 40
Passed for start_position 453 and length 42
Passed for start_position 453 and length 44
Passed for start_position 453 and length 46
Passed for start_position 453 and length 48
Passed for start_position 453 and length 50
Passed for start_position 453 and length 52
Passed for start_position 453 and length 54
Passed for start_position 453 and length 56
Passed for start_position 453 and length 58
Passed for start_position 453 and length 60
Passed for start_position 453 and length 62
Passed for start_position 453 and length 64
Passed for start_position 453 and length 66
Passed for start_position 453 and length 68
Passed for start_position 453 and length 70
Passed for start_position 453 and length 72
Passed for start_position 453 and length 74
Passed for start_position 453 and length 76
Passed for start_position 453 and length 78
Passed for start_position 453 and length 80
Passed for start_position 453 and length 82
Passed for start_position 453 and length 84
Passed for start_position 453 and length 86
Passed for start_position 453 and length 88
Passed for start_position 453 and length 90
Passed for start_position 453 and length 92
Passed for start_position 453 and length 94
Passed for start_position 453 and length 96
Passed for start_position 453 and length 98
Passed for start_position 453 and length 100
Passed for start_position 454 and length 2
Passed for start_position 454 and length 4
Passed for start_position 454 and length 6
Passed for start_position 454 and length 8
Passed for start_position 454 and length 10
Passed for start_position 454 and length 12
Passed for start_position 454 and length 14
Passed for start_position 454 and length 16
Passed for start_position 454 and length 18
Passed for start_position 454 and length 20
Passed for start_position 454 and length 22
Passed for start_position 454 and length 24
Passed for start_position 454 and length 26
Passed for start_position 454 and length 28
Passed for start_position 454 and length 30
Passed for start_position 454 and length 32
Passed for start_position 454 and length 34
Passed for start_position 454 and length 36
Passed for start_position 454 and length 38
Passed for start_position 454 and length 40
Passed for start_position 454 and length 42
Passed for start_position 454 and length 44
Passed for start_position 454 and length 46
Passed for start_position 454 and length 48
Passed for start_position 454 and length 50
Passed for start_position 454 and length 52
Passed for start_position 454 and length 54
Passed for start_position 454 and length 56
Passed for start_position 454 and length 58
Passed for start_position 454 and length 60
Passed for start_position 454 and length 62
Passed for start_position 454 and length 64
Passed for start_position 454 and length 66
Passed for start_position 454 and length 68
Passed for start_position 454 and length 70
Passed for start_position 454 and length 72
Passed for start_position 454 and length 74
Passed for start_position 454 and length 76
Passed for start_position 454 and length 78
Passed for start_position 454 and length 80
Passed for start_position 454 and length 82
Passed for start_position 454 and length 84
Passed for start_position 454 and length 86
Passed for start_position 454 and length 88
Passed for start_position 454 and length 90
Passed for start_position 454 and length 92
Passed for start_position 454 and length 94
Passed for start_position 454 and length 96
Passed for start_position 454 and length 98
Passed for start_position 454 and length 100
Passed for start_position 455 and length 2
Passed for start_position 455 and length 4
Passed for start_position 455 and length 6
Passed for start_position 455 and length 8
Passed for start_position 455 and length 10
Passed for start_position 455 and length 12
Passed for start_position 455 and length 14
Passed for start_position 455 and length 16
Passed for start_position 455 and length 18
Passed for start_position 455 and length 20
Passed for start_position 455 and length 22
Passed for start_position 455 and length 24
Passed for start_position 455 and length 26
Passed for start_position 455 and length 28
Passed for start_position 455 and length 30
Passed for start_position 455 and length 32
Passed for start_position 455 and length 34
Passed for start_position 455 and length 36
Passed for start_position 455 and length 38
Passed for start_position 455 and length 40
Passed for start_position 455 and length 42
Passed for start_position 455 and length 44
Passed for start_position 455 and length 46
Passed for start_position 455 and length 48
Passed for start_position 455 and length 50
Passed for start_position 455 and length 52
Passed for start_position 455 and length 54
Passed for start_position 455 and length 56
Passed for start_position 455 and length 58
Passed for start_position 455 and length 60
Passed for start_position 455 and length 62
Passed for start_position 455 and length 64
Passed for start_position 455 and length 66
Passed for start_position 455 and length 68
Passed for start_position 455 and length 70
Passed for start_position 455 and length 72
Passed for start_position 455 and length 74
Passed for start_position 455 and length 76
Passed for start_position 455 and length 78
Passed for start_position 455 and length 80
Passed for start_position 455 and length 82
Passed for start_position 455 and length 84
Passed for start_position 455 and length 86
Passed for start_position 455 and length 88
Passed for start_position 455 and length 90
Passed for start_position 455 and length 92
Passed for start_position 455 and length 94
Passed for start_position 455 and length 96
Passed for start_position 455 and length 98
Passed for start_position 455 and length 100
Passed for start_position 456 and length 2
Passed for start_position 456 and length 4
Passed for start_position 456 and length 6
Passed for start_position 456 and length 8
Passed for start_position 456 and length 10
Passed for start_position 456 and length 12
Passed for start_position 456 and length 14
Passed for start_position 456 and length 16
Passed for start_position 456 and length 18
Passed for start_position 456 and length 20
Passed for start_position 456 and length 22
Passed for start_position 456 and length 24
Passed for start_position 456 and length 26
Passed for start_position 456 and length 28
Passed for start_position 456 and length 30
Passed for start_position 456 and length 32
Passed for start_position 456 and length 34
Passed for start_position 456 and length 36
Passed for start_position 456 and length 38
Passed for start_position 456 and length 40
Passed for start_position 456 and length 42
Passed for start_position 456 and length 44
Passed for start_position 456 and length 46
Passed for start_position 456 and length 48
Passed for start_position 456 and length 50
Passed for start_position 456 and length 52
Passed for start_position 456 and length 54
Passed for start_position 456 and length 56
Passed for start_position 456 and length 58
Passed for start_position 456 and length 60
Passed for start_position 456 and length 62
Passed for start_position 456 and length 64
Passed for start_position 456 and length 66
Passed for start_position 456 and length 68
Passed for start_position 456 and length 70
Passed for start_position 456 and length 72
Passed for start_position 456 and length 74
Passed for start_position 456 and length 76
Passed for start_position 456 and length 78
Passed for start_position 456 and length 80
Passed for start_position 456 and length 82
Passed for start_position 456 and length 84
Passed for start_position 456 and length 86
Passed for start_position 456 and length 88
Passed for start_position 456 and length 90
Passed for start_position 456 and length 92
Passed for start_position 456 and length 94
Passed for start_position 456 and length 96
Passed for start_position 456 and length 98
Passed for start_position 456 and length 100
Passed for start_position 457 and length 2
Passed for start_position 457 and length 4
Passed for start_position 457 and length 6
Passed for start_position 457 and length 8
Passed for start_position 457 and length 10
Passed for start_position 457 and length 12
Passed for start_position 457 and length 14
Passed for start_position 457 and length 16
Passed for start_position 457 and length 18
Passed for start_position 457 and length 20
Passed for start_position 457 and length 22
Passed for start_position 457 and length 24
Passed for start_position 457 and length 26
Passed for start_position 457 and length 28
Passed for start_position 457 and length 30
Passed for start_position 457 and length 32
Passed for start_position 457 and length 34
Passed for start_position 457 and length 36
Passed for start_position 457 and length 38
Passed for start_position 457 and length 40
Passed for start_position 457 and length 42
Passed for start_position 457 and length 44
Passed for start_position 457 and length 46
Passed for start_position 457 and length 48
Passed for start_position 457 and length 50
Passed for start_position 457 and length 52
Passed for start_position 457 and length 54
Passed for start_position 457 and length 56
Passed for start_position 457 and length 58
Passed for start_position 457 and length 60
Passed for start_position 457 and length 62
Passed for start_position 457 and length 64
Passed for start_position 457 and length 66
Passed for start_position 457 and length 68
Passed for start_position 457 and length 70
Passed for start_position 457 and length 72
Passed for start_position 457 and length 74
Passed for start_position 457 and length 76
Passed for start_position 457 and length 78
Passed for start_position 457 and length 80
Passed for start_position 457 and length 82
Passed for start_position 457 and length 84
Passed for start_position 457 and length 86
Passed for start_position 457 and length 88
Passed for start_position 457 and length 90
Passed for start_position 457 and length 92
Passed for start_position 457 and length 94
Passed for start_position 457 and length 96
Passed for start_position 457 and length 98
Passed for start_position 457 and length 100
Passed for start_position 458 and length 2
Passed for start_position 458 and length 4
Passed for start_position 458 and length 6
Passed for start_position 458 and length 8
Passed for start_position 458 and length 10
Passed for start_position 458 and length 12
Passed for start_position 458 and length 14
Passed for start_position 458 and length 16
Passed for start_position 458 and length 18
Passed for start_position 458 and length 20
Passed for start_position 458 and length 22
Passed for start_position 458 and length 24
Passed for start_position 458 and length 26
Passed for start_position 458 and length 28
Passed for start_position 458 and length 30
Passed for start_position 458 and length 32
Passed for start_position 458 and length 34
Passed for start_position 458 and length 36
Passed for start_position 458 and length 38
Passed for start_position 458 and length 40
Passed for start_position 458 and length 42
Passed for start_position 458 and length 44
Passed for start_position 458 and length 46
Passed for start_position 458 and length 48
Passed for start_position 458 and length 50
Passed for start_position 458 and length 52
Passed for start_position 458 and length 54
Passed for start_position 458 and length 56
Passed for start_position 458 and length 58
Passed for start_position 458 and length 60
Passed for start_position 458 and length 62
Passed for start_position 458 and length 64
Passed for start_position 458 and length 66
Passed for start_position 458 and length 68
Passed for start_position 458 and length 70
Passed for start_position 458 and length 72
Passed for start_position 458 and length 74
Passed for start_position 458 and length 76
Passed for start_position 458 and length 78
Passed for start_position 458 and length 80
Passed for start_position 458 and length 82
Passed for start_position 458 and length 84
Passed for start_position 458 and length 86
Passed for start_position 458 and length 88
Passed for start_position 458 and length 90
Passed for start_position 458 and length 92
Passed for start_position 458 and length 94
Passed for start_position 458 and length 96
Passed for start_position 458 and length 98
Passed for start_position 458 and length 100
Passed for start_position 459 and length 2
Passed for start_position 459 and length 4
Passed for start_position 459 and length 6
Passed for start_position 459 and length 8
Passed for start_position 459 and length 10
Passed for start_position 459 and length 12
Passed for start_position 459 and length 14
Passed for start_position 459 and length 16
Passed for start_position 459 and length 18
Passed for start_position 459 and length 20
Passed for start_position 459 and length 22
Passed for start_position 459 and length 24
Passed for start_position 459 and length 26
Passed for start_position 459 and length 28
Passed for start_position 459 and length 30
Passed for start_position 459 and length 32
Passed for start_position 459 and length 34
Passed for start_position 459 and length 36
Passed for start_position 459 and length 38
Passed for start_position 459 and length 40
Passed for start_position 459 and length 42
Passed for start_position 459 and length 44
Passed for start_position 459 and length 46
Passed for start_position 459 and length 48
Passed for start_position 459 and length 50
Passed for start_position 459 and length 52
Passed for start_position 459 and length 54
Passed for start_position 459 and length 56
Passed for start_position 459 and length 58
Passed for start_position 459 and length 60
Passed for start_position 459 and length 62
Passed for start_position 459 and length 64
Passed for start_position 459 and length 66
Passed for start_position 459 and length 68
Passed for start_position 459 and length 70
Passed for start_position 459 and length 72
Passed for start_position 459 and length 74
Passed for start_position 459 and length 76
Passed for start_position 459 and length 78
Passed for start_position 459 and length 80
Passed for start_position 459 and length 82
Passed for start_position 459 and length 84
Passed for start_position 459 and length 86
Passed for start_position 459 and length 88
Passed for start_position 459 and length 90
Passed for start_position 459 and length 92
Passed for start_position 459 and length 94
Passed for start_position 459 and length 96
Passed for start_position 459 and length 98
Passed for start_position 459 and length 100
Passed for start_position 460 and length 2
Passed for start_position 460 and length 4
Passed for start_position 460 and length 6
Passed for start_position 460 and length 8
Passed for start_position 460 and length 10
Passed for start_position 460 and length 12
Passed for start_position 460 and length 14
Passed for start_position 460 and length 16
Passed for start_position 460 and length 18
Passed for start_position 460 and length 20
Passed for start_position 460 and length 22
Passed for start_position 460 and length 24
Passed for start_position 460 and length 26
Passed for start_position 460 and length 28
Passed for start_position 460 and length 30
Passed for start_position 460 and length 32
Passed for start_position 460 and length 34
Passed for start_position 460 and length 36
Passed for start_position 460 and length 38
Passed for start_position 460 and length 40
Passed for start_position 460 and length 42
Passed for start_position 460 and length 44
Passed for start_position 460 and length 46
Passed for start_position 460 and length 48
Passed for start_position 460 and length 50
Passed for start_position 460 and length 52
Passed for start_position 460 and length 54
Passed for start_position 460 and length 56
Passed for start_position 460 and length 58
Passed for start_position 460 and length 60
Passed for start_position 460 and length 62
Passed for start_position 460 and length 64
Passed for start_position 460 and length 66
Passed for start_position 460 and length 68
Passed for start_position 460 and length 70
Passed for start_position 460 and length 72
Passed for start_position 460 and length 74
Passed for start_position 460 and length 76
Passed for start_position 460 and length 78
Passed for start_position 460 and length 80
Passed for start_position 460 and length 82
Passed for start_position 460 and length 84
Passed for start_position 460 and length 86
Passed for start_position 460 and length 88
Passed for start_position 460 and length 90
Passed for start_position 460 and length 92
Passed for start_position 460 and length 94
Passed for start_position 460 and length 96
Passed for start_position 460 and length 98
Passed for start_position 460 and length 100
Passed for start_position 461 and length 2
Passed for start_position 461 and length 4
Passed for start_position 461 and length 6
Passed for start_position 461 and length 8
Passed for start_position 461 and length 10
Passed for start_position 461 and length 12
Passed for start_position 461 and length 14
Passed for start_position 461 and length 16
Passed for start_position 461 and length 18
Passed for start_position 461 and length 20
Passed for start_position 461 and length 22
Passed for start_position 461 and length 24
Passed for start_position 461 and length 26
Passed for start_position 461 and length 28
Passed for start_position 461 and length 30
Passed for start_position 461 and length 32
Passed for start_position 461 and length 34
Passed for start_position 461 and length 36
Passed for start_position 461 and length 38
Passed for start_position 461 and length 40
Passed for start_position 461 and length 42
Passed for start_position 461 and length 44
Passed for start_position 461 and length 46
Passed for start_position 461 and length 48
Passed for start_position 461 and length 50
Passed for start_position 461 and length 52
Passed for start_position 461 and length 54
Passed for start_position 461 and length 56
Passed for start_position 461 and length 58
Passed for start_position 461 and length 60
Passed for start_position 461 and length 62
Passed for start_position 461 and length 64
Passed for start_position 461 and length 66
Passed for start_position 461 and length 68
Passed for start_position 461 and length 70
Passed for start_position 461 and length 72
Passed for start_position 461 and length 74
Passed for start_position 461 and length 76
Passed for start_position 461 and length 78
Passed for start_position 461 and length 80
Passed for start_position 461 and length 82
Passed for start_position 461 and length 84
Passed for start_position 461 and length 86
Passed for start_position 461 and length 88
Passed for start_position 461 and length 90
Passed for start_position 461 and length 92
Passed for start_position 461 and length 94
Passed for start_position 461 and length 96
Passed for start_position 461 and length 98
Passed for start_position 461 and length 100
Passed for start_position 462 and length 2
Passed for start_position 462 and length 4
Passed for start_position 462 and length 6
Passed for start_position 462 and length 8
Passed for start_position 462 and length 10
Passed for start_position 462 and length 12
Passed for start_position 462 and length 14
Passed for start_position 462 and length 16
Passed for start_position 462 and length 18
Passed for start_position 462 and length 20
Passed for start_position 462 and length 22
Passed for start_position 462 and length 24
Passed for start_position 462 and length 26
Passed for start_position 462 and length 28
Passed for start_position 462 and length 30
Passed for start_position 462 and length 32
Passed for start_position 462 and length 34
Passed for start_position 462 and length 36
Passed for start_position 462 and length 38
Passed for start_position 462 and length 40
Passed for start_position 462 and length 42
Passed for start_position 462 and length 44
Passed for start_position 462 and length 46
Passed for start_position 462 and length 48
Passed for start_position 462 and length 50
Passed for start_position 462 and length 52
Passed for start_position 462 and length 54
Passed for start_position 462 and length 56
Passed for start_position 462 and length 58
Passed for start_position 462 and length 60
Passed for start_position 462 and length 62
Passed for start_position 462 and length 64
Passed for start_position 462 and length 66
Passed for start_position 462 and length 68
Passed for start_position 462 and length 70
Passed for start_position 462 and length 72
Passed for start_position 462 and length 74
Passed for start_position 462 and length 76
Passed for start_position 462 and length 78
Passed for start_position 462 and length 80
Passed for start_position 462 and length 82
Passed for start_position 462 and length 84
Passed for start_position 462 and length 86
Passed for start_position 462 and length 88
Passed for start_position 462 and length 90
Passed for start_position 462 and length 92
Passed for start_position 462 and length 94
Passed for start_position 462 and length 96
Passed for start_position 462 and length 98
Passed for start_position 462 and length 100
Passed for start_position 463 and length 2
Error for start_position 463 and length 4: Movement -1 not in dictionary
Passed for start_position 463 and length 6
Error for start_position 463 and length 8: Movement -1 not in dictionary
Passed for start_position 463 and length 10
Error for start_position 463 and length 12: Movement 1 not in dictionary
Passed for start_position 463 and length 14
Error for start_position 463 and length 16: Movement 1 not in dictionary
Passed for start_position 463 and length 18
Passed for start_position 463 and length 20
Passed for start_position 463 and length 22
Error for start_position 463 and length 24: Movement -1 not in dictionary
Error for start_position 463 and length 26: Movement -1 not in dictionary
Passed for start_position 463 and length 28
Passed for start_position 463 and length 30
Passed for start_position 463 and length 32
Passed for start_position 463 and length 34
Passed for start_position 463 and length 36
Error for start_position 463 and length 38: Movement 1 not in dictionary
Passed for start_position 463 and length 40
Error for start_position 463 and length 42: Movement 1 not in dictionary
Passed for start_position 463 and length 44
Passed for start_position 463 and length 46
Passed for start_position 463 and length 48
Error for start_position 463 and length 50: Movement 1 not in dictionary
Passed for start_position 463 and length 52
Passed for start_position 463 and length 54
Passed for start_position 463 and length 56
Passed for start_position 463 and length 58
Error for start_position 463 and length 60: Movement -1 not in dictionary
Passed for start_position 463 and length 62
Error for start_position 463 and length 64: Movement -1 not in dictionary
Error for start_position 463 and length 66: Movement -1 not in dictionary
Error for start_position 463 and length 68: Movement 1 not in dictionary
Error for start_position 463 and length 70: Movement 1 not in dictionary
Passed for start_position 463 and length 72
Passed for start_position 463 and length 74
Error for start_position 463 and length 76: Movement 1 not in dictionary
Error for start_position 463 and length 78: Movement 1 not in dictionary
Error for start_position 463 and length 80: Movement 1 not in dictionary
Error for start_position 463 and length 82: Movement 1 not in dictionary
Passed for start_position 463 and length 84
Error for start_position 463 and length 86: Movement 1 not in dictionary
Error for start_position 463 and length 88: Movement -1 not in dictionary
Passed for start_position 463 and length 90
Passed for start_position 463 and length 92
Error for start_position 463 and length 94: Movement 1 not in dictionary
Passed for start_position 463 and length 96
Passed for start_position 463 and length 98
Passed for start_position 463 and length 100
Passed for start_position 464 and length 2
Passed for start_position 464 and length 4
Passed for start_position 464 and length 6
Passed for start_position 464 and length 8
Passed for start_position 464 and length 10
Passed for start_position 464 and length 12
Passed for start_position 464 and length 14
Passed for start_position 464 and length 16
Passed for start_position 464 and length 18
Passed for start_position 464 and length 20
Passed for start_position 464 and length 22
Passed for start_position 464 and length 24
Passed for start_position 464 and length 26
Passed for start_position 464 and length 28
Passed for start_position 464 and length 30
Passed for start_position 464 and length 32
Passed for start_position 464 and length 34
Passed for start_position 464 and length 36
Passed for start_position 464 and length 38
Passed for start_position 464 and length 40
Passed for start_position 464 and length 42
Passed for start_position 464 and length 44
Passed for start_position 464 and length 46
Passed for start_position 464 and length 48
Passed for start_position 464 and length 50
Passed for start_position 464 and length 52
Passed for start_position 464 and length 54
Passed for start_position 464 and length 56
Passed for start_position 464 and length 58
Passed for start_position 464 and length 60
Passed for start_position 464 and length 62
Passed for start_position 464 and length 64
Passed for start_position 464 and length 66
Passed for start_position 464 and length 68
Passed for start_position 464 and length 70
Passed for start_position 464 and length 72
Passed for start_position 464 and length 74
Passed for start_position 464 and length 76
Passed for start_position 464 and length 78
Passed for start_position 464 and length 80
Passed for start_position 464 and length 82
Passed for start_position 464 and length 84
Passed for start_position 464 and length 86
Passed for start_position 464 and length 88
Passed for start_position 464 and length 90
Passed for start_position 464 and length 92
Passed for start_position 464 and length 94
Passed for start_position 464 and length 96
Passed for start_position 464 and length 98
Passed for start_position 464 and length 100
Passed for start_position 465 and length 2
Passed for start_position 465 and length 4
Passed for start_position 465 and length 6
Passed for start_position 465 and length 8
Passed for start_position 465 and length 10
Passed for start_position 465 and length 12
Passed for start_position 465 and length 14
Passed for start_position 465 and length 16
Passed for start_position 465 and length 18
Passed for start_position 465 and length 20
Passed for start_position 465 and length 22
Passed for start_position 465 and length 24
Passed for start_position 465 and length 26
Passed for start_position 465 and length 28
Passed for start_position 465 and length 30
Passed for start_position 465 and length 32
Passed for start_position 465 and length 34
Passed for start_position 465 and length 36
Passed for start_position 465 and length 38
Passed for start_position 465 and length 40
Passed for start_position 465 and length 42
Passed for start_position 465 and length 44
Passed for start_position 465 and length 46
Passed for start_position 465 and length 48
Passed for start_position 465 and length 50
Passed for start_position 465 and length 52
Passed for start_position 465 and length 54
Passed for start_position 465 and length 56
Passed for start_position 465 and length 58
Passed for start_position 465 and length 60
Passed for start_position 465 and length 62
Passed for start_position 465 and length 64
Passed for start_position 465 and length 66
Passed for start_position 465 and length 68
Passed for start_position 465 and length 70
Passed for start_position 465 and length 72
Passed for start_position 465 and length 74
Passed for start_position 465 and length 76
Passed for start_position 465 and length 78
Passed for start_position 465 and length 80
Passed for start_position 465 and length 82
Passed for start_position 465 and length 84
Passed for start_position 465 and length 86
Passed for start_position 465 and length 88
Passed for start_position 465 and length 90
Passed for start_position 465 and length 92
Passed for start_position 465 and length 94
Passed for start_position 465 and length 96
Passed for start_position 465 and length 98
Passed for start_position 465 and length 100
Passed for start_position 466 and length 2
Passed for start_position 466 and length 4
Passed for start_position 466 and length 6
Passed for start_position 466 and length 8
Passed for start_position 466 and length 10
Passed for start_position 466 and length 12
Passed for start_position 466 and length 14
Passed for start_position 466 and length 16
Passed for start_position 466 and length 18
Passed for start_position 466 and length 20
Passed for start_position 466 and length 22
Passed for start_position 466 and length 24
Passed for start_position 466 and length 26
Passed for start_position 466 and length 28
Passed for start_position 466 and length 30
Passed for start_position 466 and length 32
Passed for start_position 466 and length 34
Passed for start_position 466 and length 36
Passed for start_position 466 and length 38
Passed for start_position 466 and length 40
Passed for start_position 466 and length 42
Passed for start_position 466 and length 44
Passed for start_position 466 and length 46
Passed for start_position 466 and length 48
Passed for start_position 466 and length 50
Passed for start_position 466 and length 52
Passed for start_position 466 and length 54
Passed for start_position 466 and length 56
Passed for start_position 466 and length 58
Passed for start_position 466 and length 60
Passed for start_position 466 and length 62
Passed for start_position 466 and length 64
Passed for start_position 466 and length 66
Passed for start_position 466 and length 68
Passed for start_position 466 and length 70
Passed for start_position 466 and length 72
Passed for start_position 466 and length 74
Passed for start_position 466 and length 76
Passed for start_position 466 and length 78
Passed for start_position 466 and length 80
Passed for start_position 466 and length 82
Passed for start_position 466 and length 84
Passed for start_position 466 and length 86
Passed for start_position 466 and length 88
Passed for start_position 466 and length 90
Passed for start_position 466 and length 92
Passed for start_position 466 and length 94
Passed for start_position 466 and length 96
Passed for start_position 466 and length 98
Passed for start_position 466 and length 100
Passed for start_position 467 and length 2
Passed for start_position 467 and length 4
Passed for start_position 467 and length 6
Passed for start_position 467 and length 8
Passed for start_position 467 and length 10
Passed for start_position 467 and length 12
Passed for start_position 467 and length 14
Passed for start_position 467 and length 16
Passed for start_position 467 and length 18
Passed for start_position 467 and length 20
Passed for start_position 467 and length 22
Passed for start_position 467 and length 24
Passed for start_position 467 and length 26
Passed for start_position 467 and length 28
Passed for start_position 467 and length 30
Passed for start_position 467 and length 32
Passed for start_position 467 and length 34
Passed for start_position 467 and length 36
Passed for start_position 467 and length 38
Passed for start_position 467 and length 40
Passed for start_position 467 and length 42
Passed for start_position 467 and length 44
Passed for start_position 467 and length 46
Passed for start_position 467 and length 48
Passed for start_position 467 and length 50
Passed for start_position 467 and length 52
Passed for start_position 467 and length 54
Passed for start_position 467 and length 56
Passed for start_position 467 and length 58
Passed for start_position 467 and length 60
Passed for start_position 467 and length 62
Passed for start_position 467 and length 64
Passed for start_position 467 and length 66
Passed for start_position 467 and length 68
Passed for start_position 467 and length 70
Passed for start_position 467 and length 72
Passed for start_position 467 and length 74
Passed for start_position 467 and length 76
Passed for start_position 467 and length 78
Passed for start_position 467 and length 80
Passed for start_position 467 and length 82
Passed for start_position 467 and length 84
Passed for start_position 467 and length 86
Passed for start_position 467 and length 88
Passed for start_position 467 and length 90
Passed for start_position 467 and length 92
Passed for start_position 467 and length 94
Passed for start_position 467 and length 96
Passed for start_position 467 and length 98
Passed for start_position 467 and length 100
Passed for start_position 468 and length 2
Passed for start_position 468 and length 4
Passed for start_position 468 and length 6
Passed for start_position 468 and length 8
Passed for start_position 468 and length 10
Passed for start_position 468 and length 12
Passed for start_position 468 and length 14
Passed for start_position 468 and length 16
Passed for start_position 468 and length 18
Passed for start_position 468 and length 20
Passed for start_position 468 and length 22
Passed for start_position 468 and length 24
Passed for start_position 468 and length 26
Passed for start_position 468 and length 28
Passed for start_position 468 and length 30
Passed for start_position 468 and length 32
Passed for start_position 468 and length 34
Passed for start_position 468 and length 36
Passed for start_position 468 and length 38
Passed for start_position 468 and length 40
Passed for start_position 468 and length 42
Passed for start_position 468 and length 44
Passed for start_position 468 and length 46
Passed for start_position 468 and length 48
Passed for start_position 468 and length 50
Passed for start_position 468 and length 52
Passed for start_position 468 and length 54
Passed for start_position 468 and length 56
Passed for start_position 468 and length 58
Passed for start_position 468 and length 60
Passed for start_position 468 and length 62
Passed for start_position 468 and length 64
Passed for start_position 468 and length 66
Passed for start_position 468 and length 68
Passed for start_position 468 and length 70
Passed for start_position 468 and length 72
Passed for start_position 468 and length 74
Passed for start_position 468 and length 76
Passed for start_position 468 and length 78
Passed for start_position 468 and length 80
Passed for start_position 468 and length 82
Passed for start_position 468 and length 84
Passed for start_position 468 and length 86
Passed for start_position 468 and length 88
Passed for start_position 468 and length 90
Passed for start_position 468 and length 92
Passed for start_position 468 and length 94
Passed for start_position 468 and length 96
Passed for start_position 468 and length 98
Passed for start_position 468 and length 100
Passed for start_position 469 and length 2
Passed for start_position 469 and length 4
Passed for start_position 469 and length 6
Passed for start_position 469 and length 8
Passed for start_position 469 and length 10
Passed for start_position 469 and length 12
Passed for start_position 469 and length 14
Passed for start_position 469 and length 16
Passed for start_position 469 and length 18
Passed for start_position 469 and length 20
Passed for start_position 469 and length 22
Passed for start_position 469 and length 24
Passed for start_position 469 and length 26
Passed for start_position 469 and length 28
Passed for start_position 469 and length 30
Passed for start_position 469 and length 32
Passed for start_position 469 and length 34
Passed for start_position 469 and length 36
Passed for start_position 469 and length 38
Passed for start_position 469 and length 40
Passed for start_position 469 and length 42
Passed for start_position 469 and length 44
Passed for start_position 469 and length 46
Passed for start_position 469 and length 48
Passed for start_position 469 and length 50
Passed for start_position 469 and length 52
Passed for start_position 469 and length 54
Passed for start_position 469 and length 56
Passed for start_position 469 and length 58
Passed for start_position 469 and length 60
Passed for start_position 469 and length 62
Passed for start_position 469 and length 64
Passed for start_position 469 and length 66
Passed for start_position 469 and length 68
Passed for start_position 469 and length 70
Passed for start_position 469 and length 72
Passed for start_position 469 and length 74
Passed for start_position 469 and length 76
Passed for start_position 469 and length 78
Passed for start_position 469 and length 80
Passed for start_position 469 and length 82
Passed for start_position 469 and length 84
Passed for start_position 469 and length 86
Passed for start_position 469 and length 88
Passed for start_position 469 and length 90
Passed for start_position 469 and length 92
Passed for start_position 469 and length 94
Passed for start_position 469 and length 96
Passed for start_position 469 and length 98
Passed for start_position 469 and length 100
Passed for start_position 470 and length 2
Passed for start_position 470 and length 4
Passed for start_position 470 and length 6
Passed for start_position 470 and length 8
Passed for start_position 470 and length 10
Passed for start_position 470 and length 12
Passed for start_position 470 and length 14
Passed for start_position 470 and length 16
Passed for start_position 470 and length 18
Passed for start_position 470 and length 20
Passed for start_position 470 and length 22
Passed for start_position 470 and length 24
Passed for start_position 470 and length 26
Passed for start_position 470 and length 28
Passed for start_position 470 and length 30
Passed for start_position 470 and length 32
Passed for start_position 470 and length 34
Passed for start_position 470 and length 36
Passed for start_position 470 and length 38
Passed for start_position 470 and length 40
Passed for start_position 470 and length 42
Passed for start_position 470 and length 44
Passed for start_position 470 and length 46
Passed for start_position 470 and length 48
Passed for start_position 470 and length 50
Passed for start_position 470 and length 52
Passed for start_position 470 and length 54
Passed for start_position 470 and length 56
Passed for start_position 470 and length 58
Passed for start_position 470 and length 60
Passed for start_position 470 and length 62
Passed for start_position 470 and length 64
Passed for start_position 470 and length 66
Passed for start_position 470 and length 68
Passed for start_position 470 and length 70
Passed for start_position 470 and length 72
Passed for start_position 470 and length 74
Passed for start_position 470 and length 76
Passed for start_position 470 and length 78
Passed for start_position 470 and length 80
Passed for start_position 470 and length 82
Passed for start_position 470 and length 84
Passed for start_position 470 and length 86
Passed for start_position 470 and length 88
Passed for start_position 470 and length 90
Passed for start_position 470 and length 92
Passed for start_position 470 and length 94
Passed for start_position 470 and length 96
Passed for start_position 470 and length 98
Passed for start_position 470 and length 100
Passed for start_position 471 and length 2
Passed for start_position 471 and length 4
Passed for start_position 471 and length 6
Passed for start_position 471 and length 8
Passed for start_position 471 and length 10
Passed for start_position 471 and length 12
Passed for start_position 471 and length 14
Passed for start_position 471 and length 16
Passed for start_position 471 and length 18
Passed for start_position 471 and length 20
Passed for start_position 471 and length 22
Passed for start_position 471 and length 24
Passed for start_position 471 and length 26
Passed for start_position 471 and length 28
Passed for start_position 471 and length 30
Passed for start_position 471 and length 32
Passed for start_position 471 and length 34
Passed for start_position 471 and length 36
Passed for start_position 471 and length 38
Passed for start_position 471 and length 40
Passed for start_position 471 and length 42
Passed for start_position 471 and length 44
Passed for start_position 471 and length 46
Passed for start_position 471 and length 48
Passed for start_position 471 and length 50
Passed for start_position 471 and length 52
Passed for start_position 471 and length 54
Passed for start_position 471 and length 56
Passed for start_position 471 and length 58
Passed for start_position 471 and length 60
Passed for start_position 471 and length 62
Passed for start_position 471 and length 64
Passed for start_position 471 and length 66
Passed for start_position 471 and length 68
Passed for start_position 471 and length 70
Passed for start_position 471 and length 72
Passed for start_position 471 and length 74
Passed for start_position 471 and length 76
Passed for start_position 471 and length 78
Passed for start_position 471 and length 80
Passed for start_position 471 and length 82
Passed for start_position 471 and length 84
Passed for start_position 471 and length 86
Passed for start_position 471 and length 88
Passed for start_position 471 and length 90
Passed for start_position 471 and length 92
Passed for start_position 471 and length 94
Passed for start_position 471 and length 96
Passed for start_position 471 and length 98
Passed for start_position 471 and length 100
Passed for start_position 472 and length 2
Passed for start_position 472 and length 4
Passed for start_position 472 and length 6
Passed for start_position 472 and length 8
Passed for start_position 472 and length 10
Passed for start_position 472 and length 12
Passed for start_position 472 and length 14
Passed for start_position 472 and length 16
Passed for start_position 472 and length 18
Passed for start_position 472 and length 20
Passed for start_position 472 and length 22
Passed for start_position 472 and length 24
Passed for start_position 472 and length 26
Passed for start_position 472 and length 28
Passed for start_position 472 and length 30
Passed for start_position 472 and length 32
Passed for start_position 472 and length 34
Passed for start_position 472 and length 36
Passed for start_position 472 and length 38
Passed for start_position 472 and length 40
Passed for start_position 472 and length 42
Passed for start_position 472 and length 44
Passed for start_position 472 and length 46
Passed for start_position 472 and length 48
Passed for start_position 472 and length 50
Passed for start_position 472 and length 52
Passed for start_position 472 and length 54
Passed for start_position 472 and length 56
Passed for start_position 472 and length 58
Passed for start_position 472 and length 60
Passed for start_position 472 and length 62
Passed for start_position 472 and length 64
Passed for start_position 472 and length 66
Passed for start_position 472 and length 68
Passed for start_position 472 and length 70
Passed for start_position 472 and length 72
Passed for start_position 472 and length 74
Passed for start_position 472 and length 76
Passed for start_position 472 and length 78
Passed for start_position 472 and length 80
Passed for start_position 472 and length 82
Passed for start_position 472 and length 84
Passed for start_position 472 and length 86
Passed for start_position 472 and length 88
Passed for start_position 472 and length 90
Passed for start_position 472 and length 92
Passed for start_position 472 and length 94
Passed for start_position 472 and length 96
Passed for start_position 472 and length 98
Passed for start_position 472 and length 100
Passed for start_position 473 and length 2
Passed for start_position 473 and length 4
Passed for start_position 473 and length 6
Passed for start_position 473 and length 8
Passed for start_position 473 and length 10
Passed for start_position 473 and length 12
Passed for start_position 473 and length 14
Passed for start_position 473 and length 16
Passed for start_position 473 and length 18
Passed for start_position 473 and length 20
Passed for start_position 473 and length 22
Passed for start_position 473 and length 24
Passed for start_position 473 and length 26
Passed for start_position 473 and length 28
Passed for start_position 473 and length 30
Passed for start_position 473 and length 32
Passed for start_position 473 and length 34
Passed for start_position 473 and length 36
Passed for start_position 473 and length 38
Passed for start_position 473 and length 40
Passed for start_position 473 and length 42
Passed for start_position 473 and length 44
Passed for start_position 473 and length 46
Passed for start_position 473 and length 48
Passed for start_position 473 and length 50
Passed for start_position 473 and length 52
Passed for start_position 473 and length 54
Passed for start_position 473 and length 56
Passed for start_position 473 and length 58
Passed for start_position 473 and length 60
Passed for start_position 473 and length 62
Passed for start_position 473 and length 64
Passed for start_position 473 and length 66
Passed for start_position 473 and length 68
Passed for start_position 473 and length 70
Passed for start_position 473 and length 72
Passed for start_position 473 and length 74
Passed for start_position 473 and length 76
Passed for start_position 473 and length 78
Passed for start_position 473 and length 80
Passed for start_position 473 and length 82
Passed for start_position 473 and length 84
Passed for start_position 473 and length 86
Passed for start_position 473 and length 88
Passed for start_position 473 and length 90
Passed for start_position 473 and length 92
Passed for start_position 473 and length 94
Passed for start_position 473 and length 96
Passed for start_position 473 and length 98
Passed for start_position 473 and length 100
Passed for start_position 474 and length 2
Passed for start_position 474 and length 4
Passed for start_position 474 and length 6
Passed for start_position 474 and length 8
Passed for start_position 474 and length 10
Passed for start_position 474 and length 12
Passed for start_position 474 and length 14
Passed for start_position 474 and length 16
Passed for start_position 474 and length 18
Passed for start_position 474 and length 20
Passed for start_position 474 and length 22
Passed for start_position 474 and length 24
Passed for start_position 474 and length 26
Passed for start_position 474 and length 28
Passed for start_position 474 and length 30
Passed for start_position 474 and length 32
Passed for start_position 474 and length 34
Passed for start_position 474 and length 36
Passed for start_position 474 and length 38
Passed for start_position 474 and length 40
Passed for start_position 474 and length 42
Passed for start_position 474 and length 44
Passed for start_position 474 and length 46
Passed for start_position 474 and length 48
Passed for start_position 474 and length 50
Passed for start_position 474 and length 52
Passed for start_position 474 and length 54
Passed for start_position 474 and length 56
Passed for start_position 474 and length 58
Passed for start_position 474 and length 60
Passed for start_position 474 and length 62
Passed for start_position 474 and length 64
Passed for start_position 474 and length 66
Passed for start_position 474 and length 68
Passed for start_position 474 and length 70
Passed for start_position 474 and length 72
Passed for start_position 474 and length 74
Passed for start_position 474 and length 76
Passed for start_position 474 and length 78
Passed for start_position 474 and length 80
Passed for start_position 474 and length 82
Passed for start_position 474 and length 84
Passed for start_position 474 and length 86
Passed for start_position 474 and length 88
Passed for start_position 474 and length 90
Passed for start_position 474 and length 92
Passed for start_position 474 and length 94
Passed for start_position 474 and length 96
Passed for start_position 474 and length 98
Passed for start_position 474 and length 100
Passed for start_position 475 and length 2
Passed for start_position 475 and length 4
Error for start_position 475 and length 6: Movement -1 not in dictionary
Error for start_position 475 and length 8: Movement -1 not in dictionary
Passed for start_position 475 and length 10
Error for start_position 475 and length 12: Movement -1 not in dictionary
Passed for start_position 475 and length 14
Error for start_position 475 and length 16: Movement 1 not in dictionary
Passed for start_position 475 and length 18
Passed for start_position 475 and length 20
Passed for start_position 475 and length 22
Error for start_position 475 and length 24: Movement 1 not in dictionary
Passed for start_position 475 and length 26
Error for start_position 475 and length 28: Movement 1 not in dictionary
Error for start_position 475 and length 30: Movement 1 not in dictionary
Passed for start_position 475 and length 32
Passed for start_position 475 and length 34
Error for start_position 475 and length 36: Movement -1 not in dictionary
Passed for start_position 475 and length 38
Passed for start_position 475 and length 40
Error for start_position 475 and length 42: Movement 1 not in dictionary
Error for start_position 475 and length 44: Movement 1 not in dictionary
Error for start_position 475 and length 46: Movement 1 not in dictionary
Passed for start_position 475 and length 48
Error for start_position 475 and length 50: Movement 1 not in dictionary
Passed for start_position 475 and length 52
Passed for start_position 475 and length 54
Error for start_position 475 and length 56: Movement -1 not in dictionary
Passed for start_position 475 and length 58
Error for start_position 475 and length 60: Movement 1 not in dictionary
Error for start_position 475 and length 62: Movement -1 not in dictionary
Error for start_position 475 and length 64: Movement -1 not in dictionary
Passed for start_position 475 and length 66
Passed for start_position 475 and length 68
Error for start_position 475 and length 70: Movement 1 not in dictionary
Error for start_position 475 and length 72: Movement 1 not in dictionary
Passed for start_position 475 and length 74
Passed for start_position 475 and length 76
Error for start_position 475 and length 78: Movement 1 not in dictionary
Error for start_position 475 and length 80: Movement 1 not in dictionary
Error for start_position 475 and length 82: Movement 1 not in dictionary
Passed for start_position 475 and length 84
Passed for start_position 475 and length 86
Passed for start_position 475 and length 88
Error for start_position 475 and length 90: Movement 1 not in dictionary
Error for start_position 475 and length 92: Movement 1 not in dictionary
Passed for start_position 475 and length 94
Error for start_position 475 and length 96: Movement 1 not in dictionary
Passed for start_position 475 and length 98
Passed for start_position 475 and length 100
Passed for start_position 476 and length 2
Passed for start_position 476 and length 4
Passed for start_position 476 and length 6
Passed for start_position 476 and length 8
Passed for start_position 476 and length 10
Passed for start_position 476 and length 12
Passed for start_position 476 and length 14
Passed for start_position 476 and length 16
Passed for start_position 476 and length 18
Passed for start_position 476 and length 20
Passed for start_position 476 and length 22
Passed for start_position 476 and length 24
Passed for start_position 476 and length 26
Passed for start_position 476 and length 28
Passed for start_position 476 and length 30
Passed for start_position 476 and length 32
Passed for start_position 476 and length 34
Passed for start_position 476 and length 36
Passed for start_position 476 and length 38
Passed for start_position 476 and length 40
Passed for start_position 476 and length 42
Passed for start_position 476 and length 44
Passed for start_position 476 and length 46
Passed for start_position 476 and length 48
Passed for start_position 476 and length 50
Passed for start_position 476 and length 52
Passed for start_position 476 and length 54
Passed for start_position 476 and length 56
Passed for start_position 476 and length 58
Passed for start_position 476 and length 60
Passed for start_position 476 and length 62
Passed for start_position 476 and length 64
Passed for start_position 476 and length 66
Passed for start_position 476 and length 68
Passed for start_position 476 and length 70
Passed for start_position 476 and length 72
Passed for start_position 476 and length 74
Passed for start_position 476 and length 76
Passed for start_position 476 and length 78
Passed for start_position 476 and length 80
Passed for start_position 476 and length 82
Passed for start_position 476 and length 84
Passed for start_position 476 and length 86
Passed for start_position 476 and length 88
Passed for start_position 476 and length 90
Passed for start_position 476 and length 92
Passed for start_position 476 and length 94
Passed for start_position 476 and length 96
Passed for start_position 476 and length 98
Passed for start_position 476 and length 100
Passed for start_position 477 and length 2
Passed for start_position 477 and length 4
Passed for start_position 477 and length 6
Passed for start_position 477 and length 8
Passed for start_position 477 and length 10
Passed for start_position 477 and length 12
Passed for start_position 477 and length 14
Passed for start_position 477 and length 16
Passed for start_position 477 and length 18
Passed for start_position 477 and length 20
Passed for start_position 477 and length 22
Passed for start_position 477 and length 24
Passed for start_position 477 and length 26
Passed for start_position 477 and length 28
Passed for start_position 477 and length 30
Passed for start_position 477 and length 32
Passed for start_position 477 and length 34
Passed for start_position 477 and length 36
Passed for start_position 477 and length 38
Passed for start_position 477 and length 40
Passed for start_position 477 and length 42
Passed for start_position 477 and length 44
Passed for start_position 477 and length 46
Passed for start_position 477 and length 48
Passed for start_position 477 and length 50
Passed for start_position 477 and length 52
Passed for start_position 477 and length 54
Passed for start_position 477 and length 56
Passed for start_position 477 and length 58
Passed for start_position 477 and length 60
Passed for start_position 477 and length 62
Passed for start_position 477 and length 64
Passed for start_position 477 and length 66
Passed for start_position 477 and length 68
Passed for start_position 477 and length 70
Passed for start_position 477 and length 72
Passed for start_position 477 and length 74
Passed for start_position 477 and length 76
Passed for start_position 477 and length 78
Passed for start_position 477 and length 80
Passed for start_position 477 and length 82
Passed for start_position 477 and length 84
Passed for start_position 477 and length 86
Passed for start_position 477 and length 88
Passed for start_position 477 and length 90
Passed for start_position 477 and length 92
Passed for start_position 477 and length 94
Passed for start_position 477 and length 96
Passed for start_position 477 and length 98
Passed for start_position 477 and length 100
Passed for start_position 478 and length 2
Passed for start_position 478 and length 4
Passed for start_position 478 and length 6
Passed for start_position 478 and length 8
Passed for start_position 478 and length 10
Passed for start_position 478 and length 12
Passed for start_position 478 and length 14
Passed for start_position 478 and length 16
Passed for start_position 478 and length 18
Passed for start_position 478 and length 20
Passed for start_position 478 and length 22
Passed for start_position 478 and length 24
Passed for start_position 478 and length 26
Passed for start_position 478 and length 28
Passed for start_position 478 and length 30
Passed for start_position 478 and length 32
Passed for start_position 478 and length 34
Passed for start_position 478 and length 36
Passed for start_position 478 and length 38
Passed for start_position 478 and length 40
Passed for start_position 478 and length 42
Passed for start_position 478 and length 44
Passed for start_position 478 and length 46
Passed for start_position 478 and length 48
Passed for start_position 478 and length 50
Passed for start_position 478 and length 52
Passed for start_position 478 and length 54
Passed for start_position 478 and length 56
Passed for start_position 478 and length 58
Passed for start_position 478 and length 60
Passed for start_position 478 and length 62
Passed for start_position 478 and length 64
Passed for start_position 478 and length 66
Passed for start_position 478 and length 68
Passed for start_position 478 and length 70
Passed for start_position 478 and length 72
Passed for start_position 478 and length 74
Passed for start_position 478 and length 76
Passed for start_position 478 and length 78
Passed for start_position 478 and length 80
Passed for start_position 478 and length 82
Passed for start_position 478 and length 84
Passed for start_position 478 and length 86
Passed for start_position 478 and length 88
Passed for start_position 478 and length 90
Passed for start_position 478 and length 92
Passed for start_position 478 and length 94
Passed for start_position 478 and length 96
Passed for start_position 478 and length 98
Passed for start_position 478 and length 100
Passed for start_position 479 and length 2
Passed for start_position 479 and length 4
Passed for start_position 479 and length 6
Passed for start_position 479 and length 8
Passed for start_position 479 and length 10
Passed for start_position 479 and length 12
Passed for start_position 479 and length 14
Passed for start_position 479 and length 16
Passed for start_position 479 and length 18
Passed for start_position 479 and length 20
Passed for start_position 479 and length 22
Passed for start_position 479 and length 24
Passed for start_position 479 and length 26
Passed for start_position 479 and length 28
Passed for start_position 479 and length 30
Passed for start_position 479 and length 32
Passed for start_position 479 and length 34
Passed for start_position 479 and length 36
Passed for start_position 479 and length 38
Passed for start_position 479 and length 40
Passed for start_position 479 and length 42
Passed for start_position 479 and length 44
Passed for start_position 479 and length 46
Passed for start_position 479 and length 48
Passed for start_position 479 and length 50
Passed for start_position 479 and length 52
Passed for start_position 479 and length 54
Passed for start_position 479 and length 56
Passed for start_position 479 and length 58
Passed for start_position 479 and length 60
Passed for start_position 479 and length 62
Passed for start_position 479 and length 64
Passed for start_position 479 and length 66
Passed for start_position 479 and length 68
Passed for start_position 479 and length 70
Passed for start_position 479 and length 72
Passed for start_position 479 and length 74
Passed for start_position 479 and length 76
Passed for start_position 479 and length 78
Passed for start_position 479 and length 80
Passed for start_position 479 and length 82
Passed for start_position 479 and length 84
Passed for start_position 479 and length 86
Passed for start_position 479 and length 88
Passed for start_position 479 and length 90
Passed for start_position 479 and length 92
Passed for start_position 479 and length 94
Passed for start_position 479 and length 96
Passed for start_position 479 and length 98
Passed for start_position 479 and length 100
Passed for start_position 480 and length 2
Passed for start_position 480 and length 4
Passed for start_position 480 and length 6
Passed for start_position 480 and length 8
Passed for start_position 480 and length 10
Passed for start_position 480 and length 12
Passed for start_position 480 and length 14
Passed for start_position 480 and length 16
Passed for start_position 480 and length 18
Passed for start_position 480 and length 20
Passed for start_position 480 and length 22
Passed for start_position 480 and length 24
Passed for start_position 480 and length 26
Passed for start_position 480 and length 28
Passed for start_position 480 and length 30
Passed for start_position 480 and length 32
Passed for start_position 480 and length 34
Passed for start_position 480 and length 36
Passed for start_position 480 and length 38
Passed for start_position 480 and length 40
Passed for start_position 480 and length 42
Passed for start_position 480 and length 44
Passed for start_position 480 and length 46
Passed for start_position 480 and length 48
Passed for start_position 480 and length 50
Passed for start_position 480 and length 52
Passed for start_position 480 and length 54
Passed for start_position 480 and length 56
Passed for start_position 480 and length 58
Passed for start_position 480 and length 60
Passed for start_position 480 and length 62
Passed for start_position 480 and length 64
Passed for start_position 480 and length 66
Passed for start_position 480 and length 68
Passed for start_position 480 and length 70
Passed for start_position 480 and length 72
Passed for start_position 480 and length 74
Passed for start_position 480 and length 76
Passed for start_position 480 and length 78
Passed for start_position 480 and length 80
Passed for start_position 480 and length 82
Passed for start_position 480 and length 84
Passed for start_position 480 and length 86
Passed for start_position 480 and length 88
Passed for start_position 480 and length 90
Passed for start_position 480 and length 92
Passed for start_position 480 and length 94
Passed for start_position 480 and length 96
Passed for start_position 480 and length 98
Passed for start_position 480 and length 100
Error for start_position 481 and length 2: Movement 1 not in dictionary
Passed for start_position 481 and length 4
Passed for start_position 481 and length 6
Error for start_position 481 and length 8: Movement 1 not in dictionary
Passed for start_position 481 and length 10
Passed for start_position 481 and length 12
Error for start_position 481 and length 14: Movement 1 not in dictionary
Passed for start_position 481 and length 16
Passed for start_position 481 and length 18
Passed for start_position 481 and length 20
Passed for start_position 481 and length 22
Passed for start_position 481 and length 24
Passed for start_position 481 and length 26
Passed for start_position 481 and length 28
Error for start_position 481 and length 30: Movement -1 not in dictionary
Passed for start_position 481 and length 32
Error for start_position 481 and length 34: Movement 1 not in dictionary
Error for start_position 481 and length 36: Movement -1 not in dictionary
Passed for start_position 481 and length 38
Passed for start_position 481 and length 40
Error for start_position 481 and length 42: Movement -1 not in dictionary
Error for start_position 481 and length 44: Movement -1 not in dictionary
Passed for start_position 481 and length 46
Error for start_position 481 and length 48: Movement 1 not in dictionary
Error for start_position 481 and length 50: Movement -1 not in dictionary
Passed for start_position 481 and length 52
Passed for start_position 481 and length 54
Error for start_position 481 and length 56: Movement 1 not in dictionary
Error for start_position 481 and length 58: Movement 1 not in dictionary
Passed for start_position 481 and length 60
Passed for start_position 481 and length 62
Passed for start_position 481 and length 64
Passed for start_position 481 and length 66
Passed for start_position 481 and length 68
Passed for start_position 481 and length 70
Error for start_position 481 and length 72: Movement 1 not in dictionary
Passed for start_position 481 and length 74
Error for start_position 481 and length 76: Movement -1 not in dictionary
Passed for start_position 481 and length 78
Error for start_position 481 and length 80: Movement 1 not in dictionary
Error for start_position 481 and length 82: Movement 1 not in dictionary
Passed for start_position 481 and length 84
Error for start_position 481 and length 86: Movement 1 not in dictionary
Passed for start_position 481 and length 88
Passed for start_position 481 and length 90
Passed for start_position 481 and length 92
Passed for start_position 481 and length 94
Passed for start_position 481 and length 96
Passed for start_position 481 and length 98
Passed for start_position 481 and length 100
Passed for start_position 482 and length 2
Passed for start_position 482 and length 4
Passed for start_position 482 and length 6
Passed for start_position 482 and length 8
Passed for start_position 482 and length 10
Passed for start_position 482 and length 12
Passed for start_position 482 and length 14
Passed for start_position 482 and length 16
Passed for start_position 482 and length 18
Passed for start_position 482 and length 20
Passed for start_position 482 and length 22
Passed for start_position 482 and length 24
Passed for start_position 482 and length 26
Passed for start_position 482 and length 28
Passed for start_position 482 and length 30
Passed for start_position 482 and length 32
Passed for start_position 482 and length 34
Passed for start_position 482 and length 36
Passed for start_position 482 and length 38
Passed for start_position 482 and length 40
Passed for start_position 482 and length 42
Passed for start_position 482 and length 44
Passed for start_position 482 and length 46
Passed for start_position 482 and length 48
Passed for start_position 482 and length 50
Passed for start_position 482 and length 52
Passed for start_position 482 and length 54
Passed for start_position 482 and length 56
Passed for start_position 482 and length 58
Passed for start_position 482 and length 60
Passed for start_position 482 and length 62
Passed for start_position 482 and length 64
Passed for start_position 482 and length 66
Passed for start_position 482 and length 68
Passed for start_position 482 and length 70
Passed for start_position 482 and length 72
Passed for start_position 482 and length 74
Passed for start_position 482 and length 76
Passed for start_position 482 and length 78
Passed for start_position 482 and length 80
Passed for start_position 482 and length 82
Passed for start_position 482 and length 84
Passed for start_position 482 and length 86
Passed for start_position 482 and length 88
Passed for start_position 482 and length 90
Passed for start_position 482 and length 92
Passed for start_position 482 and length 94
Passed for start_position 482 and length 96
Passed for start_position 482 and length 98
Passed for start_position 482 and length 100
Passed for start_position 483 and length 2
Passed for start_position 483 and length 4
Passed for start_position 483 and length 6
Passed for start_position 483 and length 8
Passed for start_position 483 and length 10
Passed for start_position 483 and length 12
Passed for start_position 483 and length 14
Passed for start_position 483 and length 16
Passed for start_position 483 and length 18
Passed for start_position 483 and length 20
Passed for start_position 483 and length 22
Passed for start_position 483 and length 24
Passed for start_position 483 and length 26
Passed for start_position 483 and length 28
Passed for start_position 483 and length 30
Passed for start_position 483 and length 32
Passed for start_position 483 and length 34
Passed for start_position 483 and length 36
Passed for start_position 483 and length 38
Passed for start_position 483 and length 40
Passed for start_position 483 and length 42
Passed for start_position 483 and length 44
Passed for start_position 483 and length 46
Passed for start_position 483 and length 48
Passed for start_position 483 and length 50
Passed for start_position 483 and length 52
Passed for start_position 483 and length 54
Passed for start_position 483 and length 56
Passed for start_position 483 and length 58
Passed for start_position 483 and length 60
Passed for start_position 483 and length 62
Passed for start_position 483 and length 64
Passed for start_position 483 and length 66
Passed for start_position 483 and length 68
Passed for start_position 483 and length 70
Passed for start_position 483 and length 72
Passed for start_position 483 and length 74
Passed for start_position 483 and length 76
Passed for start_position 483 and length 78
Passed for start_position 483 and length 80
Passed for start_position 483 and length 82
Passed for start_position 483 and length 84
Passed for start_position 483 and length 86
Passed for start_position 483 and length 88
Passed for start_position 483 and length 90
Passed for start_position 483 and length 92
Passed for start_position 483 and length 94
Passed for start_position 483 and length 96
Passed for start_position 483 and length 98
Passed for start_position 483 and length 100
Passed for start_position 484 and length 2
Passed for start_position 484 and length 4
Passed for start_position 484 and length 6
Passed for start_position 484 and length 8
Passed for start_position 484 and length 10
Passed for start_position 484 and length 12
Passed for start_position 484 and length 14
Passed for start_position 484 and length 16
Passed for start_position 484 and length 18
Passed for start_position 484 and length 20
Passed for start_position 484 and length 22
Passed for start_position 484 and length 24
Passed for start_position 484 and length 26
Passed for start_position 484 and length 28
Passed for start_position 484 and length 30
Passed for start_position 484 and length 32
Passed for start_position 484 and length 34
Passed for start_position 484 and length 36
Passed for start_position 484 and length 38
Passed for start_position 484 and length 40
Passed for start_position 484 and length 42
Passed for start_position 484 and length 44
Passed for start_position 484 and length 46
Passed for start_position 484 and length 48
Passed for start_position 484 and length 50
Passed for start_position 484 and length 52
Passed for start_position 484 and length 54
Passed for start_position 484 and length 56
Passed for start_position 484 and length 58
Passed for start_position 484 and length 60
Passed for start_position 484 and length 62
Passed for start_position 484 and length 64
Passed for start_position 484 and length 66
Passed for start_position 484 and length 68
Passed for start_position 484 and length 70
Passed for start_position 484 and length 72
Passed for start_position 484 and length 74
Passed for start_position 484 and length 76
Passed for start_position 484 and length 78
Passed for start_position 484 and length 80
Passed for start_position 484 and length 82
Passed for start_position 484 and length 84
Passed for start_position 484 and length 86
Passed for start_position 484 and length 88
Passed for start_position 484 and length 90
Passed for start_position 484 and length 92
Passed for start_position 484 and length 94
Passed for start_position 484 and length 96
Passed for start_position 484 and length 98
Passed for start_position 484 and length 100
Passed for start_position 485 and length 2
Passed for start_position 485 and length 4
Passed for start_position 485 and length 6
Passed for start_position 485 and length 8
Passed for start_position 485 and length 10
Passed for start_position 485 and length 12
Passed for start_position 485 and length 14
Passed for start_position 485 and length 16
Passed for start_position 485 and length 18
Passed for start_position 485 and length 20
Passed for start_position 485 and length 22
Passed for start_position 485 and length 24
Passed for start_position 485 and length 26
Passed for start_position 485 and length 28
Passed for start_position 485 and length 30
Passed for start_position 485 and length 32
Passed for start_position 485 and length 34
Passed for start_position 485 and length 36
Passed for start_position 485 and length 38
Passed for start_position 485 and length 40
Passed for start_position 485 and length 42
Passed for start_position 485 and length 44
Passed for start_position 485 and length 46
Passed for start_position 485 and length 48
Passed for start_position 485 and length 50
Passed for start_position 485 and length 52
Passed for start_position 485 and length 54
Passed for start_position 485 and length 56
Passed for start_position 485 and length 58
Passed for start_position 485 and length 60
Passed for start_position 485 and length 62
Passed for start_position 485 and length 64
Passed for start_position 485 and length 66
Passed for start_position 485 and length 68
Passed for start_position 485 and length 70
Passed for start_position 485 and length 72
Passed for start_position 485 and length 74
Passed for start_position 485 and length 76
Passed for start_position 485 and length 78
Passed for start_position 485 and length 80
Passed for start_position 485 and length 82
Passed for start_position 485 and length 84
Passed for start_position 485 and length 86
Passed for start_position 485 and length 88
Passed for start_position 485 and length 90
Passed for start_position 485 and length 92
Passed for start_position 485 and length 94
Passed for start_position 485 and length 96
Passed for start_position 485 and length 98
Passed for start_position 485 and length 100
Passed for start_position 486 and length 2
Passed for start_position 486 and length 4
Passed for start_position 486 and length 6
Passed for start_position 486 and length 8
Passed for start_position 486 and length 10
Passed for start_position 486 and length 12
Passed for start_position 486 and length 14
Passed for start_position 486 and length 16
Passed for start_position 486 and length 18
Passed for start_position 486 and length 20
Passed for start_position 486 and length 22
Passed for start_position 486 and length 24
Passed for start_position 486 and length 26
Passed for start_position 486 and length 28
Passed for start_position 486 and length 30
Passed for start_position 486 and length 32
Passed for start_position 486 and length 34
Passed for start_position 486 and length 36
Passed for start_position 486 and length 38
Passed for start_position 486 and length 40
Passed for start_position 486 and length 42
Passed for start_position 486 and length 44
Passed for start_position 486 and length 46
Passed for start_position 486 and length 48
Passed for start_position 486 and length 50
Passed for start_position 486 and length 52
Passed for start_position 486 and length 54
Passed for start_position 486 and length 56
Passed for start_position 486 and length 58
Passed for start_position 486 and length 60
Passed for start_position 486 and length 62
Passed for start_position 486 and length 64
Passed for start_position 486 and length 66
Passed for start_position 486 and length 68
Passed for start_position 486 and length 70
Passed for start_position 486 and length 72
Passed for start_position 486 and length 74
Passed for start_position 486 and length 76
Passed for start_position 486 and length 78
Passed for start_position 486 and length 80
Passed for start_position 486 and length 82
Passed for start_position 486 and length 84
Passed for start_position 486 and length 86
Passed for start_position 486 and length 88
Passed for start_position 486 and length 90
Passed for start_position 486 and length 92
Passed for start_position 486 and length 94
Passed for start_position 486 and length 96
Passed for start_position 486 and length 98
Passed for start_position 486 and length 100
Passed for start_position 487 and length 2
Passed for start_position 487 and length 4
Passed for start_position 487 and length 6
Passed for start_position 487 and length 8
Passed for start_position 487 and length 10
Passed for start_position 487 and length 12
Passed for start_position 487 and length 14
Passed for start_position 487 and length 16
Passed for start_position 487 and length 18
Passed for start_position 487 and length 20
Passed for start_position 487 and length 22
Passed for start_position 487 and length 24
Passed for start_position 487 and length 26
Passed for start_position 487 and length 28
Passed for start_position 487 and length 30
Passed for start_position 487 and length 32
Passed for start_position 487 and length 34
Passed for start_position 487 and length 36
Passed for start_position 487 and length 38
Passed for start_position 487 and length 40
Passed for start_position 487 and length 42
Passed for start_position 487 and length 44
Passed for start_position 487 and length 46
Passed for start_position 487 and length 48
Passed for start_position 487 and length 50
Passed for start_position 487 and length 52
Passed for start_position 487 and length 54
Passed for start_position 487 and length 56
Passed for start_position 487 and length 58
Passed for start_position 487 and length 60
Passed for start_position 487 and length 62
Passed for start_position 487 and length 64
Passed for start_position 487 and length 66
Passed for start_position 487 and length 68
Passed for start_position 487 and length 70
Passed for start_position 487 and length 72
Passed for start_position 487 and length 74
Passed for start_position 487 and length 76
Passed for start_position 487 and length 78
Passed for start_position 487 and length 80
Passed for start_position 487 and length 82
Passed for start_position 487 and length 84
Passed for start_position 487 and length 86
Passed for start_position 487 and length 88
Passed for start_position 487 and length 90
Passed for start_position 487 and length 92
Passed for start_position 487 and length 94
Passed for start_position 487 and length 96
Passed for start_position 487 and length 98
Passed for start_position 487 and length 100
Passed for start_position 488 and length 2
Passed for start_position 488 and length 4
Passed for start_position 488 and length 6
Passed for start_position 488 and length 8
Passed for start_position 488 and length 10
Passed for start_position 488 and length 12
Passed for start_position 488 and length 14
Passed for start_position 488 and length 16
Passed for start_position 488 and length 18
Passed for start_position 488 and length 20
Passed for start_position 488 and length 22
Passed for start_position 488 and length 24
Passed for start_position 488 and length 26
Passed for start_position 488 and length 28
Passed for start_position 488 and length 30
Passed for start_position 488 and length 32
Passed for start_position 488 and length 34
Passed for start_position 488 and length 36
Passed for start_position 488 and length 38
Passed for start_position 488 and length 40
Passed for start_position 488 and length 42
Passed for start_position 488 and length 44
Passed for start_position 488 and length 46
Passed for start_position 488 and length 48
Passed for start_position 488 and length 50
Passed for start_position 488 and length 52
Passed for start_position 488 and length 54
Passed for start_position 488 and length 56
Passed for start_position 488 and length 58
Passed for start_position 488 and length 60
Passed for start_position 488 and length 62
Passed for start_position 488 and length 64
Passed for start_position 488 and length 66
Passed for start_position 488 and length 68
Passed for start_position 488 and length 70
Passed for start_position 488 and length 72
Passed for start_position 488 and length 74
Passed for start_position 488 and length 76
Passed for start_position 488 and length 78
Passed for start_position 488 and length 80
Passed for start_position 488 and length 82
Passed for start_position 488 and length 84
Passed for start_position 488 and length 86
Passed for start_position 488 and length 88
Passed for start_position 488 and length 90
Passed for start_position 488 and length 92
Passed for start_position 488 and length 94
Passed for start_position 488 and length 96
Passed for start_position 488 and length 98
Passed for start_position 488 and length 100
Passed for start_position 489 and length 2
Passed for start_position 489 and length 4
Passed for start_position 489 and length 6
Passed for start_position 489 and length 8
Passed for start_position 489 and length 10
Passed for start_position 489 and length 12
Passed for start_position 489 and length 14
Passed for start_position 489 and length 16
Passed for start_position 489 and length 18
Passed for start_position 489 and length 20
Passed for start_position 489 and length 22
Passed for start_position 489 and length 24
Passed for start_position 489 and length 26
Passed for start_position 489 and length 28
Passed for start_position 489 and length 30
Passed for start_position 489 and length 32
Passed for start_position 489 and length 34
Passed for start_position 489 and length 36
Passed for start_position 489 and length 38
Passed for start_position 489 and length 40
Passed for start_position 489 and length 42
Passed for start_position 489 and length 44
Passed for start_position 489 and length 46
Passed for start_position 489 and length 48
Passed for start_position 489 and length 50
Passed for start_position 489 and length 52
Passed for start_position 489 and length 54
Passed for start_position 489 and length 56
Passed for start_position 489 and length 58
Passed for start_position 489 and length 60
Passed for start_position 489 and length 62
Passed for start_position 489 and length 64
Passed for start_position 489 and length 66
Passed for start_position 489 and length 68
Passed for start_position 489 and length 70
Passed for start_position 489 and length 72
Passed for start_position 489 and length 74
Passed for start_position 489 and length 76
Passed for start_position 489 and length 78
Passed for start_position 489 and length 80
Passed for start_position 489 and length 82
Passed for start_position 489 and length 84
Passed for start_position 489 and length 86
Passed for start_position 489 and length 88
Passed for start_position 489 and length 90
Passed for start_position 489 and length 92
Passed for start_position 489 and length 94
Passed for start_position 489 and length 96
Passed for start_position 489 and length 98
Passed for start_position 489 and length 100
Passed for start_position 490 and length 2
Passed for start_position 490 and length 4
Passed for start_position 490 and length 6
Passed for start_position 490 and length 8
Passed for start_position 490 and length 10
Passed for start_position 490 and length 12
Passed for start_position 490 and length 14
Passed for start_position 490 and length 16
Passed for start_position 490 and length 18
Passed for start_position 490 and length 20
Passed for start_position 490 and length 22
Passed for start_position 490 and length 24
Passed for start_position 490 and length 26
Passed for start_position 490 and length 28
Passed for start_position 490 and length 30
Passed for start_position 490 and length 32
Passed for start_position 490 and length 34
Passed for start_position 490 and length 36
Passed for start_position 490 and length 38
Passed for start_position 490 and length 40
Passed for start_position 490 and length 42
Passed for start_position 490 and length 44
Passed for start_position 490 and length 46
Passed for start_position 490 and length 48
Passed for start_position 490 and length 50
Passed for start_position 490 and length 52
Passed for start_position 490 and length 54
Passed for start_position 490 and length 56
Passed for start_position 490 and length 58
Passed for start_position 490 and length 60
Passed for start_position 490 and length 62
Passed for start_position 490 and length 64
Passed for start_position 490 and length 66
Passed for start_position 490 and length 68
Passed for start_position 490 and length 70
Passed for start_position 490 and length 72
Passed for start_position 490 and length 74
Passed for start_position 490 and length 76
Passed for start_position 490 and length 78
Passed for start_position 490 and length 80
Passed for start_position 490 and length 82
Passed for start_position 490 and length 84
Passed for start_position 490 and length 86
Passed for start_position 490 and length 88
Passed for start_position 490 and length 90
Passed for start_position 490 and length 92
Passed for start_position 490 and length 94
Passed for start_position 490 and length 96
Passed for start_position 490 and length 98
Passed for start_position 490 and length 100
Passed for start_position 491 and length 2
Passed for start_position 491 and length 4
Passed for start_position 491 and length 6
Passed for start_position 491 and length 8
Passed for start_position 491 and length 10
Passed for start_position 491 and length 12
Passed for start_position 491 and length 14
Passed for start_position 491 and length 16
Passed for start_position 491 and length 18
Passed for start_position 491 and length 20
Passed for start_position 491 and length 22
Passed for start_position 491 and length 24
Passed for start_position 491 and length 26
Passed for start_position 491 and length 28
Passed for start_position 491 and length 30
Passed for start_position 491 and length 32
Passed for start_position 491 and length 34
Passed for start_position 491 and length 36
Passed for start_position 491 and length 38
Passed for start_position 491 and length 40
Passed for start_position 491 and length 42
Passed for start_position 491 and length 44
Passed for start_position 491 and length 46
Passed for start_position 491 and length 48
Passed for start_position 491 and length 50
Passed for start_position 491 and length 52
Passed for start_position 491 and length 54
Passed for start_position 491 and length 56
Passed for start_position 491 and length 58
Passed for start_position 491 and length 60
Passed for start_position 491 and length 62
Passed for start_position 491 and length 64
Passed for start_position 491 and length 66
Passed for start_position 491 and length 68
Passed for start_position 491 and length 70
Passed for start_position 491 and length 72
Passed for start_position 491 and length 74
Passed for start_position 491 and length 76
Passed for start_position 491 and length 78
Passed for start_position 491 and length 80
Passed for start_position 491 and length 82
Passed for start_position 491 and length 84
Passed for start_position 491 and length 86
Passed for start_position 491 and length 88
Passed for start_position 491 and length 90
Passed for start_position 491 and length 92
Passed for start_position 491 and length 94
Passed for start_position 491 and length 96
Passed for start_position 491 and length 98
Passed for start_position 491 and length 100
Passed for start_position 492 and length 2
Passed for start_position 492 and length 4
Passed for start_position 492 and length 6
Passed for start_position 492 and length 8
Passed for start_position 492 and length 10
Passed for start_position 492 and length 12
Passed for start_position 492 and length 14
Passed for start_position 492 and length 16
Passed for start_position 492 and length 18
Passed for start_position 492 and length 20
Passed for start_position 492 and length 22
Passed for start_position 492 and length 24
Passed for start_position 492 and length 26
Passed for start_position 492 and length 28
Passed for start_position 492 and length 30
Passed for start_position 492 and length 32
Passed for start_position 492 and length 34
Passed for start_position 492 and length 36
Passed for start_position 492 and length 38
Passed for start_position 492 and length 40
Passed for start_position 492 and length 42
Passed for start_position 492 and length 44
Passed for start_position 492 and length 46
Passed for start_position 492 and length 48
Passed for start_position 492 and length 50
Passed for start_position 492 and length 52
Passed for start_position 492 and length 54
Passed for start_position 492 and length 56
Passed for start_position 492 and length 58
Passed for start_position 492 and length 60
Passed for start_position 492 and length 62
Passed for start_position 492 and length 64
Passed for start_position 492 and length 66
Passed for start_position 492 and length 68
Passed for start_position 492 and length 70
Passed for start_position 492 and length 72
Passed for start_position 492 and length 74
Passed for start_position 492 and length 76
Passed for start_position 492 and length 78
Passed for start_position 492 and length 80
Passed for start_position 492 and length 82
Passed for start_position 492 and length 84
Passed for start_position 492 and length 86
Passed for start_position 492 and length 88
Passed for start_position 492 and length 90
Passed for start_position 492 and length 92
Passed for start_position 492 and length 94
Passed for start_position 492 and length 96
Passed for start_position 492 and length 98
Passed for start_position 492 and length 100
Passed for start_position 493 and length 2
Passed for start_position 493 and length 4
Passed for start_position 493 and length 6
Passed for start_position 493 and length 8
Passed for start_position 493 and length 10
Passed for start_position 493 and length 12
Passed for start_position 493 and length 14
Passed for start_position 493 and length 16
Passed for start_position 493 and length 18
Passed for start_position 493 and length 20
Passed for start_position 493 and length 22
Passed for start_position 493 and length 24
Passed for start_position 493 and length 26
Passed for start_position 493 and length 28
Passed for start_position 493 and length 30
Passed for start_position 493 and length 32
Passed for start_position 493 and length 34
Passed for start_position 493 and length 36
Passed for start_position 493 and length 38
Passed for start_position 493 and length 40
Passed for start_position 493 and length 42
Passed for start_position 493 and length 44
Passed for start_position 493 and length 46
Passed for start_position 493 and length 48
Passed for start_position 493 and length 50
Passed for start_position 493 and length 52
Passed for start_position 493 and length 54
Passed for start_position 493 and length 56
Passed for start_position 493 and length 58
Passed for start_position 493 and length 60
Passed for start_position 493 and length 62
Passed for start_position 493 and length 64
Passed for start_position 493 and length 66
Passed for start_position 493 and length 68
Passed for start_position 493 and length 70
Passed for start_position 493 and length 72
Passed for start_position 493 and length 74
Passed for start_position 493 and length 76
Passed for start_position 493 and length 78
Passed for start_position 493 and length 80
Passed for start_position 493 and length 82
Passed for start_position 493 and length 84
Passed for start_position 493 and length 86
Passed for start_position 493 and length 88
Passed for start_position 493 and length 90
Passed for start_position 493 and length 92
Passed for start_position 493 and length 94
Passed for start_position 493 and length 96
Passed for start_position 493 and length 98
Passed for start_position 493 and length 100
Passed for start_position 494 and length 2
Passed for start_position 494 and length 4
Passed for start_position 494 and length 6
Passed for start_position 494 and length 8
Passed for start_position 494 and length 10
Passed for start_position 494 and length 12
Passed for start_position 494 and length 14
Passed for start_position 494 and length 16
Passed for start_position 494 and length 18
Passed for start_position 494 and length 20
Passed for start_position 494 and length 22
Passed for start_position 494 and length 24
Passed for start_position 494 and length 26
Passed for start_position 494 and length 28
Passed for start_position 494 and length 30
Passed for start_position 494 and length 32
Passed for start_position 494 and length 34
Passed for start_position 494 and length 36
Passed for start_position 494 and length 38
Passed for start_position 494 and length 40
Passed for start_position 494 and length 42
Passed for start_position 494 and length 44
Passed for start_position 494 and length 46
Passed for start_position 494 and length 48
Passed for start_position 494 and length 50
Passed for start_position 494 and length 52
Passed for start_position 494 and length 54
Passed for start_position 494 and length 56
Passed for start_position 494 and length 58
Passed for start_position 494 and length 60
Passed for start_position 494 and length 62
Passed for start_position 494 and length 64
Passed for start_position 494 and length 66
Passed for start_position 494 and length 68
Passed for start_position 494 and length 70
Passed for start_position 494 and length 72
Passed for start_position 494 and length 74
Passed for start_position 494 and length 76
Passed for start_position 494 and length 78
Passed for start_position 494 and length 80
Passed for start_position 494 and length 82
Passed for start_position 494 and length 84
Passed for start_position 494 and length 86
Passed for start_position 494 and length 88
Passed for start_position 494 and length 90
Passed for start_position 494 and length 92
Passed for start_position 494 and length 94
Passed for start_position 494 and length 96
Passed for start_position 494 and length 98
Passed for start_position 494 and length 100
Passed for start_position 495 and length 2
Passed for start_position 495 and length 4
Passed for start_position 495 and length 6
Passed for start_position 495 and length 8
Passed for start_position 495 and length 10
Passed for start_position 495 and length 12
Passed for start_position 495 and length 14
Passed for start_position 495 and length 16
Passed for start_position 495 and length 18
Passed for start_position 495 and length 20
Passed for start_position 495 and length 22
Passed for start_position 495 and length 24
Passed for start_position 495 and length 26
Passed for start_position 495 and length 28
Passed for start_position 495 and length 30
Passed for start_position 495 and length 32
Passed for start_position 495 and length 34
Passed for start_position 495 and length 36
Passed for start_position 495 and length 38
Passed for start_position 495 and length 40
Passed for start_position 495 and length 42
Passed for start_position 495 and length 44
Passed for start_position 495 and length 46
Passed for start_position 495 and length 48
Passed for start_position 495 and length 50
Passed for start_position 495 and length 52
Passed for start_position 495 and length 54
Passed for start_position 495 and length 56
Passed for start_position 495 and length 58
Passed for start_position 495 and length 60
Passed for start_position 495 and length 62
Passed for start_position 495 and length 64
Passed for start_position 495 and length 66
Passed for start_position 495 and length 68
Passed for start_position 495 and length 70
Passed for start_position 495 and length 72
Passed for start_position 495 and length 74
Passed for start_position 495 and length 76
Passed for start_position 495 and length 78
Passed for start_position 495 and length 80
Passed for start_position 495 and length 82
Passed for start_position 495 and length 84
Passed for start_position 495 and length 86
Passed for start_position 495 and length 88
Passed for start_position 495 and length 90
Passed for start_position 495 and length 92
Passed for start_position 495 and length 94
Passed for start_position 495 and length 96
Passed for start_position 495 and length 98
Passed for start_position 495 and length 100
Passed for start_position 496 and length 2
Passed for start_position 496 and length 4
Passed for start_position 496 and length 6
Passed for start_position 496 and length 8
Passed for start_position 496 and length 10
Passed for start_position 496 and length 12
Passed for start_position 496 and length 14
Passed for start_position 496 and length 16
Passed for start_position 496 and length 18
Passed for start_position 496 and length 20
Passed for start_position 496 and length 22
Passed for start_position 496 and length 24
Passed for start_position 496 and length 26
Passed for start_position 496 and length 28
Passed for start_position 496 and length 30
Passed for start_position 496 and length 32
Passed for start_position 496 and length 34
Passed for start_position 496 and length 36
Passed for start_position 496 and length 38
Passed for start_position 496 and length 40
Passed for start_position 496 and length 42
Passed for start_position 496 and length 44
Passed for start_position 496 and length 46
Passed for start_position 496 and length 48
Passed for start_position 496 and length 50
Passed for start_position 496 and length 52
Passed for start_position 496 and length 54
Passed for start_position 496 and length 56
Passed for start_position 496 and length 58
Passed for start_position 496 and length 60
Passed for start_position 496 and length 62
Passed for start_position 496 and length 64
Passed for start_position 496 and length 66
Passed for start_position 496 and length 68
Passed for start_position 496 and length 70
Passed for start_position 496 and length 72
Passed for start_position 496 and length 74
Passed for start_position 496 and length 76
Passed for start_position 496 and length 78
Passed for start_position 496 and length 80
Passed for start_position 496 and length 82
Passed for start_position 496 and length 84
Passed for start_position 496 and length 86
Passed for start_position 496 and length 88
Passed for start_position 496 and length 90
Passed for start_position 496 and length 92
Passed for start_position 496 and length 94
Passed for start_position 496 and length 96
Passed for start_position 496 and length 98
Passed for start_position 496 and length 100
Passed for start_position 497 and length 2
Passed for start_position 497 and length 4
Passed for start_position 497 and length 6
Passed for start_position 497 and length 8
Passed for start_position 497 and length 10
Passed for start_position 497 and length 12
Passed for start_position 497 and length 14
Passed for start_position 497 and length 16
Passed for start_position 497 and length 18
Passed for start_position 497 and length 20
Passed for start_position 497 and length 22
Passed for start_position 497 and length 24
Passed for start_position 497 and length 26
Passed for start_position 497 and length 28
Passed for start_position 497 and length 30
Passed for start_position 497 and length 32
Passed for start_position 497 and length 34
Passed for start_position 497 and length 36
Passed for start_position 497 and length 38
Passed for start_position 497 and length 40
Passed for start_position 497 and length 42
Passed for start_position 497 and length 44
Passed for start_position 497 and length 46
Passed for start_position 497 and length 48
Passed for start_position 497 and length 50
Passed for start_position 497 and length 52
Passed for start_position 497 and length 54
Passed for start_position 497 and length 56
Passed for start_position 497 and length 58
Passed for start_position 497 and length 60
Passed for start_position 497 and length 62
Passed for start_position 497 and length 64
Passed for start_position 497 and length 66
Passed for start_position 497 and length 68
Passed for start_position 497 and length 70
Passed for start_position 497 and length 72
Passed for start_position 497 and length 74
Passed for start_position 497 and length 76
Passed for start_position 497 and length 78
Passed for start_position 497 and length 80
Passed for start_position 497 and length 82
Passed for start_position 497 and length 84
Passed for start_position 497 and length 86
Passed for start_position 497 and length 88
Passed for start_position 497 and length 90
Passed for start_position 497 and length 92
Passed for start_position 497 and length 94
Passed for start_position 497 and length 96
Passed for start_position 497 and length 98
Passed for start_position 497 and length 100
Passed for start_position 498 and length 2
Passed for start_position 498 and length 4
Passed for start_position 498 and length 6
Passed for start_position 498 and length 8
Passed for start_position 498 and length 10
Passed for start_position 498 and length 12
Passed for start_position 498 and length 14
Passed for start_position 498 and length 16
Passed for start_position 498 and length 18
Passed for start_position 498 and length 20
Passed for start_position 498 and length 22
Passed for start_position 498 and length 24
Passed for start_position 498 and length 26
Passed for start_position 498 and length 28
Passed for start_position 498 and length 30
Passed for start_position 498 and length 32
Passed for start_position 498 and length 34
Passed for start_position 498 and length 36
Passed for start_position 498 and length 38
Passed for start_position 498 and length 40
Passed for start_position 498 and length 42
Passed for start_position 498 and length 44
Passed for start_position 498 and length 46
Passed for start_position 498 and length 48
Passed for start_position 498 and length 50
Passed for start_position 498 and length 52
Passed for start_position 498 and length 54
Passed for start_position 498 and length 56
Passed for start_position 498 and length 58
Passed for start_position 498 and length 60
Passed for start_position 498 and length 62
Passed for start_position 498 and length 64
Passed for start_position 498 and length 66
Passed for start_position 498 and length 68
Passed for start_position 498 and length 70
Passed for start_position 498 and length 72
Passed for start_position 498 and length 74
Passed for start_position 498 and length 76
Passed for start_position 498 and length 78
Passed for start_position 498 and length 80
Passed for start_position 498 and length 82
Passed for start_position 498 and length 84
Passed for start_position 498 and length 86
Passed for start_position 498 and length 88
Passed for start_position 498 and length 90
Passed for start_position 498 and length 92
Passed for start_position 498 and length 94
Passed for start_position 498 and length 96
Passed for start_position 498 and length 98
Passed for start_position 498 and length 100
Passed for start_position 499 and length 2
Passed for start_position 499 and length 4
Passed for start_position 499 and length 6
Passed for start_position 499 and length 8
Passed for start_position 499 and length 10
Passed for start_position 499 and length 12
Passed for start_position 499 and length 14
Passed for start_position 499 and length 16
Passed for start_position 499 and length 18
Passed for start_position 499 and length 20
Passed for start_position 499 and length 22
Passed for start_position 499 and length 24
Passed for start_position 499 and length 26
Passed for start_position 499 and length 28
Passed for start_position 499 and length 30
Passed for start_position 499 and length 32
Passed for start_position 499 and length 34
Passed for start_position 499 and length 36
Passed for start_position 499 and length 38
Passed for start_position 499 and length 40
Passed for start_position 499 and length 42
Passed for start_position 499 and length 44
Passed for start_position 499 and length 46
Passed for start_position 499 and length 48
Passed for start_position 499 and length 50
Passed for start_position 499 and length 52
Passed for start_position 499 and length 54
Passed for start_position 499 and length 56
Passed for start_position 499 and length 58
Passed for start_position 499 and length 60
Passed for start_position 499 and length 62
Passed for start_position 499 and length 64
Passed for start_position 499 and length 66
Passed for start_position 499 and length 68
Passed for start_position 499 and length 70
Passed for start_position 499 and length 72
Passed for start_position 499 and length 74
Passed for start_position 499 and length 76
Passed for start_position 499 and length 78
Passed for start_position 499 and length 80
Passed for start_position 499 and length 82
Passed for start_position 499 and length 84
Passed for start_position 499 and length 86
Passed for start_position 499 and length 88
Passed for start_position 499 and length 90
Passed for start_position 499 and length 92
Passed for start_position 499 and length 94
Passed for start_position 499 and length 96
Passed for start_position 499 and length 98
Passed for start_position 499 and length 100
Passed for start_position 500 and length 2
Passed for start_position 500 and length 4
Passed for start_position 500 and length 6
Passed for start_position 500 and length 8
Passed for start_position 500 and length 10
Passed for start_position 500 and length 12
Passed for start_position 500 and length 14
Passed for start_position 500 and length 16
Passed for start_position 500 and length 18
Passed for start_position 500 and length 20
Passed for start_position 500 and length 22
Passed for start_position 500 and length 24
Passed for start_position 500 and length 26
Passed for start_position 500 and length 28
Passed for start_position 500 and length 30
Passed for start_position 500 and length 32
Passed for start_position 500 and length 34
Passed for start_position 500 and length 36
Passed for start_position 500 and length 38
Passed for start_position 500 and length 40
Passed for start_position 500 and length 42
Passed for start_position 500 and length 44
Passed for start_position 500 and length 46
Passed for start_position 500 and length 48
Passed for start_position 500 and length 50
Passed for start_position 500 and length 52
Passed for start_position 500 and length 54
Passed for start_position 500 and length 56
Passed for start_position 500 and length 58
Passed for start_position 500 and length 60
Passed for start_position 500 and length 62
Passed for start_position 500 and length 64
Passed for start_position 500 and length 66
Passed for start_position 500 and length 68
Passed for start_position 500 and length 70
Passed for start_position 500 and length 72
Passed for start_position 500 and length 74
Passed for start_position 500 and length 76
Passed for start_position 500 and length 78
Passed for start_position 500 and length 80
Passed for start_position 500 and length 82
Passed for start_position 500 and length 84
Passed for start_position 500 and length 86
Passed for start_position 500 and length 88
Passed for start_position 500 and length 90
Passed for start_position 500 and length 92
Passed for start_position 500 and length 94
Passed for start_position 500 and length 96
Passed for start_position 500 and length 98
Passed for start_position 500 and length 100
Passed for start_position 501 and length 2
Passed for start_position 501 and length 4
Passed for start_position 501 and length 6
Passed for start_position 501 and length 8
Passed for start_position 501 and length 10
Passed for start_position 501 and length 12
Passed for start_position 501 and length 14
Passed for start_position 501 and length 16
Passed for start_position 501 and length 18
Passed for start_position 501 and length 20
Passed for start_position 501 and length 22
Passed for start_position 501 and length 24
Passed for start_position 501 and length 26
Passed for start_position 501 and length 28
Passed for start_position 501 and length 30
Passed for start_position 501 and length 32
Passed for start_position 501 and length 34
Passed for start_position 501 and length 36
Passed for start_position 501 and length 38
Passed for start_position 501 and length 40
Passed for start_position 501 and length 42
Passed for start_position 501 and length 44
Passed for start_position 501 and length 46
Passed for start_position 501 and length 48
Passed for start_position 501 and length 50
Passed for start_position 501 and length 52
Passed for start_position 501 and length 54
Passed for start_position 501 and length 56
Passed for start_position 501 and length 58
Passed for start_position 501 and length 60
Passed for start_position 501 and length 62
Passed for start_position 501 and length 64
Passed for start_position 501 and length 66
Passed for start_position 501 and length 68
Passed for start_position 501 and length 70
Passed for start_position 501 and length 72
Passed for start_position 501 and length 74
Passed for start_position 501 and length 76
Passed for start_position 501 and length 78
Passed for start_position 501 and length 80
Passed for start_position 501 and length 82
Passed for start_position 501 and length 84
Passed for start_position 501 and length 86
Passed for start_position 501 and length 88
Passed for start_position 501 and length 90
Passed for start_position 501 and length 92
Passed for start_position 501 and length 94
Passed for start_position 501 and length 96
Passed for start_position 501 and length 98
Passed for start_position 501 and length 100
Passed for start_position 502 and length 2
Passed for start_position 502 and length 4
Passed for start_position 502 and length 6
Passed for start_position 502 and length 8
Passed for start_position 502 and length 10
Passed for start_position 502 and length 12
Passed for start_position 502 and length 14
Passed for start_position 502 and length 16
Passed for start_position 502 and length 18
Passed for start_position 502 and length 20
Passed for start_position 502 and length 22
Passed for start_position 502 and length 24
Passed for start_position 502 and length 26
Passed for start_position 502 and length 28
Passed for start_position 502 and length 30
Passed for start_position 502 and length 32
Passed for start_position 502 and length 34
Passed for start_position 502 and length 36
Passed for start_position 502 and length 38
Passed for start_position 502 and length 40
Passed for start_position 502 and length 42
Passed for start_position 502 and length 44
Passed for start_position 502 and length 46
Passed for start_position 502 and length 48
Passed for start_position 502 and length 50
Passed for start_position 502 and length 52
Passed for start_position 502 and length 54
Passed for start_position 502 and length 56
Passed for start_position 502 and length 58
Passed for start_position 502 and length 60
Passed for start_position 502 and length 62
Passed for start_position 502 and length 64
Passed for start_position 502 and length 66
Passed for start_position 502 and length 68
Passed for start_position 502 and length 70
Passed for start_position 502 and length 72
Passed for start_position 502 and length 74
Passed for start_position 502 and length 76
Passed for start_position 502 and length 78
Passed for start_position 502 and length 80
Passed for start_position 502 and length 82
Passed for start_position 502 and length 84
Passed for start_position 502 and length 86
Passed for start_position 502 and length 88
Passed for start_position 502 and length 90
Passed for start_position 502 and length 92
Passed for start_position 502 and length 94
Passed for start_position 502 and length 96
Passed for start_position 502 and length 98
Passed for start_position 502 and length 100
Passed for start_position 503 and length 2
Passed for start_position 503 and length 4
Passed for start_position 503 and length 6
Passed for start_position 503 and length 8
Passed for start_position 503 and length 10
Passed for start_position 503 and length 12
Passed for start_position 503 and length 14
Passed for start_position 503 and length 16
Passed for start_position 503 and length 18
Passed for start_position 503 and length 20
Passed for start_position 503 and length 22
Passed for start_position 503 and length 24
Passed for start_position 503 and length 26
Passed for start_position 503 and length 28
Passed for start_position 503 and length 30
Passed for start_position 503 and length 32
Passed for start_position 503 and length 34
Passed for start_position 503 and length 36
Passed for start_position 503 and length 38
Passed for start_position 503 and length 40
Passed for start_position 503 and length 42
Passed for start_position 503 and length 44
Passed for start_position 503 and length 46
Passed for start_position 503 and length 48
Passed for start_position 503 and length 50
Passed for start_position 503 and length 52
Passed for start_position 503 and length 54
Passed for start_position 503 and length 56
Passed for start_position 503 and length 58
Passed for start_position 503 and length 60
Passed for start_position 503 and length 62
Passed for start_position 503 and length 64
Passed for start_position 503 and length 66
Passed for start_position 503 and length 68
Passed for start_position 503 and length 70
Passed for start_position 503 and length 72
Passed for start_position 503 and length 74
Passed for start_position 503 and length 76
Passed for start_position 503 and length 78
Passed for start_position 503 and length 80
Passed for start_position 503 and length 82
Passed for start_position 503 and length 84
Passed for start_position 503 and length 86
Passed for start_position 503 and length 88
Passed for start_position 503 and length 90
Passed for start_position 503 and length 92
Passed for start_position 503 and length 94
Passed for start_position 503 and length 96
Passed for start_position 503 and length 98
Passed for start_position 503 and length 100
Passed for start_position 504 and length 2
Passed for start_position 504 and length 4
Passed for start_position 504 and length 6
Passed for start_position 504 and length 8
Passed for start_position 504 and length 10
Passed for start_position 504 and length 12
Passed for start_position 504 and length 14
Passed for start_position 504 and length 16
Passed for start_position 504 and length 18
Passed for start_position 504 and length 20
Passed for start_position 504 and length 22
Passed for start_position 504 and length 24
Passed for start_position 504 and length 26
Passed for start_position 504 and length 28
Passed for start_position 504 and length 30
Passed for start_position 504 and length 32
Passed for start_position 504 and length 34
Passed for start_position 504 and length 36
Passed for start_position 504 and length 38
Passed for start_position 504 and length 40
Passed for start_position 504 and length 42
Passed for start_position 504 and length 44
Passed for start_position 504 and length 46
Passed for start_position 504 and length 48
Passed for start_position 504 and length 50
Passed for start_position 504 and length 52
Passed for start_position 504 and length 54
Passed for start_position 504 and length 56
Passed for start_position 504 and length 58
Passed for start_position 504 and length 60
Passed for start_position 504 and length 62
Passed for start_position 504 and length 64
Passed for start_position 504 and length 66
Passed for start_position 504 and length 68
Passed for start_position 504 and length 70
Passed for start_position 504 and length 72
Passed for start_position 504 and length 74
Passed for start_position 504 and length 76
Passed for start_position 504 and length 78
Passed for start_position 504 and length 80
Passed for start_position 504 and length 82
Passed for start_position 504 and length 84
Passed for start_position 504 and length 86
Passed for start_position 504 and length 88
Passed for start_position 504 and length 90
Passed for start_position 504 and length 92
Passed for start_position 504 and length 94
Passed for start_position 504 and length 96
Passed for start_position 504 and length 98
Passed for start_position 504 and length 100
Passed for start_position 505 and length 2
Passed for start_position 505 and length 4
Passed for start_position 505 and length 6
Passed for start_position 505 and length 8
Passed for start_position 505 and length 10
Passed for start_position 505 and length 12
Passed for start_position 505 and length 14
Passed for start_position 505 and length 16
Passed for start_position 505 and length 18
Passed for start_position 505 and length 20
Passed for start_position 505 and length 22
Passed for start_position 505 and length 24
Passed for start_position 505 and length 26
Passed for start_position 505 and length 28
Passed for start_position 505 and length 30
Passed for start_position 505 and length 32
Passed for start_position 505 and length 34
Passed for start_position 505 and length 36
Passed for start_position 505 and length 38
Passed for start_position 505 and length 40
Passed for start_position 505 and length 42
Passed for start_position 505 and length 44
Passed for start_position 505 and length 46
Passed for start_position 505 and length 48
Passed for start_position 505 and length 50
Passed for start_position 505 and length 52
Passed for start_position 505 and length 54
Passed for start_position 505 and length 56
Passed for start_position 505 and length 58
Passed for start_position 505 and length 60
Passed for start_position 505 and length 62
Passed for start_position 505 and length 64
Passed for start_position 505 and length 66
Passed for start_position 505 and length 68
Passed for start_position 505 and length 70
Passed for start_position 505 and length 72
Passed for start_position 505 and length 74
Passed for start_position 505 and length 76
Passed for start_position 505 and length 78
Passed for start_position 505 and length 80
Passed for start_position 505 and length 82
Passed for start_position 505 and length 84
Passed for start_position 505 and length 86
Passed for start_position 505 and length 88
Passed for start_position 505 and length 90
Passed for start_position 505 and length 92
Passed for start_position 505 and length 94
Passed for start_position 505 and length 96
Passed for start_position 505 and length 98
Passed for start_position 505 and length 100
Passed for start_position 506 and length 2
Passed for start_position 506 and length 4
Passed for start_position 506 and length 6
Passed for start_position 506 and length 8
Passed for start_position 506 and length 10
Passed for start_position 506 and length 12
Passed for start_position 506 and length 14
Passed for start_position 506 and length 16
Passed for start_position 506 and length 18
Passed for start_position 506 and length 20
Passed for start_position 506 and length 22
Passed for start_position 506 and length 24
Passed for start_position 506 and length 26
Passed for start_position 506 and length 28
Passed for start_position 506 and length 30
Passed for start_position 506 and length 32
Passed for start_position 506 and length 34
Passed for start_position 506 and length 36
Passed for start_position 506 and length 38
Passed for start_position 506 and length 40
Passed for start_position 506 and length 42
Passed for start_position 506 and length 44
Passed for start_position 506 and length 46
Passed for start_position 506 and length 48
Passed for start_position 506 and length 50
Passed for start_position 506 and length 52
Passed for start_position 506 and length 54
Passed for start_position 506 and length 56
Passed for start_position 506 and length 58
Passed for start_position 506 and length 60
Passed for start_position 506 and length 62
Passed for start_position 506 and length 64
Passed for start_position 506 and length 66
Passed for start_position 506 and length 68
Passed for start_position 506 and length 70
Passed for start_position 506 and length 72
Passed for start_position 506 and length 74
Passed for start_position 506 and length 76
Passed for start_position 506 and length 78
Passed for start_position 506 and length 80
Passed for start_position 506 and length 82
Passed for start_position 506 and length 84
Passed for start_position 506 and length 86
Passed for start_position 506 and length 88
Passed for start_position 506 and length 90
Passed for start_position 506 and length 92
Passed for start_position 506 and length 94
Passed for start_position 506 and length 96
Passed for start_position 506 and length 98
Passed for start_position 506 and length 100
Passed for start_position 507 and length 2
Passed for start_position 507 and length 4
Passed for start_position 507 and length 6
Passed for start_position 507 and length 8
Passed for start_position 507 and length 10
Passed for start_position 507 and length 12
Passed for start_position 507 and length 14
Passed for start_position 507 and length 16
Passed for start_position 507 and length 18
Passed for start_position 507 and length 20
Passed for start_position 507 and length 22
Passed for start_position 507 and length 24
Passed for start_position 507 and length 26
Passed for start_position 507 and length 28
Passed for start_position 507 and length 30
Passed for start_position 507 and length 32
Passed for start_position 507 and length 34
Passed for start_position 507 and length 36
Passed for start_position 507 and length 38
Passed for start_position 507 and length 40
Passed for start_position 507 and length 42
Passed for start_position 507 and length 44
Passed for start_position 507 and length 46
Passed for start_position 507 and length 48
Passed for start_position 507 and length 50
Passed for start_position 507 and length 52
Passed for start_position 507 and length 54
Passed for start_position 507 and length 56
Passed for start_position 507 and length 58
Passed for start_position 507 and length 60
Passed for start_position 507 and length 62
Passed for start_position 507 and length 64
Passed for start_position 507 and length 66
Passed for start_position 507 and length 68
Passed for start_position 507 and length 70
Passed for start_position 507 and length 72
Passed for start_position 507 and length 74
Passed for start_position 507 and length 76
Passed for start_position 507 and length 78
Passed for start_position 507 and length 80
Passed for start_position 507 and length 82
Passed for start_position 507 and length 84
Passed for start_position 507 and length 86
Passed for start_position 507 and length 88
Passed for start_position 507 and length 90
Passed for start_position 507 and length 92
Passed for start_position 507 and length 94
Passed for start_position 507 and length 96
Passed for start_position 507 and length 98
Passed for start_position 507 and length 100
Passed for start_position 508 and length 2
Passed for start_position 508 and length 4
Passed for start_position 508 and length 6
Passed for start_position 508 and length 8
Passed for start_position 508 and length 10
Passed for start_position 508 and length 12
Passed for start_position 508 and length 14
Passed for start_position 508 and length 16
Passed for start_position 508 and length 18
Passed for start_position 508 and length 20
Passed for start_position 508 and length 22
Passed for start_position 508 and length 24
Passed for start_position 508 and length 26
Passed for start_position 508 and length 28
Passed for start_position 508 and length 30
Passed for start_position 508 and length 32
Passed for start_position 508 and length 34
Passed for start_position 508 and length 36
Passed for start_position 508 and length 38
Passed for start_position 508 and length 40
Passed for start_position 508 and length 42
Passed for start_position 508 and length 44
Passed for start_position 508 and length 46
Passed for start_position 508 and length 48
Passed for start_position 508 and length 50
Passed for start_position 508 and length 52
Passed for start_position 508 and length 54
Passed for start_position 508 and length 56
Passed for start_position 508 and length 58
Passed for start_position 508 and length 60
Passed for start_position 508 and length 62
Passed for start_position 508 and length 64
Passed for start_position 508 and length 66
Passed for start_position 508 and length 68
Passed for start_position 508 and length 70
Passed for start_position 508 and length 72
Passed for start_position 508 and length 74
Passed for start_position 508 and length 76
Passed for start_position 508 and length 78
Passed for start_position 508 and length 80
Passed for start_position 508 and length 82
Passed for start_position 508 and length 84
Passed for start_position 508 and length 86
Passed for start_position 508 and length 88
Passed for start_position 508 and length 90
Passed for start_position 508 and length 92
Passed for start_position 508 and length 94
Passed for start_position 508 and length 96
Passed for start_position 508 and length 98
Passed for start_position 508 and length 100
Passed for start_position 509 and length 2
Passed for start_position 509 and length 4
Passed for start_position 509 and length 6
Passed for start_position 509 and length 8
Passed for start_position 509 and length 10
Passed for start_position 509 and length 12
Passed for start_position 509 and length 14
Passed for start_position 509 and length 16
Passed for start_position 509 and length 18
Passed for start_position 509 and length 20
Passed for start_position 509 and length 22
Passed for start_position 509 and length 24
Passed for start_position 509 and length 26
Passed for start_position 509 and length 28
Passed for start_position 509 and length 30
Passed for start_position 509 and length 32
Passed for start_position 509 and length 34
Passed for start_position 509 and length 36
Passed for start_position 509 and length 38
Passed for start_position 509 and length 40
Passed for start_position 509 and length 42
Passed for start_position 509 and length 44
Passed for start_position 509 and length 46
Passed for start_position 509 and length 48
Passed for start_position 509 and length 50
Passed for start_position 509 and length 52
Passed for start_position 509 and length 54
Passed for start_position 509 and length 56
Passed for start_position 509 and length 58
Passed for start_position 509 and length 60
Passed for start_position 509 and length 62
Passed for start_position 509 and length 64
Passed for start_position 509 and length 66
Passed for start_position 509 and length 68
Passed for start_position 509 and length 70
Passed for start_position 509 and length 72
Passed for start_position 509 and length 74
Passed for start_position 509 and length 76
Passed for start_position 509 and length 78
Passed for start_position 509 and length 80
Passed for start_position 509 and length 82
Passed for start_position 509 and length 84
Passed for start_position 509 and length 86
Passed for start_position 509 and length 88
Passed for start_position 509 and length 90
Passed for start_position 509 and length 92
Passed for start_position 509 and length 94
Passed for start_position 509 and length 96
Passed for start_position 509 and length 98
Passed for start_position 509 and length 100
Passed for start_position 510 and length 2
Passed for start_position 510 and length 4
Passed for start_position 510 and length 6
Passed for start_position 510 and length 8
Passed for start_position 510 and length 10
Passed for start_position 510 and length 12
Passed for start_position 510 and length 14
Passed for start_position 510 and length 16
Passed for start_position 510 and length 18
Passed for start_position 510 and length 20
Passed for start_position 510 and length 22
Passed for start_position 510 and length 24
Passed for start_position 510 and length 26
Passed for start_position 510 and length 28
Passed for start_position 510 and length 30
Passed for start_position 510 and length 32
Passed for start_position 510 and length 34
Passed for start_position 510 and length 36
Passed for start_position 510 and length 38
Passed for start_position 510 and length 40
Passed for start_position 510 and length 42
Passed for start_position 510 and length 44
Passed for start_position 510 and length 46
Passed for start_position 510 and length 48
Passed for start_position 510 and length 50
Passed for start_position 510 and length 52
Passed for start_position 510 and length 54
Passed for start_position 510 and length 56
Passed for start_position 510 and length 58
Passed for start_position 510 and length 60
Passed for start_position 510 and length 62
Passed for start_position 510 and length 64
Passed for start_position 510 and length 66
Passed for start_position 510 and length 68
Passed for start_position 510 and length 70
Passed for start_position 510 and length 72
Passed for start_position 510 and length 74
Passed for start_position 510 and length 76
Passed for start_position 510 and length 78
Passed for start_position 510 and length 80
Passed for start_position 510 and length 82
Passed for start_position 510 and length 84
Passed for start_position 510 and length 86
Passed for start_position 510 and length 88
Passed for start_position 510 and length 90
Passed for start_position 510 and length 92
Passed for start_position 510 and length 94
Passed for start_position 510 and length 96
Passed for start_position 510 and length 98
Passed for start_position 510 and length 100
Passed for start_position 511 and length 2
Passed for start_position 511 and length 4
Passed for start_position 511 and length 6
Passed for start_position 511 and length 8
Passed for start_position 511 and length 10
Passed for start_position 511 and length 12
Passed for start_position 511 and length 14
Passed for start_position 511 and length 16
Passed for start_position 511 and length 18
Passed for start_position 511 and length 20
Passed for start_position 511 and length 22
Passed for start_position 511 and length 24
Passed for start_position 511 and length 26
Passed for start_position 511 and length 28
Passed for start_position 511 and length 30
Passed for start_position 511 and length 32
Passed for start_position 511 and length 34
Passed for start_position 511 and length 36
Passed for start_position 511 and length 38
Passed for start_position 511 and length 40
Passed for start_position 511 and length 42
Passed for start_position 511 and length 44
Passed for start_position 511 and length 46
Passed for start_position 511 and length 48
Passed for start_position 511 and length 50
Passed for start_position 511 and length 52
Passed for start_position 511 and length 54
Passed for start_position 511 and length 56
Passed for start_position 511 and length 58
Passed for start_position 511 and length 60
Passed for start_position 511 and length 62
Passed for start_position 511 and length 64
Passed for start_position 511 and length 66
Passed for start_position 511 and length 68
Passed for start_position 511 and length 70
Passed for start_position 511 and length 72
Passed for start_position 511 and length 74
Passed for start_position 511 and length 76
Passed for start_position 511 and length 78
Passed for start_position 511 and length 80
Passed for start_position 511 and length 82
Passed for start_position 511 and length 84
Passed for start_position 511 and length 86
Passed for start_position 511 and length 88
Passed for start_position 511 and length 90
Passed for start_position 511 and length 92
Passed for start_position 511 and length 94
Passed for start_position 511 and length 96
Passed for start_position 511 and length 98
Passed for start_position 511 and length 100
Passed for start_position 512 and length 2
Passed for start_position 512 and length 4
Passed for start_position 512 and length 6
Passed for start_position 512 and length 8
Passed for start_position 512 and length 10
Passed for start_position 512 and length 12
Passed for start_position 512 and length 14
Passed for start_position 512 and length 16
Passed for start_position 512 and length 18
Passed for start_position 512 and length 20
Passed for start_position 512 and length 22
Passed for start_position 512 and length 24
Passed for start_position 512 and length 26
Passed for start_position 512 and length 28
Passed for start_position 512 and length 30
Passed for start_position 512 and length 32
Passed for start_position 512 and length 34
Passed for start_position 512 and length 36
Passed for start_position 512 and length 38
Passed for start_position 512 and length 40
Passed for start_position 512 and length 42
Passed for start_position 512 and length 44
Passed for start_position 512 and length 46
Passed for start_position 512 and length 48
Passed for start_position 512 and length 50
Passed for start_position 512 and length 52
Passed for start_position 512 and length 54
Passed for start_position 512 and length 56
Passed for start_position 512 and length 58
Passed for start_position 512 and length 60
Passed for start_position 512 and length 62
Passed for start_position 512 and length 64
Passed for start_position 512 and length 66
Passed for start_position 512 and length 68
Passed for start_position 512 and length 70
Passed for start_position 512 and length 72
Passed for start_position 512 and length 74
Passed for start_position 512 and length 76
Passed for start_position 512 and length 78
Passed for start_position 512 and length 80
Passed for start_position 512 and length 82
Passed for start_position 512 and length 84
Passed for start_position 512 and length 86
Passed for start_position 512 and length 88
Passed for start_position 512 and length 90
Passed for start_position 512 and length 92
Passed for start_position 512 and length 94
Passed for start_position 512 and length 96
Passed for start_position 512 and length 98
Passed for start_position 512 and length 100
Passed for start_position 513 and length 2
Passed for start_position 513 and length 4
Passed for start_position 513 and length 6
Passed for start_position 513 and length 8
Passed for start_position 513 and length 10
Passed for start_position 513 and length 12
Passed for start_position 513 and length 14
Passed for start_position 513 and length 16
Passed for start_position 513 and length 18
Passed for start_position 513 and length 20
Passed for start_position 513 and length 22
Passed for start_position 513 and length 24
Passed for start_position 513 and length 26
Passed for start_position 513 and length 28
Passed for start_position 513 and length 30
Passed for start_position 513 and length 32
Passed for start_position 513 and length 34
Passed for start_position 513 and length 36
Passed for start_position 513 and length 38
Passed for start_position 513 and length 40
Passed for start_position 513 and length 42
Passed for start_position 513 and length 44
Passed for start_position 513 and length 46
Passed for start_position 513 and length 48
Passed for start_position 513 and length 50
Passed for start_position 513 and length 52
Passed for start_position 513 and length 54
Passed for start_position 513 and length 56
Passed for start_position 513 and length 58
Passed for start_position 513 and length 60
Passed for start_position 513 and length 62
Passed for start_position 513 and length 64
Passed for start_position 513 and length 66
Passed for start_position 513 and length 68
Passed for start_position 513 and length 70
Passed for start_position 513 and length 72
Passed for start_position 513 and length 74
Passed for start_position 513 and length 76
Passed for start_position 513 and length 78
Passed for start_position 513 and length 80
Passed for start_position 513 and length 82
Passed for start_position 513 and length 84
Passed for start_position 513 and length 86
Passed for start_position 513 and length 88
Passed for start_position 513 and length 90
Passed for start_position 513 and length 92
Passed for start_position 513 and length 94
Passed for start_position 513 and length 96
Passed for start_position 513 and length 98
Passed for start_position 513 and length 100
Passed for start_position 514 and length 2
Passed for start_position 514 and length 4
Passed for start_position 514 and length 6
Passed for start_position 514 and length 8
Passed for start_position 514 and length 10
Passed for start_position 514 and length 12
Passed for start_position 514 and length 14
Passed for start_position 514 and length 16
Passed for start_position 514 and length 18
Passed for start_position 514 and length 20
Passed for start_position 514 and length 22
Passed for start_position 514 and length 24
Passed for start_position 514 and length 26
Passed for start_position 514 and length 28
Passed for start_position 514 and length 30
Passed for start_position 514 and length 32
Passed for start_position 514 and length 34
Passed for start_position 514 and length 36
Passed for start_position 514 and length 38
Passed for start_position 514 and length 40
Passed for start_position 514 and length 42
Passed for start_position 514 and length 44
Passed for start_position 514 and length 46
Passed for start_position 514 and length 48
Passed for start_position 514 and length 50
Passed for start_position 514 and length 52
Passed for start_position 514 and length 54
Passed for start_position 514 and length 56
Passed for start_position 514 and length 58
Passed for start_position 514 and length 60
Passed for start_position 514 and length 62
Passed for start_position 514 and length 64
Passed for start_position 514 and length 66
Passed for start_position 514 and length 68
Passed for start_position 514 and length 70
Passed for start_position 514 and length 72
Passed for start_position 514 and length 74
Passed for start_position 514 and length 76
Passed for start_position 514 and length 78
Passed for start_position 514 and length 80
Passed for start_position 514 and length 82
Passed for start_position 514 and length 84
Passed for start_position 514 and length 86
Passed for start_position 514 and length 88
Passed for start_position 514 and length 90
Passed for start_position 514 and length 92
Passed for start_position 514 and length 94
Passed for start_position 514 and length 96
Passed for start_position 514 and length 98
Passed for start_position 514 and length 100
Passed for start_position 515 and length 2
Passed for start_position 515 and length 4
Passed for start_position 515 and length 6
Passed for start_position 515 and length 8
Passed for start_position 515 and length 10
Passed for start_position 515 and length 12
Passed for start_position 515 and length 14
Passed for start_position 515 and length 16
Passed for start_position 515 and length 18
Passed for start_position 515 and length 20
Passed for start_position 515 and length 22
Passed for start_position 515 and length 24
Passed for start_position 515 and length 26
Passed for start_position 515 and length 28
Passed for start_position 515 and length 30
Passed for start_position 515 and length 32
Passed for start_position 515 and length 34
Passed for start_position 515 and length 36
Passed for start_position 515 and length 38
Passed for start_position 515 and length 40
Passed for start_position 515 and length 42
Passed for start_position 515 and length 44
Passed for start_position 515 and length 46
Passed for start_position 515 and length 48
Passed for start_position 515 and length 50
Passed for start_position 515 and length 52
Passed for start_position 515 and length 54
Passed for start_position 515 and length 56
Passed for start_position 515 and length 58
Passed for start_position 515 and length 60
Passed for start_position 515 and length 62
Passed for start_position 515 and length 64
Passed for start_position 515 and length 66
Passed for start_position 515 and length 68
Passed for start_position 515 and length 70
Passed for start_position 515 and length 72
Passed for start_position 515 and length 74
Passed for start_position 515 and length 76
Passed for start_position 515 and length 78
Passed for start_position 515 and length 80
Passed for start_position 515 and length 82
Passed for start_position 515 and length 84
Passed for start_position 515 and length 86
Passed for start_position 515 and length 88
Passed for start_position 515 and length 90
Passed for start_position 515 and length 92
Passed for start_position 515 and length 94
Passed for start_position 515 and length 96
Passed for start_position 515 and length 98
Passed for start_position 515 and length 100
Passed for start_position 516 and length 2
Passed for start_position 516 and length 4
Passed for start_position 516 and length 6
Passed for start_position 516 and length 8
Passed for start_position 516 and length 10
Passed for start_position 516 and length 12
Passed for start_position 516 and length 14
Passed for start_position 516 and length 16
Passed for start_position 516 and length 18
Passed for start_position 516 and length 20
Passed for start_position 516 and length 22
Passed for start_position 516 and length 24
Passed for start_position 516 and length 26
Passed for start_position 516 and length 28
Passed for start_position 516 and length 30
Passed for start_position 516 and length 32
Passed for start_position 516 and length 34
Passed for start_position 516 and length 36
Passed for start_position 516 and length 38
Passed for start_position 516 and length 40
Passed for start_position 516 and length 42
Passed for start_position 516 and length 44
Passed for start_position 516 and length 46
Passed for start_position 516 and length 48
Passed for start_position 516 and length 50
Passed for start_position 516 and length 52
Passed for start_position 516 and length 54
Passed for start_position 516 and length 56
Passed for start_position 516 and length 58
Passed for start_position 516 and length 60
Passed for start_position 516 and length 62
Passed for start_position 516 and length 64
Passed for start_position 516 and length 66
Passed for start_position 516 and length 68
Passed for start_position 516 and length 70
Passed for start_position 516 and length 72
Passed for start_position 516 and length 74
Passed for start_position 516 and length 76
Passed for start_position 516 and length 78
Passed for start_position 516 and length 80
Passed for start_position 516 and length 82
Passed for start_position 516 and length 84
Passed for start_position 516 and length 86
Passed for start_position 516 and length 88
Passed for start_position 516 and length 90
Passed for start_position 516 and length 92
Passed for start_position 516 and length 94
Passed for start_position 516 and length 96
Passed for start_position 516 and length 98
Passed for start_position 516 and length 100
Passed for start_position 517 and length 2
Passed for start_position 517 and length 4
Passed for start_position 517 and length 6
Passed for start_position 517 and length 8
Passed for start_position 517 and length 10
Passed for start_position 517 and length 12
Passed for start_position 517 and length 14
Passed for start_position 517 and length 16
Passed for start_position 517 and length 18
Passed for start_position 517 and length 20
Passed for start_position 517 and length 22
Passed for start_position 517 and length 24
Passed for start_position 517 and length 26
Passed for start_position 517 and length 28
Passed for start_position 517 and length 30
Passed for start_position 517 and length 32
Passed for start_position 517 and length 34
Passed for start_position 517 and length 36
Passed for start_position 517 and length 38
Passed for start_position 517 and length 40
Passed for start_position 517 and length 42
Passed for start_position 517 and length 44
Passed for start_position 517 and length 46
Passed for start_position 517 and length 48
Passed for start_position 517 and length 50
Passed for start_position 517 and length 52
Passed for start_position 517 and length 54
Passed for start_position 517 and length 56
Passed for start_position 517 and length 58
Passed for start_position 517 and length 60
Passed for start_position 517 and length 62
Passed for start_position 517 and length 64
Passed for start_position 517 and length 66
Passed for start_position 517 and length 68
Passed for start_position 517 and length 70
Passed for start_position 517 and length 72
Passed for start_position 517 and length 74
Passed for start_position 517 and length 76
Passed for start_position 517 and length 78
Passed for start_position 517 and length 80
Passed for start_position 517 and length 82
Passed for start_position 517 and length 84
Passed for start_position 517 and length 86
Passed for start_position 517 and length 88
Passed for start_position 517 and length 90
Passed for start_position 517 and length 92
Passed for start_position 517 and length 94
Passed for start_position 517 and length 96
Passed for start_position 517 and length 98
Passed for start_position 517 and length 100
Passed for start_position 518 and length 2
Passed for start_position 518 and length 4
Passed for start_position 518 and length 6
Passed for start_position 518 and length 8
Passed for start_position 518 and length 10
Passed for start_position 518 and length 12
Passed for start_position 518 and length 14
Passed for start_position 518 and length 16
Passed for start_position 518 and length 18
Passed for start_position 518 and length 20
Passed for start_position 518 and length 22
Passed for start_position 518 and length 24
Passed for start_position 518 and length 26
Passed for start_position 518 and length 28
Passed for start_position 518 and length 30
Passed for start_position 518 and length 32
Passed for start_position 518 and length 34
Passed for start_position 518 and length 36
Passed for start_position 518 and length 38
Passed for start_position 518 and length 40
Passed for start_position 518 and length 42
Passed for start_position 518 and length 44
Passed for start_position 518 and length 46
Passed for start_position 518 and length 48
Passed for start_position 518 and length 50
Passed for start_position 518 and length 52
Passed for start_position 518 and length 54
Passed for start_position 518 and length 56
Passed for start_position 518 and length 58
Passed for start_position 518 and length 60
Passed for start_position 518 and length 62
Passed for start_position 518 and length 64
Passed for start_position 518 and length 66
Passed for start_position 518 and length 68
Passed for start_position 518 and length 70
Passed for start_position 518 and length 72
Passed for start_position 518 and length 74
Passed for start_position 518 and length 76
Passed for start_position 518 and length 78
Passed for start_position 518 and length 80
Passed for start_position 518 and length 82
Passed for start_position 518 and length 84
Passed for start_position 518 and length 86
Passed for start_position 518 and length 88
Passed for start_position 518 and length 90
Passed for start_position 518 and length 92
Passed for start_position 518 and length 94
Passed for start_position 518 and length 96
Passed for start_position 518 and length 98
Passed for start_position 518 and length 100
Passed for start_position 519 and length 2
Passed for start_position 519 and length 4
Passed for start_position 519 and length 6
Passed for start_position 519 and length 8
Passed for start_position 519 and length 10
Passed for start_position 519 and length 12
Passed for start_position 519 and length 14
Passed for start_position 519 and length 16
Passed for start_position 519 and length 18
Passed for start_position 519 and length 20
Passed for start_position 519 and length 22
Passed for start_position 519 and length 24
Passed for start_position 519 and length 26
Passed for start_position 519 and length 28
Passed for start_position 519 and length 30
Passed for start_position 519 and length 32
Passed for start_position 519 and length 34
Passed for start_position 519 and length 36
Passed for start_position 519 and length 38
Passed for start_position 519 and length 40
Passed for start_position 519 and length 42
Passed for start_position 519 and length 44
Passed for start_position 519 and length 46
Passed for start_position 519 and length 48
Passed for start_position 519 and length 50
Passed for start_position 519 and length 52
Passed for start_position 519 and length 54
Passed for start_position 519 and length 56
Passed for start_position 519 and length 58
Passed for start_position 519 and length 60
Passed for start_position 519 and length 62
Passed for start_position 519 and length 64
Passed for start_position 519 and length 66
Passed for start_position 519 and length 68
Passed for start_position 519 and length 70
Passed for start_position 519 and length 72
Passed for start_position 519 and length 74
Passed for start_position 519 and length 76
Passed for start_position 519 and length 78
Passed for start_position 519 and length 80
Passed for start_position 519 and length 82
Passed for start_position 519 and length 84
Passed for start_position 519 and length 86
Passed for start_position 519 and length 88
Passed for start_position 519 and length 90
Passed for start_position 519 and length 92
Passed for start_position 519 and length 94
Passed for start_position 519 and length 96
Passed for start_position 519 and length 98
Passed for start_position 519 and length 100
Passed for start_position 520 and length 2
Passed for start_position 520 and length 4
Passed for start_position 520 and length 6
Passed for start_position 520 and length 8
Passed for start_position 520 and length 10
Passed for start_position 520 and length 12
Passed for start_position 520 and length 14
Passed for start_position 520 and length 16
Passed for start_position 520 and length 18
Passed for start_position 520 and length 20
Passed for start_position 520 and length 22
Passed for start_position 520 and length 24
Passed for start_position 520 and length 26
Passed for start_position 520 and length 28
Passed for start_position 520 and length 30
Passed for start_position 520 and length 32
Passed for start_position 520 and length 34
Passed for start_position 520 and length 36
Passed for start_position 520 and length 38
Passed for start_position 520 and length 40
Passed for start_position 520 and length 42
Passed for start_position 520 and length 44
Passed for start_position 520 and length 46
Passed for start_position 520 and length 48
Passed for start_position 520 and length 50
Passed for start_position 520 and length 52
Passed for start_position 520 and length 54
Passed for start_position 520 and length 56
Passed for start_position 520 and length 58
Passed for start_position 520 and length 60
Passed for start_position 520 and length 62
Passed for start_position 520 and length 64
Passed for start_position 520 and length 66
Passed for start_position 520 and length 68
Passed for start_position 520 and length 70
Passed for start_position 520 and length 72
Passed for start_position 520 and length 74
Passed for start_position 520 and length 76
Passed for start_position 520 and length 78
Passed for start_position 520 and length 80
Passed for start_position 520 and length 82
Passed for start_position 520 and length 84
Passed for start_position 520 and length 86
Passed for start_position 520 and length 88
Passed for start_position 520 and length 90
Passed for start_position 520 and length 92
Passed for start_position 520 and length 94
Passed for start_position 520 and length 96
Passed for start_position 520 and length 98
Passed for start_position 520 and length 100
Passed for start_position 521 and length 2
Passed for start_position 521 and length 4
Passed for start_position 521 and length 6
Passed for start_position 521 and length 8
Passed for start_position 521 and length 10
Passed for start_position 521 and length 12
Passed for start_position 521 and length 14
Passed for start_position 521 and length 16
Passed for start_position 521 and length 18
Passed for start_position 521 and length 20
Passed for start_position 521 and length 22
Passed for start_position 521 and length 24
Passed for start_position 521 and length 26
Passed for start_position 521 and length 28
Passed for start_position 521 and length 30
Passed for start_position 521 and length 32
Passed for start_position 521 and length 34
Passed for start_position 521 and length 36
Passed for start_position 521 and length 38
Passed for start_position 521 and length 40
Passed for start_position 521 and length 42
Passed for start_position 521 and length 44
Passed for start_position 521 and length 46
Passed for start_position 521 and length 48
Passed for start_position 521 and length 50
Passed for start_position 521 and length 52
Passed for start_position 521 and length 54
Passed for start_position 521 and length 56
Passed for start_position 521 and length 58
Passed for start_position 521 and length 60
Passed for start_position 521 and length 62
Passed for start_position 521 and length 64
Passed for start_position 521 and length 66
Passed for start_position 521 and length 68
Passed for start_position 521 and length 70
Passed for start_position 521 and length 72
Passed for start_position 521 and length 74
Passed for start_position 521 and length 76
Passed for start_position 521 and length 78
Passed for start_position 521 and length 80
Passed for start_position 521 and length 82
Passed for start_position 521 and length 84
Passed for start_position 521 and length 86
Passed for start_position 521 and length 88
Passed for start_position 521 and length 90
Passed for start_position 521 and length 92
Passed for start_position 521 and length 94
Passed for start_position 521 and length 96
Passed for start_position 521 and length 98
Passed for start_position 521 and length 100
Passed for start_position 522 and length 2
Passed for start_position 522 and length 4
Passed for start_position 522 and length 6
Passed for start_position 522 and length 8
Passed for start_position 522 and length 10
Passed for start_position 522 and length 12
Passed for start_position 522 and length 14
Passed for start_position 522 and length 16
Passed for start_position 522 and length 18
Passed for start_position 522 and length 20
Passed for start_position 522 and length 22
Passed for start_position 522 and length 24
Passed for start_position 522 and length 26
Passed for start_position 522 and length 28
Passed for start_position 522 and length 30
Passed for start_position 522 and length 32
Passed for start_position 522 and length 34
Passed for start_position 522 and length 36
Passed for start_position 522 and length 38
Passed for start_position 522 and length 40
Passed for start_position 522 and length 42
Passed for start_position 522 and length 44
Passed for start_position 522 and length 46
Passed for start_position 522 and length 48
Passed for start_position 522 and length 50
Passed for start_position 522 and length 52
Passed for start_position 522 and length 54
Passed for start_position 522 and length 56
Passed for start_position 522 and length 58
Passed for start_position 522 and length 60
Passed for start_position 522 and length 62
Passed for start_position 522 and length 64
Passed for start_position 522 and length 66
Passed for start_position 522 and length 68
Passed for start_position 522 and length 70
Passed for start_position 522 and length 72
Passed for start_position 522 and length 74
Passed for start_position 522 and length 76
Passed for start_position 522 and length 78
Passed for start_position 522 and length 80
Passed for start_position 522 and length 82
Passed for start_position 522 and length 84
Passed for start_position 522 and length 86
Passed for start_position 522 and length 88
Passed for start_position 522 and length 90
Passed for start_position 522 and length 92
Passed for start_position 522 and length 94
Passed for start_position 522 and length 96
Passed for start_position 522 and length 98
Passed for start_position 522 and length 100
Passed for start_position 523 and length 2
Passed for start_position 523 and length 4
Passed for start_position 523 and length 6
Passed for start_position 523 and length 8
Passed for start_position 523 and length 10
Passed for start_position 523 and length 12
Passed for start_position 523 and length 14
Passed for start_position 523 and length 16
Passed for start_position 523 and length 18
Passed for start_position 523 and length 20
Passed for start_position 523 and length 22
Passed for start_position 523 and length 24
Passed for start_position 523 and length 26
Passed for start_position 523 and length 28
Passed for start_position 523 and length 30
Passed for start_position 523 and length 32
Passed for start_position 523 and length 34
Passed for start_position 523 and length 36
Passed for start_position 523 and length 38
Passed for start_position 523 and length 40
Passed for start_position 523 and length 42
Passed for start_position 523 and length 44
Passed for start_position 523 and length 46
Passed for start_position 523 and length 48
Passed for start_position 523 and length 50
Passed for start_position 523 and length 52
Passed for start_position 523 and length 54
Passed for start_position 523 and length 56
Passed for start_position 523 and length 58
Passed for start_position 523 and length 60
Passed for start_position 523 and length 62
Passed for start_position 523 and length 64
Passed for start_position 523 and length 66
Passed for start_position 523 and length 68
Passed for start_position 523 and length 70
Passed for start_position 523 and length 72
Passed for start_position 523 and length 74
Passed for start_position 523 and length 76
Passed for start_position 523 and length 78
Passed for start_position 523 and length 80
Passed for start_position 523 and length 82
Passed for start_position 523 and length 84
Passed for start_position 523 and length 86
Passed for start_position 523 and length 88
Passed for start_position 523 and length 90
Passed for start_position 523 and length 92
Passed for start_position 523 and length 94
Passed for start_position 523 and length 96
Passed for start_position 523 and length 98
Passed for start_position 523 and length 100
Passed for start_position 524 and length 2
Passed for start_position 524 and length 4
Passed for start_position 524 and length 6
Passed for start_position 524 and length 8
Passed for start_position 524 and length 10
Passed for start_position 524 and length 12
Passed for start_position 524 and length 14
Passed for start_position 524 and length 16
Passed for start_position 524 and length 18
Passed for start_position 524 and length 20
Passed for start_position 524 and length 22
Passed for start_position 524 and length 24
Passed for start_position 524 and length 26
Passed for start_position 524 and length 28
Passed for start_position 524 and length 30
Passed for start_position 524 and length 32
Passed for start_position 524 and length 34
Passed for start_position 524 and length 36
Passed for start_position 524 and length 38
Passed for start_position 524 and length 40
Passed for start_position 524 and length 42
Passed for start_position 524 and length 44
Passed for start_position 524 and length 46
Passed for start_position 524 and length 48
Passed for start_position 524 and length 50
Passed for start_position 524 and length 52
Passed for start_position 524 and length 54
Passed for start_position 524 and length 56
Passed for start_position 524 and length 58
Passed for start_position 524 and length 60
Passed for start_position 524 and length 62
Passed for start_position 524 and length 64
Passed for start_position 524 and length 66
Passed for start_position 524 and length 68
Passed for start_position 524 and length 70
Passed for start_position 524 and length 72
Passed for start_position 524 and length 74
Passed for start_position 524 and length 76
Passed for start_position 524 and length 78
Passed for start_position 524 and length 80
Passed for start_position 524 and length 82
Passed for start_position 524 and length 84
Passed for start_position 524 and length 86
Passed for start_position 524 and length 88
Passed for start_position 524 and length 90
Passed for start_position 524 and length 92
Passed for start_position 524 and length 94
Passed for start_position 524 and length 96
Passed for start_position 524 and length 98
Passed for start_position 524 and length 100
Passed for start_position 525 and length 2
Passed for start_position 525 and length 4
Passed for start_position 525 and length 6
Passed for start_position 525 and length 8
Passed for start_position 525 and length 10
Passed for start_position 525 and length 12
Passed for start_position 525 and length 14
Passed for start_position 525 and length 16
Passed for start_position 525 and length 18
Passed for start_position 525 and length 20
Passed for start_position 525 and length 22
Passed for start_position 525 and length 24
Passed for start_position 525 and length 26
Passed for start_position 525 and length 28
Passed for start_position 525 and length 30
Passed for start_position 525 and length 32
Passed for start_position 525 and length 34
Passed for start_position 525 and length 36
Passed for start_position 525 and length 38
Passed for start_position 525 and length 40
Passed for start_position 525 and length 42
Passed for start_position 525 and length 44
Passed for start_position 525 and length 46
Passed for start_position 525 and length 48
Passed for start_position 525 and length 50
Passed for start_position 525 and length 52
Passed for start_position 525 and length 54
Passed for start_position 525 and length 56
Passed for start_position 525 and length 58
Passed for start_position 525 and length 60
Passed for start_position 525 and length 62
Passed for start_position 525 and length 64
Passed for start_position 525 and length 66
Passed for start_position 525 and length 68
Passed for start_position 525 and length 70
Passed for start_position 525 and length 72
Passed for start_position 525 and length 74
Passed for start_position 525 and length 76
Passed for start_position 525 and length 78
Passed for start_position 525 and length 80
Passed for start_position 525 and length 82
Passed for start_position 525 and length 84
Passed for start_position 525 and length 86
Passed for start_position 525 and length 88
Passed for start_position 525 and length 90
Passed for start_position 525 and length 92
Passed for start_position 525 and length 94
Passed for start_position 525 and length 96
Passed for start_position 525 and length 98
Passed for start_position 525 and length 100
Passed for start_position 526 and length 2
Passed for start_position 526 and length 4
Passed for start_position 526 and length 6
Passed for start_position 526 and length 8
Passed for start_position 526 and length 10
Passed for start_position 526 and length 12
Passed for start_position 526 and length 14
Passed for start_position 526 and length 16
Passed for start_position 526 and length 18
Passed for start_position 526 and length 20
Passed for start_position 526 and length 22
Passed for start_position 526 and length 24
Passed for start_position 526 and length 26
Passed for start_position 526 and length 28
Passed for start_position 526 and length 30
Passed for start_position 526 and length 32
Passed for start_position 526 and length 34
Passed for start_position 526 and length 36
Passed for start_position 526 and length 38
Passed for start_position 526 and length 40
Passed for start_position 526 and length 42
Passed for start_position 526 and length 44
Passed for start_position 526 and length 46
Passed for start_position 526 and length 48
Passed for start_position 526 and length 50
Passed for start_position 526 and length 52
Passed for start_position 526 and length 54
Passed for start_position 526 and length 56
Passed for start_position 526 and length 58
Passed for start_position 526 and length 60
Passed for start_position 526 and length 62
Passed for start_position 526 and length 64
Passed for start_position 526 and length 66
Passed for start_position 526 and length 68
Passed for start_position 526 and length 70
Passed for start_position 526 and length 72
Passed for start_position 526 and length 74
Passed for start_position 526 and length 76
Passed for start_position 526 and length 78
Passed for start_position 526 and length 80
Passed for start_position 526 and length 82
Passed for start_position 526 and length 84
Passed for start_position 526 and length 86
Passed for start_position 526 and length 88
Passed for start_position 526 and length 90
Passed for start_position 526 and length 92
Passed for start_position 526 and length 94
Passed for start_position 526 and length 96
Passed for start_position 526 and length 98
Passed for start_position 526 and length 100
Passed for start_position 527 and length 2
Passed for start_position 527 and length 4
Passed for start_position 527 and length 6
Passed for start_position 527 and length 8
Passed for start_position 527 and length 10
Passed for start_position 527 and length 12
Passed for start_position 527 and length 14
Passed for start_position 527 and length 16
Passed for start_position 527 and length 18
Passed for start_position 527 and length 20
Passed for start_position 527 and length 22
Passed for start_position 527 and length 24
Passed for start_position 527 and length 26
Passed for start_position 527 and length 28
Passed for start_position 527 and length 30
Passed for start_position 527 and length 32
Passed for start_position 527 and length 34
Passed for start_position 527 and length 36
Passed for start_position 527 and length 38
Passed for start_position 527 and length 40
Passed for start_position 527 and length 42
Passed for start_position 527 and length 44
Passed for start_position 527 and length 46
Passed for start_position 527 and length 48
Passed for start_position 527 and length 50
Passed for start_position 527 and length 52
Passed for start_position 527 and length 54
Passed for start_position 527 and length 56
Passed for start_position 527 and length 58
Passed for start_position 527 and length 60
Passed for start_position 527 and length 62
Passed for start_position 527 and length 64
Passed for start_position 527 and length 66
Passed for start_position 527 and length 68
Passed for start_position 527 and length 70
Passed for start_position 527 and length 72
Passed for start_position 527 and length 74
Passed for start_position 527 and length 76
Passed for start_position 527 and length 78
Passed for start_position 527 and length 80
Passed for start_position 527 and length 82
Passed for start_position 527 and length 84
Passed for start_position 527 and length 86
Passed for start_position 527 and length 88
Passed for start_position 527 and length 90
Passed for start_position 527 and length 92
Passed for start_position 527 and length 94
Passed for start_position 527 and length 96
Passed for start_position 527 and length 98
Passed for start_position 527 and length 100
Passed for start_position 528 and length 2
Passed for start_position 528 and length 4
Passed for start_position 528 and length 6
Passed for start_position 528 and length 8
Passed for start_position 528 and length 10
Passed for start_position 528 and length 12
Passed for start_position 528 and length 14
Passed for start_position 528 and length 16
Passed for start_position 528 and length 18
Passed for start_position 528 and length 20
Passed for start_position 528 and length 22
Passed for start_position 528 and length 24
Passed for start_position 528 and length 26
Passed for start_position 528 and length 28
Passed for start_position 528 and length 30
Passed for start_position 528 and length 32
Passed for start_position 528 and length 34
Passed for start_position 528 and length 36
Passed for start_position 528 and length 38
Passed for start_position 528 and length 40
Passed for start_position 528 and length 42
Passed for start_position 528 and length 44
Passed for start_position 528 and length 46
Passed for start_position 528 and length 48
Passed for start_position 528 and length 50
Passed for start_position 528 and length 52
Passed for start_position 528 and length 54
Passed for start_position 528 and length 56
Passed for start_position 528 and length 58
Passed for start_position 528 and length 60
Passed for start_position 528 and length 62
Passed for start_position 528 and length 64
Passed for start_position 528 and length 66
Passed for start_position 528 and length 68
Passed for start_position 528 and length 70
Passed for start_position 528 and length 72
Passed for start_position 528 and length 74
Passed for start_position 528 and length 76
Passed for start_position 528 and length 78
Passed for start_position 528 and length 80
Passed for start_position 528 and length 82
Passed for start_position 528 and length 84
Passed for start_position 528 and length 86
Passed for start_position 528 and length 88
Passed for start_position 528 and length 90
Passed for start_position 528 and length 92
Passed for start_position 528 and length 94
Passed for start_position 528 and length 96
Passed for start_position 528 and length 98
Passed for start_position 528 and length 100
Passed for start_position 529 and length 2
Passed for start_position 529 and length 4
Passed for start_position 529 and length 6
Passed for start_position 529 and length 8
Passed for start_position 529 and length 10
Passed for start_position 529 and length 12
Passed for start_position 529 and length 14
Passed for start_position 529 and length 16
Passed for start_position 529 and length 18
Passed for start_position 529 and length 20
Passed for start_position 529 and length 22
Passed for start_position 529 and length 24
Passed for start_position 529 and length 26
Passed for start_position 529 and length 28
Passed for start_position 529 and length 30
Passed for start_position 529 and length 32
Passed for start_position 529 and length 34
Passed for start_position 529 and length 36
Passed for start_position 529 and length 38
Passed for start_position 529 and length 40
Passed for start_position 529 and length 42
Passed for start_position 529 and length 44
Passed for start_position 529 and length 46
Passed for start_position 529 and length 48
Passed for start_position 529 and length 50
Passed for start_position 529 and length 52
Passed for start_position 529 and length 54
Passed for start_position 529 and length 56
Passed for start_position 529 and length 58
Passed for start_position 529 and length 60
Passed for start_position 529 and length 62
Passed for start_position 529 and length 64
Passed for start_position 529 and length 66
Passed for start_position 529 and length 68
Passed for start_position 529 and length 70
Passed for start_position 529 and length 72
Passed for start_position 529 and length 74
Passed for start_position 529 and length 76
Passed for start_position 529 and length 78
Passed for start_position 529 and length 80
Passed for start_position 529 and length 82
Passed for start_position 529 and length 84
Passed for start_position 529 and length 86
Passed for start_position 529 and length 88
Passed for start_position 529 and length 90
Passed for start_position 529 and length 92
Passed for start_position 529 and length 94
Passed for start_position 529 and length 96
Passed for start_position 529 and length 98
Passed for start_position 529 and length 100
Passed for start_position 530 and length 2
Passed for start_position 530 and length 4
Passed for start_position 530 and length 6
Passed for start_position 530 and length 8
Passed for start_position 530 and length 10
Passed for start_position 530 and length 12
Passed for start_position 530 and length 14
Passed for start_position 530 and length 16
Passed for start_position 530 and length 18
Passed for start_position 530 and length 20
Passed for start_position 530 and length 22
Passed for start_position 530 and length 24
Passed for start_position 530 and length 26
Passed for start_position 530 and length 28
Passed for start_position 530 and length 30
Passed for start_position 530 and length 32
Passed for start_position 530 and length 34
Passed for start_position 530 and length 36
Passed for start_position 530 and length 38
Passed for start_position 530 and length 40
Passed for start_position 530 and length 42
Passed for start_position 530 and length 44
Passed for start_position 530 and length 46
Passed for start_position 530 and length 48
Passed for start_position 530 and length 50
Passed for start_position 530 and length 52
Passed for start_position 530 and length 54
Passed for start_position 530 and length 56
Passed for start_position 530 and length 58
Passed for start_position 530 and length 60
Passed for start_position 530 and length 62
Passed for start_position 530 and length 64
Passed for start_position 530 and length 66
Passed for start_position 530 and length 68
Passed for start_position 530 and length 70
Passed for start_position 530 and length 72
Passed for start_position 530 and length 74
Passed for start_position 530 and length 76
Passed for start_position 530 and length 78
Passed for start_position 530 and length 80
Passed for start_position 530 and length 82
Passed for start_position 530 and length 84
Passed for start_position 530 and length 86
Passed for start_position 530 and length 88
Passed for start_position 530 and length 90
Passed for start_position 530 and length 92
Passed for start_position 530 and length 94
Passed for start_position 530 and length 96
Passed for start_position 530 and length 98
Passed for start_position 530 and length 100
Passed for start_position 531 and length 2
Passed for start_position 531 and length 4
Passed for start_position 531 and length 6
Passed for start_position 531 and length 8
Passed for start_position 531 and length 10
Passed for start_position 531 and length 12
Passed for start_position 531 and length 14
Passed for start_position 531 and length 16
Passed for start_position 531 and length 18
Passed for start_position 531 and length 20
Passed for start_position 531 and length 22
Passed for start_position 531 and length 24
Passed for start_position 531 and length 26
Passed for start_position 531 and length 28
Passed for start_position 531 and length 30
Passed for start_position 531 and length 32
Passed for start_position 531 and length 34
Passed for start_position 531 and length 36
Passed for start_position 531 and length 38
Passed for start_position 531 and length 40
Passed for start_position 531 and length 42
Passed for start_position 531 and length 44
Passed for start_position 531 and length 46
Passed for start_position 531 and length 48
Passed for start_position 531 and length 50
Passed for start_position 531 and length 52
Passed for start_position 531 and length 54
Passed for start_position 531 and length 56
Passed for start_position 531 and length 58
Passed for start_position 531 and length 60
Passed for start_position 531 and length 62
Passed for start_position 531 and length 64
Passed for start_position 531 and length 66
Passed for start_position 531 and length 68
Passed for start_position 531 and length 70
Passed for start_position 531 and length 72
Passed for start_position 531 and length 74
Passed for start_position 531 and length 76
Passed for start_position 531 and length 78
Passed for start_position 531 and length 80
Passed for start_position 531 and length 82
Passed for start_position 531 and length 84
Passed for start_position 531 and length 86
Passed for start_position 531 and length 88
Passed for start_position 531 and length 90
Passed for start_position 531 and length 92
Passed for start_position 531 and length 94
Passed for start_position 531 and length 96
Passed for start_position 531 and length 98
Passed for start_position 531 and length 100
Passed for start_position 532 and length 2
Passed for start_position 532 and length 4
Passed for start_position 532 and length 6
Passed for start_position 532 and length 8
Passed for start_position 532 and length 10
Passed for start_position 532 and length 12
Passed for start_position 532 and length 14
Passed for start_position 532 and length 16
Passed for start_position 532 and length 18
Passed for start_position 532 and length 20
Passed for start_position 532 and length 22
Passed for start_position 532 and length 24
Passed for start_position 532 and length 26
Passed for start_position 532 and length 28
Passed for start_position 532 and length 30
Passed for start_position 532 and length 32
Passed for start_position 532 and length 34
Passed for start_position 532 and length 36
Passed for start_position 532 and length 38
Passed for start_position 532 and length 40
Passed for start_position 532 and length 42
Passed for start_position 532 and length 44
Passed for start_position 532 and length 46
Passed for start_position 532 and length 48
Passed for start_position 532 and length 50
Passed for start_position 532 and length 52
Passed for start_position 532 and length 54
Passed for start_position 532 and length 56
Passed for start_position 532 and length 58
Passed for start_position 532 and length 60
Passed for start_position 532 and length 62
Passed for start_position 532 and length 64
Passed for start_position 532 and length 66
Passed for start_position 532 and length 68
Passed for start_position 532 and length 70
Passed for start_position 532 and length 72
Passed for start_position 532 and length 74
Passed for start_position 532 and length 76
Passed for start_position 532 and length 78
Passed for start_position 532 and length 80
Passed for start_position 532 and length 82
Passed for start_position 532 and length 84
Passed for start_position 532 and length 86
Passed for start_position 532 and length 88
Passed for start_position 532 and length 90
Passed for start_position 532 and length 92
Passed for start_position 532 and length 94
Passed for start_position 532 and length 96
Passed for start_position 532 and length 98
Passed for start_position 532 and length 100
Passed for start_position 533 and length 2
Passed for start_position 533 and length 4
Passed for start_position 533 and length 6
Passed for start_position 533 and length 8
Passed for start_position 533 and length 10
Passed for start_position 533 and length 12
Passed for start_position 533 and length 14
Passed for start_position 533 and length 16
Passed for start_position 533 and length 18
Passed for start_position 533 and length 20
Passed for start_position 533 and length 22
Passed for start_position 533 and length 24
Passed for start_position 533 and length 26
Passed for start_position 533 and length 28
Passed for start_position 533 and length 30
Passed for start_position 533 and length 32
Passed for start_position 533 and length 34
Passed for start_position 533 and length 36
Passed for start_position 533 and length 38
Passed for start_position 533 and length 40
Passed for start_position 533 and length 42
Passed for start_position 533 and length 44
Passed for start_position 533 and length 46
Passed for start_position 533 and length 48
Passed for start_position 533 and length 50
Passed for start_position 533 and length 52
Passed for start_position 533 and length 54
Passed for start_position 533 and length 56
Passed for start_position 533 and length 58
Passed for start_position 533 and length 60
Passed for start_position 533 and length 62
Passed for start_position 533 and length 64
Passed for start_position 533 and length 66
Passed for start_position 533 and length 68
Passed for start_position 533 and length 70
Passed for start_position 533 and length 72
Passed for start_position 533 and length 74
Passed for start_position 533 and length 76
Passed for start_position 533 and length 78
Passed for start_position 533 and length 80
Passed for start_position 533 and length 82
Passed for start_position 533 and length 84
Passed for start_position 533 and length 86
Passed for start_position 533 and length 88
Passed for start_position 533 and length 90
Passed for start_position 533 and length 92
Passed for start_position 533 and length 94
Passed for start_position 533 and length 96
Passed for start_position 533 and length 98
Passed for start_position 533 and length 100
Passed for start_position 534 and length 2
Passed for start_position 534 and length 4
Passed for start_position 534 and length 6
Passed for start_position 534 and length 8
Passed for start_position 534 and length 10
Passed for start_position 534 and length 12
Passed for start_position 534 and length 14
Passed for start_position 534 and length 16
Passed for start_position 534 and length 18
Passed for start_position 534 and length 20
Passed for start_position 534 and length 22
Passed for start_position 534 and length 24
Passed for start_position 534 and length 26
Passed for start_position 534 and length 28
Passed for start_position 534 and length 30
Passed for start_position 534 and length 32
Passed for start_position 534 and length 34
Passed for start_position 534 and length 36
Passed for start_position 534 and length 38
Passed for start_position 534 and length 40
Passed for start_position 534 and length 42
Passed for start_position 534 and length 44
Passed for start_position 534 and length 46
Passed for start_position 534 and length 48
Passed for start_position 534 and length 50
Passed for start_position 534 and length 52
Passed for start_position 534 and length 54
Passed for start_position 534 and length 56
Passed for start_position 534 and length 58
Passed for start_position 534 and length 60
Passed for start_position 534 and length 62
Passed for start_position 534 and length 64
Passed for start_position 534 and length 66
Passed for start_position 534 and length 68
Passed for start_position 534 and length 70
Passed for start_position 534 and length 72
Passed for start_position 534 and length 74
Passed for start_position 534 and length 76
Passed for start_position 534 and length 78
Passed for start_position 534 and length 80
Passed for start_position 534 and length 82
Passed for start_position 534 and length 84
Passed for start_position 534 and length 86
Passed for start_position 534 and length 88
Passed for start_position 534 and length 90
Passed for start_position 534 and length 92
Passed for start_position 534 and length 94
Passed for start_position 534 and length 96
Passed for start_position 534 and length 98
Passed for start_position 534 and length 100
Passed for start_position 535 and length 2
Passed for start_position 535 and length 4
Passed for start_position 535 and length 6
Passed for start_position 535 and length 8
Passed for start_position 535 and length 10
Passed for start_position 535 and length 12
Passed for start_position 535 and length 14
Passed for start_position 535 and length 16
Passed for start_position 535 and length 18
Passed for start_position 535 and length 20
Passed for start_position 535 and length 22
Passed for start_position 535 and length 24
Passed for start_position 535 and length 26
Passed for start_position 535 and length 28
Passed for start_position 535 and length 30
Passed for start_position 535 and length 32
Passed for start_position 535 and length 34
Passed for start_position 535 and length 36
Passed for start_position 535 and length 38
Passed for start_position 535 and length 40
Passed for start_position 535 and length 42
Passed for start_position 535 and length 44
Passed for start_position 535 and length 46
Passed for start_position 535 and length 48
Passed for start_position 535 and length 50
Passed for start_position 535 and length 52
Passed for start_position 535 and length 54
Passed for start_position 535 and length 56
Passed for start_position 535 and length 58
Passed for start_position 535 and length 60
Passed for start_position 535 and length 62
Passed for start_position 535 and length 64
Passed for start_position 535 and length 66
Passed for start_position 535 and length 68
Passed for start_position 535 and length 70
Passed for start_position 535 and length 72
Passed for start_position 535 and length 74
Passed for start_position 535 and length 76
Passed for start_position 535 and length 78
Passed for start_position 535 and length 80
Passed for start_position 535 and length 82
Passed for start_position 535 and length 84
Passed for start_position 535 and length 86
Passed for start_position 535 and length 88
Passed for start_position 535 and length 90
Passed for start_position 535 and length 92
Passed for start_position 535 and length 94
Passed for start_position 535 and length 96
Passed for start_position 535 and length 98
Passed for start_position 535 and length 100
Passed for start_position 536 and length 2
Passed for start_position 536 and length 4
Passed for start_position 536 and length 6
Passed for start_position 536 and length 8
Passed for start_position 536 and length 10
Passed for start_position 536 and length 12
Passed for start_position 536 and length 14
Passed for start_position 536 and length 16
Passed for start_position 536 and length 18
Passed for start_position 536 and length 20
Passed for start_position 536 and length 22
Passed for start_position 536 and length 24
Passed for start_position 536 and length 26
Passed for start_position 536 and length 28
Passed for start_position 536 and length 30
Passed for start_position 536 and length 32
Passed for start_position 536 and length 34
Passed for start_position 536 and length 36
Passed for start_position 536 and length 38
Passed for start_position 536 and length 40
Passed for start_position 536 and length 42
Passed for start_position 536 and length 44
Passed for start_position 536 and length 46
Passed for start_position 536 and length 48
Passed for start_position 536 and length 50
Passed for start_position 536 and length 52
Passed for start_position 536 and length 54
Passed for start_position 536 and length 56
Passed for start_position 536 and length 58
Passed for start_position 536 and length 60
Passed for start_position 536 and length 62
Passed for start_position 536 and length 64
Passed for start_position 536 and length 66
Passed for start_position 536 and length 68
Passed for start_position 536 and length 70
Passed for start_position 536 and length 72
Passed for start_position 536 and length 74
Passed for start_position 536 and length 76
Passed for start_position 536 and length 78
Passed for start_position 536 and length 80
Passed for start_position 536 and length 82
Passed for start_position 536 and length 84
Passed for start_position 536 and length 86
Passed for start_position 536 and length 88
Passed for start_position 536 and length 90
Passed for start_position 536 and length 92
Passed for start_position 536 and length 94
Passed for start_position 536 and length 96
Passed for start_position 536 and length 98
Passed for start_position 536 and length 100
Passed for start_position 537 and length 2
Passed for start_position 537 and length 4
Passed for start_position 537 and length 6
Passed for start_position 537 and length 8
Passed for start_position 537 and length 10
Passed for start_position 537 and length 12
Passed for start_position 537 and length 14
Passed for start_position 537 and length 16
Passed for start_position 537 and length 18
Passed for start_position 537 and length 20
Passed for start_position 537 and length 22
Passed for start_position 537 and length 24
Passed for start_position 537 and length 26
Passed for start_position 537 and length 28
Passed for start_position 537 and length 30
Passed for start_position 537 and length 32
Passed for start_position 537 and length 34
Passed for start_position 537 and length 36
Passed for start_position 537 and length 38
Passed for start_position 537 and length 40
Passed for start_position 537 and length 42
Passed for start_position 537 and length 44
Passed for start_position 537 and length 46
Passed for start_position 537 and length 48
Passed for start_position 537 and length 50
Passed for start_position 537 and length 52
Passed for start_position 537 and length 54
Passed for start_position 537 and length 56
Passed for start_position 537 and length 58
Passed for start_position 537 and length 60
Passed for start_position 537 and length 62
Passed for start_position 537 and length 64
Passed for start_position 537 and length 66
Passed for start_position 537 and length 68
Passed for start_position 537 and length 70
Passed for start_position 537 and length 72
Passed for start_position 537 and length 74
Passed for start_position 537 and length 76
Passed for start_position 537 and length 78
Passed for start_position 537 and length 80
Passed for start_position 537 and length 82
Passed for start_position 537 and length 84
Passed for start_position 537 and length 86
Passed for start_position 537 and length 88
Passed for start_position 537 and length 90
Passed for start_position 537 and length 92
Passed for start_position 537 and length 94
Passed for start_position 537 and length 96
Passed for start_position 537 and length 98
Passed for start_position 537 and length 100
Passed for start_position 538 and length 2
Passed for start_position 538 and length 4
Passed for start_position 538 and length 6
Passed for start_position 538 and length 8
Passed for start_position 538 and length 10
Passed for start_position 538 and length 12
Passed for start_position 538 and length 14
Passed for start_position 538 and length 16
Passed for start_position 538 and length 18
Passed for start_position 538 and length 20
Passed for start_position 538 and length 22
Passed for start_position 538 and length 24
Passed for start_position 538 and length 26
Passed for start_position 538 and length 28
Passed for start_position 538 and length 30
Passed for start_position 538 and length 32
Passed for start_position 538 and length 34
Passed for start_position 538 and length 36
Passed for start_position 538 and length 38
Passed for start_position 538 and length 40
Passed for start_position 538 and length 42
Passed for start_position 538 and length 44
Passed for start_position 538 and length 46
Passed for start_position 538 and length 48
Passed for start_position 538 and length 50
Passed for start_position 538 and length 52
Passed for start_position 538 and length 54
Passed for start_position 538 and length 56
Passed for start_position 538 and length 58
Passed for start_position 538 and length 60
Passed for start_position 538 and length 62
Passed for start_position 538 and length 64
Passed for start_position 538 and length 66
Passed for start_position 538 and length 68
Passed for start_position 538 and length 70
Passed for start_position 538 and length 72
Passed for start_position 538 and length 74
Passed for start_position 538 and length 76
Passed for start_position 538 and length 78
Passed for start_position 538 and length 80
Passed for start_position 538 and length 82
Passed for start_position 538 and length 84
Passed for start_position 538 and length 86
Passed for start_position 538 and length 88
Passed for start_position 538 and length 90
Passed for start_position 538 and length 92
Passed for start_position 538 and length 94
Passed for start_position 538 and length 96
Passed for start_position 538 and length 98
Passed for start_position 538 and length 100
Passed for start_position 539 and length 2
Passed for start_position 539 and length 4
Passed for start_position 539 and length 6
Passed for start_position 539 and length 8
Passed for start_position 539 and length 10
Passed for start_position 539 and length 12
Passed for start_position 539 and length 14
Passed for start_position 539 and length 16
Passed for start_position 539 and length 18
Passed for start_position 539 and length 20
Passed for start_position 539 and length 22
Passed for start_position 539 and length 24
Passed for start_position 539 and length 26
Passed for start_position 539 and length 28
Passed for start_position 539 and length 30
Passed for start_position 539 and length 32
Passed for start_position 539 and length 34
Passed for start_position 539 and length 36
Passed for start_position 539 and length 38
Passed for start_position 539 and length 40
Passed for start_position 539 and length 42
Passed for start_position 539 and length 44
Passed for start_position 539 and length 46
Passed for start_position 539 and length 48
Passed for start_position 539 and length 50
Passed for start_position 539 and length 52
Passed for start_position 539 and length 54
Passed for start_position 539 and length 56
Passed for start_position 539 and length 58
Passed for start_position 539 and length 60
Passed for start_position 539 and length 62
Passed for start_position 539 and length 64
Passed for start_position 539 and length 66
Passed for start_position 539 and length 68
Passed for start_position 539 and length 70
Passed for start_position 539 and length 72
Passed for start_position 539 and length 74
Passed for start_position 539 and length 76
Passed for start_position 539 and length 78
Passed for start_position 539 and length 80
Passed for start_position 539 and length 82
Passed for start_position 539 and length 84
Passed for start_position 539 and length 86
Passed for start_position 539 and length 88
Passed for start_position 539 and length 90
Passed for start_position 539 and length 92
Passed for start_position 539 and length 94
Passed for start_position 539 and length 96
Passed for start_position 539 and length 98
Passed for start_position 539 and length 100
Passed for start_position 540 and length 2
Passed for start_position 540 and length 4
Passed for start_position 540 and length 6
Passed for start_position 540 and length 8
Passed for start_position 540 and length 10
Passed for start_position 540 and length 12
Passed for start_position 540 and length 14
Passed for start_position 540 and length 16
Passed for start_position 540 and length 18
Passed for start_position 540 and length 20
Passed for start_position 540 and length 22
Passed for start_position 540 and length 24
Passed for start_position 540 and length 26
Passed for start_position 540 and length 28
Passed for start_position 540 and length 30
Passed for start_position 540 and length 32
Passed for start_position 540 and length 34
Passed for start_position 540 and length 36
Passed for start_position 540 and length 38
Passed for start_position 540 and length 40
Passed for start_position 540 and length 42
Passed for start_position 540 and length 44
Passed for start_position 540 and length 46
Passed for start_position 540 and length 48
Passed for start_position 540 and length 50
Passed for start_position 540 and length 52
Passed for start_position 540 and length 54
Passed for start_position 540 and length 56
Passed for start_position 540 and length 58
Passed for start_position 540 and length 60
Passed for start_position 540 and length 62
Passed for start_position 540 and length 64
Passed for start_position 540 and length 66
Passed for start_position 540 and length 68
Passed for start_position 540 and length 70
Passed for start_position 540 and length 72
Passed for start_position 540 and length 74
Passed for start_position 540 and length 76
Passed for start_position 540 and length 78
Passed for start_position 540 and length 80
Passed for start_position 540 and length 82
Passed for start_position 540 and length 84
Passed for start_position 540 and length 86
Passed for start_position 540 and length 88
Passed for start_position 540 and length 90
Passed for start_position 540 and length 92
Passed for start_position 540 and length 94
Passed for start_position 540 and length 96
Passed for start_position 540 and length 98
Passed for start_position 540 and length 100
Passed for start_position 541 and length 2
Passed for start_position 541 and length 4
Passed for start_position 541 and length 6
Passed for start_position 541 and length 8
Passed for start_position 541 and length 10
Passed for start_position 541 and length 12
Passed for start_position 541 and length 14
Passed for start_position 541 and length 16
Passed for start_position 541 and length 18
Passed for start_position 541 and length 20
Passed for start_position 541 and length 22
Passed for start_position 541 and length 24
Passed for start_position 541 and length 26
Passed for start_position 541 and length 28
Passed for start_position 541 and length 30
Passed for start_position 541 and length 32
Passed for start_position 541 and length 34
Passed for start_position 541 and length 36
Passed for start_position 541 and length 38
Passed for start_position 541 and length 40
Passed for start_position 541 and length 42
Passed for start_position 541 and length 44
Passed for start_position 541 and length 46
Passed for start_position 541 and length 48
Passed for start_position 541 and length 50
Passed for start_position 541 and length 52
Passed for start_position 541 and length 54
Passed for start_position 541 and length 56
Passed for start_position 541 and length 58
Passed for start_position 541 and length 60
Passed for start_position 541 and length 62
Passed for start_position 541 and length 64
Passed for start_position 541 and length 66
Passed for start_position 541 and length 68
Passed for start_position 541 and length 70
Passed for start_position 541 and length 72
Passed for start_position 541 and length 74
Passed for start_position 541 and length 76
Passed for start_position 541 and length 78
Passed for start_position 541 and length 80
Passed for start_position 541 and length 82
Passed for start_position 541 and length 84
Passed for start_position 541 and length 86
Passed for start_position 541 and length 88
Passed for start_position 541 and length 90
Passed for start_position 541 and length 92
Passed for start_position 541 and length 94
Passed for start_position 541 and length 96
Passed for start_position 541 and length 98
Passed for start_position 541 and length 100
Passed for start_position 542 and length 2
Passed for start_position 542 and length 4
Passed for start_position 542 and length 6
Passed for start_position 542 and length 8
Passed for start_position 542 and length 10
Passed for start_position 542 and length 12
Passed for start_position 542 and length 14
Passed for start_position 542 and length 16
Passed for start_position 542 and length 18
Passed for start_position 542 and length 20
Passed for start_position 542 and length 22
Passed for start_position 542 and length 24
Passed for start_position 542 and length 26
Passed for start_position 542 and length 28
Passed for start_position 542 and length 30
Passed for start_position 542 and length 32
Passed for start_position 542 and length 34
Passed for start_position 542 and length 36
Passed for start_position 542 and length 38
Passed for start_position 542 and length 40
Passed for start_position 542 and length 42
Passed for start_position 542 and length 44
Passed for start_position 542 and length 46
Passed for start_position 542 and length 48
Passed for start_position 542 and length 50
Passed for start_position 542 and length 52
Passed for start_position 542 and length 54
Passed for start_position 542 and length 56
Passed for start_position 542 and length 58
Passed for start_position 542 and length 60
Passed for start_position 542 and length 62
Passed for start_position 542 and length 64
Passed for start_position 542 and length 66
Passed for start_position 542 and length 68
Passed for start_position 542 and length 70
Passed for start_position 542 and length 72
Passed for start_position 542 and length 74
Passed for start_position 542 and length 76
Passed for start_position 542 and length 78
Passed for start_position 542 and length 80
Passed for start_position 542 and length 82
Passed for start_position 542 and length 84
Passed for start_position 542 and length 86
Passed for start_position 542 and length 88
Passed for start_position 542 and length 90
Passed for start_position 542 and length 92
Passed for start_position 542 and length 94
Passed for start_position 542 and length 96
Passed for start_position 542 and length 98
Passed for start_position 542 and length 100
Passed for start_position 543 and length 2
Passed for start_position 543 and length 4
Passed for start_position 543 and length 6
Passed for start_position 543 and length 8
Passed for start_position 543 and length 10
Passed for start_position 543 and length 12
Passed for start_position 543 and length 14
Passed for start_position 543 and length 16
Passed for start_position 543 and length 18
Passed for start_position 543 and length 20
Passed for start_position 543 and length 22
Passed for start_position 543 and length 24
Passed for start_position 543 and length 26
Passed for start_position 543 and length 28
Passed for start_position 543 and length 30
Passed for start_position 543 and length 32
Passed for start_position 543 and length 34
Passed for start_position 543 and length 36
Passed for start_position 543 and length 38
Passed for start_position 543 and length 40
Passed for start_position 543 and length 42
Passed for start_position 543 and length 44
Passed for start_position 543 and length 46
Passed for start_position 543 and length 48
Passed for start_position 543 and length 50
Passed for start_position 543 and length 52
Passed for start_position 543 and length 54
Passed for start_position 543 and length 56
Passed for start_position 543 and length 58
Passed for start_position 543 and length 60
Passed for start_position 543 and length 62
Passed for start_position 543 and length 64
Passed for start_position 543 and length 66
Passed for start_position 543 and length 68
Passed for start_position 543 and length 70
Passed for start_position 543 and length 72
Passed for start_position 543 and length 74
Passed for start_position 543 and length 76
Passed for start_position 543 and length 78
Passed for start_position 543 and length 80
Passed for start_position 543 and length 82
Passed for start_position 543 and length 84
Passed for start_position 543 and length 86
Passed for start_position 543 and length 88
Passed for start_position 543 and length 90
Passed for start_position 543 and length 92
Passed for start_position 543 and length 94
Passed for start_position 543 and length 96
Passed for start_position 543 and length 98
Passed for start_position 543 and length 100
Passed for start_position 544 and length 2
Passed for start_position 544 and length 4
Passed for start_position 544 and length 6
Passed for start_position 544 and length 8
Passed for start_position 544 and length 10
Passed for start_position 544 and length 12
Passed for start_position 544 and length 14
Passed for start_position 544 and length 16
Passed for start_position 544 and length 18
Passed for start_position 544 and length 20
Passed for start_position 544 and length 22
Passed for start_position 544 and length 24
Passed for start_position 544 and length 26
Passed for start_position 544 and length 28
Passed for start_position 544 and length 30
Passed for start_position 544 and length 32
Passed for start_position 544 and length 34
Passed for start_position 544 and length 36
Passed for start_position 544 and length 38
Passed for start_position 544 and length 40
Passed for start_position 544 and length 42
Passed for start_position 544 and length 44
Passed for start_position 544 and length 46
Passed for start_position 544 and length 48
Passed for start_position 544 and length 50
Passed for start_position 544 and length 52
Passed for start_position 544 and length 54
Passed for start_position 544 and length 56
Passed for start_position 544 and length 58
Passed for start_position 544 and length 60
Passed for start_position 544 and length 62
Passed for start_position 544 and length 64
Passed for start_position 544 and length 66
Passed for start_position 544 and length 68
Passed for start_position 544 and length 70
Passed for start_position 544 and length 72
Passed for start_position 544 and length 74
Passed for start_position 544 and length 76
Passed for start_position 544 and length 78
Passed for start_position 544 and length 80
Passed for start_position 544 and length 82
Passed for start_position 544 and length 84
Passed for start_position 544 and length 86
Passed for start_position 544 and length 88
Passed for start_position 544 and length 90
Passed for start_position 544 and length 92
Passed for start_position 544 and length 94
Passed for start_position 544 and length 96
Passed for start_position 544 and length 98
Passed for start_position 544 and length 100
Passed for start_position 545 and length 2
Passed for start_position 545 and length 4
Passed for start_position 545 and length 6
Passed for start_position 545 and length 8
Passed for start_position 545 and length 10
Passed for start_position 545 and length 12
Passed for start_position 545 and length 14
Passed for start_position 545 and length 16
Passed for start_position 545 and length 18
Passed for start_position 545 and length 20
Passed for start_position 545 and length 22
Passed for start_position 545 and length 24
Passed for start_position 545 and length 26
Passed for start_position 545 and length 28
Passed for start_position 545 and length 30
Passed for start_position 545 and length 32
Passed for start_position 545 and length 34
Passed for start_position 545 and length 36
Passed for start_position 545 and length 38
Passed for start_position 545 and length 40
Passed for start_position 545 and length 42
Passed for start_position 545 and length 44
Passed for start_position 545 and length 46
Passed for start_position 545 and length 48
Passed for start_position 545 and length 50
Passed for start_position 545 and length 52
Passed for start_position 545 and length 54
Passed for start_position 545 and length 56
Passed for start_position 545 and length 58
Passed for start_position 545 and length 60
Passed for start_position 545 and length 62
Passed for start_position 545 and length 64
Passed for start_position 545 and length 66
Passed for start_position 545 and length 68
Passed for start_position 545 and length 70
Passed for start_position 545 and length 72
Passed for start_position 545 and length 74
Passed for start_position 545 and length 76
Passed for start_position 545 and length 78
Passed for start_position 545 and length 80
Passed for start_position 545 and length 82
Passed for start_position 545 and length 84
Passed for start_position 545 and length 86
Passed for start_position 545 and length 88
Passed for start_position 545 and length 90
Passed for start_position 545 and length 92
Passed for start_position 545 and length 94
Passed for start_position 545 and length 96
Passed for start_position 545 and length 98
Passed for start_position 545 and length 100
Passed for start_position 546 and length 2
Passed for start_position 546 and length 4
Passed for start_position 546 and length 6
Passed for start_position 546 and length 8
Passed for start_position 546 and length 10
Passed for start_position 546 and length 12
Passed for start_position 546 and length 14
Passed for start_position 546 and length 16
Passed for start_position 546 and length 18
Passed for start_position 546 and length 20
Passed for start_position 546 and length 22
Passed for start_position 546 and length 24
Passed for start_position 546 and length 26
Passed for start_position 546 and length 28
Passed for start_position 546 and length 30
Passed for start_position 546 and length 32
Passed for start_position 546 and length 34
Passed for start_position 546 and length 36
Passed for start_position 546 and length 38
Passed for start_position 546 and length 40
Passed for start_position 546 and length 42
Passed for start_position 546 and length 44
Passed for start_position 546 and length 46
Passed for start_position 546 and length 48
Passed for start_position 546 and length 50
Passed for start_position 546 and length 52
Passed for start_position 546 and length 54
Passed for start_position 546 and length 56
Passed for start_position 546 and length 58
Passed for start_position 546 and length 60
Passed for start_position 546 and length 62
Passed for start_position 546 and length 64
Passed for start_position 546 and length 66
Passed for start_position 546 and length 68
Passed for start_position 546 and length 70
Passed for start_position 546 and length 72
Passed for start_position 546 and length 74
Passed for start_position 546 and length 76
Passed for start_position 546 and length 78
Passed for start_position 546 and length 80
Passed for start_position 546 and length 82
Passed for start_position 546 and length 84
Passed for start_position 546 and length 86
Passed for start_position 546 and length 88
Passed for start_position 546 and length 90
Passed for start_position 546 and length 92
Passed for start_position 546 and length 94
Passed for start_position 546 and length 96
Passed for start_position 546 and length 98
Passed for start_position 546 and length 100
Passed for start_position 547 and length 2
Passed for start_position 547 and length 4
Passed for start_position 547 and length 6
Passed for start_position 547 and length 8
Passed for start_position 547 and length 10
Passed for start_position 547 and length 12
Passed for start_position 547 and length 14
Passed for start_position 547 and length 16
Passed for start_position 547 and length 18
Passed for start_position 547 and length 20
Passed for start_position 547 and length 22
Passed for start_position 547 and length 24
Passed for start_position 547 and length 26
Passed for start_position 547 and length 28
Passed for start_position 547 and length 30
Passed for start_position 547 and length 32
Passed for start_position 547 and length 34
Passed for start_position 547 and length 36
Passed for start_position 547 and length 38
Passed for start_position 547 and length 40
Passed for start_position 547 and length 42
Passed for start_position 547 and length 44
Passed for start_position 547 and length 46
Passed for start_position 547 and length 48
Passed for start_position 547 and length 50
Passed for start_position 547 and length 52
Passed for start_position 547 and length 54
Passed for start_position 547 and length 56
Passed for start_position 547 and length 58
Passed for start_position 547 and length 60
Passed for start_position 547 and length 62
Passed for start_position 547 and length 64
Passed for start_position 547 and length 66
Passed for start_position 547 and length 68
Passed for start_position 547 and length 70
Passed for start_position 547 and length 72
Passed for start_position 547 and length 74
Passed for start_position 547 and length 76
Passed for start_position 547 and length 78
Passed for start_position 547 and length 80
Passed for start_position 547 and length 82
Passed for start_position 547 and length 84
Passed for start_position 547 and length 86
Passed for start_position 547 and length 88
Passed for start_position 547 and length 90
Passed for start_position 547 and length 92
Passed for start_position 547 and length 94
Passed for start_position 547 and length 96
Passed for start_position 547 and length 98
Passed for start_position 547 and length 100
Passed for start_position 548 and length 2
Passed for start_position 548 and length 4
Passed for start_position 548 and length 6
Passed for start_position 548 and length 8
Passed for start_position 548 and length 10
Passed for start_position 548 and length 12
Passed for start_position 548 and length 14
Passed for start_position 548 and length 16
Passed for start_position 548 and length 18
Passed for start_position 548 and length 20
Passed for start_position 548 and length 22
Passed for start_position 548 and length 24
Passed for start_position 548 and length 26
Passed for start_position 548 and length 28
Passed for start_position 548 and length 30
Passed for start_position 548 and length 32
Passed for start_position 548 and length 34
Passed for start_position 548 and length 36
Passed for start_position 548 and length 38
Passed for start_position 548 and length 40
Passed for start_position 548 and length 42
Passed for start_position 548 and length 44
Passed for start_position 548 and length 46
Passed for start_position 548 and length 48
Passed for start_position 548 and length 50
Passed for start_position 548 and length 52
Passed for start_position 548 and length 54
Passed for start_position 548 and length 56
Passed for start_position 548 and length 58
Passed for start_position 548 and length 60
Passed for start_position 548 and length 62
Passed for start_position 548 and length 64
Passed for start_position 548 and length 66
Passed for start_position 548 and length 68
Passed for start_position 548 and length 70
Passed for start_position 548 and length 72
Passed for start_position 548 and length 74
Passed for start_position 548 and length 76
Passed for start_position 548 and length 78
Passed for start_position 548 and length 80
Passed for start_position 548 and length 82
Passed for start_position 548 and length 84
Passed for start_position 548 and length 86
Passed for start_position 548 and length 88
Passed for start_position 548 and length 90
Passed for start_position 548 and length 92
Passed for start_position 548 and length 94
Passed for start_position 548 and length 96
Passed for start_position 548 and length 98
Passed for start_position 548 and length 100
Passed for start_position 549 and length 2
Error for start_position 549 and length 4: Movement -1 not in dictionary
Passed for start_position 549 and length 6
Passed for start_position 549 and length 8
Error for start_position 549 and length 10: Movement -1 not in dictionary
Passed for start_position 549 and length 12
Passed for start_position 549 and length 14
Passed for start_position 549 and length 16
Error for start_position 549 and length 18: Movement 1 not in dictionary
Error for start_position 549 and length 20: Movement -1 not in dictionary
Passed for start_position 549 and length 22
Passed for start_position 549 and length 24
Passed for start_position 549 and length 26
Passed for start_position 549 and length 28
Passed for start_position 549 and length 30
Error for start_position 549 and length 32: Movement -1 not in dictionary
Error for start_position 549 and length 34: Movement -1 not in dictionary
Passed for start_position 549 and length 36
Passed for start_position 549 and length 38
Passed for start_position 549 and length 40
Passed for start_position 549 and length 42
Error for start_position 549 and length 44: Movement -1 not in dictionary
Error for start_position 549 and length 46: Movement -1 not in dictionary
Passed for start_position 549 and length 48
Error for start_position 549 and length 50: Movement 1 not in dictionary
Passed for start_position 549 and length 52
Error for start_position 549 and length 54: Movement -1 not in dictionary
Passed for start_position 549 and length 56
Error for start_position 549 and length 58: Movement -1 not in dictionary
Error for start_position 549 and length 60: Movement 1 not in dictionary
Error for start_position 549 and length 62: Movement -1 not in dictionary
Passed for start_position 549 and length 64
Passed for start_position 549 and length 66
Passed for start_position 549 and length 68
Error for start_position 549 and length 70: Movement 1 not in dictionary
Passed for start_position 549 and length 72
Error for start_position 549 and length 74: Movement 1 not in dictionary
Error for start_position 549 and length 76: Movement -1 not in dictionary
Passed for start_position 549 and length 78
Error for start_position 549 and length 80: Movement 1 not in dictionary
Error for start_position 549 and length 82: Movement -1 not in dictionary
Error for start_position 549 and length 84: Movement 1 not in dictionary
Error for start_position 549 and length 86: Movement -1 not in dictionary
Error for start_position 549 and length 88: Movement -1 not in dictionary
Passed for start_position 549 and length 90
Error for start_position 549 and length 92: Movement 1 not in dictionary
Passed for start_position 549 and length 94
Passed for start_position 549 and length 96
Error for start_position 549 and length 98: Movement 1 not in dictionary
Error for start_position 549 and length 100: Movement 1 not in dictionary
Passed for start_position 550 and length 2
Passed for start_position 550 and length 4
Passed for start_position 550 and length 6
Passed for start_position 550 and length 8
Passed for start_position 550 and length 10
Passed for start_position 550 and length 12
Passed for start_position 550 and length 14
Passed for start_position 550 and length 16
Passed for start_position 550 and length 18
Passed for start_position 550 and length 20
Passed for start_position 550 and length 22
Passed for start_position 550 and length 24
Passed for start_position 550 and length 26
Passed for start_position 550 and length 28
Passed for start_position 550 and length 30
Passed for start_position 550 and length 32
Passed for start_position 550 and length 34
Passed for start_position 550 and length 36
Passed for start_position 550 and length 38
Passed for start_position 550 and length 40
Passed for start_position 550 and length 42
Passed for start_position 550 and length 44
Passed for start_position 550 and length 46
Passed for start_position 550 and length 48
Passed for start_position 550 and length 50
Passed for start_position 550 and length 52
Passed for start_position 550 and length 54
Passed for start_position 550 and length 56
Passed for start_position 550 and length 58
Passed for start_position 550 and length 60
Passed for start_position 550 and length 62
Passed for start_position 550 and length 64
Passed for start_position 550 and length 66
Passed for start_position 550 and length 68
Passed for start_position 550 and length 70
Passed for start_position 550 and length 72
Passed for start_position 550 and length 74
Passed for start_position 550 and length 76
Passed for start_position 550 and length 78
Passed for start_position 550 and length 80
Passed for start_position 550 and length 82
Passed for start_position 550 and length 84
Passed for start_position 550 and length 86
Passed for start_position 550 and length 88
Passed for start_position 550 and length 90
Passed for start_position 550 and length 92
Passed for start_position 550 and length 94
Passed for start_position 550 and length 96
Passed for start_position 550 and length 98
Passed for start_position 550 and length 100
Passed for start_position 551 and length 2
Passed for start_position 551 and length 4
Passed for start_position 551 and length 6
Passed for start_position 551 and length 8
Passed for start_position 551 and length 10
Passed for start_position 551 and length 12
Passed for start_position 551 and length 14
Passed for start_position 551 and length 16
Passed for start_position 551 and length 18
Passed for start_position 551 and length 20
Passed for start_position 551 and length 22
Passed for start_position 551 and length 24
Passed for start_position 551 and length 26
Passed for start_position 551 and length 28
Passed for start_position 551 and length 30
Passed for start_position 551 and length 32
Passed for start_position 551 and length 34
Passed for start_position 551 and length 36
Passed for start_position 551 and length 38
Passed for start_position 551 and length 40
Passed for start_position 551 and length 42
Passed for start_position 551 and length 44
Passed for start_position 551 and length 46
Passed for start_position 551 and length 48
Passed for start_position 551 and length 50
Passed for start_position 551 and length 52
Passed for start_position 551 and length 54
Passed for start_position 551 and length 56
Passed for start_position 551 and length 58
Passed for start_position 551 and length 60
Passed for start_position 551 and length 62
Passed for start_position 551 and length 64
Passed for start_position 551 and length 66
Passed for start_position 551 and length 68
Passed for start_position 551 and length 70
Passed for start_position 551 and length 72
Passed for start_position 551 and length 74
Passed for start_position 551 and length 76
Passed for start_position 551 and length 78
Passed for start_position 551 and length 80
Passed for start_position 551 and length 82
Passed for start_position 551 and length 84
Passed for start_position 551 and length 86
Passed for start_position 551 and length 88
Passed for start_position 551 and length 90
Passed for start_position 551 and length 92
Passed for start_position 551 and length 94
Passed for start_position 551 and length 96
Passed for start_position 551 and length 98
Passed for start_position 551 and length 100
Passed for start_position 552 and length 2
Passed for start_position 552 and length 4
Passed for start_position 552 and length 6
Passed for start_position 552 and length 8
Passed for start_position 552 and length 10
Passed for start_position 552 and length 12
Passed for start_position 552 and length 14
Passed for start_position 552 and length 16
Passed for start_position 552 and length 18
Passed for start_position 552 and length 20
Passed for start_position 552 and length 22
Passed for start_position 552 and length 24
Passed for start_position 552 and length 26
Passed for start_position 552 and length 28
Passed for start_position 552 and length 30
Passed for start_position 552 and length 32
Passed for start_position 552 and length 34
Passed for start_position 552 and length 36
Passed for start_position 552 and length 38
Passed for start_position 552 and length 40
Passed for start_position 552 and length 42
Passed for start_position 552 and length 44
Passed for start_position 552 and length 46
Passed for start_position 552 and length 48
Passed for start_position 552 and length 50
Passed for start_position 552 and length 52
Passed for start_position 552 and length 54
Passed for start_position 552 and length 56
Passed for start_position 552 and length 58
Passed for start_position 552 and length 60
Passed for start_position 552 and length 62
Passed for start_position 552 and length 64
Passed for start_position 552 and length 66
Passed for start_position 552 and length 68
Passed for start_position 552 and length 70
Passed for start_position 552 and length 72
Passed for start_position 552 and length 74
Passed for start_position 552 and length 76
Passed for start_position 552 and length 78
Passed for start_position 552 and length 80
Passed for start_position 552 and length 82
Passed for start_position 552 and length 84
Passed for start_position 552 and length 86
Passed for start_position 552 and length 88
Passed for start_position 552 and length 90
Passed for start_position 552 and length 92
Passed for start_position 552 and length 94
Passed for start_position 552 and length 96
Passed for start_position 552 and length 98
Passed for start_position 552 and length 100
Passed for start_position 553 and length 2
Error for start_position 553 and length 4: Movement 1 not in dictionary
Error for start_position 553 and length 6: Movement -1 not in dictionary
Passed for start_position 553 and length 8
Passed for start_position 553 and length 10
Error for start_position 553 and length 12: Movement 1 not in dictionary
Passed for start_position 553 and length 14
Passed for start_position 553 and length 16
Error for start_position 553 and length 18: Movement -1 not in dictionary
Error for start_position 553 and length 20: Movement -1 not in dictionary
Passed for start_position 553 and length 22
Passed for start_position 553 and length 24
Passed for start_position 553 and length 26
Error for start_position 553 and length 28: Movement 1 not in dictionary
Passed for start_position 553 and length 30
Passed for start_position 553 and length 32
Error for start_position 553 and length 34: Movement 1 not in dictionary
Passed for start_position 553 and length 36
Passed for start_position 553 and length 38
Passed for start_position 553 and length 40
Error for start_position 553 and length 42: Movement -1 not in dictionary
Error for start_position 553 and length 44: Movement 1 not in dictionary
Passed for start_position 553 and length 46
Passed for start_position 553 and length 48
Passed for start_position 553 and length 50
Error for start_position 553 and length 52: Movement 1 not in dictionary
Passed for start_position 553 and length 54
Error for start_position 553 and length 56: Movement -1 not in dictionary
Passed for start_position 553 and length 58
Passed for start_position 553 and length 60
Passed for start_position 553 and length 62
Error for start_position 553 and length 64: Movement -1 not in dictionary
Passed for start_position 553 and length 66
Error for start_position 553 and length 68: Movement -1 not in dictionary
Error for start_position 553 and length 70: Movement 1 not in dictionary
Passed for start_position 553 and length 72
Passed for start_position 553 and length 74
Passed for start_position 553 and length 76
Error for start_position 553 and length 78: Movement 1 not in dictionary
Passed for start_position 553 and length 80
Passed for start_position 553 and length 82
Passed for start_position 553 and length 84
Passed for start_position 553 and length 86
Passed for start_position 553 and length 88
Passed for start_position 553 and length 90
Error for start_position 553 and length 92: Movement 1 not in dictionary
Passed for start_position 553 and length 94
Error for start_position 553 and length 96: Movement -1 not in dictionary
Passed for start_position 553 and length 98
Passed for start_position 553 and length 100
Passed for start_position 554 and length 2
Passed for start_position 554 and length 4
Passed for start_position 554 and length 6
Passed for start_position 554 and length 8
Passed for start_position 554 and length 10
Passed for start_position 554 and length 12
Passed for start_position 554 and length 14
Passed for start_position 554 and length 16
Passed for start_position 554 and length 18
Passed for start_position 554 and length 20
Passed for start_position 554 and length 22
Passed for start_position 554 and length 24
Passed for start_position 554 and length 26
Passed for start_position 554 and length 28
Passed for start_position 554 and length 30
Passed for start_position 554 and length 32
Passed for start_position 554 and length 34
Passed for start_position 554 and length 36
Passed for start_position 554 and length 38
Passed for start_position 554 and length 40
Passed for start_position 554 and length 42
Passed for start_position 554 and length 44
Passed for start_position 554 and length 46
Passed for start_position 554 and length 48
Passed for start_position 554 and length 50
Passed for start_position 554 and length 52
Passed for start_position 554 and length 54
Passed for start_position 554 and length 56
Passed for start_position 554 and length 58
Passed for start_position 554 and length 60
Passed for start_position 554 and length 62
Passed for start_position 554 and length 64
Passed for start_position 554 and length 66
Passed for start_position 554 and length 68
Passed for start_position 554 and length 70
Passed for start_position 554 and length 72
Passed for start_position 554 and length 74
Passed for start_position 554 and length 76
Passed for start_position 554 and length 78
Passed for start_position 554 and length 80
Passed for start_position 554 and length 82
Passed for start_position 554 and length 84
Passed for start_position 554 and length 86
Passed for start_position 554 and length 88
Passed for start_position 554 and length 90
Passed for start_position 554 and length 92
Passed for start_position 554 and length 94
Passed for start_position 554 and length 96
Passed for start_position 554 and length 98
Passed for start_position 554 and length 100
Passed for start_position 555 and length 2
Passed for start_position 555 and length 4
Passed for start_position 555 and length 6
Passed for start_position 555 and length 8
Passed for start_position 555 and length 10
Passed for start_position 555 and length 12
Passed for start_position 555 and length 14
Passed for start_position 555 and length 16
Passed for start_position 555 and length 18
Passed for start_position 555 and length 20
Passed for start_position 555 and length 22
Passed for start_position 555 and length 24
Passed for start_position 555 and length 26
Passed for start_position 555 and length 28
Passed for start_position 555 and length 30
Passed for start_position 555 and length 32
Passed for start_position 555 and length 34
Passed for start_position 555 and length 36
Passed for start_position 555 and length 38
Passed for start_position 555 and length 40
Passed for start_position 555 and length 42
Passed for start_position 555 and length 44
Passed for start_position 555 and length 46
Passed for start_position 555 and length 48
Passed for start_position 555 and length 50
Passed for start_position 555 and length 52
Passed for start_position 555 and length 54
Passed for start_position 555 and length 56
Passed for start_position 555 and length 58
Passed for start_position 555 and length 60
Passed for start_position 555 and length 62
Passed for start_position 555 and length 64
Passed for start_position 555 and length 66
Passed for start_position 555 and length 68
Passed for start_position 555 and length 70
Passed for start_position 555 and length 72
Passed for start_position 555 and length 74
Passed for start_position 555 and length 76
Passed for start_position 555 and length 78
Passed for start_position 555 and length 80
Passed for start_position 555 and length 82
Passed for start_position 555 and length 84
Passed for start_position 555 and length 86
Passed for start_position 555 and length 88
Passed for start_position 555 and length 90
Passed for start_position 555 and length 92
Passed for start_position 555 and length 94
Passed for start_position 555 and length 96
Passed for start_position 555 and length 98
Passed for start_position 555 and length 100
Passed for start_position 556 and length 2
Passed for start_position 556 and length 4
Passed for start_position 556 and length 6
Passed for start_position 556 and length 8
Passed for start_position 556 and length 10
Passed for start_position 556 and length 12
Passed for start_position 556 and length 14
Passed for start_position 556 and length 16
Passed for start_position 556 and length 18
Passed for start_position 556 and length 20
Passed for start_position 556 and length 22
Passed for start_position 556 and length 24
Passed for start_position 556 and length 26
Passed for start_position 556 and length 28
Passed for start_position 556 and length 30
Passed for start_position 556 and length 32
Passed for start_position 556 and length 34
Passed for start_position 556 and length 36
Passed for start_position 556 and length 38
Passed for start_position 556 and length 40
Passed for start_position 556 and length 42
Passed for start_position 556 and length 44
Passed for start_position 556 and length 46
Passed for start_position 556 and length 48
Passed for start_position 556 and length 50
Passed for start_position 556 and length 52
Passed for start_position 556 and length 54
Passed for start_position 556 and length 56
Passed for start_position 556 and length 58
Passed for start_position 556 and length 60
Passed for start_position 556 and length 62
Passed for start_position 556 and length 64
Passed for start_position 556 and length 66
Passed for start_position 556 and length 68
Passed for start_position 556 and length 70
Passed for start_position 556 and length 72
Passed for start_position 556 and length 74
Passed for start_position 556 and length 76
Passed for start_position 556 and length 78
Passed for start_position 556 and length 80
Passed for start_position 556 and length 82
Passed for start_position 556 and length 84
Passed for start_position 556 and length 86
Passed for start_position 556 and length 88
Passed for start_position 556 and length 90
Passed for start_position 556 and length 92
Passed for start_position 556 and length 94
Passed for start_position 556 and length 96
Passed for start_position 556 and length 98
Passed for start_position 556 and length 100
Passed for start_position 557 and length 2
Passed for start_position 557 and length 4
Passed for start_position 557 and length 6
Passed for start_position 557 and length 8
Passed for start_position 557 and length 10
Passed for start_position 557 and length 12
Passed for start_position 557 and length 14
Passed for start_position 557 and length 16
Passed for start_position 557 and length 18
Passed for start_position 557 and length 20
Passed for start_position 557 and length 22
Passed for start_position 557 and length 24
Passed for start_position 557 and length 26
Passed for start_position 557 and length 28
Passed for start_position 557 and length 30
Passed for start_position 557 and length 32
Passed for start_position 557 and length 34
Passed for start_position 557 and length 36
Passed for start_position 557 and length 38
Passed for start_position 557 and length 40
Passed for start_position 557 and length 42
Passed for start_position 557 and length 44
Passed for start_position 557 and length 46
Passed for start_position 557 and length 48
Passed for start_position 557 and length 50
Passed for start_position 557 and length 52
Passed for start_position 557 and length 54
Passed for start_position 557 and length 56
Passed for start_position 557 and length 58
Passed for start_position 557 and length 60
Passed for start_position 557 and length 62
Passed for start_position 557 and length 64
Passed for start_position 557 and length 66
Passed for start_position 557 and length 68
Passed for start_position 557 and length 70
Passed for start_position 557 and length 72
Passed for start_position 557 and length 74
Passed for start_position 557 and length 76
Passed for start_position 557 and length 78
Passed for start_position 557 and length 80
Passed for start_position 557 and length 82
Passed for start_position 557 and length 84
Passed for start_position 557 and length 86
Passed for start_position 557 and length 88
Passed for start_position 557 and length 90
Passed for start_position 557 and length 92
Passed for start_position 557 and length 94
Passed for start_position 557 and length 96
Passed for start_position 557 and length 98
Passed for start_position 557 and length 100
Passed for start_position 558 and length 2
Passed for start_position 558 and length 4
Passed for start_position 558 and length 6
Passed for start_position 558 and length 8
Passed for start_position 558 and length 10
Passed for start_position 558 and length 12
Passed for start_position 558 and length 14
Passed for start_position 558 and length 16
Passed for start_position 558 and length 18
Passed for start_position 558 and length 20
Passed for start_position 558 and length 22
Passed for start_position 558 and length 24
Passed for start_position 558 and length 26
Passed for start_position 558 and length 28
Passed for start_position 558 and length 30
Passed for start_position 558 and length 32
Passed for start_position 558 and length 34
Passed for start_position 558 and length 36
Passed for start_position 558 and length 38
Passed for start_position 558 and length 40
Passed for start_position 558 and length 42
Passed for start_position 558 and length 44
Passed for start_position 558 and length 46
Passed for start_position 558 and length 48
Passed for start_position 558 and length 50
Passed for start_position 558 and length 52
Passed for start_position 558 and length 54
Passed for start_position 558 and length 56
Passed for start_position 558 and length 58
Passed for start_position 558 and length 60
Passed for start_position 558 and length 62
Passed for start_position 558 and length 64
Passed for start_position 558 and length 66
Passed for start_position 558 and length 68
Passed for start_position 558 and length 70
Passed for start_position 558 and length 72
Passed for start_position 558 and length 74
Passed for start_position 558 and length 76
Passed for start_position 558 and length 78
Passed for start_position 558 and length 80
Passed for start_position 558 and length 82
Passed for start_position 558 and length 84
Passed for start_position 558 and length 86
Passed for start_position 558 and length 88
Passed for start_position 558 and length 90
Passed for start_position 558 and length 92
Passed for start_position 558 and length 94
Passed for start_position 558 and length 96
Passed for start_position 558 and length 98
Passed for start_position 558 and length 100
Passed for start_position 559 and length 2
Passed for start_position 559 and length 4
Passed for start_position 559 and length 6
Passed for start_position 559 and length 8
Passed for start_position 559 and length 10
Passed for start_position 559 and length 12
Passed for start_position 559 and length 14
Passed for start_position 559 and length 16
Passed for start_position 559 and length 18
Passed for start_position 559 and length 20
Passed for start_position 559 and length 22
Passed for start_position 559 and length 24
Passed for start_position 559 and length 26
Passed for start_position 559 and length 28
Passed for start_position 559 and length 30
Passed for start_position 559 and length 32
Passed for start_position 559 and length 34
Passed for start_position 559 and length 36
Passed for start_position 559 and length 38
Passed for start_position 559 and length 40
Passed for start_position 559 and length 42
Passed for start_position 559 and length 44
Passed for start_position 559 and length 46
Passed for start_position 559 and length 48
Passed for start_position 559 and length 50
Passed for start_position 559 and length 52
Passed for start_position 559 and length 54
Passed for start_position 559 and length 56
Passed for start_position 559 and length 58
Passed for start_position 559 and length 60
Passed for start_position 559 and length 62
Passed for start_position 559 and length 64
Passed for start_position 559 and length 66
Passed for start_position 559 and length 68
Passed for start_position 559 and length 70
Passed for start_position 559 and length 72
Passed for start_position 559 and length 74
Passed for start_position 559 and length 76
Passed for start_position 559 and length 78
Passed for start_position 559 and length 80
Passed for start_position 559 and length 82
Passed for start_position 559 and length 84
Passed for start_position 559 and length 86
Passed for start_position 559 and length 88
Passed for start_position 559 and length 90
Passed for start_position 559 and length 92
Passed for start_position 559 and length 94
Passed for start_position 559 and length 96
Passed for start_position 559 and length 98
Passed for start_position 559 and length 100
Error for start_position 560 and length 2: Movement 1 not in dictionary
Error for start_position 560 and length 4: Movement 1 not in dictionary
Error for start_position 560 and length 6: Movement -1 not in dictionary
Passed for start_position 560 and length 8
Error for start_position 560 and length 10: Movement -1 not in dictionary
Passed for start_position 560 and length 12
Error for start_position 560 and length 14: Movement 1 not in dictionary
Error for start_position 560 and length 16: Movement 1 not in dictionary
Passed for start_position 560 and length 18
Passed for start_position 560 and length 20
Error for start_position 560 and length 22: Movement -1 not in dictionary
Error for start_position 560 and length 24: Movement -1 not in dictionary
Error for start_position 560 and length 26: Movement 1 not in dictionary
Error for start_position 560 and length 28: Movement 1 not in dictionary
Error for start_position 560 and length 30: Movement -1 not in dictionary
Error for start_position 560 and length 32: Movement -1 not in dictionary
Error for start_position 560 and length 34: Movement -1 not in dictionary
Passed for start_position 560 and length 36
Passed for start_position 560 and length 38
Passed for start_position 560 and length 40
Passed for start_position 560 and length 42
Passed for start_position 560 and length 44
Passed for start_position 560 and length 46
Error for start_position 560 and length 48: Movement 1 not in dictionary
Error for start_position 560 and length 50: Movement 1 not in dictionary
Passed for start_position 560 and length 52
Error for start_position 560 and length 54: Movement 1 not in dictionary
Error for start_position 560 and length 56: Movement -1 not in dictionary
Error for start_position 560 and length 58: Movement -1 not in dictionary
Passed for start_position 560 and length 60
Error for start_position 560 and length 62: Movement 1 not in dictionary
Error for start_position 560 and length 64: Movement 1 not in dictionary
Passed for start_position 560 and length 66
Error for start_position 560 and length 68: Movement 1 not in dictionary
Passed for start_position 560 and length 70
Error for start_position 560 and length 72: Movement 1 not in dictionary
Error for start_position 560 and length 74: Movement 1 not in dictionary
Passed for start_position 560 and length 76
Passed for start_position 560 and length 78
Passed for start_position 560 and length 80
Error for start_position 560 and length 82: Movement -1 not in dictionary
Passed for start_position 560 and length 84
Error for start_position 560 and length 86: Movement 1 not in dictionary
Error for start_position 560 and length 88: Movement 1 not in dictionary
Error for start_position 560 and length 90: Movement -1 not in dictionary
Passed for start_position 560 and length 92
Passed for start_position 560 and length 94
Passed for start_position 560 and length 96
Error for start_position 560 and length 98: Movement 1 not in dictionary
Error for start_position 560 and length 100: Movement -1 not in dictionary
Passed for start_position 561 and length 2
Passed for start_position 561 and length 4
Passed for start_position 561 and length 6
Passed for start_position 561 and length 8
Passed for start_position 561 and length 10
Passed for start_position 561 and length 12
Passed for start_position 561 and length 14
Passed for start_position 561 and length 16
Passed for start_position 561 and length 18
Passed for start_position 561 and length 20
Passed for start_position 561 and length 22
Passed for start_position 561 and length 24
Passed for start_position 561 and length 26
Passed for start_position 561 and length 28
Passed for start_position 561 and length 30
Passed for start_position 561 and length 32
Passed for start_position 561 and length 34
Passed for start_position 561 and length 36
Passed for start_position 561 and length 38
Passed for start_position 561 and length 40
Passed for start_position 561 and length 42
Passed for start_position 561 and length 44
Passed for start_position 561 and length 46
Passed for start_position 561 and length 48
Passed for start_position 561 and length 50
Passed for start_position 561 and length 52
Passed for start_position 561 and length 54
Passed for start_position 561 and length 56
Passed for start_position 561 and length 58
Passed for start_position 561 and length 60
Passed for start_position 561 and length 62
Passed for start_position 561 and length 64
Passed for start_position 561 and length 66
Passed for start_position 561 and length 68
Passed for start_position 561 and length 70
Passed for start_position 561 and length 72
Passed for start_position 561 and length 74
Passed for start_position 561 and length 76
Passed for start_position 561 and length 78
Passed for start_position 561 and length 80
Passed for start_position 561 and length 82
Passed for start_position 561 and length 84
Passed for start_position 561 and length 86
Passed for start_position 561 and length 88
Passed for start_position 561 and length 90
Passed for start_position 561 and length 92
Passed for start_position 561 and length 94
Passed for start_position 561 and length 96
Passed for start_position 561 and length 98
Passed for start_position 561 and length 100
Passed for start_position 562 and length 2
Passed for start_position 562 and length 4
Passed for start_position 562 and length 6
Passed for start_position 562 and length 8
Passed for start_position 562 and length 10
Passed for start_position 562 and length 12
Passed for start_position 562 and length 14
Passed for start_position 562 and length 16
Passed for start_position 562 and length 18
Passed for start_position 562 and length 20
Passed for start_position 562 and length 22
Passed for start_position 562 and length 24
Passed for start_position 562 and length 26
Passed for start_position 562 and length 28
Passed for start_position 562 and length 30
Passed for start_position 562 and length 32
Passed for start_position 562 and length 34
Passed for start_position 562 and length 36
Passed for start_position 562 and length 38
Passed for start_position 562 and length 40
Passed for start_position 562 and length 42
Passed for start_position 562 and length 44
Passed for start_position 562 and length 46
Passed for start_position 562 and length 48
Passed for start_position 562 and length 50
Passed for start_position 562 and length 52
Passed for start_position 562 and length 54
Passed for start_position 562 and length 56
Passed for start_position 562 and length 58
Passed for start_position 562 and length 60
Passed for start_position 562 and length 62
Passed for start_position 562 and length 64
Passed for start_position 562 and length 66
Passed for start_position 562 and length 68
Passed for start_position 562 and length 70
Passed for start_position 562 and length 72
Passed for start_position 562 and length 74
Passed for start_position 562 and length 76
Passed for start_position 562 and length 78
Passed for start_position 562 and length 80
Passed for start_position 562 and length 82
Passed for start_position 562 and length 84
Passed for start_position 562 and length 86
Passed for start_position 562 and length 88
Passed for start_position 562 and length 90
Passed for start_position 562 and length 92
Passed for start_position 562 and length 94
Passed for start_position 562 and length 96
Passed for start_position 562 and length 98
Passed for start_position 562 and length 100
Passed for start_position 563 and length 2
Passed for start_position 563 and length 4
Passed for start_position 563 and length 6
Passed for start_position 563 and length 8
Passed for start_position 563 and length 10
Passed for start_position 563 and length 12
Passed for start_position 563 and length 14
Passed for start_position 563 and length 16
Passed for start_position 563 and length 18
Passed for start_position 563 and length 20
Passed for start_position 563 and length 22
Passed for start_position 563 and length 24
Passed for start_position 563 and length 26
Passed for start_position 563 and length 28
Passed for start_position 563 and length 30
Passed for start_position 563 and length 32
Passed for start_position 563 and length 34
Passed for start_position 563 and length 36
Passed for start_position 563 and length 38
Passed for start_position 563 and length 40
Passed for start_position 563 and length 42
Passed for start_position 563 and length 44
Passed for start_position 563 and length 46
Passed for start_position 563 and length 48
Passed for start_position 563 and length 50
Passed for start_position 563 and length 52
Passed for start_position 563 and length 54
Passed for start_position 563 and length 56
Passed for start_position 563 and length 58
Passed for start_position 563 and length 60
Passed for start_position 563 and length 62
Passed for start_position 563 and length 64
Passed for start_position 563 and length 66
Passed for start_position 563 and length 68
Passed for start_position 563 and length 70
Passed for start_position 563 and length 72
Passed for start_position 563 and length 74
Passed for start_position 563 and length 76
Passed for start_position 563 and length 78
Passed for start_position 563 and length 80
Passed for start_position 563 and length 82
Passed for start_position 563 and length 84
Passed for start_position 563 and length 86
Passed for start_position 563 and length 88
Passed for start_position 563 and length 90
Passed for start_position 563 and length 92
Passed for start_position 563 and length 94
Passed for start_position 563 and length 96
Passed for start_position 563 and length 98
Passed for start_position 563 and length 100
Passed for start_position 564 and length 2
Passed for start_position 564 and length 4
Passed for start_position 564 and length 6
Passed for start_position 564 and length 8
Passed for start_position 564 and length 10
Passed for start_position 564 and length 12
Passed for start_position 564 and length 14
Passed for start_position 564 and length 16
Passed for start_position 564 and length 18
Passed for start_position 564 and length 20
Passed for start_position 564 and length 22
Passed for start_position 564 and length 24
Passed for start_position 564 and length 26
Passed for start_position 564 and length 28
Passed for start_position 564 and length 30
Passed for start_position 564 and length 32
Passed for start_position 564 and length 34
Passed for start_position 564 and length 36
Passed for start_position 564 and length 38
Passed for start_position 564 and length 40
Passed for start_position 564 and length 42
Passed for start_position 564 and length 44
Passed for start_position 564 and length 46
Passed for start_position 564 and length 48
Passed for start_position 564 and length 50
Passed for start_position 564 and length 52
Passed for start_position 564 and length 54
Passed for start_position 564 and length 56
Passed for start_position 564 and length 58
Passed for start_position 564 and length 60
Passed for start_position 564 and length 62
Passed for start_position 564 and length 64
Passed for start_position 564 and length 66
Passed for start_position 564 and length 68
Passed for start_position 564 and length 70
Passed for start_position 564 and length 72
Passed for start_position 564 and length 74
Passed for start_position 564 and length 76
Passed for start_position 564 and length 78
Passed for start_position 564 and length 80
Passed for start_position 564 and length 82
Passed for start_position 564 and length 84
Passed for start_position 564 and length 86
Passed for start_position 564 and length 88
Passed for start_position 564 and length 90
Passed for start_position 564 and length 92
Passed for start_position 564 and length 94
Passed for start_position 564 and length 96
Passed for start_position 564 and length 98
Passed for start_position 564 and length 100
Passed for start_position 565 and length 2
Passed for start_position 565 and length 4
Passed for start_position 565 and length 6
Passed for start_position 565 and length 8
Passed for start_position 565 and length 10
Passed for start_position 565 and length 12
Passed for start_position 565 and length 14
Passed for start_position 565 and length 16
Passed for start_position 565 and length 18
Passed for start_position 565 and length 20
Passed for start_position 565 and length 22
Passed for start_position 565 and length 24
Passed for start_position 565 and length 26
Passed for start_position 565 and length 28
Passed for start_position 565 and length 30
Passed for start_position 565 and length 32
Passed for start_position 565 and length 34
Passed for start_position 565 and length 36
Passed for start_position 565 and length 38
Passed for start_position 565 and length 40
Passed for start_position 565 and length 42
Passed for start_position 565 and length 44
Passed for start_position 565 and length 46
Passed for start_position 565 and length 48
Passed for start_position 565 and length 50
Passed for start_position 565 and length 52
Passed for start_position 565 and length 54
Passed for start_position 565 and length 56
Passed for start_position 565 and length 58
Passed for start_position 565 and length 60
Passed for start_position 565 and length 62
Passed for start_position 565 and length 64
Passed for start_position 565 and length 66
Passed for start_position 565 and length 68
Passed for start_position 565 and length 70
Passed for start_position 565 and length 72
Passed for start_position 565 and length 74
Passed for start_position 565 and length 76
Passed for start_position 565 and length 78
Passed for start_position 565 and length 80
Passed for start_position 565 and length 82
Passed for start_position 565 and length 84
Passed for start_position 565 and length 86
Passed for start_position 565 and length 88
Passed for start_position 565 and length 90
Passed for start_position 565 and length 92
Passed for start_position 565 and length 94
Passed for start_position 565 and length 96
Passed for start_position 565 and length 98
Passed for start_position 565 and length 100
Passed for start_position 566 and length 2
Passed for start_position 566 and length 4
Passed for start_position 566 and length 6
Passed for start_position 566 and length 8
Passed for start_position 566 and length 10
Passed for start_position 566 and length 12
Passed for start_position 566 and length 14
Passed for start_position 566 and length 16
Passed for start_position 566 and length 18
Passed for start_position 566 and length 20
Passed for start_position 566 and length 22
Passed for start_position 566 and length 24
Passed for start_position 566 and length 26
Passed for start_position 566 and length 28
Passed for start_position 566 and length 30
Passed for start_position 566 and length 32
Passed for start_position 566 and length 34
Passed for start_position 566 and length 36
Passed for start_position 566 and length 38
Passed for start_position 566 and length 40
Passed for start_position 566 and length 42
Passed for start_position 566 and length 44
Passed for start_position 566 and length 46
Passed for start_position 566 and length 48
Passed for start_position 566 and length 50
Passed for start_position 566 and length 52
Passed for start_position 566 and length 54
Passed for start_position 566 and length 56
Passed for start_position 566 and length 58
Passed for start_position 566 and length 60
Passed for start_position 566 and length 62
Passed for start_position 566 and length 64
Passed for start_position 566 and length 66
Passed for start_position 566 and length 68
Passed for start_position 566 and length 70
Passed for start_position 566 and length 72
Passed for start_position 566 and length 74
Passed for start_position 566 and length 76
Passed for start_position 566 and length 78
Passed for start_position 566 and length 80
Passed for start_position 566 and length 82
Passed for start_position 566 and length 84
Passed for start_position 566 and length 86
Passed for start_position 566 and length 88
Passed for start_position 566 and length 90
Passed for start_position 566 and length 92
Passed for start_position 566 and length 94
Passed for start_position 566 and length 96
Passed for start_position 566 and length 98
Passed for start_position 566 and length 100
Passed for start_position 567 and length 2
Passed for start_position 567 and length 4
Passed for start_position 567 and length 6
Passed for start_position 567 and length 8
Passed for start_position 567 and length 10
Passed for start_position 567 and length 12
Passed for start_position 567 and length 14
Passed for start_position 567 and length 16
Passed for start_position 567 and length 18
Passed for start_position 567 and length 20
Passed for start_position 567 and length 22
Passed for start_position 567 and length 24
Passed for start_position 567 and length 26
Passed for start_position 567 and length 28
Passed for start_position 567 and length 30
Passed for start_position 567 and length 32
Passed for start_position 567 and length 34
Passed for start_position 567 and length 36
Passed for start_position 567 and length 38
Passed for start_position 567 and length 40
Passed for start_position 567 and length 42
Passed for start_position 567 and length 44
Passed for start_position 567 and length 46
Passed for start_position 567 and length 48
Passed for start_position 567 and length 50
Passed for start_position 567 and length 52
Passed for start_position 567 and length 54
Passed for start_position 567 and length 56
Passed for start_position 567 and length 58
Passed for start_position 567 and length 60
Passed for start_position 567 and length 62
Passed for start_position 567 and length 64
Passed for start_position 567 and length 66
Passed for start_position 567 and length 68
Passed for start_position 567 and length 70
Passed for start_position 567 and length 72
Passed for start_position 567 and length 74
Passed for start_position 567 and length 76
Passed for start_position 567 and length 78
Passed for start_position 567 and length 80
Passed for start_position 567 and length 82
Passed for start_position 567 and length 84
Passed for start_position 567 and length 86
Passed for start_position 567 and length 88
Passed for start_position 567 and length 90
Passed for start_position 567 and length 92
Passed for start_position 567 and length 94
Passed for start_position 567 and length 96
Passed for start_position 567 and length 98
Passed for start_position 567 and length 100
Passed for start_position 568 and length 2
Passed for start_position 568 and length 4
Passed for start_position 568 and length 6
Passed for start_position 568 and length 8
Passed for start_position 568 and length 10
Passed for start_position 568 and length 12
Passed for start_position 568 and length 14
Passed for start_position 568 and length 16
Passed for start_position 568 and length 18
Passed for start_position 568 and length 20
Passed for start_position 568 and length 22
Passed for start_position 568 and length 24
Passed for start_position 568 and length 26
Passed for start_position 568 and length 28
Passed for start_position 568 and length 30
Passed for start_position 568 and length 32
Passed for start_position 568 and length 34
Passed for start_position 568 and length 36
Passed for start_position 568 and length 38
Passed for start_position 568 and length 40
Passed for start_position 568 and length 42
Passed for start_position 568 and length 44
Passed for start_position 568 and length 46
Passed for start_position 568 and length 48
Passed for start_position 568 and length 50
Passed for start_position 568 and length 52
Passed for start_position 568 and length 54
Passed for start_position 568 and length 56
Passed for start_position 568 and length 58
Passed for start_position 568 and length 60
Passed for start_position 568 and length 62
Passed for start_position 568 and length 64
Passed for start_position 568 and length 66
Passed for start_position 568 and length 68
Passed for start_position 568 and length 70
Passed for start_position 568 and length 72
Passed for start_position 568 and length 74
Passed for start_position 568 and length 76
Passed for start_position 568 and length 78
Passed for start_position 568 and length 80
Passed for start_position 568 and length 82
Passed for start_position 568 and length 84
Passed for start_position 568 and length 86
Passed for start_position 568 and length 88
Passed for start_position 568 and length 90
Passed for start_position 568 and length 92
Passed for start_position 568 and length 94
Passed for start_position 568 and length 96
Passed for start_position 568 and length 98
Passed for start_position 568 and length 100
Passed for start_position 569 and length 2
Passed for start_position 569 and length 4
Passed for start_position 569 and length 6
Passed for start_position 569 and length 8
Passed for start_position 569 and length 10
Passed for start_position 569 and length 12
Passed for start_position 569 and length 14
Passed for start_position 569 and length 16
Passed for start_position 569 and length 18
Passed for start_position 569 and length 20
Passed for start_position 569 and length 22
Passed for start_position 569 and length 24
Passed for start_position 569 and length 26
Passed for start_position 569 and length 28
Passed for start_position 569 and length 30
Passed for start_position 569 and length 32
Passed for start_position 569 and length 34
Passed for start_position 569 and length 36
Passed for start_position 569 and length 38
Passed for start_position 569 and length 40
Passed for start_position 569 and length 42
Passed for start_position 569 and length 44
Passed for start_position 569 and length 46
Passed for start_position 569 and length 48
Passed for start_position 569 and length 50
Passed for start_position 569 and length 52
Passed for start_position 569 and length 54
Passed for start_position 569 and length 56
Passed for start_position 569 and length 58
Passed for start_position 569 and length 60
Passed for start_position 569 and length 62
Passed for start_position 569 and length 64
Passed for start_position 569 and length 66
Passed for start_position 569 and length 68
Passed for start_position 569 and length 70
Passed for start_position 569 and length 72
Passed for start_position 569 and length 74
Passed for start_position 569 and length 76
Passed for start_position 569 and length 78
Passed for start_position 569 and length 80
Passed for start_position 569 and length 82
Passed for start_position 569 and length 84
Passed for start_position 569 and length 86
Passed for start_position 569 and length 88
Passed for start_position 569 and length 90
Passed for start_position 569 and length 92
Passed for start_position 569 and length 94
Passed for start_position 569 and length 96
Passed for start_position 569 and length 98
Passed for start_position 569 and length 100
Passed for start_position 570 and length 2
Passed for start_position 570 and length 4
Passed for start_position 570 and length 6
Passed for start_position 570 and length 8
Passed for start_position 570 and length 10
Passed for start_position 570 and length 12
Passed for start_position 570 and length 14
Passed for start_position 570 and length 16
Passed for start_position 570 and length 18
Passed for start_position 570 and length 20
Passed for start_position 570 and length 22
Passed for start_position 570 and length 24
Passed for start_position 570 and length 26
Passed for start_position 570 and length 28
Passed for start_position 570 and length 30
Passed for start_position 570 and length 32
Passed for start_position 570 and length 34
Passed for start_position 570 and length 36
Passed for start_position 570 and length 38
Passed for start_position 570 and length 40
Passed for start_position 570 and length 42
Passed for start_position 570 and length 44
Passed for start_position 570 and length 46
Passed for start_position 570 and length 48
Passed for start_position 570 and length 50
Passed for start_position 570 and length 52
Passed for start_position 570 and length 54
Passed for start_position 570 and length 56
Passed for start_position 570 and length 58
Passed for start_position 570 and length 60
Passed for start_position 570 and length 62
Passed for start_position 570 and length 64
Passed for start_position 570 and length 66
Passed for start_position 570 and length 68
Passed for start_position 570 and length 70
Passed for start_position 570 and length 72
Passed for start_position 570 and length 74
Passed for start_position 570 and length 76
Passed for start_position 570 and length 78
Passed for start_position 570 and length 80
Passed for start_position 570 and length 82
Passed for start_position 570 and length 84
Passed for start_position 570 and length 86
Passed for start_position 570 and length 88
Passed for start_position 570 and length 90
Passed for start_position 570 and length 92
Passed for start_position 570 and length 94
Passed for start_position 570 and length 96
Passed for start_position 570 and length 98
Passed for start_position 570 and length 100
Passed for start_position 571 and length 2
Passed for start_position 571 and length 4
Passed for start_position 571 and length 6
Passed for start_position 571 and length 8
Passed for start_position 571 and length 10
Passed for start_position 571 and length 12
Passed for start_position 571 and length 14
Passed for start_position 571 and length 16
Passed for start_position 571 and length 18
Passed for start_position 571 and length 20
Passed for start_position 571 and length 22
Passed for start_position 571 and length 24
Passed for start_position 571 and length 26
Passed for start_position 571 and length 28
Passed for start_position 571 and length 30
Passed for start_position 571 and length 32
Passed for start_position 571 and length 34
Passed for start_position 571 and length 36
Passed for start_position 571 and length 38
Passed for start_position 571 and length 40
Passed for start_position 571 and length 42
Passed for start_position 571 and length 44
Passed for start_position 571 and length 46
Passed for start_position 571 and length 48
Passed for start_position 571 and length 50
Passed for start_position 571 and length 52
Passed for start_position 571 and length 54
Passed for start_position 571 and length 56
Passed for start_position 571 and length 58
Passed for start_position 571 and length 60
Passed for start_position 571 and length 62
Passed for start_position 571 and length 64
Passed for start_position 571 and length 66
Passed for start_position 571 and length 68
Passed for start_position 571 and length 70
Passed for start_position 571 and length 72
Passed for start_position 571 and length 74
Passed for start_position 571 and length 76
Passed for start_position 571 and length 78
Passed for start_position 571 and length 80
Passed for start_position 571 and length 82
Passed for start_position 571 and length 84
Passed for start_position 571 and length 86
Passed for start_position 571 and length 88
Passed for start_position 571 and length 90
Passed for start_position 571 and length 92
Passed for start_position 571 and length 94
Passed for start_position 571 and length 96
Passed for start_position 571 and length 98
Passed for start_position 571 and length 100
Passed for start_position 572 and length 2
Error for start_position 572 and length 4: Movement -1 not in dictionary
Passed for start_position 572 and length 6
Passed for start_position 572 and length 8
Passed for start_position 572 and length 10
Error for start_position 572 and length 12: Movement 1 not in dictionary
Error for start_position 572 and length 14: Movement 1 not in dictionary
Error for start_position 572 and length 16: Movement -1 not in dictionary
Error for start_position 572 and length 18: Movement 1 not in dictionary
Error for start_position 572 and length 20: Movement 1 not in dictionary
Error for start_position 572 and length 22: Movement -1 not in dictionary
Error for start_position 572 and length 24: Movement 1 not in dictionary
Passed for start_position 572 and length 26
Passed for start_position 572 and length 28
Passed for start_position 572 and length 30
Passed for start_position 572 and length 32
Passed for start_position 572 and length 34
Passed for start_position 572 and length 36
Error for start_position 572 and length 38: Movement -1 not in dictionary
Passed for start_position 572 and length 40
Passed for start_position 572 and length 42
Error for start_position 572 and length 44: Movement 1 not in dictionary
Passed for start_position 572 and length 46
Error for start_position 572 and length 48: Movement -1 not in dictionary
Passed for start_position 572 and length 50
Passed for start_position 572 and length 52
Passed for start_position 572 and length 54
Error for start_position 572 and length 56: Movement 1 not in dictionary
Passed for start_position 572 and length 58
Passed for start_position 572 and length 60
Passed for start_position 572 and length 62
Passed for start_position 572 and length 64
Passed for start_position 572 and length 66
Error for start_position 572 and length 68: Movement 1 not in dictionary
Error for start_position 572 and length 70: Movement 1 not in dictionary
Passed for start_position 572 and length 72
Error for start_position 572 and length 74: Movement 1 not in dictionary
Passed for start_position 572 and length 76
Error for start_position 572 and length 78: Movement 1 not in dictionary
Passed for start_position 572 and length 80
Error for start_position 572 and length 82: Movement -1 not in dictionary
Passed for start_position 572 and length 84
Error for start_position 572 and length 86: Movement 1 not in dictionary
Passed for start_position 572 and length 88
Error for start_position 572 and length 90: Movement 1 not in dictionary
Error for start_position 572 and length 92: Movement -1 not in dictionary
Error for start_position 572 and length 94: Movement 1 not in dictionary
Error for start_position 572 and length 96: Movement 1 not in dictionary
Error for start_position 572 and length 98: Movement -1 not in dictionary
Passed for start_position 572 and length 100
Passed for start_position 573 and length 2
Passed for start_position 573 and length 4
Passed for start_position 573 and length 6
Passed for start_position 573 and length 8
Passed for start_position 573 and length 10
Passed for start_position 573 and length 12
Passed for start_position 573 and length 14
Passed for start_position 573 and length 16
Passed for start_position 573 and length 18
Passed for start_position 573 and length 20
Passed for start_position 573 and length 22
Passed for start_position 573 and length 24
Passed for start_position 573 and length 26
Passed for start_position 573 and length 28
Passed for start_position 573 and length 30
Passed for start_position 573 and length 32
Passed for start_position 573 and length 34
Passed for start_position 573 and length 36
Passed for start_position 573 and length 38
Passed for start_position 573 and length 40
Passed for start_position 573 and length 42
Passed for start_position 573 and length 44
Passed for start_position 573 and length 46
Passed for start_position 573 and length 48
Passed for start_position 573 and length 50
Passed for start_position 573 and length 52
Passed for start_position 573 and length 54
Passed for start_position 573 and length 56
Passed for start_position 573 and length 58
Passed for start_position 573 and length 60
Passed for start_position 573 and length 62
Passed for start_position 573 and length 64
Passed for start_position 573 and length 66
Passed for start_position 573 and length 68
Passed for start_position 573 and length 70
Passed for start_position 573 and length 72
Passed for start_position 573 and length 74
Passed for start_position 573 and length 76
Passed for start_position 573 and length 78
Passed for start_position 573 and length 80
Passed for start_position 573 and length 82
Passed for start_position 573 and length 84
Passed for start_position 573 and length 86
Passed for start_position 573 and length 88
Passed for start_position 573 and length 90
Passed for start_position 573 and length 92
Passed for start_position 573 and length 94
Passed for start_position 573 and length 96
Passed for start_position 573 and length 98
Passed for start_position 573 and length 100
Passed for start_position 574 and length 2
Passed for start_position 574 and length 4
Passed for start_position 574 and length 6
Passed for start_position 574 and length 8
Passed for start_position 574 and length 10
Passed for start_position 574 and length 12
Passed for start_position 574 and length 14
Passed for start_position 574 and length 16
Passed for start_position 574 and length 18
Passed for start_position 574 and length 20
Passed for start_position 574 and length 22
Passed for start_position 574 and length 24
Passed for start_position 574 and length 26
Passed for start_position 574 and length 28
Passed for start_position 574 and length 30
Passed for start_position 574 and length 32
Passed for start_position 574 and length 34
Passed for start_position 574 and length 36
Passed for start_position 574 and length 38
Passed for start_position 574 and length 40
Passed for start_position 574 and length 42
Passed for start_position 574 and length 44
Passed for start_position 574 and length 46
Passed for start_position 574 and length 48
Passed for start_position 574 and length 50
Passed for start_position 574 and length 52
Passed for start_position 574 and length 54
Passed for start_position 574 and length 56
Passed for start_position 574 and length 58
Passed for start_position 574 and length 60
Passed for start_position 574 and length 62
Passed for start_position 574 and length 64
Passed for start_position 574 and length 66
Passed for start_position 574 and length 68
Passed for start_position 574 and length 70
Passed for start_position 574 and length 72
Passed for start_position 574 and length 74
Passed for start_position 574 and length 76
Passed for start_position 574 and length 78
Passed for start_position 574 and length 80
Passed for start_position 574 and length 82
Passed for start_position 574 and length 84
Passed for start_position 574 and length 86
Passed for start_position 574 and length 88
Passed for start_position 574 and length 90
Passed for start_position 574 and length 92
Passed for start_position 574 and length 94
Passed for start_position 574 and length 96
Passed for start_position 574 and length 98
Passed for start_position 574 and length 100
Passed for start_position 575 and length 2
Passed for start_position 575 and length 4
Passed for start_position 575 and length 6
Passed for start_position 575 and length 8
Passed for start_position 575 and length 10
Passed for start_position 575 and length 12
Passed for start_position 575 and length 14
Passed for start_position 575 and length 16
Passed for start_position 575 and length 18
Passed for start_position 575 and length 20
Passed for start_position 575 and length 22
Passed for start_position 575 and length 24
Passed for start_position 575 and length 26
Passed for start_position 575 and length 28
Passed for start_position 575 and length 30
Passed for start_position 575 and length 32
Passed for start_position 575 and length 34
Passed for start_position 575 and length 36
Passed for start_position 575 and length 38
Passed for start_position 575 and length 40
Passed for start_position 575 and length 42
Passed for start_position 575 and length 44
Passed for start_position 575 and length 46
Passed for start_position 575 and length 48
Passed for start_position 575 and length 50
Passed for start_position 575 and length 52
Passed for start_position 575 and length 54
Passed for start_position 575 and length 56
Passed for start_position 575 and length 58
Passed for start_position 575 and length 60
Passed for start_position 575 and length 62
Passed for start_position 575 and length 64
Passed for start_position 575 and length 66
Passed for start_position 575 and length 68
Passed for start_position 575 and length 70
Passed for start_position 575 and length 72
Passed for start_position 575 and length 74
Passed for start_position 575 and length 76
Passed for start_position 575 and length 78
Passed for start_position 575 and length 80
Passed for start_position 575 and length 82
Passed for start_position 575 and length 84
Passed for start_position 575 and length 86
Passed for start_position 575 and length 88
Passed for start_position 575 and length 90
Passed for start_position 575 and length 92
Passed for start_position 575 and length 94
Passed for start_position 575 and length 96
Passed for start_position 575 and length 98
Passed for start_position 575 and length 100
Passed for start_position 576 and length 2
Passed for start_position 576 and length 4
Passed for start_position 576 and length 6
Passed for start_position 576 and length 8
Passed for start_position 576 and length 10
Passed for start_position 576 and length 12
Passed for start_position 576 and length 14
Passed for start_position 576 and length 16
Passed for start_position 576 and length 18
Passed for start_position 576 and length 20
Passed for start_position 576 and length 22
Passed for start_position 576 and length 24
Passed for start_position 576 and length 26
Passed for start_position 576 and length 28
Passed for start_position 576 and length 30
Passed for start_position 576 and length 32
Passed for start_position 576 and length 34
Passed for start_position 576 and length 36
Passed for start_position 576 and length 38
Passed for start_position 576 and length 40
Passed for start_position 576 and length 42
Passed for start_position 576 and length 44
Passed for start_position 576 and length 46
Passed for start_position 576 and length 48
Passed for start_position 576 and length 50
Passed for start_position 576 and length 52
Passed for start_position 576 and length 54
Passed for start_position 576 and length 56
Passed for start_position 576 and length 58
Passed for start_position 576 and length 60
Passed for start_position 576 and length 62
Passed for start_position 576 and length 64
Passed for start_position 576 and length 66
Passed for start_position 576 and length 68
Passed for start_position 576 and length 70
Passed for start_position 576 and length 72
Passed for start_position 576 and length 74
Passed for start_position 576 and length 76
Passed for start_position 576 and length 78
Passed for start_position 576 and length 80
Passed for start_position 576 and length 82
Passed for start_position 576 and length 84
Passed for start_position 576 and length 86
Passed for start_position 576 and length 88
Passed for start_position 576 and length 90
Passed for start_position 576 and length 92
Passed for start_position 576 and length 94
Passed for start_position 576 and length 96
Passed for start_position 576 and length 98
Passed for start_position 576 and length 100
Passed for start_position 577 and length 2
Passed for start_position 577 and length 4
Passed for start_position 577 and length 6
Passed for start_position 577 and length 8
Passed for start_position 577 and length 10
Passed for start_position 577 and length 12
Passed for start_position 577 and length 14
Passed for start_position 577 and length 16
Passed for start_position 577 and length 18
Passed for start_position 577 and length 20
Passed for start_position 577 and length 22
Passed for start_position 577 and length 24
Passed for start_position 577 and length 26
Passed for start_position 577 and length 28
Passed for start_position 577 and length 30
Passed for start_position 577 and length 32
Passed for start_position 577 and length 34
Passed for start_position 577 and length 36
Passed for start_position 577 and length 38
Passed for start_position 577 and length 40
Passed for start_position 577 and length 42
Passed for start_position 577 and length 44
Passed for start_position 577 and length 46
Passed for start_position 577 and length 48
Passed for start_position 577 and length 50
Passed for start_position 577 and length 52
Passed for start_position 577 and length 54
Passed for start_position 577 and length 56
Passed for start_position 577 and length 58
Passed for start_position 577 and length 60
Passed for start_position 577 and length 62
Passed for start_position 577 and length 64
Passed for start_position 577 and length 66
Passed for start_position 577 and length 68
Passed for start_position 577 and length 70
Passed for start_position 577 and length 72
Passed for start_position 577 and length 74
Passed for start_position 577 and length 76
Passed for start_position 577 and length 78
Passed for start_position 577 and length 80
Passed for start_position 577 and length 82
Passed for start_position 577 and length 84
Passed for start_position 577 and length 86
Passed for start_position 577 and length 88
Passed for start_position 577 and length 90
Passed for start_position 577 and length 92
Passed for start_position 577 and length 94
Passed for start_position 577 and length 96
Passed for start_position 577 and length 98
Passed for start_position 577 and length 100
Passed for start_position 578 and length 2
Passed for start_position 578 and length 4
Passed for start_position 578 and length 6
Passed for start_position 578 and length 8
Passed for start_position 578 and length 10
Passed for start_position 578 and length 12
Passed for start_position 578 and length 14
Passed for start_position 578 and length 16
Passed for start_position 578 and length 18
Passed for start_position 578 and length 20
Passed for start_position 578 and length 22
Passed for start_position 578 and length 24
Passed for start_position 578 and length 26
Passed for start_position 578 and length 28
Passed for start_position 578 and length 30
Passed for start_position 578 and length 32
Passed for start_position 578 and length 34
Passed for start_position 578 and length 36
Passed for start_position 578 and length 38
Passed for start_position 578 and length 40
Passed for start_position 578 and length 42
Passed for start_position 578 and length 44
Passed for start_position 578 and length 46
Passed for start_position 578 and length 48
Passed for start_position 578 and length 50
Passed for start_position 578 and length 52
Passed for start_position 578 and length 54
Passed for start_position 578 and length 56
Passed for start_position 578 and length 58
Passed for start_position 578 and length 60
Passed for start_position 578 and length 62
Passed for start_position 578 and length 64
Passed for start_position 578 and length 66
Passed for start_position 578 and length 68
Passed for start_position 578 and length 70
Passed for start_position 578 and length 72
Passed for start_position 578 and length 74
Passed for start_position 578 and length 76
Passed for start_position 578 and length 78
Passed for start_position 578 and length 80
Passed for start_position 578 and length 82
Passed for start_position 578 and length 84
Passed for start_position 578 and length 86
Passed for start_position 578 and length 88
Passed for start_position 578 and length 90
Passed for start_position 578 and length 92
Passed for start_position 578 and length 94
Passed for start_position 578 and length 96
Passed for start_position 578 and length 98
Passed for start_position 578 and length 100
Passed for start_position 579 and length 2
Passed for start_position 579 and length 4
Passed for start_position 579 and length 6
Passed for start_position 579 and length 8
Passed for start_position 579 and length 10
Passed for start_position 579 and length 12
Passed for start_position 579 and length 14
Passed for start_position 579 and length 16
Passed for start_position 579 and length 18
Passed for start_position 579 and length 20
Passed for start_position 579 and length 22
Passed for start_position 579 and length 24
Passed for start_position 579 and length 26
Passed for start_position 579 and length 28
Passed for start_position 579 and length 30
Passed for start_position 579 and length 32
Passed for start_position 579 and length 34
Passed for start_position 579 and length 36
Passed for start_position 579 and length 38
Passed for start_position 579 and length 40
Passed for start_position 579 and length 42
Passed for start_position 579 and length 44
Passed for start_position 579 and length 46
Passed for start_position 579 and length 48
Passed for start_position 579 and length 50
Passed for start_position 579 and length 52
Passed for start_position 579 and length 54
Passed for start_position 579 and length 56
Passed for start_position 579 and length 58
Passed for start_position 579 and length 60
Passed for start_position 579 and length 62
Passed for start_position 579 and length 64
Passed for start_position 579 and length 66
Passed for start_position 579 and length 68
Passed for start_position 579 and length 70
Passed for start_position 579 and length 72
Passed for start_position 579 and length 74
Passed for start_position 579 and length 76
Passed for start_position 579 and length 78
Passed for start_position 579 and length 80
Passed for start_position 579 and length 82
Passed for start_position 579 and length 84
Passed for start_position 579 and length 86
Passed for start_position 579 and length 88
Passed for start_position 579 and length 90
Passed for start_position 579 and length 92
Passed for start_position 579 and length 94
Passed for start_position 579 and length 96
Passed for start_position 579 and length 98
Passed for start_position 579 and length 100
Passed for start_position 580 and length 2
Passed for start_position 580 and length 4
Passed for start_position 580 and length 6
Passed for start_position 580 and length 8
Passed for start_position 580 and length 10
Passed for start_position 580 and length 12
Passed for start_position 580 and length 14
Passed for start_position 580 and length 16
Passed for start_position 580 and length 18
Passed for start_position 580 and length 20
Passed for start_position 580 and length 22
Passed for start_position 580 and length 24
Passed for start_position 580 and length 26
Passed for start_position 580 and length 28
Passed for start_position 580 and length 30
Passed for start_position 580 and length 32
Passed for start_position 580 and length 34
Passed for start_position 580 and length 36
Passed for start_position 580 and length 38
Passed for start_position 580 and length 40
Passed for start_position 580 and length 42
Passed for start_position 580 and length 44
Passed for start_position 580 and length 46
Passed for start_position 580 and length 48
Passed for start_position 580 and length 50
Passed for start_position 580 and length 52
Passed for start_position 580 and length 54
Passed for start_position 580 and length 56
Passed for start_position 580 and length 58
Passed for start_position 580 and length 60
Passed for start_position 580 and length 62
Passed for start_position 580 and length 64
Passed for start_position 580 and length 66
Passed for start_position 580 and length 68
Passed for start_position 580 and length 70
Passed for start_position 580 and length 72
Passed for start_position 580 and length 74
Passed for start_position 580 and length 76
Passed for start_position 580 and length 78
Passed for start_position 580 and length 80
Passed for start_position 580 and length 82
Passed for start_position 580 and length 84
Passed for start_position 580 and length 86
Passed for start_position 580 and length 88
Passed for start_position 580 and length 90
Passed for start_position 580 and length 92
Passed for start_position 580 and length 94
Passed for start_position 580 and length 96
Passed for start_position 580 and length 98
Passed for start_position 580 and length 100
Passed for start_position 581 and length 2
Passed for start_position 581 and length 4
Passed for start_position 581 and length 6
Passed for start_position 581 and length 8
Passed for start_position 581 and length 10
Passed for start_position 581 and length 12
Passed for start_position 581 and length 14
Passed for start_position 581 and length 16
Passed for start_position 581 and length 18
Passed for start_position 581 and length 20
Passed for start_position 581 and length 22
Passed for start_position 581 and length 24
Passed for start_position 581 and length 26
Passed for start_position 581 and length 28
Passed for start_position 581 and length 30
Passed for start_position 581 and length 32
Passed for start_position 581 and length 34
Passed for start_position 581 and length 36
Passed for start_position 581 and length 38
Passed for start_position 581 and length 40
Passed for start_position 581 and length 42
Passed for start_position 581 and length 44
Passed for start_position 581 and length 46
Passed for start_position 581 and length 48
Passed for start_position 581 and length 50
Passed for start_position 581 and length 52
Passed for start_position 581 and length 54
Passed for start_position 581 and length 56
Passed for start_position 581 and length 58
Passed for start_position 581 and length 60
Passed for start_position 581 and length 62
Passed for start_position 581 and length 64
Passed for start_position 581 and length 66
Passed for start_position 581 and length 68
Passed for start_position 581 and length 70
Passed for start_position 581 and length 72
Passed for start_position 581 and length 74
Passed for start_position 581 and length 76
Passed for start_position 581 and length 78
Passed for start_position 581 and length 80
Passed for start_position 581 and length 82
Passed for start_position 581 and length 84
Passed for start_position 581 and length 86
Passed for start_position 581 and length 88
Passed for start_position 581 and length 90
Passed for start_position 581 and length 92
Passed for start_position 581 and length 94
Passed for start_position 581 and length 96
Passed for start_position 581 and length 98
Passed for start_position 581 and length 100
Passed for start_position 582 and length 2
Passed for start_position 582 and length 4
Passed for start_position 582 and length 6
Passed for start_position 582 and length 8
Passed for start_position 582 and length 10
Passed for start_position 582 and length 12
Passed for start_position 582 and length 14
Passed for start_position 582 and length 16
Passed for start_position 582 and length 18
Passed for start_position 582 and length 20
Passed for start_position 582 and length 22
Passed for start_position 582 and length 24
Passed for start_position 582 and length 26
Passed for start_position 582 and length 28
Passed for start_position 582 and length 30
Passed for start_position 582 and length 32
Passed for start_position 582 and length 34
Passed for start_position 582 and length 36
Passed for start_position 582 and length 38
Passed for start_position 582 and length 40
Passed for start_position 582 and length 42
Passed for start_position 582 and length 44
Passed for start_position 582 and length 46
Passed for start_position 582 and length 48
Passed for start_position 582 and length 50
Passed for start_position 582 and length 52
Passed for start_position 582 and length 54
Passed for start_position 582 and length 56
Passed for start_position 582 and length 58
Passed for start_position 582 and length 60
Passed for start_position 582 and length 62
Passed for start_position 582 and length 64
Passed for start_position 582 and length 66
Passed for start_position 582 and length 68
Passed for start_position 582 and length 70
Passed for start_position 582 and length 72
Passed for start_position 582 and length 74
Passed for start_position 582 and length 76
Passed for start_position 582 and length 78
Passed for start_position 582 and length 80
Passed for start_position 582 and length 82
Passed for start_position 582 and length 84
Passed for start_position 582 and length 86
Passed for start_position 582 and length 88
Passed for start_position 582 and length 90
Passed for start_position 582 and length 92
Passed for start_position 582 and length 94
Passed for start_position 582 and length 96
Passed for start_position 582 and length 98
Passed for start_position 582 and length 100
Passed for start_position 583 and length 2
Passed for start_position 583 and length 4
Passed for start_position 583 and length 6
Passed for start_position 583 and length 8
Passed for start_position 583 and length 10
Passed for start_position 583 and length 12
Passed for start_position 583 and length 14
Passed for start_position 583 and length 16
Passed for start_position 583 and length 18
Passed for start_position 583 and length 20
Passed for start_position 583 and length 22
Passed for start_position 583 and length 24
Passed for start_position 583 and length 26
Passed for start_position 583 and length 28
Passed for start_position 583 and length 30
Passed for start_position 583 and length 32
Passed for start_position 583 and length 34
Passed for start_position 583 and length 36
Passed for start_position 583 and length 38
Passed for start_position 583 and length 40
Passed for start_position 583 and length 42
Passed for start_position 583 and length 44
Passed for start_position 583 and length 46
Passed for start_position 583 and length 48
Passed for start_position 583 and length 50
Passed for start_position 583 and length 52
Passed for start_position 583 and length 54
Passed for start_position 583 and length 56
Passed for start_position 583 and length 58
Passed for start_position 583 and length 60
Passed for start_position 583 and length 62
Passed for start_position 583 and length 64
Passed for start_position 583 and length 66
Passed for start_position 583 and length 68
Passed for start_position 583 and length 70
Passed for start_position 583 and length 72
Passed for start_position 583 and length 74
Passed for start_position 583 and length 76
Passed for start_position 583 and length 78
Passed for start_position 583 and length 80
Passed for start_position 583 and length 82
Passed for start_position 583 and length 84
Passed for start_position 583 and length 86
Passed for start_position 583 and length 88
Passed for start_position 583 and length 90
Passed for start_position 583 and length 92
Passed for start_position 583 and length 94
Passed for start_position 583 and length 96
Passed for start_position 583 and length 98
Passed for start_position 583 and length 100
Passed for start_position 584 and length 2
Passed for start_position 584 and length 4
Passed for start_position 584 and length 6
Passed for start_position 584 and length 8
Passed for start_position 584 and length 10
Passed for start_position 584 and length 12
Passed for start_position 584 and length 14
Passed for start_position 584 and length 16
Passed for start_position 584 and length 18
Passed for start_position 584 and length 20
Passed for start_position 584 and length 22
Passed for start_position 584 and length 24
Passed for start_position 584 and length 26
Passed for start_position 584 and length 28
Passed for start_position 584 and length 30
Passed for start_position 584 and length 32
Passed for start_position 584 and length 34
Passed for start_position 584 and length 36
Passed for start_position 584 and length 38
Passed for start_position 584 and length 40
Passed for start_position 584 and length 42
Passed for start_position 584 and length 44
Passed for start_position 584 and length 46
Passed for start_position 584 and length 48
Passed for start_position 584 and length 50
Passed for start_position 584 and length 52
Passed for start_position 584 and length 54
Passed for start_position 584 and length 56
Passed for start_position 584 and length 58
Passed for start_position 584 and length 60
Passed for start_position 584 and length 62
Passed for start_position 584 and length 64
Passed for start_position 584 and length 66
Passed for start_position 584 and length 68
Passed for start_position 584 and length 70
Passed for start_position 584 and length 72
Passed for start_position 584 and length 74
Passed for start_position 584 and length 76
Passed for start_position 584 and length 78
Passed for start_position 584 and length 80
Passed for start_position 584 and length 82
Passed for start_position 584 and length 84
Passed for start_position 584 and length 86
Passed for start_position 584 and length 88
Passed for start_position 584 and length 90
Passed for start_position 584 and length 92
Passed for start_position 584 and length 94
Passed for start_position 584 and length 96
Passed for start_position 584 and length 98
Passed for start_position 584 and length 100
Passed for start_position 585 and length 2
Passed for start_position 585 and length 4
Passed for start_position 585 and length 6
Passed for start_position 585 and length 8
Passed for start_position 585 and length 10
Passed for start_position 585 and length 12
Passed for start_position 585 and length 14
Passed for start_position 585 and length 16
Passed for start_position 585 and length 18
Passed for start_position 585 and length 20
Passed for start_position 585 and length 22
Passed for start_position 585 and length 24
Passed for start_position 585 and length 26
Passed for start_position 585 and length 28
Passed for start_position 585 and length 30
Passed for start_position 585 and length 32
Passed for start_position 585 and length 34
Passed for start_position 585 and length 36
Passed for start_position 585 and length 38
Passed for start_position 585 and length 40
Passed for start_position 585 and length 42
Passed for start_position 585 and length 44
Passed for start_position 585 and length 46
Passed for start_position 585 and length 48
Passed for start_position 585 and length 50
Passed for start_position 585 and length 52
Passed for start_position 585 and length 54
Passed for start_position 585 and length 56
Passed for start_position 585 and length 58
Passed for start_position 585 and length 60
Passed for start_position 585 and length 62
Passed for start_position 585 and length 64
Passed for start_position 585 and length 66
Passed for start_position 585 and length 68
Passed for start_position 585 and length 70
Passed for start_position 585 and length 72
Passed for start_position 585 and length 74
Passed for start_position 585 and length 76
Passed for start_position 585 and length 78
Passed for start_position 585 and length 80
Passed for start_position 585 and length 82
Passed for start_position 585 and length 84
Passed for start_position 585 and length 86
Passed for start_position 585 and length 88
Passed for start_position 585 and length 90
Passed for start_position 585 and length 92
Passed for start_position 585 and length 94
Passed for start_position 585 and length 96
Passed for start_position 585 and length 98
Passed for start_position 585 and length 100
Passed for start_position 586 and length 2
Passed for start_position 586 and length 4
Passed for start_position 586 and length 6
Passed for start_position 586 and length 8
Passed for start_position 586 and length 10
Passed for start_position 586 and length 12
Passed for start_position 586 and length 14
Passed for start_position 586 and length 16
Passed for start_position 586 and length 18
Passed for start_position 586 and length 20
Passed for start_position 586 and length 22
Passed for start_position 586 and length 24
Passed for start_position 586 and length 26
Passed for start_position 586 and length 28
Passed for start_position 586 and length 30
Passed for start_position 586 and length 32
Passed for start_position 586 and length 34
Passed for start_position 586 and length 36
Passed for start_position 586 and length 38
Passed for start_position 586 and length 40
Passed for start_position 586 and length 42
Passed for start_position 586 and length 44
Passed for start_position 586 and length 46
Passed for start_position 586 and length 48
Passed for start_position 586 and length 50
Passed for start_position 586 and length 52
Passed for start_position 586 and length 54
Passed for start_position 586 and length 56
Passed for start_position 586 and length 58
Passed for start_position 586 and length 60
Passed for start_position 586 and length 62
Passed for start_position 586 and length 64
Passed for start_position 586 and length 66
Passed for start_position 586 and length 68
Passed for start_position 586 and length 70
Passed for start_position 586 and length 72
Passed for start_position 586 and length 74
Passed for start_position 586 and length 76
Passed for start_position 586 and length 78
Passed for start_position 586 and length 80
Passed for start_position 586 and length 82
Passed for start_position 586 and length 84
Passed for start_position 586 and length 86
Passed for start_position 586 and length 88
Passed for start_position 586 and length 90
Passed for start_position 586 and length 92
Passed for start_position 586 and length 94
Passed for start_position 586 and length 96
Passed for start_position 586 and length 98
Passed for start_position 586 and length 100
Passed for start_position 587 and length 2
Passed for start_position 587 and length 4
Passed for start_position 587 and length 6
Passed for start_position 587 and length 8
Passed for start_position 587 and length 10
Passed for start_position 587 and length 12
Passed for start_position 587 and length 14
Passed for start_position 587 and length 16
Passed for start_position 587 and length 18
Passed for start_position 587 and length 20
Passed for start_position 587 and length 22
Passed for start_position 587 and length 24
Passed for start_position 587 and length 26
Passed for start_position 587 and length 28
Passed for start_position 587 and length 30
Passed for start_position 587 and length 32
Passed for start_position 587 and length 34
Passed for start_position 587 and length 36
Passed for start_position 587 and length 38
Passed for start_position 587 and length 40
Passed for start_position 587 and length 42
Passed for start_position 587 and length 44
Passed for start_position 587 and length 46
Passed for start_position 587 and length 48
Passed for start_position 587 and length 50
Passed for start_position 587 and length 52
Passed for start_position 587 and length 54
Passed for start_position 587 and length 56
Passed for start_position 587 and length 58
Passed for start_position 587 and length 60
Passed for start_position 587 and length 62
Passed for start_position 587 and length 64
Passed for start_position 587 and length 66
Passed for start_position 587 and length 68
Passed for start_position 587 and length 70
Passed for start_position 587 and length 72
Passed for start_position 587 and length 74
Passed for start_position 587 and length 76
Passed for start_position 587 and length 78
Passed for start_position 587 and length 80
Passed for start_position 587 and length 82
Passed for start_position 587 and length 84
Passed for start_position 587 and length 86
Passed for start_position 587 and length 88
Passed for start_position 587 and length 90
Passed for start_position 587 and length 92
Passed for start_position 587 and length 94
Passed for start_position 587 and length 96
Passed for start_position 587 and length 98
Passed for start_position 587 and length 100
Passed for start_position 588 and length 2
Passed for start_position 588 and length 4
Passed for start_position 588 and length 6
Passed for start_position 588 and length 8
Passed for start_position 588 and length 10
Passed for start_position 588 and length 12
Passed for start_position 588 and length 14
Passed for start_position 588 and length 16
Passed for start_position 588 and length 18
Passed for start_position 588 and length 20
Passed for start_position 588 and length 22
Passed for start_position 588 and length 24
Passed for start_position 588 and length 26
Passed for start_position 588 and length 28
Passed for start_position 588 and length 30
Passed for start_position 588 and length 32
Passed for start_position 588 and length 34
Passed for start_position 588 and length 36
Passed for start_position 588 and length 38
Passed for start_position 588 and length 40
Passed for start_position 588 and length 42
Passed for start_position 588 and length 44
Passed for start_position 588 and length 46
Passed for start_position 588 and length 48
Passed for start_position 588 and length 50
Passed for start_position 588 and length 52
Passed for start_position 588 and length 54
Passed for start_position 588 and length 56
Passed for start_position 588 and length 58
Passed for start_position 588 and length 60
Passed for start_position 588 and length 62
Passed for start_position 588 and length 64
Passed for start_position 588 and length 66
Passed for start_position 588 and length 68
Passed for start_position 588 and length 70
Passed for start_position 588 and length 72
Passed for start_position 588 and length 74
Passed for start_position 588 and length 76
Passed for start_position 588 and length 78
Passed for start_position 588 and length 80
Passed for start_position 588 and length 82
Passed for start_position 588 and length 84
Passed for start_position 588 and length 86
Passed for start_position 588 and length 88
Passed for start_position 588 and length 90
Passed for start_position 588 and length 92
Passed for start_position 588 and length 94
Passed for start_position 588 and length 96
Passed for start_position 588 and length 98
Passed for start_position 588 and length 100
Passed for start_position 589 and length 2
Passed for start_position 589 and length 4
Passed for start_position 589 and length 6
Passed for start_position 589 and length 8
Passed for start_position 589 and length 10
Passed for start_position 589 and length 12
Passed for start_position 589 and length 14
Passed for start_position 589 and length 16
Passed for start_position 589 and length 18
Passed for start_position 589 and length 20
Passed for start_position 589 and length 22
Passed for start_position 589 and length 24
Passed for start_position 589 and length 26
Passed for start_position 589 and length 28
Passed for start_position 589 and length 30
Passed for start_position 589 and length 32
Passed for start_position 589 and length 34
Passed for start_position 589 and length 36
Passed for start_position 589 and length 38
Passed for start_position 589 and length 40
Passed for start_position 589 and length 42
Passed for start_position 589 and length 44
Passed for start_position 589 and length 46
Passed for start_position 589 and length 48
Passed for start_position 589 and length 50
Passed for start_position 589 and length 52
Passed for start_position 589 and length 54
Passed for start_position 589 and length 56
Passed for start_position 589 and length 58
Passed for start_position 589 and length 60
Passed for start_position 589 and length 62
Passed for start_position 589 and length 64
Passed for start_position 589 and length 66
Passed for start_position 589 and length 68
Passed for start_position 589 and length 70
Passed for start_position 589 and length 72
Passed for start_position 589 and length 74
Passed for start_position 589 and length 76
Passed for start_position 589 and length 78
Passed for start_position 589 and length 80
Passed for start_position 589 and length 82
Passed for start_position 589 and length 84
Passed for start_position 589 and length 86
Passed for start_position 589 and length 88
Passed for start_position 589 and length 90
Passed for start_position 589 and length 92
Passed for start_position 589 and length 94
Passed for start_position 589 and length 96
Passed for start_position 589 and length 98
Passed for start_position 589 and length 100
Passed for start_position 590 and length 2
Passed for start_position 590 and length 4
Passed for start_position 590 and length 6
Passed for start_position 590 and length 8
Passed for start_position 590 and length 10
Passed for start_position 590 and length 12
Passed for start_position 590 and length 14
Passed for start_position 590 and length 16
Passed for start_position 590 and length 18
Passed for start_position 590 and length 20
Passed for start_position 590 and length 22
Passed for start_position 590 and length 24
Passed for start_position 590 and length 26
Passed for start_position 590 and length 28
Passed for start_position 590 and length 30
Passed for start_position 590 and length 32
Passed for start_position 590 and length 34
Passed for start_position 590 and length 36
Passed for start_position 590 and length 38
Passed for start_position 590 and length 40
Passed for start_position 590 and length 42
Passed for start_position 590 and length 44
Passed for start_position 590 and length 46
Passed for start_position 590 and length 48
Passed for start_position 590 and length 50
Passed for start_position 590 and length 52
Passed for start_position 590 and length 54
Passed for start_position 590 and length 56
Passed for start_position 590 and length 58
Passed for start_position 590 and length 60
Passed for start_position 590 and length 62
Passed for start_position 590 and length 64
Passed for start_position 590 and length 66
Passed for start_position 590 and length 68
Passed for start_position 590 and length 70
Passed for start_position 590 and length 72
Passed for start_position 590 and length 74
Passed for start_position 590 and length 76
Passed for start_position 590 and length 78
Passed for start_position 590 and length 80
Passed for start_position 590 and length 82
Passed for start_position 590 and length 84
Passed for start_position 590 and length 86
Passed for start_position 590 and length 88
Passed for start_position 590 and length 90
Passed for start_position 590 and length 92
Passed for start_position 590 and length 94
Passed for start_position 590 and length 96
Passed for start_position 590 and length 98
Passed for start_position 590 and length 100
Passed for start_position 591 and length 2
Passed for start_position 591 and length 4
Passed for start_position 591 and length 6
Passed for start_position 591 and length 8
Passed for start_position 591 and length 10
Passed for start_position 591 and length 12
Passed for start_position 591 and length 14
Passed for start_position 591 and length 16
Passed for start_position 591 and length 18
Passed for start_position 591 and length 20
Passed for start_position 591 and length 22
Passed for start_position 591 and length 24
Passed for start_position 591 and length 26
Passed for start_position 591 and length 28
Passed for start_position 591 and length 30
Passed for start_position 591 and length 32
Passed for start_position 591 and length 34
Passed for start_position 591 and length 36
Passed for start_position 591 and length 38
Passed for start_position 591 and length 40
Passed for start_position 591 and length 42
Passed for start_position 591 and length 44
Passed for start_position 591 and length 46
Passed for start_position 591 and length 48
Passed for start_position 591 and length 50
Passed for start_position 591 and length 52
Passed for start_position 591 and length 54
Passed for start_position 591 and length 56
Passed for start_position 591 and length 58
Passed for start_position 591 and length 60
Passed for start_position 591 and length 62
Passed for start_position 591 and length 64
Passed for start_position 591 and length 66
Passed for start_position 591 and length 68
Passed for start_position 591 and length 70
Passed for start_position 591 and length 72
Passed for start_position 591 and length 74
Passed for start_position 591 and length 76
Passed for start_position 591 and length 78
Passed for start_position 591 and length 80
Passed for start_position 591 and length 82
Passed for start_position 591 and length 84
Passed for start_position 591 and length 86
Passed for start_position 591 and length 88
Passed for start_position 591 and length 90
Passed for start_position 591 and length 92
Passed for start_position 591 and length 94
Passed for start_position 591 and length 96
Passed for start_position 591 and length 98
Passed for start_position 591 and length 100
Passed for start_position 592 and length 2
Passed for start_position 592 and length 4
Passed for start_position 592 and length 6
Passed for start_position 592 and length 8
Passed for start_position 592 and length 10
Passed for start_position 592 and length 12
Passed for start_position 592 and length 14
Passed for start_position 592 and length 16
Passed for start_position 592 and length 18
Passed for start_position 592 and length 20
Passed for start_position 592 and length 22
Passed for start_position 592 and length 24
Passed for start_position 592 and length 26
Passed for start_position 592 and length 28
Passed for start_position 592 and length 30
Passed for start_position 592 and length 32
Passed for start_position 592 and length 34
Passed for start_position 592 and length 36
Passed for start_position 592 and length 38
Passed for start_position 592 and length 40
Passed for start_position 592 and length 42
Passed for start_position 592 and length 44
Passed for start_position 592 and length 46
Passed for start_position 592 and length 48
Passed for start_position 592 and length 50
Passed for start_position 592 and length 52
Passed for start_position 592 and length 54
Passed for start_position 592 and length 56
Passed for start_position 592 and length 58
Passed for start_position 592 and length 60
Passed for start_position 592 and length 62
Passed for start_position 592 and length 64
Passed for start_position 592 and length 66
Passed for start_position 592 and length 68
Passed for start_position 592 and length 70
Passed for start_position 592 and length 72
Passed for start_position 592 and length 74
Passed for start_position 592 and length 76
Passed for start_position 592 and length 78
Passed for start_position 592 and length 80
Passed for start_position 592 and length 82
Passed for start_position 592 and length 84
Passed for start_position 592 and length 86
Passed for start_position 592 and length 88
Passed for start_position 592 and length 90
Passed for start_position 592 and length 92
Passed for start_position 592 and length 94
Passed for start_position 592 and length 96
Passed for start_position 592 and length 98
Passed for start_position 592 and length 100
Passed for start_position 593 and length 2
Passed for start_position 593 and length 4
Passed for start_position 593 and length 6
Passed for start_position 593 and length 8
Passed for start_position 593 and length 10
Passed for start_position 593 and length 12
Passed for start_position 593 and length 14
Passed for start_position 593 and length 16
Passed for start_position 593 and length 18
Passed for start_position 593 and length 20
Passed for start_position 593 and length 22
Passed for start_position 593 and length 24
Passed for start_position 593 and length 26
Passed for start_position 593 and length 28
Passed for start_position 593 and length 30
Passed for start_position 593 and length 32
Passed for start_position 593 and length 34
Passed for start_position 593 and length 36
Passed for start_position 593 and length 38
Passed for start_position 593 and length 40
Passed for start_position 593 and length 42
Passed for start_position 593 and length 44
Passed for start_position 593 and length 46
Passed for start_position 593 and length 48
Passed for start_position 593 and length 50
Passed for start_position 593 and length 52
Passed for start_position 593 and length 54
Passed for start_position 593 and length 56
Passed for start_position 593 and length 58
Passed for start_position 593 and length 60
Passed for start_position 593 and length 62
Passed for start_position 593 and length 64
Passed for start_position 593 and length 66
Passed for start_position 593 and length 68
Passed for start_position 593 and length 70
Passed for start_position 593 and length 72
Passed for start_position 593 and length 74
Passed for start_position 593 and length 76
Passed for start_position 593 and length 78
Passed for start_position 593 and length 80
Passed for start_position 593 and length 82
Passed for start_position 593 and length 84
Passed for start_position 593 and length 86
Passed for start_position 593 and length 88
Passed for start_position 593 and length 90
Passed for start_position 593 and length 92
Passed for start_position 593 and length 94
Passed for start_position 593 and length 96
Passed for start_position 593 and length 98
Passed for start_position 593 and length 100
Passed for start_position 594 and length 2
Passed for start_position 594 and length 4
Passed for start_position 594 and length 6
Passed for start_position 594 and length 8
Passed for start_position 594 and length 10
Passed for start_position 594 and length 12
Passed for start_position 594 and length 14
Passed for start_position 594 and length 16
Passed for start_position 594 and length 18
Passed for start_position 594 and length 20
Passed for start_position 594 and length 22
Passed for start_position 594 and length 24
Passed for start_position 594 and length 26
Passed for start_position 594 and length 28
Passed for start_position 594 and length 30
Passed for start_position 594 and length 32
Passed for start_position 594 and length 34
Passed for start_position 594 and length 36
Passed for start_position 594 and length 38
Passed for start_position 594 and length 40
Passed for start_position 594 and length 42
Passed for start_position 594 and length 44
Passed for start_position 594 and length 46
Passed for start_position 594 and length 48
Passed for start_position 594 and length 50
Passed for start_position 594 and length 52
Passed for start_position 594 and length 54
Passed for start_position 594 and length 56
Passed for start_position 594 and length 58
Passed for start_position 594 and length 60
Passed for start_position 594 and length 62
Passed for start_position 594 and length 64
Passed for start_position 594 and length 66
Passed for start_position 594 and length 68
Passed for start_position 594 and length 70
Passed for start_position 594 and length 72
Passed for start_position 594 and length 74
Passed for start_position 594 and length 76
Passed for start_position 594 and length 78
Passed for start_position 594 and length 80
Passed for start_position 594 and length 82
Passed for start_position 594 and length 84
Passed for start_position 594 and length 86
Passed for start_position 594 and length 88
Passed for start_position 594 and length 90
Passed for start_position 594 and length 92
Passed for start_position 594 and length 94
Passed for start_position 594 and length 96
Passed for start_position 594 and length 98
Passed for start_position 594 and length 100
Passed for start_position 595 and length 2
Passed for start_position 595 and length 4
Passed for start_position 595 and length 6
Passed for start_position 595 and length 8
Passed for start_position 595 and length 10
Passed for start_position 595 and length 12
Passed for start_position 595 and length 14
Passed for start_position 595 and length 16
Passed for start_position 595 and length 18
Passed for start_position 595 and length 20
Passed for start_position 595 and length 22
Passed for start_position 595 and length 24
Passed for start_position 595 and length 26
Passed for start_position 595 and length 28
Passed for start_position 595 and length 30
Passed for start_position 595 and length 32
Passed for start_position 595 and length 34
Passed for start_position 595 and length 36
Passed for start_position 595 and length 38
Passed for start_position 595 and length 40
Passed for start_position 595 and length 42
Passed for start_position 595 and length 44
Passed for start_position 595 and length 46
Passed for start_position 595 and length 48
Passed for start_position 595 and length 50
Passed for start_position 595 and length 52
Passed for start_position 595 and length 54
Passed for start_position 595 and length 56
Passed for start_position 595 and length 58
Passed for start_position 595 and length 60
Passed for start_position 595 and length 62
Passed for start_position 595 and length 64
Passed for start_position 595 and length 66
Passed for start_position 595 and length 68
Passed for start_position 595 and length 70
Passed for start_position 595 and length 72
Passed for start_position 595 and length 74
Passed for start_position 595 and length 76
Passed for start_position 595 and length 78
Passed for start_position 595 and length 80
Passed for start_position 595 and length 82
Passed for start_position 595 and length 84
Passed for start_position 595 and length 86
Passed for start_position 595 and length 88
Passed for start_position 595 and length 90
Passed for start_position 595 and length 92
Passed for start_position 595 and length 94
Passed for start_position 595 and length 96
Passed for start_position 595 and length 98
Passed for start_position 595 and length 100
Passed for start_position 596 and length 2
Passed for start_position 596 and length 4
Passed for start_position 596 and length 6
Passed for start_position 596 and length 8
Passed for start_position 596 and length 10
Passed for start_position 596 and length 12
Passed for start_position 596 and length 14
Passed for start_position 596 and length 16
Passed for start_position 596 and length 18
Passed for start_position 596 and length 20
Passed for start_position 596 and length 22
Passed for start_position 596 and length 24
Passed for start_position 596 and length 26
Passed for start_position 596 and length 28
Passed for start_position 596 and length 30
Passed for start_position 596 and length 32
Passed for start_position 596 and length 34
Passed for start_position 596 and length 36
Passed for start_position 596 and length 38
Passed for start_position 596 and length 40
Passed for start_position 596 and length 42
Passed for start_position 596 and length 44
Passed for start_position 596 and length 46
Passed for start_position 596 and length 48
Passed for start_position 596 and length 50
Passed for start_position 596 and length 52
Passed for start_position 596 and length 54
Passed for start_position 596 and length 56
Passed for start_position 596 and length 58
Passed for start_position 596 and length 60
Passed for start_position 596 and length 62
Passed for start_position 596 and length 64
Passed for start_position 596 and length 66
Passed for start_position 596 and length 68
Passed for start_position 596 and length 70
Passed for start_position 596 and length 72
Passed for start_position 596 and length 74
Passed for start_position 596 and length 76
Passed for start_position 596 and length 78
Passed for start_position 596 and length 80
Passed for start_position 596 and length 82
Passed for start_position 596 and length 84
Passed for start_position 596 and length 86
Passed for start_position 596 and length 88
Passed for start_position 596 and length 90
Passed for start_position 596 and length 92
Passed for start_position 596 and length 94
Passed for start_position 596 and length 96
Passed for start_position 596 and length 98
Passed for start_position 596 and length 100
Passed for start_position 597 and length 2
Passed for start_position 597 and length 4
Passed for start_position 597 and length 6
Passed for start_position 597 and length 8
Passed for start_position 597 and length 10
Passed for start_position 597 and length 12
Passed for start_position 597 and length 14
Passed for start_position 597 and length 16
Passed for start_position 597 and length 18
Passed for start_position 597 and length 20
Passed for start_position 597 and length 22
Passed for start_position 597 and length 24
Passed for start_position 597 and length 26
Passed for start_position 597 and length 28
Passed for start_position 597 and length 30
Passed for start_position 597 and length 32
Passed for start_position 597 and length 34
Passed for start_position 597 and length 36
Passed for start_position 597 and length 38
Passed for start_position 597 and length 40
Passed for start_position 597 and length 42
Passed for start_position 597 and length 44
Passed for start_position 597 and length 46
Passed for start_position 597 and length 48
Passed for start_position 597 and length 50
Passed for start_position 597 and length 52
Passed for start_position 597 and length 54
Passed for start_position 597 and length 56
Passed for start_position 597 and length 58
Passed for start_position 597 and length 60
Passed for start_position 597 and length 62
Passed for start_position 597 and length 64
Passed for start_position 597 and length 66
Passed for start_position 597 and length 68
Passed for start_position 597 and length 70
Passed for start_position 597 and length 72
Passed for start_position 597 and length 74
Passed for start_position 597 and length 76
Passed for start_position 597 and length 78
Passed for start_position 597 and length 80
Passed for start_position 597 and length 82
Passed for start_position 597 and length 84
Passed for start_position 597 and length 86
Passed for start_position 597 and length 88
Passed for start_position 597 and length 90
Passed for start_position 597 and length 92
Passed for start_position 597 and length 94
Passed for start_position 597 and length 96
Passed for start_position 597 and length 98
Passed for start_position 597 and length 100
Passed for start_position 598 and length 2
Passed for start_position 598 and length 4
Passed for start_position 598 and length 6
Passed for start_position 598 and length 8
Passed for start_position 598 and length 10
Passed for start_position 598 and length 12
Passed for start_position 598 and length 14
Passed for start_position 598 and length 16
Passed for start_position 598 and length 18
Passed for start_position 598 and length 20
Passed for start_position 598 and length 22
Passed for start_position 598 and length 24
Passed for start_position 598 and length 26
Passed for start_position 598 and length 28
Passed for start_position 598 and length 30
Passed for start_position 598 and length 32
Passed for start_position 598 and length 34
Passed for start_position 598 and length 36
Passed for start_position 598 and length 38
Passed for start_position 598 and length 40
Passed for start_position 598 and length 42
Passed for start_position 598 and length 44
Passed for start_position 598 and length 46
Passed for start_position 598 and length 48
Passed for start_position 598 and length 50
Passed for start_position 598 and length 52
Passed for start_position 598 and length 54
Passed for start_position 598 and length 56
Passed for start_position 598 and length 58
Passed for start_position 598 and length 60
Passed for start_position 598 and length 62
Passed for start_position 598 and length 64
Passed for start_position 598 and length 66
Passed for start_position 598 and length 68
Passed for start_position 598 and length 70
Passed for start_position 598 and length 72
Passed for start_position 598 and length 74
Passed for start_position 598 and length 76
Passed for start_position 598 and length 78
Passed for start_position 598 and length 80
Passed for start_position 598 and length 82
Passed for start_position 598 and length 84
Passed for start_position 598 and length 86
Passed for start_position 598 and length 88
Passed for start_position 598 and length 90
Passed for start_position 598 and length 92
Passed for start_position 598 and length 94
Passed for start_position 598 and length 96
Passed for start_position 598 and length 98
Passed for start_position 598 and length 100
Passed for start_position 599 and length 2
Passed for start_position 599 and length 4
Error for start_position 599 and length 6: Movement -1 not in dictionary
Passed for start_position 599 and length 8
Passed for start_position 599 and length 10
Passed for start_position 599 and length 12
Error for start_position 599 and length 14: Movement -1 not in dictionary
Passed for start_position 599 and length 16
Passed for start_position 599 and length 18
Error for start_position 599 and length 20: Movement -1 not in dictionary
Passed for start_position 599 and length 22
Passed for start_position 599 and length 24
Error for start_position 599 and length 26: Movement 1 not in dictionary
Error for start_position 599 and length 28: Movement -1 not in dictionary
Passed for start_position 599 and length 30
Error for start_position 599 and length 32: Movement 1 not in dictionary
Passed for start_position 599 and length 34
Passed for start_position 599 and length 36
Error for start_position 599 and length 38: Movement 1 not in dictionary
Passed for start_position 599 and length 40
Passed for start_position 599 and length 42
Error for start_position 599 and length 44: Movement 1 not in dictionary
Passed for start_position 599 and length 46
Error for start_position 599 and length 48: Movement -1 not in dictionary
Error for start_position 599 and length 50: Movement -1 not in dictionary
Passed for start_position 599 and length 52
Passed for start_position 599 and length 54
Passed for start_position 599 and length 56
Passed for start_position 599 and length 58
Error for start_position 599 and length 60: Movement -1 not in dictionary
Passed for start_position 599 and length 62
Error for start_position 599 and length 64: Movement 1 not in dictionary
Error for start_position 599 and length 66: Movement -1 not in dictionary
Passed for start_position 599 and length 68
Passed for start_position 599 and length 70
Error for start_position 599 and length 72: Movement -1 not in dictionary
Error for start_position 599 and length 74: Movement -1 not in dictionary
Passed for start_position 599 and length 76
Passed for start_position 599 and length 78
Passed for start_position 599 and length 80
Passed for start_position 599 and length 82
Error for start_position 599 and length 84: Movement 1 not in dictionary
Passed for start_position 599 and length 86
Error for start_position 599 and length 88: Movement -1 not in dictionary
Error for start_position 599 and length 90: Movement -1 not in dictionary
Passed for start_position 599 and length 92
Passed for start_position 599 and length 94
Passed for start_position 599 and length 96
Passed for start_position 599 and length 98
Error for start_position 599 and length 100: Movement -1 not in dictionary
Passed for start_position 600 and length 2
Passed for start_position 600 and length 4
Passed for start_position 600 and length 6
Passed for start_position 600 and length 8
Passed for start_position 600 and length 10
Passed for start_position 600 and length 12
Passed for start_position 600 and length 14
Passed for start_position 600 and length 16
Passed for start_position 600 and length 18
Passed for start_position 600 and length 20
Passed for start_position 600 and length 22
Passed for start_position 600 and length 24
Passed for start_position 600 and length 26
Passed for start_position 600 and length 28
Passed for start_position 600 and length 30
Passed for start_position 600 and length 32
Passed for start_position 600 and length 34
Passed for start_position 600 and length 36
Passed for start_position 600 and length 38
Passed for start_position 600 and length 40
Passed for start_position 600 and length 42
Passed for start_position 600 and length 44
Passed for start_position 600 and length 46
Passed for start_position 600 and length 48
Passed for start_position 600 and length 50
Passed for start_position 600 and length 52
Passed for start_position 600 and length 54
Passed for start_position 600 and length 56
Passed for start_position 600 and length 58
Passed for start_position 600 and length 60
Passed for start_position 600 and length 62
Passed for start_position 600 and length 64
Passed for start_position 600 and length 66
Passed for start_position 600 and length 68
Passed for start_position 600 and length 70
Passed for start_position 600 and length 72
Passed for start_position 600 and length 74
Passed for start_position 600 and length 76
Passed for start_position 600 and length 78
Passed for start_position 600 and length 80
Passed for start_position 600 and length 82
Passed for start_position 600 and length 84
Passed for start_position 600 and length 86
Passed for start_position 600 and length 88
Passed for start_position 600 and length 90
Passed for start_position 600 and length 92
Passed for start_position 600 and length 94
Passed for start_position 600 and length 96
Passed for start_position 600 and length 98
Passed for start_position 600 and length 100
Passed for start_position 601 and length 2
Passed for start_position 601 and length 4
Passed for start_position 601 and length 6
Passed for start_position 601 and length 8
Passed for start_position 601 and length 10
Passed for start_position 601 and length 12
Passed for start_position 601 and length 14
Passed for start_position 601 and length 16
Passed for start_position 601 and length 18
Passed for start_position 601 and length 20
Passed for start_position 601 and length 22
Passed for start_position 601 and length 24
Passed for start_position 601 and length 26
Passed for start_position 601 and length 28
Passed for start_position 601 and length 30
Passed for start_position 601 and length 32
Passed for start_position 601 and length 34
Passed for start_position 601 and length 36
Passed for start_position 601 and length 38
Passed for start_position 601 and length 40
Passed for start_position 601 and length 42
Passed for start_position 601 and length 44
Passed for start_position 601 and length 46
Passed for start_position 601 and length 48
Passed for start_position 601 and length 50
Passed for start_position 601 and length 52
Passed for start_position 601 and length 54
Passed for start_position 601 and length 56
Passed for start_position 601 and length 58
Passed for start_position 601 and length 60
Passed for start_position 601 and length 62
Passed for start_position 601 and length 64
Passed for start_position 601 and length 66
Passed for start_position 601 and length 68
Passed for start_position 601 and length 70
Passed for start_position 601 and length 72
Passed for start_position 601 and length 74
Passed for start_position 601 and length 76
Passed for start_position 601 and length 78
Passed for start_position 601 and length 80
Passed for start_position 601 and length 82
Passed for start_position 601 and length 84
Passed for start_position 601 and length 86
Passed for start_position 601 and length 88
Passed for start_position 601 and length 90
Passed for start_position 601 and length 92
Passed for start_position 601 and length 94
Passed for start_position 601 and length 96
Passed for start_position 601 and length 98
Passed for start_position 601 and length 100
Passed for start_position 602 and length 2
Passed for start_position 602 and length 4
Passed for start_position 602 and length 6
Passed for start_position 602 and length 8
Passed for start_position 602 and length 10
Passed for start_position 602 and length 12
Passed for start_position 602 and length 14
Passed for start_position 602 and length 16
Passed for start_position 602 and length 18
Passed for start_position 602 and length 20
Passed for start_position 602 and length 22
Passed for start_position 602 and length 24
Passed for start_position 602 and length 26
Passed for start_position 602 and length 28
Passed for start_position 602 and length 30
Passed for start_position 602 and length 32
Passed for start_position 602 and length 34
Passed for start_position 602 and length 36
Passed for start_position 602 and length 38
Passed for start_position 602 and length 40
Passed for start_position 602 and length 42
Passed for start_position 602 and length 44
Passed for start_position 602 and length 46
Passed for start_position 602 and length 48
Passed for start_position 602 and length 50
Passed for start_position 602 and length 52
Passed for start_position 602 and length 54
Passed for start_position 602 and length 56
Passed for start_position 602 and length 58
Passed for start_position 602 and length 60
Passed for start_position 602 and length 62
Passed for start_position 602 and length 64
Passed for start_position 602 and length 66
Passed for start_position 602 and length 68
Passed for start_position 602 and length 70
Passed for start_position 602 and length 72
Passed for start_position 602 and length 74
Passed for start_position 602 and length 76
Passed for start_position 602 and length 78
Passed for start_position 602 and length 80
Passed for start_position 602 and length 82
Passed for start_position 602 and length 84
Passed for start_position 602 and length 86
Passed for start_position 602 and length 88
Passed for start_position 602 and length 90
Passed for start_position 602 and length 92
Passed for start_position 602 and length 94
Passed for start_position 602 and length 96
Passed for start_position 602 and length 98
Passed for start_position 602 and length 100
Passed for start_position 603 and length 2
Passed for start_position 603 and length 4
Passed for start_position 603 and length 6
Passed for start_position 603 and length 8
Passed for start_position 603 and length 10
Passed for start_position 603 and length 12
Passed for start_position 603 and length 14
Passed for start_position 603 and length 16
Passed for start_position 603 and length 18
Passed for start_position 603 and length 20
Passed for start_position 603 and length 22
Passed for start_position 603 and length 24
Passed for start_position 603 and length 26
Passed for start_position 603 and length 28
Passed for start_position 603 and length 30
Passed for start_position 603 and length 32
Passed for start_position 603 and length 34
Passed for start_position 603 and length 36
Passed for start_position 603 and length 38
Passed for start_position 603 and length 40
Passed for start_position 603 and length 42
Passed for start_position 603 and length 44
Passed for start_position 603 and length 46
Passed for start_position 603 and length 48
Passed for start_position 603 and length 50
Passed for start_position 603 and length 52
Passed for start_position 603 and length 54
Passed for start_position 603 and length 56
Passed for start_position 603 and length 58
Passed for start_position 603 and length 60
Passed for start_position 603 and length 62
Passed for start_position 603 and length 64
Passed for start_position 603 and length 66
Passed for start_position 603 and length 68
Passed for start_position 603 and length 70
Passed for start_position 603 and length 72
Passed for start_position 603 and length 74
Passed for start_position 603 and length 76
Passed for start_position 603 and length 78
Passed for start_position 603 and length 80
Passed for start_position 603 and length 82
Passed for start_position 603 and length 84
Passed for start_position 603 and length 86
Passed for start_position 603 and length 88
Passed for start_position 603 and length 90
Passed for start_position 603 and length 92
Passed for start_position 603 and length 94
Passed for start_position 603 and length 96
Passed for start_position 603 and length 98
Passed for start_position 603 and length 100
Passed for start_position 604 and length 2
Passed for start_position 604 and length 4
Passed for start_position 604 and length 6
Passed for start_position 604 and length 8
Passed for start_position 604 and length 10
Passed for start_position 604 and length 12
Passed for start_position 604 and length 14
Passed for start_position 604 and length 16
Passed for start_position 604 and length 18
Passed for start_position 604 and length 20
Passed for start_position 604 and length 22
Passed for start_position 604 and length 24
Passed for start_position 604 and length 26
Passed for start_position 604 and length 28
Passed for start_position 604 and length 30
Passed for start_position 604 and length 32
Passed for start_position 604 and length 34
Passed for start_position 604 and length 36
Passed for start_position 604 and length 38
Passed for start_position 604 and length 40
Passed for start_position 604 and length 42
Passed for start_position 604 and length 44
Passed for start_position 604 and length 46
Passed for start_position 604 and length 48
Passed for start_position 604 and length 50
Passed for start_position 604 and length 52
Passed for start_position 604 and length 54
Passed for start_position 604 and length 56
Passed for start_position 604 and length 58
Passed for start_position 604 and length 60
Passed for start_position 604 and length 62
Passed for start_position 604 and length 64
Passed for start_position 604 and length 66
Passed for start_position 604 and length 68
Passed for start_position 604 and length 70
Passed for start_position 604 and length 72
Passed for start_position 604 and length 74
Passed for start_position 604 and length 76
Passed for start_position 604 and length 78
Passed for start_position 604 and length 80
Passed for start_position 604 and length 82
Passed for start_position 604 and length 84
Passed for start_position 604 and length 86
Passed for start_position 604 and length 88
Passed for start_position 604 and length 90
Passed for start_position 604 and length 92
Passed for start_position 604 and length 94
Passed for start_position 604 and length 96
Passed for start_position 604 and length 98
Passed for start_position 604 and length 100
Passed for start_position 605 and length 2
Passed for start_position 605 and length 4
Passed for start_position 605 and length 6
Passed for start_position 605 and length 8
Passed for start_position 605 and length 10
Passed for start_position 605 and length 12
Passed for start_position 605 and length 14
Passed for start_position 605 and length 16
Passed for start_position 605 and length 18
Passed for start_position 605 and length 20
Passed for start_position 605 and length 22
Passed for start_position 605 and length 24
Passed for start_position 605 and length 26
Passed for start_position 605 and length 28
Passed for start_position 605 and length 30
Passed for start_position 605 and length 32
Passed for start_position 605 and length 34
Passed for start_position 605 and length 36
Passed for start_position 605 and length 38
Passed for start_position 605 and length 40
Passed for start_position 605 and length 42
Passed for start_position 605 and length 44
Passed for start_position 605 and length 46
Passed for start_position 605 and length 48
Passed for start_position 605 and length 50
Passed for start_position 605 and length 52
Passed for start_position 605 and length 54
Passed for start_position 605 and length 56
Passed for start_position 605 and length 58
Passed for start_position 605 and length 60
Passed for start_position 605 and length 62
Passed for start_position 605 and length 64
Passed for start_position 605 and length 66
Passed for start_position 605 and length 68
Passed for start_position 605 and length 70
Passed for start_position 605 and length 72
Passed for start_position 605 and length 74
Passed for start_position 605 and length 76
Passed for start_position 605 and length 78
Passed for start_position 605 and length 80
Passed for start_position 605 and length 82
Passed for start_position 605 and length 84
Passed for start_position 605 and length 86
Passed for start_position 605 and length 88
Passed for start_position 605 and length 90
Passed for start_position 605 and length 92
Passed for start_position 605 and length 94
Passed for start_position 605 and length 96
Passed for start_position 605 and length 98
Passed for start_position 605 and length 100
Passed for start_position 606 and length 2
Passed for start_position 606 and length 4
Passed for start_position 606 and length 6
Passed for start_position 606 and length 8
Passed for start_position 606 and length 10
Passed for start_position 606 and length 12
Passed for start_position 606 and length 14
Passed for start_position 606 and length 16
Passed for start_position 606 and length 18
Passed for start_position 606 and length 20
Passed for start_position 606 and length 22
Passed for start_position 606 and length 24
Passed for start_position 606 and length 26
Passed for start_position 606 and length 28
Passed for start_position 606 and length 30
Passed for start_position 606 and length 32
Passed for start_position 606 and length 34
Passed for start_position 606 and length 36
Passed for start_position 606 and length 38
Passed for start_position 606 and length 40
Passed for start_position 606 and length 42
Passed for start_position 606 and length 44
Passed for start_position 606 and length 46
Passed for start_position 606 and length 48
Passed for start_position 606 and length 50
Passed for start_position 606 and length 52
Passed for start_position 606 and length 54
Passed for start_position 606 and length 56
Passed for start_position 606 and length 58
Passed for start_position 606 and length 60
Passed for start_position 606 and length 62
Passed for start_position 606 and length 64
Passed for start_position 606 and length 66
Passed for start_position 606 and length 68
Passed for start_position 606 and length 70
Passed for start_position 606 and length 72
Passed for start_position 606 and length 74
Passed for start_position 606 and length 76
Passed for start_position 606 and length 78
Passed for start_position 606 and length 80
Passed for start_position 606 and length 82
Passed for start_position 606 and length 84
Passed for start_position 606 and length 86
Passed for start_position 606 and length 88
Passed for start_position 606 and length 90
Passed for start_position 606 and length 92
Passed for start_position 606 and length 94
Passed for start_position 606 and length 96
Passed for start_position 606 and length 98
Passed for start_position 606 and length 100
Passed for start_position 607 and length 2
Passed for start_position 607 and length 4
Passed for start_position 607 and length 6
Passed for start_position 607 and length 8
Passed for start_position 607 and length 10
Passed for start_position 607 and length 12
Passed for start_position 607 and length 14
Passed for start_position 607 and length 16
Passed for start_position 607 and length 18
Passed for start_position 607 and length 20
Passed for start_position 607 and length 22
Passed for start_position 607 and length 24
Passed for start_position 607 and length 26
Passed for start_position 607 and length 28
Passed for start_position 607 and length 30
Passed for start_position 607 and length 32
Passed for start_position 607 and length 34
Passed for start_position 607 and length 36
Passed for start_position 607 and length 38
Passed for start_position 607 and length 40
Passed for start_position 607 and length 42
Passed for start_position 607 and length 44
Passed for start_position 607 and length 46
Passed for start_position 607 and length 48
Passed for start_position 607 and length 50
Passed for start_position 607 and length 52
Passed for start_position 607 and length 54
Passed for start_position 607 and length 56
Passed for start_position 607 and length 58
Passed for start_position 607 and length 60
Passed for start_position 607 and length 62
Passed for start_position 607 and length 64
Passed for start_position 607 and length 66
Passed for start_position 607 and length 68
Passed for start_position 607 and length 70
Passed for start_position 607 and length 72
Passed for start_position 607 and length 74
Passed for start_position 607 and length 76
Passed for start_position 607 and length 78
Passed for start_position 607 and length 80
Passed for start_position 607 and length 82
Passed for start_position 607 and length 84
Passed for start_position 607 and length 86
Passed for start_position 607 and length 88
Passed for start_position 607 and length 90
Passed for start_position 607 and length 92
Passed for start_position 607 and length 94
Passed for start_position 607 and length 96
Passed for start_position 607 and length 98
Passed for start_position 607 and length 100
Passed for start_position 608 and length 2
Passed for start_position 608 and length 4
Passed for start_position 608 and length 6
Passed for start_position 608 and length 8
Passed for start_position 608 and length 10
Passed for start_position 608 and length 12
Passed for start_position 608 and length 14
Passed for start_position 608 and length 16
Passed for start_position 608 and length 18
Passed for start_position 608 and length 20
Passed for start_position 608 and length 22
Passed for start_position 608 and length 24
Passed for start_position 608 and length 26
Passed for start_position 608 and length 28
Passed for start_position 608 and length 30
Passed for start_position 608 and length 32
Passed for start_position 608 and length 34
Passed for start_position 608 and length 36
Passed for start_position 608 and length 38
Passed for start_position 608 and length 40
Passed for start_position 608 and length 42
Passed for start_position 608 and length 44
Passed for start_position 608 and length 46
Passed for start_position 608 and length 48
Passed for start_position 608 and length 50
Passed for start_position 608 and length 52
Passed for start_position 608 and length 54
Passed for start_position 608 and length 56
Passed for start_position 608 and length 58
Passed for start_position 608 and length 60
Passed for start_position 608 and length 62
Passed for start_position 608 and length 64
Passed for start_position 608 and length 66
Passed for start_position 608 and length 68
Passed for start_position 608 and length 70
Passed for start_position 608 and length 72
Passed for start_position 608 and length 74
Passed for start_position 608 and length 76
Passed for start_position 608 and length 78
Passed for start_position 608 and length 80
Passed for start_position 608 and length 82
Passed for start_position 608 and length 84
Passed for start_position 608 and length 86
Passed for start_position 608 and length 88
Passed for start_position 608 and length 90
Passed for start_position 608 and length 92
Passed for start_position 608 and length 94
Passed for start_position 608 and length 96
Passed for start_position 608 and length 98
Passed for start_position 608 and length 100
Passed for start_position 609 and length 2
Passed for start_position 609 and length 4
Passed for start_position 609 and length 6
Passed for start_position 609 and length 8
Passed for start_position 609 and length 10
Passed for start_position 609 and length 12
Passed for start_position 609 and length 14
Passed for start_position 609 and length 16
Passed for start_position 609 and length 18
Passed for start_position 609 and length 20
Passed for start_position 609 and length 22
Passed for start_position 609 and length 24
Passed for start_position 609 and length 26
Passed for start_position 609 and length 28
Passed for start_position 609 and length 30
Passed for start_position 609 and length 32
Passed for start_position 609 and length 34
Passed for start_position 609 and length 36
Passed for start_position 609 and length 38
Passed for start_position 609 and length 40
Passed for start_position 609 and length 42
Passed for start_position 609 and length 44
Passed for start_position 609 and length 46
Passed for start_position 609 and length 48
Passed for start_position 609 and length 50
Passed for start_position 609 and length 52
Passed for start_position 609 and length 54
Passed for start_position 609 and length 56
Passed for start_position 609 and length 58
Passed for start_position 609 and length 60
Passed for start_position 609 and length 62
Passed for start_position 609 and length 64
Passed for start_position 609 and length 66
Passed for start_position 609 and length 68
Passed for start_position 609 and length 70
Passed for start_position 609 and length 72
Passed for start_position 609 and length 74
Passed for start_position 609 and length 76
Passed for start_position 609 and length 78
Passed for start_position 609 and length 80
Passed for start_position 609 and length 82
Passed for start_position 609 and length 84
Passed for start_position 609 and length 86
Passed for start_position 609 and length 88
Passed for start_position 609 and length 90
Passed for start_position 609 and length 92
Passed for start_position 609 and length 94
Passed for start_position 609 and length 96
Passed for start_position 609 and length 98
Passed for start_position 609 and length 100
Passed for start_position 610 and length 2
Passed for start_position 610 and length 4
Passed for start_position 610 and length 6
Passed for start_position 610 and length 8
Passed for start_position 610 and length 10
Passed for start_position 610 and length 12
Passed for start_position 610 and length 14
Passed for start_position 610 and length 16
Passed for start_position 610 and length 18
Passed for start_position 610 and length 20
Passed for start_position 610 and length 22
Passed for start_position 610 and length 24
Passed for start_position 610 and length 26
Passed for start_position 610 and length 28
Passed for start_position 610 and length 30
Passed for start_position 610 and length 32
Passed for start_position 610 and length 34
Passed for start_position 610 and length 36
Passed for start_position 610 and length 38
Passed for start_position 610 and length 40
Passed for start_position 610 and length 42
Passed for start_position 610 and length 44
Passed for start_position 610 and length 46
Passed for start_position 610 and length 48
Passed for start_position 610 and length 50
Passed for start_position 610 and length 52
Passed for start_position 610 and length 54
Passed for start_position 610 and length 56
Passed for start_position 610 and length 58
Passed for start_position 610 and length 60
Passed for start_position 610 and length 62
Passed for start_position 610 and length 64
Passed for start_position 610 and length 66
Passed for start_position 610 and length 68
Passed for start_position 610 and length 70
Passed for start_position 610 and length 72
Passed for start_position 610 and length 74
Passed for start_position 610 and length 76
Passed for start_position 610 and length 78
Passed for start_position 610 and length 80
Passed for start_position 610 and length 82
Passed for start_position 610 and length 84
Passed for start_position 610 and length 86
Passed for start_position 610 and length 88
Passed for start_position 610 and length 90
Passed for start_position 610 and length 92
Passed for start_position 610 and length 94
Passed for start_position 610 and length 96
Passed for start_position 610 and length 98
Passed for start_position 610 and length 100
Passed for start_position 611 and length 2
Passed for start_position 611 and length 4
Passed for start_position 611 and length 6
Passed for start_position 611 and length 8
Passed for start_position 611 and length 10
Passed for start_position 611 and length 12
Passed for start_position 611 and length 14
Passed for start_position 611 and length 16
Passed for start_position 611 and length 18
Passed for start_position 611 and length 20
Passed for start_position 611 and length 22
Passed for start_position 611 and length 24
Passed for start_position 611 and length 26
Passed for start_position 611 and length 28
Passed for start_position 611 and length 30
Passed for start_position 611 and length 32
Passed for start_position 611 and length 34
Passed for start_position 611 and length 36
Passed for start_position 611 and length 38
Passed for start_position 611 and length 40
Passed for start_position 611 and length 42
Passed for start_position 611 and length 44
Passed for start_position 611 and length 46
Passed for start_position 611 and length 48
Passed for start_position 611 and length 50
Passed for start_position 611 and length 52
Passed for start_position 611 and length 54
Passed for start_position 611 and length 56
Passed for start_position 611 and length 58
Passed for start_position 611 and length 60
Passed for start_position 611 and length 62
Passed for start_position 611 and length 64
Passed for start_position 611 and length 66
Passed for start_position 611 and length 68
Passed for start_position 611 and length 70
Passed for start_position 611 and length 72
Passed for start_position 611 and length 74
Passed for start_position 611 and length 76
Passed for start_position 611 and length 78
Passed for start_position 611 and length 80
Passed for start_position 611 and length 82
Passed for start_position 611 and length 84
Passed for start_position 611 and length 86
Passed for start_position 611 and length 88
Passed for start_position 611 and length 90
Passed for start_position 611 and length 92
Passed for start_position 611 and length 94
Passed for start_position 611 and length 96
Passed for start_position 611 and length 98
Passed for start_position 611 and length 100
Passed for start_position 612 and length 2
Passed for start_position 612 and length 4
Passed for start_position 612 and length 6
Passed for start_position 612 and length 8
Passed for start_position 612 and length 10
Passed for start_position 612 and length 12
Passed for start_position 612 and length 14
Passed for start_position 612 and length 16
Passed for start_position 612 and length 18
Passed for start_position 612 and length 20
Passed for start_position 612 and length 22
Passed for start_position 612 and length 24
Passed for start_position 612 and length 26
Passed for start_position 612 and length 28
Passed for start_position 612 and length 30
Passed for start_position 612 and length 32
Passed for start_position 612 and length 34
Passed for start_position 612 and length 36
Passed for start_position 612 and length 38
Passed for start_position 612 and length 40
Passed for start_position 612 and length 42
Passed for start_position 612 and length 44
Passed for start_position 612 and length 46
Passed for start_position 612 and length 48
Passed for start_position 612 and length 50
Passed for start_position 612 and length 52
Passed for start_position 612 and length 54
Passed for start_position 612 and length 56
Passed for start_position 612 and length 58
Passed for start_position 612 and length 60
Passed for start_position 612 and length 62
Passed for start_position 612 and length 64
Passed for start_position 612 and length 66
Passed for start_position 612 and length 68
Passed for start_position 612 and length 70
Passed for start_position 612 and length 72
Passed for start_position 612 and length 74
Passed for start_position 612 and length 76
Passed for start_position 612 and length 78
Passed for start_position 612 and length 80
Passed for start_position 612 and length 82
Passed for start_position 612 and length 84
Passed for start_position 612 and length 86
Passed for start_position 612 and length 88
Passed for start_position 612 and length 90
Passed for start_position 612 and length 92
Passed for start_position 612 and length 94
Passed for start_position 612 and length 96
Passed for start_position 612 and length 98
Passed for start_position 612 and length 100
Passed for start_position 613 and length 2
Passed for start_position 613 and length 4
Passed for start_position 613 and length 6
Passed for start_position 613 and length 8
Passed for start_position 613 and length 10
Passed for start_position 613 and length 12
Passed for start_position 613 and length 14
Passed for start_position 613 and length 16
Passed for start_position 613 and length 18
Passed for start_position 613 and length 20
Passed for start_position 613 and length 22
Passed for start_position 613 and length 24
Passed for start_position 613 and length 26
Passed for start_position 613 and length 28
Passed for start_position 613 and length 30
Passed for start_position 613 and length 32
Passed for start_position 613 and length 34
Passed for start_position 613 and length 36
Passed for start_position 613 and length 38
Passed for start_position 613 and length 40
Passed for start_position 613 and length 42
Passed for start_position 613 and length 44
Passed for start_position 613 and length 46
Passed for start_position 613 and length 48
Passed for start_position 613 and length 50
Passed for start_position 613 and length 52
Passed for start_position 613 and length 54
Passed for start_position 613 and length 56
Passed for start_position 613 and length 58
Passed for start_position 613 and length 60
Passed for start_position 613 and length 62
Passed for start_position 613 and length 64
Passed for start_position 613 and length 66
Passed for start_position 613 and length 68
Passed for start_position 613 and length 70
Passed for start_position 613 and length 72
Passed for start_position 613 and length 74
Passed for start_position 613 and length 76
Passed for start_position 613 and length 78
Passed for start_position 613 and length 80
Passed for start_position 613 and length 82
Passed for start_position 613 and length 84
Passed for start_position 613 and length 86
Passed for start_position 613 and length 88
Passed for start_position 613 and length 90
Passed for start_position 613 and length 92
Passed for start_position 613 and length 94
Passed for start_position 613 and length 96
Passed for start_position 613 and length 98
Passed for start_position 613 and length 100
Passed for start_position 614 and length 2
Passed for start_position 614 and length 4
Passed for start_position 614 and length 6
Passed for start_position 614 and length 8
Passed for start_position 614 and length 10
Passed for start_position 614 and length 12
Passed for start_position 614 and length 14
Passed for start_position 614 and length 16
Passed for start_position 614 and length 18
Passed for start_position 614 and length 20
Passed for start_position 614 and length 22
Passed for start_position 614 and length 24
Passed for start_position 614 and length 26
Passed for start_position 614 and length 28
Passed for start_position 614 and length 30
Passed for start_position 614 and length 32
Passed for start_position 614 and length 34
Passed for start_position 614 and length 36
Passed for start_position 614 and length 38
Passed for start_position 614 and length 40
Passed for start_position 614 and length 42
Passed for start_position 614 and length 44
Passed for start_position 614 and length 46
Passed for start_position 614 and length 48
Passed for start_position 614 and length 50
Passed for start_position 614 and length 52
Passed for start_position 614 and length 54
Passed for start_position 614 and length 56
Passed for start_position 614 and length 58
Passed for start_position 614 and length 60
Passed for start_position 614 and length 62
Passed for start_position 614 and length 64
Passed for start_position 614 and length 66
Passed for start_position 614 and length 68
Passed for start_position 614 and length 70
Passed for start_position 614 and length 72
Passed for start_position 614 and length 74
Passed for start_position 614 and length 76
Passed for start_position 614 and length 78
Passed for start_position 614 and length 80
Passed for start_position 614 and length 82
Passed for start_position 614 and length 84
Passed for start_position 614 and length 86
Passed for start_position 614 and length 88
Passed for start_position 614 and length 90
Passed for start_position 614 and length 92
Passed for start_position 614 and length 94
Passed for start_position 614 and length 96
Passed for start_position 614 and length 98
Passed for start_position 614 and length 100
Passed for start_position 615 and length 2
Passed for start_position 615 and length 4
Passed for start_position 615 and length 6
Passed for start_position 615 and length 8
Passed for start_position 615 and length 10
Passed for start_position 615 and length 12
Passed for start_position 615 and length 14
Passed for start_position 615 and length 16
Passed for start_position 615 and length 18
Passed for start_position 615 and length 20
Passed for start_position 615 and length 22
Passed for start_position 615 and length 24
Passed for start_position 615 and length 26
Passed for start_position 615 and length 28
Passed for start_position 615 and length 30
Passed for start_position 615 and length 32
Passed for start_position 615 and length 34
Passed for start_position 615 and length 36
Passed for start_position 615 and length 38
Passed for start_position 615 and length 40
Passed for start_position 615 and length 42
Passed for start_position 615 and length 44
Passed for start_position 615 and length 46
Passed for start_position 615 and length 48
Passed for start_position 615 and length 50
Passed for start_position 615 and length 52
Passed for start_position 615 and length 54
Passed for start_position 615 and length 56
Passed for start_position 615 and length 58
Passed for start_position 615 and length 60
Passed for start_position 615 and length 62
Passed for start_position 615 and length 64
Passed for start_position 615 and length 66
Passed for start_position 615 and length 68
Passed for start_position 615 and length 70
Passed for start_position 615 and length 72
Passed for start_position 615 and length 74
Passed for start_position 615 and length 76
Passed for start_position 615 and length 78
Passed for start_position 615 and length 80
Passed for start_position 615 and length 82
Passed for start_position 615 and length 84
Passed for start_position 615 and length 86
Passed for start_position 615 and length 88
Passed for start_position 615 and length 90
Passed for start_position 615 and length 92
Passed for start_position 615 and length 94
Passed for start_position 615 and length 96
Passed for start_position 615 and length 98
Passed for start_position 615 and length 100
Passed for start_position 616 and length 2
Passed for start_position 616 and length 4
Passed for start_position 616 and length 6
Passed for start_position 616 and length 8
Passed for start_position 616 and length 10
Passed for start_position 616 and length 12
Passed for start_position 616 and length 14
Passed for start_position 616 and length 16
Passed for start_position 616 and length 18
Passed for start_position 616 and length 20
Passed for start_position 616 and length 22
Passed for start_position 616 and length 24
Passed for start_position 616 and length 26
Passed for start_position 616 and length 28
Passed for start_position 616 and length 30
Passed for start_position 616 and length 32
Passed for start_position 616 and length 34
Passed for start_position 616 and length 36
Passed for start_position 616 and length 38
Passed for start_position 616 and length 40
Passed for start_position 616 and length 42
Passed for start_position 616 and length 44
Passed for start_position 616 and length 46
Passed for start_position 616 and length 48
Passed for start_position 616 and length 50
Passed for start_position 616 and length 52
Passed for start_position 616 and length 54
Passed for start_position 616 and length 56
Passed for start_position 616 and length 58
Passed for start_position 616 and length 60
Passed for start_position 616 and length 62
Passed for start_position 616 and length 64
Passed for start_position 616 and length 66
Passed for start_position 616 and length 68
Passed for start_position 616 and length 70
Passed for start_position 616 and length 72
Passed for start_position 616 and length 74
Passed for start_position 616 and length 76
Passed for start_position 616 and length 78
Passed for start_position 616 and length 80
Passed for start_position 616 and length 82
Passed for start_position 616 and length 84
Passed for start_position 616 and length 86
Passed for start_position 616 and length 88
Passed for start_position 616 and length 90
Passed for start_position 616 and length 92
Passed for start_position 616 and length 94
Passed for start_position 616 and length 96
Passed for start_position 616 and length 98
Passed for start_position 616 and length 100
Passed for start_position 617 and length 2
Passed for start_position 617 and length 4
Passed for start_position 617 and length 6
Passed for start_position 617 and length 8
Passed for start_position 617 and length 10
Passed for start_position 617 and length 12
Passed for start_position 617 and length 14
Passed for start_position 617 and length 16
Passed for start_position 617 and length 18
Passed for start_position 617 and length 20
Passed for start_position 617 and length 22
Passed for start_position 617 and length 24
Passed for start_position 617 and length 26
Passed for start_position 617 and length 28
Passed for start_position 617 and length 30
Passed for start_position 617 and length 32
Passed for start_position 617 and length 34
Passed for start_position 617 and length 36
Passed for start_position 617 and length 38
Passed for start_position 617 and length 40
Passed for start_position 617 and length 42
Passed for start_position 617 and length 44
Passed for start_position 617 and length 46
Passed for start_position 617 and length 48
Passed for start_position 617 and length 50
Passed for start_position 617 and length 52
Passed for start_position 617 and length 54
Passed for start_position 617 and length 56
Passed for start_position 617 and length 58
Passed for start_position 617 and length 60
Passed for start_position 617 and length 62
Passed for start_position 617 and length 64
Passed for start_position 617 and length 66
Passed for start_position 617 and length 68
Passed for start_position 617 and length 70
Passed for start_position 617 and length 72
Passed for start_position 617 and length 74
Passed for start_position 617 and length 76
Passed for start_position 617 and length 78
Passed for start_position 617 and length 80
Passed for start_position 617 and length 82
Passed for start_position 617 and length 84
Passed for start_position 617 and length 86
Passed for start_position 617 and length 88
Passed for start_position 617 and length 90
Passed for start_position 617 and length 92
Passed for start_position 617 and length 94
Passed for start_position 617 and length 96
Passed for start_position 617 and length 98
Passed for start_position 617 and length 100
Passed for start_position 618 and length 2
Passed for start_position 618 and length 4
Passed for start_position 618 and length 6
Passed for start_position 618 and length 8
Passed for start_position 618 and length 10
Passed for start_position 618 and length 12
Passed for start_position 618 and length 14
Passed for start_position 618 and length 16
Passed for start_position 618 and length 18
Passed for start_position 618 and length 20
Passed for start_position 618 and length 22
Passed for start_position 618 and length 24
Passed for start_position 618 and length 26
Passed for start_position 618 and length 28
Passed for start_position 618 and length 30
Passed for start_position 618 and length 32
Passed for start_position 618 and length 34
Passed for start_position 618 and length 36
Passed for start_position 618 and length 38
Passed for start_position 618 and length 40
Passed for start_position 618 and length 42
Passed for start_position 618 and length 44
Passed for start_position 618 and length 46
Passed for start_position 618 and length 48
Passed for start_position 618 and length 50
Passed for start_position 618 and length 52
Passed for start_position 618 and length 54
Passed for start_position 618 and length 56
Passed for start_position 618 and length 58
Passed for start_position 618 and length 60
Passed for start_position 618 and length 62
Passed for start_position 618 and length 64
Passed for start_position 618 and length 66
Passed for start_position 618 and length 68
Passed for start_position 618 and length 70
Passed for start_position 618 and length 72
Passed for start_position 618 and length 74
Passed for start_position 618 and length 76
Passed for start_position 618 and length 78
Passed for start_position 618 and length 80
Passed for start_position 618 and length 82
Passed for start_position 618 and length 84
Passed for start_position 618 and length 86
Passed for start_position 618 and length 88
Passed for start_position 618 and length 90
Passed for start_position 618 and length 92
Passed for start_position 618 and length 94
Passed for start_position 618 and length 96
Passed for start_position 618 and length 98
Passed for start_position 618 and length 100
Passed for start_position 619 and length 2
Passed for start_position 619 and length 4
Passed for start_position 619 and length 6
Passed for start_position 619 and length 8
Passed for start_position 619 and length 10
Passed for start_position 619 and length 12
Passed for start_position 619 and length 14
Passed for start_position 619 and length 16
Passed for start_position 619 and length 18
Passed for start_position 619 and length 20
Passed for start_position 619 and length 22
Passed for start_position 619 and length 24
Passed for start_position 619 and length 26
Passed for start_position 619 and length 28
Passed for start_position 619 and length 30
Passed for start_position 619 and length 32
Passed for start_position 619 and length 34
Passed for start_position 619 and length 36
Passed for start_position 619 and length 38
Passed for start_position 619 and length 40
Passed for start_position 619 and length 42
Passed for start_position 619 and length 44
Passed for start_position 619 and length 46
Passed for start_position 619 and length 48
Passed for start_position 619 and length 50
Passed for start_position 619 and length 52
Passed for start_position 619 and length 54
Passed for start_position 619 and length 56
Passed for start_position 619 and length 58
Passed for start_position 619 and length 60
Passed for start_position 619 and length 62
Passed for start_position 619 and length 64
Passed for start_position 619 and length 66
Passed for start_position 619 and length 68
Passed for start_position 619 and length 70
Passed for start_position 619 and length 72
Passed for start_position 619 and length 74
Passed for start_position 619 and length 76
Passed for start_position 619 and length 78
Passed for start_position 619 and length 80
Passed for start_position 619 and length 82
Passed for start_position 619 and length 84
Passed for start_position 619 and length 86
Passed for start_position 619 and length 88
Passed for start_position 619 and length 90
Passed for start_position 619 and length 92
Passed for start_position 619 and length 94
Passed for start_position 619 and length 96
Passed for start_position 619 and length 98
Passed for start_position 619 and length 100
Passed for start_position 620 and length 2
Error for start_position 620 and length 4: Movement 1 not in dictionary
Passed for start_position 620 and length 6
Passed for start_position 620 and length 8
Passed for start_position 620 and length 10
Error for start_position 620 and length 12: Movement 1 not in dictionary
Passed for start_position 620 and length 14
Passed for start_position 620 and length 16
Error for start_position 620 and length 18: Movement 1 not in dictionary
Passed for start_position 620 and length 20
Error for start_position 620 and length 22: Movement -1 not in dictionary
Error for start_position 620 and length 24: Movement 1 not in dictionary
Passed for start_position 620 and length 26
Passed for start_position 620 and length 28
Error for start_position 620 and length 30: Movement -1 not in dictionary
Error for start_position 620 and length 32: Movement 1 not in dictionary
Error for start_position 620 and length 34: Movement 1 not in dictionary
Passed for start_position 620 and length 36
Error for start_position 620 and length 38: Movement -1 not in dictionary
Error for start_position 620 and length 40: Movement -1 not in dictionary
Passed for start_position 620 and length 42
Passed for start_position 620 and length 44
Passed for start_position 620 and length 46
Error for start_position 620 and length 48: Movement -1 not in dictionary
Error for start_position 620 and length 50: Movement -1 not in dictionary
Passed for start_position 620 and length 52
Error for start_position 620 and length 54: Movement 1 not in dictionary
Passed for start_position 620 and length 56
Error for start_position 620 and length 58: Movement 1 not in dictionary
Error for start_position 620 and length 60: Movement 1 not in dictionary
Passed for start_position 620 and length 62
Passed for start_position 620 and length 64
Error for start_position 620 and length 66: Movement 1 not in dictionary
Error for start_position 620 and length 68: Movement 1 not in dictionary
Passed for start_position 620 and length 70
Passed for start_position 620 and length 72
Passed for start_position 620 and length 74
Passed for start_position 620 and length 76
Passed for start_position 620 and length 78
Passed for start_position 620 and length 80
Passed for start_position 620 and length 82
Passed for start_position 620 and length 84
Passed for start_position 620 and length 86
Passed for start_position 620 and length 88
Passed for start_position 620 and length 90
Passed for start_position 620 and length 92
Passed for start_position 620 and length 94
Passed for start_position 620 and length 96
Error for start_position 620 and length 98: Movement 1 not in dictionary
Passed for start_position 620 and length 100
Passed for start_position 621 and length 2
Passed for start_position 621 and length 4
Passed for start_position 621 and length 6
Passed for start_position 621 and length 8
Passed for start_position 621 and length 10
Passed for start_position 621 and length 12
Passed for start_position 621 and length 14
Passed for start_position 621 and length 16
Passed for start_position 621 and length 18
Passed for start_position 621 and length 20
Passed for start_position 621 and length 22
Passed for start_position 621 and length 24
Passed for start_position 621 and length 26
Passed for start_position 621 and length 28
Passed for start_position 621 and length 30
Passed for start_position 621 and length 32
Passed for start_position 621 and length 34
Passed for start_position 621 and length 36
Passed for start_position 621 and length 38
Passed for start_position 621 and length 40
Passed for start_position 621 and length 42
Passed for start_position 621 and length 44
Passed for start_position 621 and length 46
Passed for start_position 621 and length 48
Passed for start_position 621 and length 50
Passed for start_position 621 and length 52
Passed for start_position 621 and length 54
Passed for start_position 621 and length 56
Passed for start_position 621 and length 58
Passed for start_position 621 and length 60
Passed for start_position 621 and length 62
Passed for start_position 621 and length 64
Passed for start_position 621 and length 66
Passed for start_position 621 and length 68
Passed for start_position 621 and length 70
Passed for start_position 621 and length 72
Passed for start_position 621 and length 74
Passed for start_position 621 and length 76
Passed for start_position 621 and length 78
Passed for start_position 621 and length 80
Passed for start_position 621 and length 82
Passed for start_position 621 and length 84
Passed for start_position 621 and length 86
Passed for start_position 621 and length 88
Passed for start_position 621 and length 90
Passed for start_position 621 and length 92
Passed for start_position 621 and length 94
Passed for start_position 621 and length 96
Passed for start_position 621 and length 98
Passed for start_position 621 and length 100
Passed for start_position 622 and length 2
Passed for start_position 622 and length 4
Passed for start_position 622 and length 6
Passed for start_position 622 and length 8
Passed for start_position 622 and length 10
Passed for start_position 622 and length 12
Passed for start_position 622 and length 14
Passed for start_position 622 and length 16
Passed for start_position 622 and length 18
Passed for start_position 622 and length 20
Passed for start_position 622 and length 22
Passed for start_position 622 and length 24
Passed for start_position 622 and length 26
Passed for start_position 622 and length 28
Passed for start_position 622 and length 30
Passed for start_position 622 and length 32
Passed for start_position 622 and length 34
Passed for start_position 622 and length 36
Passed for start_position 622 and length 38
Passed for start_position 622 and length 40
Passed for start_position 622 and length 42
Passed for start_position 622 and length 44
Passed for start_position 622 and length 46
Passed for start_position 622 and length 48
Passed for start_position 622 and length 50
Passed for start_position 622 and length 52
Passed for start_position 622 and length 54
Passed for start_position 622 and length 56
Passed for start_position 622 and length 58
Passed for start_position 622 and length 60
Passed for start_position 622 and length 62
Passed for start_position 622 and length 64
Passed for start_position 622 and length 66
Passed for start_position 622 and length 68
Passed for start_position 622 and length 70
Passed for start_position 622 and length 72
Passed for start_position 622 and length 74
Passed for start_position 622 and length 76
Passed for start_position 622 and length 78
Passed for start_position 622 and length 80
Passed for start_position 622 and length 82
Passed for start_position 622 and length 84
Passed for start_position 622 and length 86
Passed for start_position 622 and length 88
Passed for start_position 622 and length 90
Passed for start_position 622 and length 92
Passed for start_position 622 and length 94
Passed for start_position 622 and length 96
Passed for start_position 622 and length 98
Passed for start_position 622 and length 100
Error for start_position 623 and length 2: Movement -1 not in dictionary
Error for start_position 623 and length 4: Movement -1 not in dictionary
Error for start_position 623 and length 6: Movement -1 not in dictionary
Error for start_position 623 and length 8: Movement 1 not in dictionary
Error for start_position 623 and length 10: Movement 1 not in dictionary
Error for start_position 623 and length 12: Movement -1 not in dictionary
Error for start_position 623 and length 14: Movement 1 not in dictionary
Passed for start_position 623 and length 16
Passed for start_position 623 and length 18
Error for start_position 623 and length 20: Movement -1 not in dictionary
Passed for start_position 623 and length 22
Passed for start_position 623 and length 24
Passed for start_position 623 and length 26
Error for start_position 623 and length 28: Movement 1 not in dictionary
Passed for start_position 623 and length 30
Error for start_position 623 and length 32: Movement 1 not in dictionary
Passed for start_position 623 and length 34
Passed for start_position 623 and length 36
Passed for start_position 623 and length 38
Error for start_position 623 and length 40: Movement -1 not in dictionary
Error for start_position 623 and length 42: Movement -1 not in dictionary
Error for start_position 623 and length 44: Movement -1 not in dictionary
Error for start_position 623 and length 46: Movement 1 not in dictionary
Passed for start_position 623 and length 48
Error for start_position 623 and length 50: Movement -1 not in dictionary
Error for start_position 623 and length 52: Movement -1 not in dictionary
Error for start_position 623 and length 54: Movement -1 not in dictionary
Error for start_position 623 and length 56: Movement 1 not in dictionary
Passed for start_position 623 and length 58
Error for start_position 623 and length 60: Movement -1 not in dictionary
Error for start_position 623 and length 62: Movement -1 not in dictionary
Error for start_position 623 and length 64: Movement 1 not in dictionary
Passed for start_position 623 and length 66
Error for start_position 623 and length 68: Movement -1 not in dictionary
Passed for start_position 623 and length 70
Passed for start_position 623 and length 72
Passed for start_position 623 and length 74
Error for start_position 623 and length 76: Movement -1 not in dictionary
Passed for start_position 623 and length 78
Error for start_position 623 and length 80: Movement -1 not in dictionary
Passed for start_position 623 and length 82
Passed for start_position 623 and length 84
Passed for start_position 623 and length 86
Passed for start_position 623 and length 88
Error for start_position 623 and length 90: Movement 1 not in dictionary
Passed for start_position 623 and length 92
Passed for start_position 623 and length 94
Error for start_position 623 and length 96: Movement 1 not in dictionary
Error for start_position 623 and length 98: Movement 1 not in dictionary
Passed for start_position 623 and length 100
Passed for start_position 624 and length 2
Passed for start_position 624 and length 4
Passed for start_position 624 and length 6
Passed for start_position 624 and length 8
Passed for start_position 624 and length 10
Passed for start_position 624 and length 12
Passed for start_position 624 and length 14
Passed for start_position 624 and length 16
Passed for start_position 624 and length 18
Passed for start_position 624 and length 20
Passed for start_position 624 and length 22
Passed for start_position 624 and length 24
Passed for start_position 624 and length 26
Passed for start_position 624 and length 28
Passed for start_position 624 and length 30
Passed for start_position 624 and length 32
Passed for start_position 624 and length 34
Passed for start_position 624 and length 36
Passed for start_position 624 and length 38
Passed for start_position 624 and length 40
Passed for start_position 624 and length 42
Passed for start_position 624 and length 44
Passed for start_position 624 and length 46
Passed for start_position 624 and length 48
Passed for start_position 624 and length 50
Passed for start_position 624 and length 52
Passed for start_position 624 and length 54
Passed for start_position 624 and length 56
Passed for start_position 624 and length 58
Passed for start_position 624 and length 60
Passed for start_position 624 and length 62
Passed for start_position 624 and length 64
Passed for start_position 624 and length 66
Passed for start_position 624 and length 68
Passed for start_position 624 and length 70
Passed for start_position 624 and length 72
Passed for start_position 624 and length 74
Passed for start_position 624 and length 76
Passed for start_position 624 and length 78
Passed for start_position 624 and length 80
Passed for start_position 624 and length 82
Passed for start_position 624 and length 84
Passed for start_position 624 and length 86
Passed for start_position 624 and length 88
Passed for start_position 624 and length 90
Passed for start_position 624 and length 92
Passed for start_position 624 and length 94
Passed for start_position 624 and length 96
Passed for start_position 624 and length 98
Passed for start_position 624 and length 100
Passed for start_position 625 and length 2
Passed for start_position 625 and length 4
Passed for start_position 625 and length 6
Passed for start_position 625 and length 8
Passed for start_position 625 and length 10
Passed for start_position 625 and length 12
Passed for start_position 625 and length 14
Passed for start_position 625 and length 16
Passed for start_position 625 and length 18
Passed for start_position 625 and length 20
Passed for start_position 625 and length 22
Passed for start_position 625 and length 24
Passed for start_position 625 and length 26
Passed for start_position 625 and length 28
Passed for start_position 625 and length 30
Passed for start_position 625 and length 32
Passed for start_position 625 and length 34
Passed for start_position 625 and length 36
Passed for start_position 625 and length 38
Passed for start_position 625 and length 40
Passed for start_position 625 and length 42
Passed for start_position 625 and length 44
Passed for start_position 625 and length 46
Passed for start_position 625 and length 48
Passed for start_position 625 and length 50
Passed for start_position 625 and length 52
Passed for start_position 625 and length 54
Passed for start_position 625 and length 56
Passed for start_position 625 and length 58
Passed for start_position 625 and length 60
Passed for start_position 625 and length 62
Passed for start_position 625 and length 64
Passed for start_position 625 and length 66
Passed for start_position 625 and length 68
Passed for start_position 625 and length 70
Passed for start_position 625 and length 72
Passed for start_position 625 and length 74
Passed for start_position 625 and length 76
Passed for start_position 625 and length 78
Passed for start_position 625 and length 80
Passed for start_position 625 and length 82
Passed for start_position 625 and length 84
Passed for start_position 625 and length 86
Passed for start_position 625 and length 88
Passed for start_position 625 and length 90
Passed for start_position 625 and length 92
Passed for start_position 625 and length 94
Passed for start_position 625 and length 96
Passed for start_position 625 and length 98
Passed for start_position 625 and length 100
Error for start_position 626 and length 2: Movement 1 not in dictionary
Error for start_position 626 and length 4: Movement 1 not in dictionary
Passed for start_position 626 and length 6
Passed for start_position 626 and length 8
Passed for start_position 626 and length 10
Passed for start_position 626 and length 12
Error for start_position 626 and length 14: Movement -1 not in dictionary
Passed for start_position 626 and length 16
Passed for start_position 626 and length 18
Passed for start_position 626 and length 20
Passed for start_position 626 and length 22
Error for start_position 626 and length 24: Movement -1 not in dictionary
Passed for start_position 626 and length 26
Error for start_position 626 and length 28: Movement -1 not in dictionary
Error for start_position 626 and length 30: Movement 1 not in dictionary
Passed for start_position 626 and length 32
Passed for start_position 626 and length 34
Error for start_position 626 and length 36: Movement -1 not in dictionary
Passed for start_position 626 and length 38
Error for start_position 626 and length 40: Movement 1 not in dictionary
Error for start_position 626 and length 42: Movement -1 not in dictionary
Error for start_position 626 and length 44: Movement 1 not in dictionary
Error for start_position 626 and length 46: Movement 1 not in dictionary
Error for start_position 626 and length 48: Movement 1 not in dictionary
Passed for start_position 626 and length 50
Passed for start_position 626 and length 52
Passed for start_position 626 and length 54
Passed for start_position 626 and length 56
Passed for start_position 626 and length 58
Passed for start_position 626 and length 60
Passed for start_position 626 and length 62
Passed for start_position 626 and length 64
Passed for start_position 626 and length 66
Passed for start_position 626 and length 68
Error for start_position 626 and length 70: Movement -1 not in dictionary
Passed for start_position 626 and length 72
Passed for start_position 626 and length 74
Error for start_position 626 and length 76: Movement -1 not in dictionary
Passed for start_position 626 and length 78
Error for start_position 626 and length 80: Movement 1 not in dictionary
Passed for start_position 626 and length 82
Error for start_position 626 and length 84: Movement -1 not in dictionary
Passed for start_position 626 and length 86
Passed for start_position 626 and length 88
Passed for start_position 626 and length 90
Error for start_position 626 and length 92: Movement -1 not in dictionary
Error for start_position 626 and length 94: Movement -1 not in dictionary
Passed for start_position 626 and length 96
Passed for start_position 626 and length 98
Passed for start_position 626 and length 100
Passed for start_position 627 and length 2
Passed for start_position 627 and length 4
Passed for start_position 627 and length 6
Passed for start_position 627 and length 8
Passed for start_position 627 and length 10
Passed for start_position 627 and length 12
Passed for start_position 627 and length 14
Passed for start_position 627 and length 16
Passed for start_position 627 and length 18
Passed for start_position 627 and length 20
Passed for start_position 627 and length 22
Passed for start_position 627 and length 24
Passed for start_position 627 and length 26
Passed for start_position 627 and length 28
Passed for start_position 627 and length 30
Passed for start_position 627 and length 32
Passed for start_position 627 and length 34
Passed for start_position 627 and length 36
Passed for start_position 627 and length 38
Passed for start_position 627 and length 40
Passed for start_position 627 and length 42
Passed for start_position 627 and length 44
Passed for start_position 627 and length 46
Passed for start_position 627 and length 48
Passed for start_position 627 and length 50
Passed for start_position 627 and length 52
Passed for start_position 627 and length 54
Passed for start_position 627 and length 56
Passed for start_position 627 and length 58
Passed for start_position 627 and length 60
Passed for start_position 627 and length 62
Passed for start_position 627 and length 64
Passed for start_position 627 and length 66
Passed for start_position 627 and length 68
Passed for start_position 627 and length 70
Passed for start_position 627 and length 72
Passed for start_position 627 and length 74
Passed for start_position 627 and length 76
Passed for start_position 627 and length 78
Passed for start_position 627 and length 80
Passed for start_position 627 and length 82
Passed for start_position 627 and length 84
Passed for start_position 627 and length 86
Passed for start_position 627 and length 88
Passed for start_position 627 and length 90
Passed for start_position 627 and length 92
Passed for start_position 627 and length 94
Passed for start_position 627 and length 96
Passed for start_position 627 and length 98
Passed for start_position 627 and length 100
Passed for start_position 628 and length 2
Passed for start_position 628 and length 4
Passed for start_position 628 and length 6
Passed for start_position 628 and length 8
Passed for start_position 628 and length 10
Passed for start_position 628 and length 12
Passed for start_position 628 and length 14
Passed for start_position 628 and length 16
Passed for start_position 628 and length 18
Passed for start_position 628 and length 20
Passed for start_position 628 and length 22
Passed for start_position 628 and length 24
Passed for start_position 628 and length 26
Passed for start_position 628 and length 28
Passed for start_position 628 and length 30
Passed for start_position 628 and length 32
Passed for start_position 628 and length 34
Passed for start_position 628 and length 36
Passed for start_position 628 and length 38
Passed for start_position 628 and length 40
Passed for start_position 628 and length 42
Passed for start_position 628 and length 44
Passed for start_position 628 and length 46
Passed for start_position 628 and length 48
Passed for start_position 628 and length 50
Passed for start_position 628 and length 52
Passed for start_position 628 and length 54
Passed for start_position 628 and length 56
Passed for start_position 628 and length 58
Passed for start_position 628 and length 60
Passed for start_position 628 and length 62
Passed for start_position 628 and length 64
Passed for start_position 628 and length 66
Passed for start_position 628 and length 68
Passed for start_position 628 and length 70
Passed for start_position 628 and length 72
Passed for start_position 628 and length 74
Passed for start_position 628 and length 76
Passed for start_position 628 and length 78
Passed for start_position 628 and length 80
Passed for start_position 628 and length 82
Passed for start_position 628 and length 84
Passed for start_position 628 and length 86
Passed for start_position 628 and length 88
Passed for start_position 628 and length 90
Passed for start_position 628 and length 92
Passed for start_position 628 and length 94
Passed for start_position 628 and length 96
Passed for start_position 628 and length 98
Passed for start_position 628 and length 100
Passed for start_position 629 and length 2
Passed for start_position 629 and length 4
Passed for start_position 629 and length 6
Passed for start_position 629 and length 8
Passed for start_position 629 and length 10
Passed for start_position 629 and length 12
Passed for start_position 629 and length 14
Passed for start_position 629 and length 16
Passed for start_position 629 and length 18
Passed for start_position 629 and length 20
Passed for start_position 629 and length 22
Passed for start_position 629 and length 24
Passed for start_position 629 and length 26
Passed for start_position 629 and length 28
Passed for start_position 629 and length 30
Passed for start_position 629 and length 32
Passed for start_position 629 and length 34
Passed for start_position 629 and length 36
Passed for start_position 629 and length 38
Passed for start_position 629 and length 40
Passed for start_position 629 and length 42
Passed for start_position 629 and length 44
Passed for start_position 629 and length 46
Passed for start_position 629 and length 48
Passed for start_position 629 and length 50
Passed for start_position 629 and length 52
Passed for start_position 629 and length 54
Passed for start_position 629 and length 56
Passed for start_position 629 and length 58
Passed for start_position 629 and length 60
Passed for start_position 629 and length 62
Passed for start_position 629 and length 64
Passed for start_position 629 and length 66
Passed for start_position 629 and length 68
Passed for start_position 629 and length 70
Passed for start_position 629 and length 72
Passed for start_position 629 and length 74
Passed for start_position 629 and length 76
Passed for start_position 629 and length 78
Passed for start_position 629 and length 80
Passed for start_position 629 and length 82
Passed for start_position 629 and length 84
Passed for start_position 629 and length 86
Passed for start_position 629 and length 88
Passed for start_position 629 and length 90
Passed for start_position 629 and length 92
Passed for start_position 629 and length 94
Passed for start_position 629 and length 96
Passed for start_position 629 and length 98
Passed for start_position 629 and length 100
Passed for start_position 630 and length 2
Passed for start_position 630 and length 4
Passed for start_position 630 and length 6
Passed for start_position 630 and length 8
Passed for start_position 630 and length 10
Passed for start_position 630 and length 12
Passed for start_position 630 and length 14
Passed for start_position 630 and length 16
Passed for start_position 630 and length 18
Passed for start_position 630 and length 20
Passed for start_position 630 and length 22
Passed for start_position 630 and length 24
Passed for start_position 630 and length 26
Passed for start_position 630 and length 28
Passed for start_position 630 and length 30
Passed for start_position 630 and length 32
Passed for start_position 630 and length 34
Passed for start_position 630 and length 36
Passed for start_position 630 and length 38
Passed for start_position 630 and length 40
Passed for start_position 630 and length 42
Passed for start_position 630 and length 44
Passed for start_position 630 and length 46
Passed for start_position 630 and length 48
Passed for start_position 630 and length 50
Passed for start_position 630 and length 52
Passed for start_position 630 and length 54
Passed for start_position 630 and length 56
Passed for start_position 630 and length 58
Passed for start_position 630 and length 60
Passed for start_position 630 and length 62
Passed for start_position 630 and length 64
Passed for start_position 630 and length 66
Passed for start_position 630 and length 68
Passed for start_position 630 and length 70
Passed for start_position 630 and length 72
Passed for start_position 630 and length 74
Passed for start_position 630 and length 76
Passed for start_position 630 and length 78
Passed for start_position 630 and length 80
Passed for start_position 630 and length 82
Passed for start_position 630 and length 84
Passed for start_position 630 and length 86
Passed for start_position 630 and length 88
Passed for start_position 630 and length 90
Passed for start_position 630 and length 92
Passed for start_position 630 and length 94
Passed for start_position 630 and length 96
Passed for start_position 630 and length 98
Passed for start_position 630 and length 100
Passed for start_position 631 and length 2
Passed for start_position 631 and length 4
Passed for start_position 631 and length 6
Passed for start_position 631 and length 8
Passed for start_position 631 and length 10
Passed for start_position 631 and length 12
Passed for start_position 631 and length 14
Passed for start_position 631 and length 16
Passed for start_position 631 and length 18
Passed for start_position 631 and length 20
Passed for start_position 631 and length 22
Passed for start_position 631 and length 24
Passed for start_position 631 and length 26
Passed for start_position 631 and length 28
Passed for start_position 631 and length 30
Passed for start_position 631 and length 32
Passed for start_position 631 and length 34
Passed for start_position 631 and length 36
Passed for start_position 631 and length 38
Passed for start_position 631 and length 40
Passed for start_position 631 and length 42
Passed for start_position 631 and length 44
Passed for start_position 631 and length 46
Passed for start_position 631 and length 48
Passed for start_position 631 and length 50
Passed for start_position 631 and length 52
Passed for start_position 631 and length 54
Passed for start_position 631 and length 56
Passed for start_position 631 and length 58
Passed for start_position 631 and length 60
Passed for start_position 631 and length 62
Passed for start_position 631 and length 64
Passed for start_position 631 and length 66
Passed for start_position 631 and length 68
Passed for start_position 631 and length 70
Passed for start_position 631 and length 72
Passed for start_position 631 and length 74
Passed for start_position 631 and length 76
Passed for start_position 631 and length 78
Passed for start_position 631 and length 80
Passed for start_position 631 and length 82
Passed for start_position 631 and length 84
Passed for start_position 631 and length 86
Passed for start_position 631 and length 88
Passed for start_position 631 and length 90
Passed for start_position 631 and length 92
Passed for start_position 631 and length 94
Passed for start_position 631 and length 96
Passed for start_position 631 and length 98
Passed for start_position 631 and length 100
Passed for start_position 632 and length 2
Passed for start_position 632 and length 4
Passed for start_position 632 and length 6
Passed for start_position 632 and length 8
Passed for start_position 632 and length 10
Passed for start_position 632 and length 12
Passed for start_position 632 and length 14
Passed for start_position 632 and length 16
Passed for start_position 632 and length 18
Passed for start_position 632 and length 20
Passed for start_position 632 and length 22
Passed for start_position 632 and length 24
Passed for start_position 632 and length 26
Passed for start_position 632 and length 28
Passed for start_position 632 and length 30
Passed for start_position 632 and length 32
Passed for start_position 632 and length 34
Passed for start_position 632 and length 36
Passed for start_position 632 and length 38
Passed for start_position 632 and length 40
Passed for start_position 632 and length 42
Passed for start_position 632 and length 44
Passed for start_position 632 and length 46
Passed for start_position 632 and length 48
Passed for start_position 632 and length 50
Passed for start_position 632 and length 52
Passed for start_position 632 and length 54
Passed for start_position 632 and length 56
Passed for start_position 632 and length 58
Passed for start_position 632 and length 60
Passed for start_position 632 and length 62
Passed for start_position 632 and length 64
Passed for start_position 632 and length 66
Passed for start_position 632 and length 68
Passed for start_position 632 and length 70
Passed for start_position 632 and length 72
Passed for start_position 632 and length 74
Passed for start_position 632 and length 76
Passed for start_position 632 and length 78
Passed for start_position 632 and length 80
Passed for start_position 632 and length 82
Passed for start_position 632 and length 84
Passed for start_position 632 and length 86
Passed for start_position 632 and length 88
Passed for start_position 632 and length 90
Passed for start_position 632 and length 92
Passed for start_position 632 and length 94
Passed for start_position 632 and length 96
Passed for start_position 632 and length 98
Passed for start_position 632 and length 100
Passed for start_position 633 and length 2
Passed for start_position 633 and length 4
Passed for start_position 633 and length 6
Passed for start_position 633 and length 8
Passed for start_position 633 and length 10
Passed for start_position 633 and length 12
Passed for start_position 633 and length 14
Passed for start_position 633 and length 16
Passed for start_position 633 and length 18
Passed for start_position 633 and length 20
Passed for start_position 633 and length 22
Passed for start_position 633 and length 24
Passed for start_position 633 and length 26
Passed for start_position 633 and length 28
Passed for start_position 633 and length 30
Passed for start_position 633 and length 32
Passed for start_position 633 and length 34
Passed for start_position 633 and length 36
Passed for start_position 633 and length 38
Passed for start_position 633 and length 40
Passed for start_position 633 and length 42
Passed for start_position 633 and length 44
Passed for start_position 633 and length 46
Passed for start_position 633 and length 48
Passed for start_position 633 and length 50
Passed for start_position 633 and length 52
Passed for start_position 633 and length 54
Passed for start_position 633 and length 56
Passed for start_position 633 and length 58
Passed for start_position 633 and length 60
Passed for start_position 633 and length 62
Passed for start_position 633 and length 64
Passed for start_position 633 and length 66
Passed for start_position 633 and length 68
Passed for start_position 633 and length 70
Passed for start_position 633 and length 72
Passed for start_position 633 and length 74
Passed for start_position 633 and length 76
Passed for start_position 633 and length 78
Passed for start_position 633 and length 80
Passed for start_position 633 and length 82
Passed for start_position 633 and length 84
Passed for start_position 633 and length 86
Passed for start_position 633 and length 88
Passed for start_position 633 and length 90
Passed for start_position 633 and length 92
Passed for start_position 633 and length 94
Passed for start_position 633 and length 96
Passed for start_position 633 and length 98
Passed for start_position 633 and length 100
Passed for start_position 634 and length 2
Passed for start_position 634 and length 4
Passed for start_position 634 and length 6
Passed for start_position 634 and length 8
Passed for start_position 634 and length 10
Passed for start_position 634 and length 12
Passed for start_position 634 and length 14
Passed for start_position 634 and length 16
Passed for start_position 634 and length 18
Passed for start_position 634 and length 20
Passed for start_position 634 and length 22
Passed for start_position 634 and length 24
Passed for start_position 634 and length 26
Passed for start_position 634 and length 28
Passed for start_position 634 and length 30
Passed for start_position 634 and length 32
Passed for start_position 634 and length 34
Passed for start_position 634 and length 36
Passed for start_position 634 and length 38
Passed for start_position 634 and length 40
Passed for start_position 634 and length 42
Passed for start_position 634 and length 44
Passed for start_position 634 and length 46
Passed for start_position 634 and length 48
Passed for start_position 634 and length 50
Passed for start_position 634 and length 52
Passed for start_position 634 and length 54
Passed for start_position 634 and length 56
Passed for start_position 634 and length 58
Passed for start_position 634 and length 60
Passed for start_position 634 and length 62
Passed for start_position 634 and length 64
Passed for start_position 634 and length 66
Passed for start_position 634 and length 68
Passed for start_position 634 and length 70
Passed for start_position 634 and length 72
Passed for start_position 634 and length 74
Passed for start_position 634 and length 76
Passed for start_position 634 and length 78
Passed for start_position 634 and length 80
Passed for start_position 634 and length 82
Passed for start_position 634 and length 84
Passed for start_position 634 and length 86
Passed for start_position 634 and length 88
Passed for start_position 634 and length 90
Passed for start_position 634 and length 92
Passed for start_position 634 and length 94
Passed for start_position 634 and length 96
Passed for start_position 634 and length 98
Passed for start_position 634 and length 100
Passed for start_position 635 and length 2
Passed for start_position 635 and length 4
Passed for start_position 635 and length 6
Passed for start_position 635 and length 8
Passed for start_position 635 and length 10
Passed for start_position 635 and length 12
Passed for start_position 635 and length 14
Passed for start_position 635 and length 16
Passed for start_position 635 and length 18
Passed for start_position 635 and length 20
Passed for start_position 635 and length 22
Passed for start_position 635 and length 24
Passed for start_position 635 and length 26
Passed for start_position 635 and length 28
Passed for start_position 635 and length 30
Passed for start_position 635 and length 32
Passed for start_position 635 and length 34
Passed for start_position 635 and length 36
Passed for start_position 635 and length 38
Passed for start_position 635 and length 40
Passed for start_position 635 and length 42
Passed for start_position 635 and length 44
Passed for start_position 635 and length 46
Passed for start_position 635 and length 48
Passed for start_position 635 and length 50
Passed for start_position 635 and length 52
Passed for start_position 635 and length 54
Passed for start_position 635 and length 56
Passed for start_position 635 and length 58
Passed for start_position 635 and length 60
Passed for start_position 635 and length 62
Passed for start_position 635 and length 64
Passed for start_position 635 and length 66
Passed for start_position 635 and length 68
Passed for start_position 635 and length 70
Passed for start_position 635 and length 72
Passed for start_position 635 and length 74
Passed for start_position 635 and length 76
Passed for start_position 635 and length 78
Passed for start_position 635 and length 80
Passed for start_position 635 and length 82
Passed for start_position 635 and length 84
Passed for start_position 635 and length 86
Passed for start_position 635 and length 88
Passed for start_position 635 and length 90
Passed for start_position 635 and length 92
Passed for start_position 635 and length 94
Passed for start_position 635 and length 96
Passed for start_position 635 and length 98
Passed for start_position 635 and length 100
Passed for start_position 636 and length 2
Passed for start_position 636 and length 4
Passed for start_position 636 and length 6
Passed for start_position 636 and length 8
Passed for start_position 636 and length 10
Passed for start_position 636 and length 12
Passed for start_position 636 and length 14
Passed for start_position 636 and length 16
Passed for start_position 636 and length 18
Passed for start_position 636 and length 20
Passed for start_position 636 and length 22
Passed for start_position 636 and length 24
Passed for start_position 636 and length 26
Passed for start_position 636 and length 28
Passed for start_position 636 and length 30
Passed for start_position 636 and length 32
Passed for start_position 636 and length 34
Passed for start_position 636 and length 36
Passed for start_position 636 and length 38
Passed for start_position 636 and length 40
Passed for start_position 636 and length 42
Passed for start_position 636 and length 44
Passed for start_position 636 and length 46
Passed for start_position 636 and length 48
Passed for start_position 636 and length 50
Passed for start_position 636 and length 52
Passed for start_position 636 and length 54
Passed for start_position 636 and length 56
Passed for start_position 636 and length 58
Passed for start_position 636 and length 60
Passed for start_position 636 and length 62
Passed for start_position 636 and length 64
Passed for start_position 636 and length 66
Passed for start_position 636 and length 68
Passed for start_position 636 and length 70
Passed for start_position 636 and length 72
Passed for start_position 636 and length 74
Passed for start_position 636 and length 76
Passed for start_position 636 and length 78
Passed for start_position 636 and length 80
Passed for start_position 636 and length 82
Passed for start_position 636 and length 84
Passed for start_position 636 and length 86
Passed for start_position 636 and length 88
Passed for start_position 636 and length 90
Passed for start_position 636 and length 92
Passed for start_position 636 and length 94
Passed for start_position 636 and length 96
Passed for start_position 636 and length 98
Passed for start_position 636 and length 100
Error for start_position 637 and length 2: Movement 1 not in dictionary
Passed for start_position 637 and length 4
Passed for start_position 637 and length 6
Passed for start_position 637 and length 8
Passed for start_position 637 and length 10
Error for start_position 637 and length 12: Movement 1 not in dictionary
Passed for start_position 637 and length 14
Error for start_position 637 and length 16: Movement 1 not in dictionary
Passed for start_position 637 and length 18
Error for start_position 637 and length 20: Movement 1 not in dictionary
Passed for start_position 637 and length 22
Passed for start_position 637 and length 24
Passed for start_position 637 and length 26
Passed for start_position 637 and length 28
Passed for start_position 637 and length 30
Passed for start_position 637 and length 32
Passed for start_position 637 and length 34
Passed for start_position 637 and length 36
Error for start_position 637 and length 38: Movement 1 not in dictionary
Passed for start_position 637 and length 40
Error for start_position 637 and length 42: Movement -1 not in dictionary
Passed for start_position 637 and length 44
Passed for start_position 637 and length 46
Passed for start_position 637 and length 48
Error for start_position 637 and length 50: Movement 1 not in dictionary
Passed for start_position 637 and length 52
Passed for start_position 637 and length 54
Error for start_position 637 and length 56: Movement -1 not in dictionary
Error for start_position 637 and length 58: Movement -1 not in dictionary
Passed for start_position 637 and length 60
Error for start_position 637 and length 62: Movement 1 not in dictionary
Error for start_position 637 and length 64: Movement 1 not in dictionary
Error for start_position 637 and length 66: Movement -1 not in dictionary
Error for start_position 637 and length 68: Movement -1 not in dictionary
Passed for start_position 637 and length 70
Error for start_position 637 and length 72: Movement 1 not in dictionary
Error for start_position 637 and length 74: Movement 1 not in dictionary
Passed for start_position 637 and length 76
Passed for start_position 637 and length 78
Error for start_position 637 and length 80: Movement -1 not in dictionary
Error for start_position 637 and length 82: Movement 1 not in dictionary
Passed for start_position 637 and length 84
Passed for start_position 637 and length 86
Error for start_position 637 and length 88: Movement -1 not in dictionary
Error for start_position 637 and length 90: Movement -1 not in dictionary
Passed for start_position 637 and length 92
Passed for start_position 637 and length 94
Error for start_position 637 and length 96: Movement 1 not in dictionary
Error for start_position 637 and length 98: Movement -1 not in dictionary
Error for start_position 637 and length 100: Movement -1 not in dictionary
Passed for start_position 638 and length 2
Passed for start_position 638 and length 4
Passed for start_position 638 and length 6
Passed for start_position 638 and length 8
Passed for start_position 638 and length 10
Passed for start_position 638 and length 12
Passed for start_position 638 and length 14
Passed for start_position 638 and length 16
Passed for start_position 638 and length 18
Passed for start_position 638 and length 20
Passed for start_position 638 and length 22
Passed for start_position 638 and length 24
Passed for start_position 638 and length 26
Passed for start_position 638 and length 28
Passed for start_position 638 and length 30
Passed for start_position 638 and length 32
Passed for start_position 638 and length 34
Passed for start_position 638 and length 36
Passed for start_position 638 and length 38
Passed for start_position 638 and length 40
Passed for start_position 638 and length 42
Passed for start_position 638 and length 44
Passed for start_position 638 and length 46
Passed for start_position 638 and length 48
Passed for start_position 638 and length 50
Passed for start_position 638 and length 52
Passed for start_position 638 and length 54
Passed for start_position 638 and length 56
Passed for start_position 638 and length 58
Passed for start_position 638 and length 60
Passed for start_position 638 and length 62
Passed for start_position 638 and length 64
Passed for start_position 638 and length 66
Passed for start_position 638 and length 68
Passed for start_position 638 and length 70
Passed for start_position 638 and length 72
Passed for start_position 638 and length 74
Passed for start_position 638 and length 76
Passed for start_position 638 and length 78
Passed for start_position 638 and length 80
Passed for start_position 638 and length 82
Passed for start_position 638 and length 84
Passed for start_position 638 and length 86
Passed for start_position 638 and length 88
Passed for start_position 638 and length 90
Passed for start_position 638 and length 92
Passed for start_position 638 and length 94
Passed for start_position 638 and length 96
Passed for start_position 638 and length 98
Passed for start_position 638 and length 100
Passed for start_position 639 and length 2
Passed for start_position 639 and length 4
Passed for start_position 639 and length 6
Passed for start_position 639 and length 8
Passed for start_position 639 and length 10
Passed for start_position 639 and length 12
Passed for start_position 639 and length 14
Passed for start_position 639 and length 16
Passed for start_position 639 and length 18
Passed for start_position 639 and length 20
Passed for start_position 639 and length 22
Passed for start_position 639 and length 24
Passed for start_position 639 and length 26
Passed for start_position 639 and length 28
Passed for start_position 639 and length 30
Passed for start_position 639 and length 32
Passed for start_position 639 and length 34
Passed for start_position 639 and length 36
Passed for start_position 639 and length 38
Passed for start_position 639 and length 40
Passed for start_position 639 and length 42
Passed for start_position 639 and length 44
Passed for start_position 639 and length 46
Passed for start_position 639 and length 48
Passed for start_position 639 and length 50
Passed for start_position 639 and length 52
Passed for start_position 639 and length 54
Passed for start_position 639 and length 56
Passed for start_position 639 and length 58
Passed for start_position 639 and length 60
Passed for start_position 639 and length 62
Passed for start_position 639 and length 64
Passed for start_position 639 and length 66
Passed for start_position 639 and length 68
Passed for start_position 639 and length 70
Passed for start_position 639 and length 72
Passed for start_position 639 and length 74
Passed for start_position 639 and length 76
Passed for start_position 639 and length 78
Passed for start_position 639 and length 80
Passed for start_position 639 and length 82
Passed for start_position 639 and length 84
Passed for start_position 639 and length 86
Passed for start_position 639 and length 88
Passed for start_position 639 and length 90
Passed for start_position 639 and length 92
Passed for start_position 639 and length 94
Passed for start_position 639 and length 96
Passed for start_position 639 and length 98
Passed for start_position 639 and length 100
Passed for start_position 640 and length 2
Passed for start_position 640 and length 4
Passed for start_position 640 and length 6
Passed for start_position 640 and length 8
Passed for start_position 640 and length 10
Passed for start_position 640 and length 12
Passed for start_position 640 and length 14
Passed for start_position 640 and length 16
Passed for start_position 640 and length 18
Passed for start_position 640 and length 20
Passed for start_position 640 and length 22
Passed for start_position 640 and length 24
Passed for start_position 640 and length 26
Passed for start_position 640 and length 28
Passed for start_position 640 and length 30
Passed for start_position 640 and length 32
Passed for start_position 640 and length 34
Passed for start_position 640 and length 36
Passed for start_position 640 and length 38
Passed for start_position 640 and length 40
Passed for start_position 640 and length 42
Passed for start_position 640 and length 44
Passed for start_position 640 and length 46
Passed for start_position 640 and length 48
Passed for start_position 640 and length 50
Passed for start_position 640 and length 52
Passed for start_position 640 and length 54
Passed for start_position 640 and length 56
Passed for start_position 640 and length 58
Passed for start_position 640 and length 60
Passed for start_position 640 and length 62
Passed for start_position 640 and length 64
Passed for start_position 640 and length 66
Passed for start_position 640 and length 68
Passed for start_position 640 and length 70
Passed for start_position 640 and length 72
Passed for start_position 640 and length 74
Passed for start_position 640 and length 76
Passed for start_position 640 and length 78
Passed for start_position 640 and length 80
Passed for start_position 640 and length 82
Passed for start_position 640 and length 84
Passed for start_position 640 and length 86
Passed for start_position 640 and length 88
Passed for start_position 640 and length 90
Passed for start_position 640 and length 92
Passed for start_position 640 and length 94
Passed for start_position 640 and length 96
Passed for start_position 640 and length 98
Passed for start_position 640 and length 100
Passed for start_position 641 and length 2
Passed for start_position 641 and length 4
Passed for start_position 641 and length 6
Passed for start_position 641 and length 8
Passed for start_position 641 and length 10
Passed for start_position 641 and length 12
Passed for start_position 641 and length 14
Passed for start_position 641 and length 16
Passed for start_position 641 and length 18
Passed for start_position 641 and length 20
Passed for start_position 641 and length 22
Passed for start_position 641 and length 24
Passed for start_position 641 and length 26
Passed for start_position 641 and length 28
Passed for start_position 641 and length 30
Passed for start_position 641 and length 32
Passed for start_position 641 and length 34
Passed for start_position 641 and length 36
Passed for start_position 641 and length 38
Passed for start_position 641 and length 40
Passed for start_position 641 and length 42
Passed for start_position 641 and length 44
Passed for start_position 641 and length 46
Passed for start_position 641 and length 48
Passed for start_position 641 and length 50
Passed for start_position 641 and length 52
Passed for start_position 641 and length 54
Passed for start_position 641 and length 56
Passed for start_position 641 and length 58
Passed for start_position 641 and length 60
Passed for start_position 641 and length 62
Passed for start_position 641 and length 64
Passed for start_position 641 and length 66
Passed for start_position 641 and length 68
Passed for start_position 641 and length 70
Passed for start_position 641 and length 72
Passed for start_position 641 and length 74
Passed for start_position 641 and length 76
Passed for start_position 641 and length 78
Passed for start_position 641 and length 80
Passed for start_position 641 and length 82
Passed for start_position 641 and length 84
Passed for start_position 641 and length 86
Passed for start_position 641 and length 88
Passed for start_position 641 and length 90
Passed for start_position 641 and length 92
Passed for start_position 641 and length 94
Passed for start_position 641 and length 96
Passed for start_position 641 and length 98
Passed for start_position 641 and length 100
Passed for start_position 642 and length 2
Passed for start_position 642 and length 4
Passed for start_position 642 and length 6
Passed for start_position 642 and length 8
Passed for start_position 642 and length 10
Passed for start_position 642 and length 12
Passed for start_position 642 and length 14
Passed for start_position 642 and length 16
Passed for start_position 642 and length 18
Passed for start_position 642 and length 20
Passed for start_position 642 and length 22
Passed for start_position 642 and length 24
Passed for start_position 642 and length 26
Passed for start_position 642 and length 28
Passed for start_position 642 and length 30
Passed for start_position 642 and length 32
Passed for start_position 642 and length 34
Passed for start_position 642 and length 36
Passed for start_position 642 and length 38
Passed for start_position 642 and length 40
Passed for start_position 642 and length 42
Passed for start_position 642 and length 44
Passed for start_position 642 and length 46
Passed for start_position 642 and length 48
Passed for start_position 642 and length 50
Passed for start_position 642 and length 52
Passed for start_position 642 and length 54
Passed for start_position 642 and length 56
Passed for start_position 642 and length 58
Passed for start_position 642 and length 60
Passed for start_position 642 and length 62
Passed for start_position 642 and length 64
Passed for start_position 642 and length 66
Passed for start_position 642 and length 68
Passed for start_position 642 and length 70
Passed for start_position 642 and length 72
Passed for start_position 642 and length 74
Passed for start_position 642 and length 76
Passed for start_position 642 and length 78
Passed for start_position 642 and length 80
Passed for start_position 642 and length 82
Passed for start_position 642 and length 84
Passed for start_position 642 and length 86
Passed for start_position 642 and length 88
Passed for start_position 642 and length 90
Passed for start_position 642 and length 92
Passed for start_position 642 and length 94
Passed for start_position 642 and length 96
Passed for start_position 642 and length 98
Passed for start_position 642 and length 100
Passed for start_position 643 and length 2
Passed for start_position 643 and length 4
Passed for start_position 643 and length 6
Passed for start_position 643 and length 8
Passed for start_position 643 and length 10
Passed for start_position 643 and length 12
Passed for start_position 643 and length 14
Passed for start_position 643 and length 16
Passed for start_position 643 and length 18
Passed for start_position 643 and length 20
Passed for start_position 643 and length 22
Passed for start_position 643 and length 24
Passed for start_position 643 and length 26
Passed for start_position 643 and length 28
Passed for start_position 643 and length 30
Passed for start_position 643 and length 32
Passed for start_position 643 and length 34
Passed for start_position 643 and length 36
Passed for start_position 643 and length 38
Passed for start_position 643 and length 40
Passed for start_position 643 and length 42
Passed for start_position 643 and length 44
Passed for start_position 643 and length 46
Passed for start_position 643 and length 48
Passed for start_position 643 and length 50
Passed for start_position 643 and length 52
Passed for start_position 643 and length 54
Passed for start_position 643 and length 56
Passed for start_position 643 and length 58
Passed for start_position 643 and length 60
Passed for start_position 643 and length 62
Passed for start_position 643 and length 64
Passed for start_position 643 and length 66
Passed for start_position 643 and length 68
Passed for start_position 643 and length 70
Passed for start_position 643 and length 72
Passed for start_position 643 and length 74
Passed for start_position 643 and length 76
Passed for start_position 643 and length 78
Passed for start_position 643 and length 80
Passed for start_position 643 and length 82
Passed for start_position 643 and length 84
Passed for start_position 643 and length 86
Passed for start_position 643 and length 88
Passed for start_position 643 and length 90
Passed for start_position 643 and length 92
Passed for start_position 643 and length 94
Passed for start_position 643 and length 96
Passed for start_position 643 and length 98
Passed for start_position 643 and length 100
Passed for start_position 644 and length 2
Passed for start_position 644 and length 4
Passed for start_position 644 and length 6
Passed for start_position 644 and length 8
Passed for start_position 644 and length 10
Passed for start_position 644 and length 12
Passed for start_position 644 and length 14
Passed for start_position 644 and length 16
Passed for start_position 644 and length 18
Passed for start_position 644 and length 20
Passed for start_position 644 and length 22
Passed for start_position 644 and length 24
Passed for start_position 644 and length 26
Passed for start_position 644 and length 28
Passed for start_position 644 and length 30
Passed for start_position 644 and length 32
Passed for start_position 644 and length 34
Passed for start_position 644 and length 36
Passed for start_position 644 and length 38
Passed for start_position 644 and length 40
Passed for start_position 644 and length 42
Passed for start_position 644 and length 44
Passed for start_position 644 and length 46
Passed for start_position 644 and length 48
Passed for start_position 644 and length 50
Passed for start_position 644 and length 52
Passed for start_position 644 and length 54
Passed for start_position 644 and length 56
Passed for start_position 644 and length 58
Passed for start_position 644 and length 60
Passed for start_position 644 and length 62
Passed for start_position 644 and length 64
Passed for start_position 644 and length 66
Passed for start_position 644 and length 68
Passed for start_position 644 and length 70
Passed for start_position 644 and length 72
Passed for start_position 644 and length 74
Passed for start_position 644 and length 76
Passed for start_position 644 and length 78
Passed for start_position 644 and length 80
Passed for start_position 644 and length 82
Passed for start_position 644 and length 84
Passed for start_position 644 and length 86
Passed for start_position 644 and length 88
Passed for start_position 644 and length 90
Passed for start_position 644 and length 92
Passed for start_position 644 and length 94
Passed for start_position 644 and length 96
Passed for start_position 644 and length 98
Passed for start_position 644 and length 100
Error for start_position 645 and length 2: Movement 1 not in dictionary
Passed for start_position 645 and length 4
Passed for start_position 645 and length 6
Error for start_position 645 and length 8: Movement 1 not in dictionary
Passed for start_position 645 and length 10
Error for start_position 645 and length 12: Movement 1 not in dictionary
Passed for start_position 645 and length 14
Passed for start_position 645 and length 16
Passed for start_position 645 and length 18
Error for start_position 645 and length 20: Movement 1 not in dictionary
Passed for start_position 645 and length 22
Error for start_position 645 and length 24: Movement 1 not in dictionary
Error for start_position 645 and length 26: Movement 1 not in dictionary
Passed for start_position 645 and length 28
Passed for start_position 645 and length 30
Error for start_position 645 and length 32: Movement -1 not in dictionary
Error for start_position 645 and length 34: Movement -1 not in dictionary
Error for start_position 645 and length 36: Movement -1 not in dictionary
Error for start_position 645 and length 38: Movement -1 not in dictionary
Error for start_position 645 and length 40: Movement 1 not in dictionary
Error for start_position 645 and length 42: Movement -1 not in dictionary
Error for start_position 645 and length 44: Movement 1 not in dictionary
Passed for start_position 645 and length 46
Error for start_position 645 and length 48: Movement 1 not in dictionary
Passed for start_position 645 and length 50
Error for start_position 645 and length 52: Movement -1 not in dictionary
Error for start_position 645 and length 54: Movement 1 not in dictionary
Error for start_position 645 and length 56: Movement -1 not in dictionary
Passed for start_position 645 and length 58
Passed for start_position 645 and length 60
Error for start_position 645 and length 62: Movement -1 not in dictionary
Passed for start_position 645 and length 64
Passed for start_position 645 and length 66
Error for start_position 645 and length 68: Movement 1 not in dictionary
Error for start_position 645 and length 70: Movement -1 not in dictionary
Passed for start_position 645 and length 72
Error for start_position 645 and length 74: Movement -1 not in dictionary
Error for start_position 645 and length 76: Movement -1 not in dictionary
Passed for start_position 645 and length 78
Error for start_position 645 and length 80: Movement -1 not in dictionary
Passed for start_position 645 and length 82
Passed for start_position 645 and length 84
Error for start_position 645 and length 86: Movement -1 not in dictionary
Error for start_position 645 and length 88: Movement 1 not in dictionary
Passed for start_position 645 and length 90
Passed for start_position 645 and length 92
Passed for start_position 645 and length 94
Error for start_position 645 and length 96: Movement 1 not in dictionary
Error for start_position 645 and length 98: Movement 1 not in dictionary
Error for start_position 645 and length 100: Movement -1 not in dictionary
Passed for start_position 646 and length 2
Passed for start_position 646 and length 4
Passed for start_position 646 and length 6
Passed for start_position 646 and length 8
Passed for start_position 646 and length 10
Passed for start_position 646 and length 12
Passed for start_position 646 and length 14
Passed for start_position 646 and length 16
Passed for start_position 646 and length 18
Passed for start_position 646 and length 20
Passed for start_position 646 and length 22
Passed for start_position 646 and length 24
Passed for start_position 646 and length 26
Passed for start_position 646 and length 28
Passed for start_position 646 and length 30
Passed for start_position 646 and length 32
Passed for start_position 646 and length 34
Passed for start_position 646 and length 36
Passed for start_position 646 and length 38
Passed for start_position 646 and length 40
Passed for start_position 646 and length 42
Passed for start_position 646 and length 44
Passed for start_position 646 and length 46
Passed for start_position 646 and length 48
Passed for start_position 646 and length 50
Passed for start_position 646 and length 52
Passed for start_position 646 and length 54
Passed for start_position 646 and length 56
Passed for start_position 646 and length 58
Passed for start_position 646 and length 60
Passed for start_position 646 and length 62
Passed for start_position 646 and length 64
Passed for start_position 646 and length 66
Passed for start_position 646 and length 68
Passed for start_position 646 and length 70
Passed for start_position 646 and length 72
Passed for start_position 646 and length 74
Passed for start_position 646 and length 76
Passed for start_position 646 and length 78
Passed for start_position 646 and length 80
Passed for start_position 646 and length 82
Passed for start_position 646 and length 84
Passed for start_position 646 and length 86
Passed for start_position 646 and length 88
Passed for start_position 646 and length 90
Passed for start_position 646 and length 92
Passed for start_position 646 and length 94
Passed for start_position 646 and length 96
Passed for start_position 646 and length 98
Passed for start_position 646 and length 100
Passed for start_position 647 and length 2
Error for start_position 647 and length 4: Movement -1 not in dictionary
Error for start_position 647 and length 6: Movement -1 not in dictionary
Passed for start_position 647 and length 8
Passed for start_position 647 and length 10
Passed for start_position 647 and length 12
Passed for start_position 647 and length 14
Passed for start_position 647 and length 16
Error for start_position 647 and length 18: Movement -1 not in dictionary
Error for start_position 647 and length 20: Movement 1 not in dictionary
Error for start_position 647 and length 22: Movement 1 not in dictionary
Error for start_position 647 and length 24: Movement -1 not in dictionary
Error for start_position 647 and length 26: Movement 1 not in dictionary
Passed for start_position 647 and length 28
Passed for start_position 647 and length 30
Passed for start_position 647 and length 32
Error for start_position 647 and length 34: Movement -1 not in dictionary
Error for start_position 647 and length 36: Movement 1 not in dictionary
Error for start_position 647 and length 38: Movement 1 not in dictionary
Passed for start_position 647 and length 40
Passed for start_position 647 and length 42
Passed for start_position 647 and length 44
Passed for start_position 647 and length 46
Passed for start_position 647 and length 48
Passed for start_position 647 and length 50
Passed for start_position 647 and length 52
Error for start_position 647 and length 54: Movement -1 not in dictionary
Passed for start_position 647 and length 56
Passed for start_position 647 and length 58
Passed for start_position 647 and length 60
Passed for start_position 647 and length 62
Error for start_position 647 and length 64: Movement 1 not in dictionary
Passed for start_position 647 and length 66
Passed for start_position 647 and length 68
Error for start_position 647 and length 70: Movement 1 not in dictionary
Passed for start_position 647 and length 72
Error for start_position 647 and length 74: Movement -1 not in dictionary
Error for start_position 647 and length 76: Movement 1 not in dictionary
Passed for start_position 647 and length 78
Passed for start_position 647 and length 80
Passed for start_position 647 and length 82
Passed for start_position 647 and length 84
Passed for start_position 647 and length 86
Passed for start_position 647 and length 88
Passed for start_position 647 and length 90
Error for start_position 647 and length 92: Movement -1 not in dictionary
Error for start_position 647 and length 94: Movement -1 not in dictionary
Passed for start_position 647 and length 96
Passed for start_position 647 and length 98
Passed for start_position 647 and length 100
Passed for start_position 648 and length 2
Passed for start_position 648 and length 4
Passed for start_position 648 and length 6
Passed for start_position 648 and length 8
Passed for start_position 648 and length 10
Passed for start_position 648 and length 12
Passed for start_position 648 and length 14
Passed for start_position 648 and length 16
Passed for start_position 648 and length 18
Passed for start_position 648 and length 20
Passed for start_position 648 and length 22
Passed for start_position 648 and length 24
Passed for start_position 648 and length 26
Passed for start_position 648 and length 28
Passed for start_position 648 and length 30
Passed for start_position 648 and length 32
Passed for start_position 648 and length 34
Passed for start_position 648 and length 36
Passed for start_position 648 and length 38
Passed for start_position 648 and length 40
Passed for start_position 648 and length 42
Passed for start_position 648 and length 44
Passed for start_position 648 and length 46
Passed for start_position 648 and length 48
Passed for start_position 648 and length 50
Passed for start_position 648 and length 52
Passed for start_position 648 and length 54
Passed for start_position 648 and length 56
Passed for start_position 648 and length 58
Passed for start_position 648 and length 60
Passed for start_position 648 and length 62
Passed for start_position 648 and length 64
Passed for start_position 648 and length 66
Passed for start_position 648 and length 68
Passed for start_position 648 and length 70
Passed for start_position 648 and length 72
Passed for start_position 648 and length 74
Passed for start_position 648 and length 76
Passed for start_position 648 and length 78
Passed for start_position 648 and length 80
Passed for start_position 648 and length 82
Passed for start_position 648 and length 84
Passed for start_position 648 and length 86
Passed for start_position 648 and length 88
Passed for start_position 648 and length 90
Passed for start_position 648 and length 92
Passed for start_position 648 and length 94
Passed for start_position 648 and length 96
Passed for start_position 648 and length 98
Passed for start_position 648 and length 100
Passed for start_position 649 and length 2
Passed for start_position 649 and length 4
Passed for start_position 649 and length 6
Passed for start_position 649 and length 8
Passed for start_position 649 and length 10
Passed for start_position 649 and length 12
Passed for start_position 649 and length 14
Passed for start_position 649 and length 16
Passed for start_position 649 and length 18
Passed for start_position 649 and length 20
Passed for start_position 649 and length 22
Passed for start_position 649 and length 24
Passed for start_position 649 and length 26
Passed for start_position 649 and length 28
Passed for start_position 649 and length 30
Passed for start_position 649 and length 32
Passed for start_position 649 and length 34
Passed for start_position 649 and length 36
Passed for start_position 649 and length 38
Passed for start_position 649 and length 40
Passed for start_position 649 and length 42
Passed for start_position 649 and length 44
Passed for start_position 649 and length 46
Passed for start_position 649 and length 48
Passed for start_position 649 and length 50
Passed for start_position 649 and length 52
Passed for start_position 649 and length 54
Passed for start_position 649 and length 56
Passed for start_position 649 and length 58
Passed for start_position 649 and length 60
Passed for start_position 649 and length 62
Passed for start_position 649 and length 64
Passed for start_position 649 and length 66
Passed for start_position 649 and length 68
Passed for start_position 649 and length 70
Passed for start_position 649 and length 72
Passed for start_position 649 and length 74
Passed for start_position 649 and length 76
Passed for start_position 649 and length 78
Passed for start_position 649 and length 80
Passed for start_position 649 and length 82
Passed for start_position 649 and length 84
Passed for start_position 649 and length 86
Passed for start_position 649 and length 88
Passed for start_position 649 and length 90
Passed for start_position 649 and length 92
Passed for start_position 649 and length 94
Passed for start_position 649 and length 96
Passed for start_position 649 and length 98
Passed for start_position 649 and length 100
Passed for start_position 650 and length 2
Passed for start_position 650 and length 4
Passed for start_position 650 and length 6
Passed for start_position 650 and length 8
Passed for start_position 650 and length 10
Passed for start_position 650 and length 12
Passed for start_position 650 and length 14
Passed for start_position 650 and length 16
Passed for start_position 650 and length 18
Passed for start_position 650 and length 20
Passed for start_position 650 and length 22
Passed for start_position 650 and length 24
Passed for start_position 650 and length 26
Passed for start_position 650 and length 28
Passed for start_position 650 and length 30
Passed for start_position 650 and length 32
Passed for start_position 650 and length 34
Passed for start_position 650 and length 36
Passed for start_position 650 and length 38
Passed for start_position 650 and length 40
Passed for start_position 650 and length 42
Passed for start_position 650 and length 44
Passed for start_position 650 and length 46
Passed for start_position 650 and length 48
Passed for start_position 650 and length 50
Passed for start_position 650 and length 52
Passed for start_position 650 and length 54
Passed for start_position 650 and length 56
Passed for start_position 650 and length 58
Passed for start_position 650 and length 60
Passed for start_position 650 and length 62
Passed for start_position 650 and length 64
Passed for start_position 650 and length 66
Passed for start_position 650 and length 68
Passed for start_position 650 and length 70
Passed for start_position 650 and length 72
Passed for start_position 650 and length 74
Passed for start_position 650 and length 76
Passed for start_position 650 and length 78
Passed for start_position 650 and length 80
Passed for start_position 650 and length 82
Passed for start_position 650 and length 84
Passed for start_position 650 and length 86
Passed for start_position 650 and length 88
Passed for start_position 650 and length 90
Passed for start_position 650 and length 92
Passed for start_position 650 and length 94
Passed for start_position 650 and length 96
Passed for start_position 650 and length 98
Passed for start_position 650 and length 100
Passed for start_position 651 and length 2
Passed for start_position 651 and length 4
Passed for start_position 651 and length 6
Passed for start_position 651 and length 8
Passed for start_position 651 and length 10
Passed for start_position 651 and length 12
Passed for start_position 651 and length 14
Passed for start_position 651 and length 16
Passed for start_position 651 and length 18
Passed for start_position 651 and length 20
Passed for start_position 651 and length 22
Passed for start_position 651 and length 24
Passed for start_position 651 and length 26
Passed for start_position 651 and length 28
Passed for start_position 651 and length 30
Passed for start_position 651 and length 32
Passed for start_position 651 and length 34
Passed for start_position 651 and length 36
Passed for start_position 651 and length 38
Passed for start_position 651 and length 40
Passed for start_position 651 and length 42
Passed for start_position 651 and length 44
Passed for start_position 651 and length 46
Passed for start_position 651 and length 48
Passed for start_position 651 and length 50
Passed for start_position 651 and length 52
Passed for start_position 651 and length 54
Passed for start_position 651 and length 56
Passed for start_position 651 and length 58
Passed for start_position 651 and length 60
Passed for start_position 651 and length 62
Passed for start_position 651 and length 64
Passed for start_position 651 and length 66
Passed for start_position 651 and length 68
Passed for start_position 651 and length 70
Passed for start_position 651 and length 72
Passed for start_position 651 and length 74
Passed for start_position 651 and length 76
Passed for start_position 651 and length 78
Passed for start_position 651 and length 80
Passed for start_position 651 and length 82
Passed for start_position 651 and length 84
Passed for start_position 651 and length 86
Passed for start_position 651 and length 88
Passed for start_position 651 and length 90
Passed for start_position 651 and length 92
Passed for start_position 651 and length 94
Passed for start_position 651 and length 96
Passed for start_position 651 and length 98
Passed for start_position 651 and length 100
Passed for start_position 652 and length 2
Passed for start_position 652 and length 4
Passed for start_position 652 and length 6
Passed for start_position 652 and length 8
Passed for start_position 652 and length 10
Passed for start_position 652 and length 12
Passed for start_position 652 and length 14
Passed for start_position 652 and length 16
Passed for start_position 652 and length 18
Passed for start_position 652 and length 20
Passed for start_position 652 and length 22
Passed for start_position 652 and length 24
Passed for start_position 652 and length 26
Passed for start_position 652 and length 28
Passed for start_position 652 and length 30
Passed for start_position 652 and length 32
Passed for start_position 652 and length 34
Passed for start_position 652 and length 36
Passed for start_position 652 and length 38
Passed for start_position 652 and length 40
Passed for start_position 652 and length 42
Passed for start_position 652 and length 44
Passed for start_position 652 and length 46
Passed for start_position 652 and length 48
Passed for start_position 652 and length 50
Passed for start_position 652 and length 52
Passed for start_position 652 and length 54
Passed for start_position 652 and length 56
Passed for start_position 652 and length 58
Passed for start_position 652 and length 60
Passed for start_position 652 and length 62
Passed for start_position 652 and length 64
Passed for start_position 652 and length 66
Passed for start_position 652 and length 68
Passed for start_position 652 and length 70
Passed for start_position 652 and length 72
Passed for start_position 652 and length 74
Passed for start_position 652 and length 76
Passed for start_position 652 and length 78
Passed for start_position 652 and length 80
Passed for start_position 652 and length 82
Passed for start_position 652 and length 84
Passed for start_position 652 and length 86
Passed for start_position 652 and length 88
Passed for start_position 652 and length 90
Passed for start_position 652 and length 92
Passed for start_position 652 and length 94
Passed for start_position 652 and length 96
Passed for start_position 652 and length 98
Passed for start_position 652 and length 100
Passed for start_position 653 and length 2
Passed for start_position 653 and length 4
Passed for start_position 653 and length 6
Passed for start_position 653 and length 8
Passed for start_position 653 and length 10
Passed for start_position 653 and length 12
Passed for start_position 653 and length 14
Passed for start_position 653 and length 16
Passed for start_position 653 and length 18
Passed for start_position 653 and length 20
Passed for start_position 653 and length 22
Passed for start_position 653 and length 24
Passed for start_position 653 and length 26
Passed for start_position 653 and length 28
Passed for start_position 653 and length 30
Passed for start_position 653 and length 32
Passed for start_position 653 and length 34
Passed for start_position 653 and length 36
Passed for start_position 653 and length 38
Passed for start_position 653 and length 40
Passed for start_position 653 and length 42
Passed for start_position 653 and length 44
Passed for start_position 653 and length 46
Passed for start_position 653 and length 48
Passed for start_position 653 and length 50
Passed for start_position 653 and length 52
Passed for start_position 653 and length 54
Passed for start_position 653 and length 56
Passed for start_position 653 and length 58
Passed for start_position 653 and length 60
Passed for start_position 653 and length 62
Passed for start_position 653 and length 64
Passed for start_position 653 and length 66
Passed for start_position 653 and length 68
Passed for start_position 653 and length 70
Passed for start_position 653 and length 72
Passed for start_position 653 and length 74
Passed for start_position 653 and length 76
Passed for start_position 653 and length 78
Passed for start_position 653 and length 80
Passed for start_position 653 and length 82
Passed for start_position 653 and length 84
Passed for start_position 653 and length 86
Passed for start_position 653 and length 88
Passed for start_position 653 and length 90
Passed for start_position 653 and length 92
Passed for start_position 653 and length 94
Passed for start_position 653 and length 96
Passed for start_position 653 and length 98
Passed for start_position 653 and length 100
Passed for start_position 654 and length 2
Passed for start_position 654 and length 4
Passed for start_position 654 and length 6
Passed for start_position 654 and length 8
Passed for start_position 654 and length 10
Passed for start_position 654 and length 12
Passed for start_position 654 and length 14
Passed for start_position 654 and length 16
Passed for start_position 654 and length 18
Passed for start_position 654 and length 20
Passed for start_position 654 and length 22
Passed for start_position 654 and length 24
Passed for start_position 654 and length 26
Passed for start_position 654 and length 28
Passed for start_position 654 and length 30
Passed for start_position 654 and length 32
Passed for start_position 654 and length 34
Passed for start_position 654 and length 36
Passed for start_position 654 and length 38
Passed for start_position 654 and length 40
Passed for start_position 654 and length 42
Passed for start_position 654 and length 44
Passed for start_position 654 and length 46
Passed for start_position 654 and length 48
Passed for start_position 654 and length 50
Passed for start_position 654 and length 52
Passed for start_position 654 and length 54
Passed for start_position 654 and length 56
Passed for start_position 654 and length 58
Passed for start_position 654 and length 60
Passed for start_position 654 and length 62
Passed for start_position 654 and length 64
Passed for start_position 654 and length 66
Passed for start_position 654 and length 68
Passed for start_position 654 and length 70
Passed for start_position 654 and length 72
Passed for start_position 654 and length 74
Passed for start_position 654 and length 76
Passed for start_position 654 and length 78
Passed for start_position 654 and length 80
Passed for start_position 654 and length 82
Passed for start_position 654 and length 84
Passed for start_position 654 and length 86
Passed for start_position 654 and length 88
Passed for start_position 654 and length 90
Passed for start_position 654 and length 92
Passed for start_position 654 and length 94
Passed for start_position 654 and length 96
Passed for start_position 654 and length 98
Passed for start_position 654 and length 100
Passed for start_position 655 and length 2
Passed for start_position 655 and length 4
Passed for start_position 655 and length 6
Passed for start_position 655 and length 8
Passed for start_position 655 and length 10
Passed for start_position 655 and length 12
Passed for start_position 655 and length 14
Passed for start_position 655 and length 16
Passed for start_position 655 and length 18
Passed for start_position 655 and length 20
Passed for start_position 655 and length 22
Passed for start_position 655 and length 24
Passed for start_position 655 and length 26
Passed for start_position 655 and length 28
Passed for start_position 655 and length 30
Passed for start_position 655 and length 32
Passed for start_position 655 and length 34
Passed for start_position 655 and length 36
Passed for start_position 655 and length 38
Passed for start_position 655 and length 40
Passed for start_position 655 and length 42
Passed for start_position 655 and length 44
Passed for start_position 655 and length 46
Passed for start_position 655 and length 48
Passed for start_position 655 and length 50
Passed for start_position 655 and length 52
Passed for start_position 655 and length 54
Passed for start_position 655 and length 56
Passed for start_position 655 and length 58
Passed for start_position 655 and length 60
Passed for start_position 655 and length 62
Passed for start_position 655 and length 64
Passed for start_position 655 and length 66
Passed for start_position 655 and length 68
Passed for start_position 655 and length 70
Passed for start_position 655 and length 72
Passed for start_position 655 and length 74
Passed for start_position 655 and length 76
Passed for start_position 655 and length 78
Passed for start_position 655 and length 80
Passed for start_position 655 and length 82
Passed for start_position 655 and length 84
Passed for start_position 655 and length 86
Passed for start_position 655 and length 88
Passed for start_position 655 and length 90
Passed for start_position 655 and length 92
Passed for start_position 655 and length 94
Passed for start_position 655 and length 96
Passed for start_position 655 and length 98
Passed for start_position 655 and length 100
Passed for start_position 656 and length 2
Passed for start_position 656 and length 4
Passed for start_position 656 and length 6
Passed for start_position 656 and length 8
Passed for start_position 656 and length 10
Passed for start_position 656 and length 12
Passed for start_position 656 and length 14
Passed for start_position 656 and length 16
Passed for start_position 656 and length 18
Passed for start_position 656 and length 20
Passed for start_position 656 and length 22
Passed for start_position 656 and length 24
Passed for start_position 656 and length 26
Passed for start_position 656 and length 28
Passed for start_position 656 and length 30
Passed for start_position 656 and length 32
Passed for start_position 656 and length 34
Passed for start_position 656 and length 36
Passed for start_position 656 and length 38
Passed for start_position 656 and length 40
Passed for start_position 656 and length 42
Passed for start_position 656 and length 44
Passed for start_position 656 and length 46
Passed for start_position 656 and length 48
Passed for start_position 656 and length 50
Passed for start_position 656 and length 52
Passed for start_position 656 and length 54
Passed for start_position 656 and length 56
Passed for start_position 656 and length 58
Passed for start_position 656 and length 60
Passed for start_position 656 and length 62
Passed for start_position 656 and length 64
Passed for start_position 656 and length 66
Passed for start_position 656 and length 68
Passed for start_position 656 and length 70
Passed for start_position 656 and length 72
Passed for start_position 656 and length 74
Passed for start_position 656 and length 76
Passed for start_position 656 and length 78
Passed for start_position 656 and length 80
Passed for start_position 656 and length 82
Passed for start_position 656 and length 84
Passed for start_position 656 and length 86
Passed for start_position 656 and length 88
Passed for start_position 656 and length 90
Passed for start_position 656 and length 92
Passed for start_position 656 and length 94
Passed for start_position 656 and length 96
Passed for start_position 656 and length 98
Passed for start_position 656 and length 100
Passed for start_position 657 and length 2
Passed for start_position 657 and length 4
Passed for start_position 657 and length 6
Passed for start_position 657 and length 8
Passed for start_position 657 and length 10
Passed for start_position 657 and length 12
Passed for start_position 657 and length 14
Passed for start_position 657 and length 16
Passed for start_position 657 and length 18
Passed for start_position 657 and length 20
Passed for start_position 657 and length 22
Passed for start_position 657 and length 24
Passed for start_position 657 and length 26
Passed for start_position 657 and length 28
Passed for start_position 657 and length 30
Passed for start_position 657 and length 32
Passed for start_position 657 and length 34
Passed for start_position 657 and length 36
Passed for start_position 657 and length 38
Passed for start_position 657 and length 40
Passed for start_position 657 and length 42
Passed for start_position 657 and length 44
Passed for start_position 657 and length 46
Passed for start_position 657 and length 48
Passed for start_position 657 and length 50
Passed for start_position 657 and length 52
Passed for start_position 657 and length 54
Passed for start_position 657 and length 56
Passed for start_position 657 and length 58
Passed for start_position 657 and length 60
Passed for start_position 657 and length 62
Passed for start_position 657 and length 64
Passed for start_position 657 and length 66
Passed for start_position 657 and length 68
Passed for start_position 657 and length 70
Passed for start_position 657 and length 72
Passed for start_position 657 and length 74
Passed for start_position 657 and length 76
Passed for start_position 657 and length 78
Passed for start_position 657 and length 80
Passed for start_position 657 and length 82
Passed for start_position 657 and length 84
Passed for start_position 657 and length 86
Passed for start_position 657 and length 88
Passed for start_position 657 and length 90
Passed for start_position 657 and length 92
Passed for start_position 657 and length 94
Passed for start_position 657 and length 96
Passed for start_position 657 and length 98
Passed for start_position 657 and length 100
Passed for start_position 658 and length 2
Passed for start_position 658 and length 4
Passed for start_position 658 and length 6
Passed for start_position 658 and length 8
Passed for start_position 658 and length 10
Passed for start_position 658 and length 12
Passed for start_position 658 and length 14
Passed for start_position 658 and length 16
Passed for start_position 658 and length 18
Passed for start_position 658 and length 20
Passed for start_position 658 and length 22
Passed for start_position 658 and length 24
Passed for start_position 658 and length 26
Passed for start_position 658 and length 28
Passed for start_position 658 and length 30
Passed for start_position 658 and length 32
Passed for start_position 658 and length 34
Passed for start_position 658 and length 36
Passed for start_position 658 and length 38
Passed for start_position 658 and length 40
Passed for start_position 658 and length 42
Passed for start_position 658 and length 44
Passed for start_position 658 and length 46
Passed for start_position 658 and length 48
Passed for start_position 658 and length 50
Passed for start_position 658 and length 52
Passed for start_position 658 and length 54
Passed for start_position 658 and length 56
Passed for start_position 658 and length 58
Passed for start_position 658 and length 60
Passed for start_position 658 and length 62
Passed for start_position 658 and length 64
Passed for start_position 658 and length 66
Passed for start_position 658 and length 68
Passed for start_position 658 and length 70
Passed for start_position 658 and length 72
Passed for start_position 658 and length 74
Passed for start_position 658 and length 76
Passed for start_position 658 and length 78
Passed for start_position 658 and length 80
Passed for start_position 658 and length 82
Passed for start_position 658 and length 84
Passed for start_position 658 and length 86
Passed for start_position 658 and length 88
Passed for start_position 658 and length 90
Passed for start_position 658 and length 92
Passed for start_position 658 and length 94
Passed for start_position 658 and length 96
Passed for start_position 658 and length 98
Passed for start_position 658 and length 100
Passed for start_position 659 and length 2
Passed for start_position 659 and length 4
Passed for start_position 659 and length 6
Passed for start_position 659 and length 8
Passed for start_position 659 and length 10
Passed for start_position 659 and length 12
Passed for start_position 659 and length 14
Passed for start_position 659 and length 16
Passed for start_position 659 and length 18
Passed for start_position 659 and length 20
Passed for start_position 659 and length 22
Passed for start_position 659 and length 24
Passed for start_position 659 and length 26
Passed for start_position 659 and length 28
Passed for start_position 659 and length 30
Passed for start_position 659 and length 32
Passed for start_position 659 and length 34
Passed for start_position 659 and length 36
Passed for start_position 659 and length 38
Passed for start_position 659 and length 40
Passed for start_position 659 and length 42
Passed for start_position 659 and length 44
Passed for start_position 659 and length 46
Passed for start_position 659 and length 48
Passed for start_position 659 and length 50
Passed for start_position 659 and length 52
Passed for start_position 659 and length 54
Passed for start_position 659 and length 56
Passed for start_position 659 and length 58
Passed for start_position 659 and length 60
Passed for start_position 659 and length 62
Passed for start_position 659 and length 64
Passed for start_position 659 and length 66
Passed for start_position 659 and length 68
Passed for start_position 659 and length 70
Passed for start_position 659 and length 72
Passed for start_position 659 and length 74
Passed for start_position 659 and length 76
Passed for start_position 659 and length 78
Passed for start_position 659 and length 80
Passed for start_position 659 and length 82
Passed for start_position 659 and length 84
Passed for start_position 659 and length 86
Passed for start_position 659 and length 88
Passed for start_position 659 and length 90
Passed for start_position 659 and length 92
Passed for start_position 659 and length 94
Passed for start_position 659 and length 96
Passed for start_position 659 and length 98
Passed for start_position 659 and length 100
Passed for start_position 660 and length 2
Passed for start_position 660 and length 4
Passed for start_position 660 and length 6
Passed for start_position 660 and length 8
Passed for start_position 660 and length 10
Passed for start_position 660 and length 12
Passed for start_position 660 and length 14
Passed for start_position 660 and length 16
Passed for start_position 660 and length 18
Passed for start_position 660 and length 20
Passed for start_position 660 and length 22
Passed for start_position 660 and length 24
Passed for start_position 660 and length 26
Passed for start_position 660 and length 28
Passed for start_position 660 and length 30
Passed for start_position 660 and length 32
Passed for start_position 660 and length 34
Passed for start_position 660 and length 36
Passed for start_position 660 and length 38
Passed for start_position 660 and length 40
Passed for start_position 660 and length 42
Passed for start_position 660 and length 44
Passed for start_position 660 and length 46
Passed for start_position 660 and length 48
Passed for start_position 660 and length 50
Passed for start_position 660 and length 52
Passed for start_position 660 and length 54
Passed for start_position 660 and length 56
Passed for start_position 660 and length 58
Passed for start_position 660 and length 60
Passed for start_position 660 and length 62
Passed for start_position 660 and length 64
Passed for start_position 660 and length 66
Passed for start_position 660 and length 68
Passed for start_position 660 and length 70
Passed for start_position 660 and length 72
Passed for start_position 660 and length 74
Passed for start_position 660 and length 76
Passed for start_position 660 and length 78
Passed for start_position 660 and length 80
Passed for start_position 660 and length 82
Passed for start_position 660 and length 84
Passed for start_position 660 and length 86
Passed for start_position 660 and length 88
Passed for start_position 660 and length 90
Passed for start_position 660 and length 92
Passed for start_position 660 and length 94
Passed for start_position 660 and length 96
Passed for start_position 660 and length 98
Passed for start_position 660 and length 100
Passed for start_position 661 and length 2
Passed for start_position 661 and length 4
Passed for start_position 661 and length 6
Passed for start_position 661 and length 8
Passed for start_position 661 and length 10
Passed for start_position 661 and length 12
Passed for start_position 661 and length 14
Passed for start_position 661 and length 16
Passed for start_position 661 and length 18
Passed for start_position 661 and length 20
Passed for start_position 661 and length 22
Passed for start_position 661 and length 24
Passed for start_position 661 and length 26
Passed for start_position 661 and length 28
Passed for start_position 661 and length 30
Passed for start_position 661 and length 32
Passed for start_position 661 and length 34
Passed for start_position 661 and length 36
Passed for start_position 661 and length 38
Passed for start_position 661 and length 40
Passed for start_position 661 and length 42
Passed for start_position 661 and length 44
Passed for start_position 661 and length 46
Passed for start_position 661 and length 48
Passed for start_position 661 and length 50
Passed for start_position 661 and length 52
Passed for start_position 661 and length 54
Passed for start_position 661 and length 56
Passed for start_position 661 and length 58
Passed for start_position 661 and length 60
Passed for start_position 661 and length 62
Passed for start_position 661 and length 64
Passed for start_position 661 and length 66
Passed for start_position 661 and length 68
Passed for start_position 661 and length 70
Passed for start_position 661 and length 72
Passed for start_position 661 and length 74
Passed for start_position 661 and length 76
Passed for start_position 661 and length 78
Passed for start_position 661 and length 80
Passed for start_position 661 and length 82
Passed for start_position 661 and length 84
Passed for start_position 661 and length 86
Passed for start_position 661 and length 88
Passed for start_position 661 and length 90
Passed for start_position 661 and length 92
Passed for start_position 661 and length 94
Passed for start_position 661 and length 96
Passed for start_position 661 and length 98
Passed for start_position 661 and length 100
Passed for start_position 662 and length 2
Passed for start_position 662 and length 4
Passed for start_position 662 and length 6
Passed for start_position 662 and length 8
Passed for start_position 662 and length 10
Passed for start_position 662 and length 12
Passed for start_position 662 and length 14
Passed for start_position 662 and length 16
Passed for start_position 662 and length 18
Passed for start_position 662 and length 20
Passed for start_position 662 and length 22
Passed for start_position 662 and length 24
Passed for start_position 662 and length 26
Passed for start_position 662 and length 28
Passed for start_position 662 and length 30
Passed for start_position 662 and length 32
Passed for start_position 662 and length 34
Passed for start_position 662 and length 36
Passed for start_position 662 and length 38
Passed for start_position 662 and length 40
Passed for start_position 662 and length 42
Passed for start_position 662 and length 44
Passed for start_position 662 and length 46
Passed for start_position 662 and length 48
Passed for start_position 662 and length 50
Passed for start_position 662 and length 52
Passed for start_position 662 and length 54
Passed for start_position 662 and length 56
Passed for start_position 662 and length 58
Passed for start_position 662 and length 60
Passed for start_position 662 and length 62
Passed for start_position 662 and length 64
Passed for start_position 662 and length 66
Passed for start_position 662 and length 68
Passed for start_position 662 and length 70
Passed for start_position 662 and length 72
Passed for start_position 662 and length 74
Passed for start_position 662 and length 76
Passed for start_position 662 and length 78
Passed for start_position 662 and length 80
Passed for start_position 662 and length 82
Passed for start_position 662 and length 84
Passed for start_position 662 and length 86
Passed for start_position 662 and length 88
Passed for start_position 662 and length 90
Passed for start_position 662 and length 92
Passed for start_position 662 and length 94
Passed for start_position 662 and length 96
Passed for start_position 662 and length 98
Passed for start_position 662 and length 100
Passed for start_position 663 and length 2
Passed for start_position 663 and length 4
Passed for start_position 663 and length 6
Passed for start_position 663 and length 8
Passed for start_position 663 and length 10
Passed for start_position 663 and length 12
Passed for start_position 663 and length 14
Passed for start_position 663 and length 16
Passed for start_position 663 and length 18
Passed for start_position 663 and length 20
Passed for start_position 663 and length 22
Passed for start_position 663 and length 24
Passed for start_position 663 and length 26
Passed for start_position 663 and length 28
Passed for start_position 663 and length 30
Passed for start_position 663 and length 32
Passed for start_position 663 and length 34
Passed for start_position 663 and length 36
Passed for start_position 663 and length 38
Passed for start_position 663 and length 40
Passed for start_position 663 and length 42
Passed for start_position 663 and length 44
Passed for start_position 663 and length 46
Passed for start_position 663 and length 48
Passed for start_position 663 and length 50
Passed for start_position 663 and length 52
Passed for start_position 663 and length 54
Passed for start_position 663 and length 56
Passed for start_position 663 and length 58
Passed for start_position 663 and length 60
Passed for start_position 663 and length 62
Passed for start_position 663 and length 64
Passed for start_position 663 and length 66
Passed for start_position 663 and length 68
Passed for start_position 663 and length 70
Passed for start_position 663 and length 72
Passed for start_position 663 and length 74
Passed for start_position 663 and length 76
Passed for start_position 663 and length 78
Passed for start_position 663 and length 80
Passed for start_position 663 and length 82
Passed for start_position 663 and length 84
Passed for start_position 663 and length 86
Passed for start_position 663 and length 88
Passed for start_position 663 and length 90
Passed for start_position 663 and length 92
Passed for start_position 663 and length 94
Passed for start_position 663 and length 96
Passed for start_position 663 and length 98
Passed for start_position 663 and length 100
Passed for start_position 664 and length 2
Passed for start_position 664 and length 4
Passed for start_position 664 and length 6
Passed for start_position 664 and length 8
Passed for start_position 664 and length 10
Passed for start_position 664 and length 12
Passed for start_position 664 and length 14
Passed for start_position 664 and length 16
Passed for start_position 664 and length 18
Passed for start_position 664 and length 20
Passed for start_position 664 and length 22
Passed for start_position 664 and length 24
Passed for start_position 664 and length 26
Passed for start_position 664 and length 28
Passed for start_position 664 and length 30
Passed for start_position 664 and length 32
Passed for start_position 664 and length 34
Passed for start_position 664 and length 36
Passed for start_position 664 and length 38
Passed for start_position 664 and length 40
Passed for start_position 664 and length 42
Passed for start_position 664 and length 44
Passed for start_position 664 and length 46
Passed for start_position 664 and length 48
Passed for start_position 664 and length 50
Passed for start_position 664 and length 52
Passed for start_position 664 and length 54
Passed for start_position 664 and length 56
Passed for start_position 664 and length 58
Passed for start_position 664 and length 60
Passed for start_position 664 and length 62
Passed for start_position 664 and length 64
Passed for start_position 664 and length 66
Passed for start_position 664 and length 68
Passed for start_position 664 and length 70
Passed for start_position 664 and length 72
Passed for start_position 664 and length 74
Passed for start_position 664 and length 76
Passed for start_position 664 and length 78
Passed for start_position 664 and length 80
Passed for start_position 664 and length 82
Passed for start_position 664 and length 84
Passed for start_position 664 and length 86
Passed for start_position 664 and length 88
Passed for start_position 664 and length 90
Passed for start_position 664 and length 92
Passed for start_position 664 and length 94
Passed for start_position 664 and length 96
Passed for start_position 664 and length 98
Passed for start_position 664 and length 100
Passed for start_position 665 and length 2
Passed for start_position 665 and length 4
Passed for start_position 665 and length 6
Passed for start_position 665 and length 8
Passed for start_position 665 and length 10
Passed for start_position 665 and length 12
Passed for start_position 665 and length 14
Passed for start_position 665 and length 16
Passed for start_position 665 and length 18
Passed for start_position 665 and length 20
Passed for start_position 665 and length 22
Passed for start_position 665 and length 24
Passed for start_position 665 and length 26
Passed for start_position 665 and length 28
Passed for start_position 665 and length 30
Passed for start_position 665 and length 32
Passed for start_position 665 and length 34
Passed for start_position 665 and length 36
Passed for start_position 665 and length 38
Passed for start_position 665 and length 40
Passed for start_position 665 and length 42
Passed for start_position 665 and length 44
Passed for start_position 665 and length 46
Passed for start_position 665 and length 48
Passed for start_position 665 and length 50
Passed for start_position 665 and length 52
Passed for start_position 665 and length 54
Passed for start_position 665 and length 56
Passed for start_position 665 and length 58
Passed for start_position 665 and length 60
Passed for start_position 665 and length 62
Passed for start_position 665 and length 64
Passed for start_position 665 and length 66
Passed for start_position 665 and length 68
Passed for start_position 665 and length 70
Passed for start_position 665 and length 72
Passed for start_position 665 and length 74
Passed for start_position 665 and length 76
Passed for start_position 665 and length 78
Passed for start_position 665 and length 80
Passed for start_position 665 and length 82
Passed for start_position 665 and length 84
Passed for start_position 665 and length 86
Passed for start_position 665 and length 88
Passed for start_position 665 and length 90
Passed for start_position 665 and length 92
Passed for start_position 665 and length 94
Passed for start_position 665 and length 96
Passed for start_position 665 and length 98
Passed for start_position 665 and length 100
Passed for start_position 666 and length 2
Passed for start_position 666 and length 4
Passed for start_position 666 and length 6
Passed for start_position 666 and length 8
Passed for start_position 666 and length 10
Passed for start_position 666 and length 12
Passed for start_position 666 and length 14
Passed for start_position 666 and length 16
Passed for start_position 666 and length 18
Passed for start_position 666 and length 20
Passed for start_position 666 and length 22
Passed for start_position 666 and length 24
Passed for start_position 666 and length 26
Passed for start_position 666 and length 28
Passed for start_position 666 and length 30
Passed for start_position 666 and length 32
Passed for start_position 666 and length 34
Passed for start_position 666 and length 36
Passed for start_position 666 and length 38
Passed for start_position 666 and length 40
Passed for start_position 666 and length 42
Passed for start_position 666 and length 44
Passed for start_position 666 and length 46
Passed for start_position 666 and length 48
Passed for start_position 666 and length 50
Passed for start_position 666 and length 52
Passed for start_position 666 and length 54
Passed for start_position 666 and length 56
Passed for start_position 666 and length 58
Passed for start_position 666 and length 60
Passed for start_position 666 and length 62
Passed for start_position 666 and length 64
Passed for start_position 666 and length 66
Passed for start_position 666 and length 68
Passed for start_position 666 and length 70
Passed for start_position 666 and length 72
Passed for start_position 666 and length 74
Passed for start_position 666 and length 76
Passed for start_position 666 and length 78
Passed for start_position 666 and length 80
Passed for start_position 666 and length 82
Passed for start_position 666 and length 84
Passed for start_position 666 and length 86
Passed for start_position 666 and length 88
Passed for start_position 666 and length 90
Passed for start_position 666 and length 92
Passed for start_position 666 and length 94
Passed for start_position 666 and length 96
Passed for start_position 666 and length 98
Passed for start_position 666 and length 100
Passed for start_position 667 and length 2
Passed for start_position 667 and length 4
Passed for start_position 667 and length 6
Passed for start_position 667 and length 8
Passed for start_position 667 and length 10
Passed for start_position 667 and length 12
Passed for start_position 667 and length 14
Passed for start_position 667 and length 16
Passed for start_position 667 and length 18
Passed for start_position 667 and length 20
Passed for start_position 667 and length 22
Passed for start_position 667 and length 24
Passed for start_position 667 and length 26
Passed for start_position 667 and length 28
Passed for start_position 667 and length 30
Passed for start_position 667 and length 32
Passed for start_position 667 and length 34
Passed for start_position 667 and length 36
Passed for start_position 667 and length 38
Passed for start_position 667 and length 40
Passed for start_position 667 and length 42
Passed for start_position 667 and length 44
Passed for start_position 667 and length 46
Passed for start_position 667 and length 48
Passed for start_position 667 and length 50
Passed for start_position 667 and length 52
Passed for start_position 667 and length 54
Passed for start_position 667 and length 56
Passed for start_position 667 and length 58
Passed for start_position 667 and length 60
Passed for start_position 667 and length 62
Passed for start_position 667 and length 64
Passed for start_position 667 and length 66
Passed for start_position 667 and length 68
Passed for start_position 667 and length 70
Passed for start_position 667 and length 72
Passed for start_position 667 and length 74
Passed for start_position 667 and length 76
Passed for start_position 667 and length 78
Passed for start_position 667 and length 80
Passed for start_position 667 and length 82
Passed for start_position 667 and length 84
Passed for start_position 667 and length 86
Passed for start_position 667 and length 88
Passed for start_position 667 and length 90
Passed for start_position 667 and length 92
Passed for start_position 667 and length 94
Passed for start_position 667 and length 96
Passed for start_position 667 and length 98
Passed for start_position 667 and length 100
Passed for start_position 668 and length 2
Passed for start_position 668 and length 4
Passed for start_position 668 and length 6
Passed for start_position 668 and length 8
Passed for start_position 668 and length 10
Passed for start_position 668 and length 12
Passed for start_position 668 and length 14
Passed for start_position 668 and length 16
Passed for start_position 668 and length 18
Passed for start_position 668 and length 20
Passed for start_position 668 and length 22
Passed for start_position 668 and length 24
Passed for start_position 668 and length 26
Passed for start_position 668 and length 28
Passed for start_position 668 and length 30
Passed for start_position 668 and length 32
Passed for start_position 668 and length 34
Passed for start_position 668 and length 36
Passed for start_position 668 and length 38
Passed for start_position 668 and length 40
Passed for start_position 668 and length 42
Passed for start_position 668 and length 44
Passed for start_position 668 and length 46
Passed for start_position 668 and length 48
Passed for start_position 668 and length 50
Passed for start_position 668 and length 52
Passed for start_position 668 and length 54
Passed for start_position 668 and length 56
Passed for start_position 668 and length 58
Passed for start_position 668 and length 60
Passed for start_position 668 and length 62
Passed for start_position 668 and length 64
Passed for start_position 668 and length 66
Passed for start_position 668 and length 68
Passed for start_position 668 and length 70
Passed for start_position 668 and length 72
Passed for start_position 668 and length 74
Passed for start_position 668 and length 76
Passed for start_position 668 and length 78
Passed for start_position 668 and length 80
Passed for start_position 668 and length 82
Passed for start_position 668 and length 84
Passed for start_position 668 and length 86
Passed for start_position 668 and length 88
Passed for start_position 668 and length 90
Passed for start_position 668 and length 92
Passed for start_position 668 and length 94
Passed for start_position 668 and length 96
Passed for start_position 668 and length 98
Passed for start_position 668 and length 100
Passed for start_position 669 and length 2
Passed for start_position 669 and length 4
Passed for start_position 669 and length 6
Passed for start_position 669 and length 8
Passed for start_position 669 and length 10
Passed for start_position 669 and length 12
Passed for start_position 669 and length 14
Passed for start_position 669 and length 16
Passed for start_position 669 and length 18
Passed for start_position 669 and length 20
Passed for start_position 669 and length 22
Passed for start_position 669 and length 24
Passed for start_position 669 and length 26
Passed for start_position 669 and length 28
Passed for start_position 669 and length 30
Passed for start_position 669 and length 32
Passed for start_position 669 and length 34
Passed for start_position 669 and length 36
Passed for start_position 669 and length 38
Passed for start_position 669 and length 40
Passed for start_position 669 and length 42
Passed for start_position 669 and length 44
Passed for start_position 669 and length 46
Passed for start_position 669 and length 48
Passed for start_position 669 and length 50
Passed for start_position 669 and length 52
Passed for start_position 669 and length 54
Passed for start_position 669 and length 56
Passed for start_position 669 and length 58
Passed for start_position 669 and length 60
Passed for start_position 669 and length 62
Passed for start_position 669 and length 64
Passed for start_position 669 and length 66
Passed for start_position 669 and length 68
Passed for start_position 669 and length 70
Passed for start_position 669 and length 72
Passed for start_position 669 and length 74
Passed for start_position 669 and length 76
Passed for start_position 669 and length 78
Passed for start_position 669 and length 80
Passed for start_position 669 and length 82
Passed for start_position 669 and length 84
Passed for start_position 669 and length 86
Passed for start_position 669 and length 88
Passed for start_position 669 and length 90
Passed for start_position 669 and length 92
Passed for start_position 669 and length 94
Passed for start_position 669 and length 96
Passed for start_position 669 and length 98
Passed for start_position 669 and length 100
Passed for start_position 670 and length 2
Passed for start_position 670 and length 4
Passed for start_position 670 and length 6
Passed for start_position 670 and length 8
Passed for start_position 670 and length 10
Passed for start_position 670 and length 12
Passed for start_position 670 and length 14
Passed for start_position 670 and length 16
Passed for start_position 670 and length 18
Passed for start_position 670 and length 20
Passed for start_position 670 and length 22
Passed for start_position 670 and length 24
Passed for start_position 670 and length 26
Passed for start_position 670 and length 28
Passed for start_position 670 and length 30
Passed for start_position 670 and length 32
Passed for start_position 670 and length 34
Passed for start_position 670 and length 36
Passed for start_position 670 and length 38
Passed for start_position 670 and length 40
Passed for start_position 670 and length 42
Passed for start_position 670 and length 44
Passed for start_position 670 and length 46
Passed for start_position 670 and length 48
Passed for start_position 670 and length 50
Passed for start_position 670 and length 52
Passed for start_position 670 and length 54
Passed for start_position 670 and length 56
Passed for start_position 670 and length 58
Passed for start_position 670 and length 60
Passed for start_position 670 and length 62
Passed for start_position 670 and length 64
Passed for start_position 670 and length 66
Passed for start_position 670 and length 68
Passed for start_position 670 and length 70
Passed for start_position 670 and length 72
Passed for start_position 670 and length 74
Passed for start_position 670 and length 76
Passed for start_position 670 and length 78
Passed for start_position 670 and length 80
Passed for start_position 670 and length 82
Passed for start_position 670 and length 84
Passed for start_position 670 and length 86
Passed for start_position 670 and length 88
Passed for start_position 670 and length 90
Passed for start_position 670 and length 92
Passed for start_position 670 and length 94
Passed for start_position 670 and length 96
Passed for start_position 670 and length 98
Passed for start_position 670 and length 100
Passed for start_position 671 and length 2
Passed for start_position 671 and length 4
Passed for start_position 671 and length 6
Passed for start_position 671 and length 8
Passed for start_position 671 and length 10
Passed for start_position 671 and length 12
Passed for start_position 671 and length 14
Passed for start_position 671 and length 16
Passed for start_position 671 and length 18
Passed for start_position 671 and length 20
Passed for start_position 671 and length 22
Passed for start_position 671 and length 24
Passed for start_position 671 and length 26
Passed for start_position 671 and length 28
Passed for start_position 671 and length 30
Passed for start_position 671 and length 32
Passed for start_position 671 and length 34
Passed for start_position 671 and length 36
Passed for start_position 671 and length 38
Passed for start_position 671 and length 40
Passed for start_position 671 and length 42
Passed for start_position 671 and length 44
Passed for start_position 671 and length 46
Passed for start_position 671 and length 48
Passed for start_position 671 and length 50
Passed for start_position 671 and length 52
Passed for start_position 671 and length 54
Passed for start_position 671 and length 56
Passed for start_position 671 and length 58
Passed for start_position 671 and length 60
Passed for start_position 671 and length 62
Passed for start_position 671 and length 64
Passed for start_position 671 and length 66
Passed for start_position 671 and length 68
Passed for start_position 671 and length 70
Passed for start_position 671 and length 72
Passed for start_position 671 and length 74
Passed for start_position 671 and length 76
Passed for start_position 671 and length 78
Passed for start_position 671 and length 80
Passed for start_position 671 and length 82
Passed for start_position 671 and length 84
Passed for start_position 671 and length 86
Passed for start_position 671 and length 88
Passed for start_position 671 and length 90
Passed for start_position 671 and length 92
Passed for start_position 671 and length 94
Passed for start_position 671 and length 96
Passed for start_position 671 and length 98
Passed for start_position 671 and length 100
Passed for start_position 672 and length 2
Passed for start_position 672 and length 4
Passed for start_position 672 and length 6
Passed for start_position 672 and length 8
Passed for start_position 672 and length 10
Passed for start_position 672 and length 12
Passed for start_position 672 and length 14
Passed for start_position 672 and length 16
Passed for start_position 672 and length 18
Passed for start_position 672 and length 20
Passed for start_position 672 and length 22
Passed for start_position 672 and length 24
Passed for start_position 672 and length 26
Passed for start_position 672 and length 28
Passed for start_position 672 and length 30
Passed for start_position 672 and length 32
Passed for start_position 672 and length 34
Passed for start_position 672 and length 36
Passed for start_position 672 and length 38
Passed for start_position 672 and length 40
Passed for start_position 672 and length 42
Passed for start_position 672 and length 44
Passed for start_position 672 and length 46
Passed for start_position 672 and length 48
Passed for start_position 672 and length 50
Passed for start_position 672 and length 52
Passed for start_position 672 and length 54
Passed for start_position 672 and length 56
Passed for start_position 672 and length 58
Passed for start_position 672 and length 60
Passed for start_position 672 and length 62
Passed for start_position 672 and length 64
Passed for start_position 672 and length 66
Passed for start_position 672 and length 68
Passed for start_position 672 and length 70
Passed for start_position 672 and length 72
Passed for start_position 672 and length 74
Passed for start_position 672 and length 76
Passed for start_position 672 and length 78
Passed for start_position 672 and length 80
Passed for start_position 672 and length 82
Passed for start_position 672 and length 84
Passed for start_position 672 and length 86
Passed for start_position 672 and length 88
Passed for start_position 672 and length 90
Passed for start_position 672 and length 92
Passed for start_position 672 and length 94
Passed for start_position 672 and length 96
Passed for start_position 672 and length 98
Passed for start_position 672 and length 100
Passed for start_position 673 and length 2
Passed for start_position 673 and length 4
Passed for start_position 673 and length 6
Passed for start_position 673 and length 8
Passed for start_position 673 and length 10
Passed for start_position 673 and length 12
Passed for start_position 673 and length 14
Passed for start_position 673 and length 16
Passed for start_position 673 and length 18
Passed for start_position 673 and length 20
Passed for start_position 673 and length 22
Passed for start_position 673 and length 24
Passed for start_position 673 and length 26
Passed for start_position 673 and length 28
Passed for start_position 673 and length 30
Passed for start_position 673 and length 32
Passed for start_position 673 and length 34
Passed for start_position 673 and length 36
Passed for start_position 673 and length 38
Passed for start_position 673 and length 40
Passed for start_position 673 and length 42
Passed for start_position 673 and length 44
Passed for start_position 673 and length 46
Passed for start_position 673 and length 48
Passed for start_position 673 and length 50
Passed for start_position 673 and length 52
Passed for start_position 673 and length 54
Passed for start_position 673 and length 56
Passed for start_position 673 and length 58
Passed for start_position 673 and length 60
Passed for start_position 673 and length 62
Passed for start_position 673 and length 64
Passed for start_position 673 and length 66
Passed for start_position 673 and length 68
Passed for start_position 673 and length 70
Passed for start_position 673 and length 72
Passed for start_position 673 and length 74
Passed for start_position 673 and length 76
Passed for start_position 673 and length 78
Passed for start_position 673 and length 80
Passed for start_position 673 and length 82
Passed for start_position 673 and length 84
Passed for start_position 673 and length 86
Passed for start_position 673 and length 88
Passed for start_position 673 and length 90
Passed for start_position 673 and length 92
Passed for start_position 673 and length 94
Passed for start_position 673 and length 96
Passed for start_position 673 and length 98
Passed for start_position 673 and length 100
Passed for start_position 674 and length 2
Passed for start_position 674 and length 4
Passed for start_position 674 and length 6
Passed for start_position 674 and length 8
Passed for start_position 674 and length 10
Passed for start_position 674 and length 12
Passed for start_position 674 and length 14
Passed for start_position 674 and length 16
Passed for start_position 674 and length 18
Passed for start_position 674 and length 20
Passed for start_position 674 and length 22
Passed for start_position 674 and length 24
Passed for start_position 674 and length 26
Passed for start_position 674 and length 28
Passed for start_position 674 and length 30
Passed for start_position 674 and length 32
Passed for start_position 674 and length 34
Passed for start_position 674 and length 36
Passed for start_position 674 and length 38
Passed for start_position 674 and length 40
Passed for start_position 674 and length 42
Passed for start_position 674 and length 44
Passed for start_position 674 and length 46
Passed for start_position 674 and length 48
Passed for start_position 674 and length 50
Passed for start_position 674 and length 52
Passed for start_position 674 and length 54
Passed for start_position 674 and length 56
Passed for start_position 674 and length 58
Passed for start_position 674 and length 60
Passed for start_position 674 and length 62
Passed for start_position 674 and length 64
Passed for start_position 674 and length 66
Passed for start_position 674 and length 68
Passed for start_position 674 and length 70
Passed for start_position 674 and length 72
Passed for start_position 674 and length 74
Passed for start_position 674 and length 76
Passed for start_position 674 and length 78
Passed for start_position 674 and length 80
Passed for start_position 674 and length 82
Passed for start_position 674 and length 84
Passed for start_position 674 and length 86
Passed for start_position 674 and length 88
Passed for start_position 674 and length 90
Passed for start_position 674 and length 92
Passed for start_position 674 and length 94
Passed for start_position 674 and length 96
Passed for start_position 674 and length 98
Passed for start_position 674 and length 100
Passed for start_position 675 and length 2
Passed for start_position 675 and length 4
Passed for start_position 675 and length 6
Passed for start_position 675 and length 8
Passed for start_position 675 and length 10
Passed for start_position 675 and length 12
Passed for start_position 675 and length 14
Passed for start_position 675 and length 16
Passed for start_position 675 and length 18
Passed for start_position 675 and length 20
Passed for start_position 675 and length 22
Passed for start_position 675 and length 24
Passed for start_position 675 and length 26
Passed for start_position 675 and length 28
Passed for start_position 675 and length 30
Passed for start_position 675 and length 32
Passed for start_position 675 and length 34
Passed for start_position 675 and length 36
Passed for start_position 675 and length 38
Passed for start_position 675 and length 40
Passed for start_position 675 and length 42
Passed for start_position 675 and length 44
Passed for start_position 675 and length 46
Passed for start_position 675 and length 48
Passed for start_position 675 and length 50
Passed for start_position 675 and length 52
Passed for start_position 675 and length 54
Passed for start_position 675 and length 56
Passed for start_position 675 and length 58
Passed for start_position 675 and length 60
Passed for start_position 675 and length 62
Passed for start_position 675 and length 64
Passed for start_position 675 and length 66
Passed for start_position 675 and length 68
Passed for start_position 675 and length 70
Passed for start_position 675 and length 72
Passed for start_position 675 and length 74
Passed for start_position 675 and length 76
Passed for start_position 675 and length 78
Passed for start_position 675 and length 80
Passed for start_position 675 and length 82
Passed for start_position 675 and length 84
Passed for start_position 675 and length 86
Passed for start_position 675 and length 88
Passed for start_position 675 and length 90
Passed for start_position 675 and length 92
Passed for start_position 675 and length 94
Passed for start_position 675 and length 96
Passed for start_position 675 and length 98
Passed for start_position 675 and length 100
Passed for start_position 676 and length 2
Passed for start_position 676 and length 4
Passed for start_position 676 and length 6
Passed for start_position 676 and length 8
Passed for start_position 676 and length 10
Passed for start_position 676 and length 12
Passed for start_position 676 and length 14
Passed for start_position 676 and length 16
Passed for start_position 676 and length 18
Passed for start_position 676 and length 20
Passed for start_position 676 and length 22
Passed for start_position 676 and length 24
Passed for start_position 676 and length 26
Passed for start_position 676 and length 28
Passed for start_position 676 and length 30
Passed for start_position 676 and length 32
Passed for start_position 676 and length 34
Passed for start_position 676 and length 36
Passed for start_position 676 and length 38
Passed for start_position 676 and length 40
Passed for start_position 676 and length 42
Passed for start_position 676 and length 44
Passed for start_position 676 and length 46
Passed for start_position 676 and length 48
Passed for start_position 676 and length 50
Passed for start_position 676 and length 52
Passed for start_position 676 and length 54
Passed for start_position 676 and length 56
Passed for start_position 676 and length 58
Passed for start_position 676 and length 60
Passed for start_position 676 and length 62
Passed for start_position 676 and length 64
Passed for start_position 676 and length 66
Passed for start_position 676 and length 68
Passed for start_position 676 and length 70
Passed for start_position 676 and length 72
Passed for start_position 676 and length 74
Passed for start_position 676 and length 76
Passed for start_position 676 and length 78
Passed for start_position 676 and length 80
Passed for start_position 676 and length 82
Passed for start_position 676 and length 84
Passed for start_position 676 and length 86
Passed for start_position 676 and length 88
Passed for start_position 676 and length 90
Passed for start_position 676 and length 92
Passed for start_position 676 and length 94
Passed for start_position 676 and length 96
Passed for start_position 676 and length 98
Passed for start_position 676 and length 100
Passed for start_position 677 and length 2
Passed for start_position 677 and length 4
Passed for start_position 677 and length 6
Passed for start_position 677 and length 8
Passed for start_position 677 and length 10
Passed for start_position 677 and length 12
Passed for start_position 677 and length 14
Passed for start_position 677 and length 16
Passed for start_position 677 and length 18
Passed for start_position 677 and length 20
Passed for start_position 677 and length 22
Passed for start_position 677 and length 24
Passed for start_position 677 and length 26
Passed for start_position 677 and length 28
Passed for start_position 677 and length 30
Passed for start_position 677 and length 32
Passed for start_position 677 and length 34
Passed for start_position 677 and length 36
Passed for start_position 677 and length 38
Passed for start_position 677 and length 40
Passed for start_position 677 and length 42
Passed for start_position 677 and length 44
Passed for start_position 677 and length 46
Passed for start_position 677 and length 48
Passed for start_position 677 and length 50
Passed for start_position 677 and length 52
Passed for start_position 677 and length 54
Passed for start_position 677 and length 56
Passed for start_position 677 and length 58
Passed for start_position 677 and length 60
Passed for start_position 677 and length 62
Passed for start_position 677 and length 64
Passed for start_position 677 and length 66
Passed for start_position 677 and length 68
Passed for start_position 677 and length 70
Passed for start_position 677 and length 72
Passed for start_position 677 and length 74
Passed for start_position 677 and length 76
Passed for start_position 677 and length 78
Passed for start_position 677 and length 80
Passed for start_position 677 and length 82
Passed for start_position 677 and length 84
Passed for start_position 677 and length 86
Passed for start_position 677 and length 88
Passed for start_position 677 and length 90
Passed for start_position 677 and length 92
Passed for start_position 677 and length 94
Passed for start_position 677 and length 96
Passed for start_position 677 and length 98
Passed for start_position 677 and length 100
Passed for start_position 678 and length 2
Passed for start_position 678 and length 4
Passed for start_position 678 and length 6
Passed for start_position 678 and length 8
Passed for start_position 678 and length 10
Passed for start_position 678 and length 12
Passed for start_position 678 and length 14
Passed for start_position 678 and length 16
Passed for start_position 678 and length 18
Passed for start_position 678 and length 20
Passed for start_position 678 and length 22
Passed for start_position 678 and length 24
Passed for start_position 678 and length 26
Passed for start_position 678 and length 28
Passed for start_position 678 and length 30
Passed for start_position 678 and length 32
Passed for start_position 678 and length 34
Passed for start_position 678 and length 36
Passed for start_position 678 and length 38
Passed for start_position 678 and length 40
Passed for start_position 678 and length 42
Passed for start_position 678 and length 44
Passed for start_position 678 and length 46
Passed for start_position 678 and length 48
Passed for start_position 678 and length 50
Passed for start_position 678 and length 52
Passed for start_position 678 and length 54
Passed for start_position 678 and length 56
Passed for start_position 678 and length 58
Passed for start_position 678 and length 60
Passed for start_position 678 and length 62
Passed for start_position 678 and length 64
Passed for start_position 678 and length 66
Passed for start_position 678 and length 68
Passed for start_position 678 and length 70
Passed for start_position 678 and length 72
Passed for start_position 678 and length 74
Passed for start_position 678 and length 76
Passed for start_position 678 and length 78
Passed for start_position 678 and length 80
Passed for start_position 678 and length 82
Passed for start_position 678 and length 84
Passed for start_position 678 and length 86
Passed for start_position 678 and length 88
Passed for start_position 678 and length 90
Passed for start_position 678 and length 92
Passed for start_position 678 and length 94
Passed for start_position 678 and length 96
Passed for start_position 678 and length 98
Passed for start_position 678 and length 100
Passed for start_position 679 and length 2
Passed for start_position 679 and length 4
Passed for start_position 679 and length 6
Passed for start_position 679 and length 8
Passed for start_position 679 and length 10
Passed for start_position 679 and length 12
Passed for start_position 679 and length 14
Passed for start_position 679 and length 16
Passed for start_position 679 and length 18
Passed for start_position 679 and length 20
Passed for start_position 679 and length 22
Passed for start_position 679 and length 24
Passed for start_position 679 and length 26
Passed for start_position 679 and length 28
Passed for start_position 679 and length 30
Passed for start_position 679 and length 32
Passed for start_position 679 and length 34
Passed for start_position 679 and length 36
Passed for start_position 679 and length 38
Passed for start_position 679 and length 40
Passed for start_position 679 and length 42
Passed for start_position 679 and length 44
Passed for start_position 679 and length 46
Passed for start_position 679 and length 48
Passed for start_position 679 and length 50
Passed for start_position 679 and length 52
Passed for start_position 679 and length 54
Passed for start_position 679 and length 56
Passed for start_position 679 and length 58
Passed for start_position 679 and length 60
Passed for start_position 679 and length 62
Passed for start_position 679 and length 64
Passed for start_position 679 and length 66
Passed for start_position 679 and length 68
Passed for start_position 679 and length 70
Passed for start_position 679 and length 72
Passed for start_position 679 and length 74
Passed for start_position 679 and length 76
Passed for start_position 679 and length 78
Passed for start_position 679 and length 80
Passed for start_position 679 and length 82
Passed for start_position 679 and length 84
Passed for start_position 679 and length 86
Passed for start_position 679 and length 88
Passed for start_position 679 and length 90
Passed for start_position 679 and length 92
Passed for start_position 679 and length 94
Passed for start_position 679 and length 96
Passed for start_position 679 and length 98
Passed for start_position 679 and length 100
Passed for start_position 680 and length 2
Passed for start_position 680 and length 4
Passed for start_position 680 and length 6
Passed for start_position 680 and length 8
Passed for start_position 680 and length 10
Passed for start_position 680 and length 12
Passed for start_position 680 and length 14
Passed for start_position 680 and length 16
Passed for start_position 680 and length 18
Passed for start_position 680 and length 20
Passed for start_position 680 and length 22
Passed for start_position 680 and length 24
Passed for start_position 680 and length 26
Passed for start_position 680 and length 28
Passed for start_position 680 and length 30
Passed for start_position 680 and length 32
Passed for start_position 680 and length 34
Passed for start_position 680 and length 36
Passed for start_position 680 and length 38
Passed for start_position 680 and length 40
Passed for start_position 680 and length 42
Passed for start_position 680 and length 44
Passed for start_position 680 and length 46
Passed for start_position 680 and length 48
Passed for start_position 680 and length 50
Passed for start_position 680 and length 52
Passed for start_position 680 and length 54
Passed for start_position 680 and length 56
Passed for start_position 680 and length 58
Passed for start_position 680 and length 60
Passed for start_position 680 and length 62
Passed for start_position 680 and length 64
Passed for start_position 680 and length 66
Passed for start_position 680 and length 68
Passed for start_position 680 and length 70
Passed for start_position 680 and length 72
Passed for start_position 680 and length 74
Passed for start_position 680 and length 76
Passed for start_position 680 and length 78
Passed for start_position 680 and length 80
Passed for start_position 680 and length 82
Passed for start_position 680 and length 84
Passed for start_position 680 and length 86
Passed for start_position 680 and length 88
Passed for start_position 680 and length 90
Passed for start_position 680 and length 92
Passed for start_position 680 and length 94
Passed for start_position 680 and length 96
Passed for start_position 680 and length 98
Passed for start_position 680 and length 100
Passed for start_position 681 and length 2
Passed for start_position 681 and length 4
Passed for start_position 681 and length 6
Passed for start_position 681 and length 8
Passed for start_position 681 and length 10
Passed for start_position 681 and length 12
Passed for start_position 681 and length 14
Passed for start_position 681 and length 16
Passed for start_position 681 and length 18
Passed for start_position 681 and length 20
Passed for start_position 681 and length 22
Passed for start_position 681 and length 24
Passed for start_position 681 and length 26
Passed for start_position 681 and length 28
Passed for start_position 681 and length 30
Passed for start_position 681 and length 32
Passed for start_position 681 and length 34
Passed for start_position 681 and length 36
Passed for start_position 681 and length 38
Passed for start_position 681 and length 40
Passed for start_position 681 and length 42
Passed for start_position 681 and length 44
Passed for start_position 681 and length 46
Passed for start_position 681 and length 48
Passed for start_position 681 and length 50
Passed for start_position 681 and length 52
Passed for start_position 681 and length 54
Passed for start_position 681 and length 56
Passed for start_position 681 and length 58
Passed for start_position 681 and length 60
Passed for start_position 681 and length 62
Passed for start_position 681 and length 64
Passed for start_position 681 and length 66
Passed for start_position 681 and length 68
Passed for start_position 681 and length 70
Passed for start_position 681 and length 72
Passed for start_position 681 and length 74
Passed for start_position 681 and length 76
Passed for start_position 681 and length 78
Passed for start_position 681 and length 80
Passed for start_position 681 and length 82
Passed for start_position 681 and length 84
Passed for start_position 681 and length 86
Passed for start_position 681 and length 88
Passed for start_position 681 and length 90
Passed for start_position 681 and length 92
Passed for start_position 681 and length 94
Passed for start_position 681 and length 96
Passed for start_position 681 and length 98
Passed for start_position 681 and length 100
Passed for start_position 682 and length 2
Passed for start_position 682 and length 4
Passed for start_position 682 and length 6
Passed for start_position 682 and length 8
Passed for start_position 682 and length 10
Passed for start_position 682 and length 12
Passed for start_position 682 and length 14
Passed for start_position 682 and length 16
Passed for start_position 682 and length 18
Passed for start_position 682 and length 20
Passed for start_position 682 and length 22
Passed for start_position 682 and length 24
Passed for start_position 682 and length 26
Passed for start_position 682 and length 28
Passed for start_position 682 and length 30
Passed for start_position 682 and length 32
Passed for start_position 682 and length 34
Passed for start_position 682 and length 36
Passed for start_position 682 and length 38
Passed for start_position 682 and length 40
Passed for start_position 682 and length 42
Passed for start_position 682 and length 44
Passed for start_position 682 and length 46
Passed for start_position 682 and length 48
Passed for start_position 682 and length 50
Passed for start_position 682 and length 52
Passed for start_position 682 and length 54
Passed for start_position 682 and length 56
Passed for start_position 682 and length 58
Passed for start_position 682 and length 60
Passed for start_position 682 and length 62
Passed for start_position 682 and length 64
Passed for start_position 682 and length 66
Passed for start_position 682 and length 68
Passed for start_position 682 and length 70
Passed for start_position 682 and length 72
Passed for start_position 682 and length 74
Passed for start_position 682 and length 76
Passed for start_position 682 and length 78
Passed for start_position 682 and length 80
Passed for start_position 682 and length 82
Passed for start_position 682 and length 84
Passed for start_position 682 and length 86
Passed for start_position 682 and length 88
Passed for start_position 682 and length 90
Passed for start_position 682 and length 92
Passed for start_position 682 and length 94
Passed for start_position 682 and length 96
Passed for start_position 682 and length 98
Passed for start_position 682 and length 100
Passed for start_position 683 and length 2
Passed for start_position 683 and length 4
Passed for start_position 683 and length 6
Passed for start_position 683 and length 8
Passed for start_position 683 and length 10
Passed for start_position 683 and length 12
Passed for start_position 683 and length 14
Passed for start_position 683 and length 16
Passed for start_position 683 and length 18
Passed for start_position 683 and length 20
Passed for start_position 683 and length 22
Passed for start_position 683 and length 24
Passed for start_position 683 and length 26
Passed for start_position 683 and length 28
Passed for start_position 683 and length 30
Passed for start_position 683 and length 32
Passed for start_position 683 and length 34
Passed for start_position 683 and length 36
Passed for start_position 683 and length 38
Passed for start_position 683 and length 40
Passed for start_position 683 and length 42
Passed for start_position 683 and length 44
Passed for start_position 683 and length 46
Passed for start_position 683 and length 48
Passed for start_position 683 and length 50
Passed for start_position 683 and length 52
Passed for start_position 683 and length 54
Passed for start_position 683 and length 56
Passed for start_position 683 and length 58
Passed for start_position 683 and length 60
Passed for start_position 683 and length 62
Passed for start_position 683 and length 64
Passed for start_position 683 and length 66
Passed for start_position 683 and length 68
Passed for start_position 683 and length 70
Passed for start_position 683 and length 72
Passed for start_position 683 and length 74
Passed for start_position 683 and length 76
Passed for start_position 683 and length 78
Passed for start_position 683 and length 80
Passed for start_position 683 and length 82
Passed for start_position 683 and length 84
Passed for start_position 683 and length 86
Passed for start_position 683 and length 88
Passed for start_position 683 and length 90
Passed for start_position 683 and length 92
Passed for start_position 683 and length 94
Passed for start_position 683 and length 96
Passed for start_position 683 and length 98
Passed for start_position 683 and length 100
Passed for start_position 684 and length 2
Passed for start_position 684 and length 4
Passed for start_position 684 and length 6
Passed for start_position 684 and length 8
Passed for start_position 684 and length 10
Passed for start_position 684 and length 12
Passed for start_position 684 and length 14
Passed for start_position 684 and length 16
Passed for start_position 684 and length 18
Passed for start_position 684 and length 20
Passed for start_position 684 and length 22
Passed for start_position 684 and length 24
Passed for start_position 684 and length 26
Passed for start_position 684 and length 28
Passed for start_position 684 and length 30
Passed for start_position 684 and length 32
Passed for start_position 684 and length 34
Passed for start_position 684 and length 36
Passed for start_position 684 and length 38
Passed for start_position 684 and length 40
Passed for start_position 684 and length 42
Passed for start_position 684 and length 44
Passed for start_position 684 and length 46
Passed for start_position 684 and length 48
Passed for start_position 684 and length 50
Passed for start_position 684 and length 52
Passed for start_position 684 and length 54
Passed for start_position 684 and length 56
Passed for start_position 684 and length 58
Passed for start_position 684 and length 60
Passed for start_position 684 and length 62
Passed for start_position 684 and length 64
Passed for start_position 684 and length 66
Passed for start_position 684 and length 68
Passed for start_position 684 and length 70
Passed for start_position 684 and length 72
Passed for start_position 684 and length 74
Passed for start_position 684 and length 76
Passed for start_position 684 and length 78
Passed for start_position 684 and length 80
Passed for start_position 684 and length 82
Passed for start_position 684 and length 84
Passed for start_position 684 and length 86
Passed for start_position 684 and length 88
Passed for start_position 684 and length 90
Passed for start_position 684 and length 92
Passed for start_position 684 and length 94
Passed for start_position 684 and length 96
Passed for start_position 684 and length 98
Passed for start_position 684 and length 100
Passed for start_position 685 and length 2
Passed for start_position 685 and length 4
Passed for start_position 685 and length 6
Passed for start_position 685 and length 8
Passed for start_position 685 and length 10
Passed for start_position 685 and length 12
Passed for start_position 685 and length 14
Passed for start_position 685 and length 16
Passed for start_position 685 and length 18
Passed for start_position 685 and length 20
Passed for start_position 685 and length 22
Passed for start_position 685 and length 24
Passed for start_position 685 and length 26
Passed for start_position 685 and length 28
Passed for start_position 685 and length 30
Passed for start_position 685 and length 32
Passed for start_position 685 and length 34
Passed for start_position 685 and length 36
Passed for start_position 685 and length 38
Passed for start_position 685 and length 40
Passed for start_position 685 and length 42
Passed for start_position 685 and length 44
Passed for start_position 685 and length 46
Passed for start_position 685 and length 48
Passed for start_position 685 and length 50
Passed for start_position 685 and length 52
Passed for start_position 685 and length 54
Passed for start_position 685 and length 56
Passed for start_position 685 and length 58
Passed for start_position 685 and length 60
Passed for start_position 685 and length 62
Passed for start_position 685 and length 64
Passed for start_position 685 and length 66
Passed for start_position 685 and length 68
Passed for start_position 685 and length 70
Passed for start_position 685 and length 72
Passed for start_position 685 and length 74
Passed for start_position 685 and length 76
Passed for start_position 685 and length 78
Passed for start_position 685 and length 80
Passed for start_position 685 and length 82
Passed for start_position 685 and length 84
Passed for start_position 685 and length 86
Passed for start_position 685 and length 88
Passed for start_position 685 and length 90
Passed for start_position 685 and length 92
Passed for start_position 685 and length 94
Passed for start_position 685 and length 96
Passed for start_position 685 and length 98
Passed for start_position 685 and length 100
Passed for start_position 686 and length 2
Passed for start_position 686 and length 4
Passed for start_position 686 and length 6
Passed for start_position 686 and length 8
Passed for start_position 686 and length 10
Passed for start_position 686 and length 12
Passed for start_position 686 and length 14
Passed for start_position 686 and length 16
Passed for start_position 686 and length 18
Passed for start_position 686 and length 20
Passed for start_position 686 and length 22
Passed for start_position 686 and length 24
Passed for start_position 686 and length 26
Passed for start_position 686 and length 28
Passed for start_position 686 and length 30
Passed for start_position 686 and length 32
Passed for start_position 686 and length 34
Passed for start_position 686 and length 36
Passed for start_position 686 and length 38
Passed for start_position 686 and length 40
Passed for start_position 686 and length 42
Passed for start_position 686 and length 44
Passed for start_position 686 and length 46
Passed for start_position 686 and length 48
Passed for start_position 686 and length 50
Passed for start_position 686 and length 52
Passed for start_position 686 and length 54
Passed for start_position 686 and length 56
Passed for start_position 686 and length 58
Passed for start_position 686 and length 60
Passed for start_position 686 and length 62
Passed for start_position 686 and length 64
Passed for start_position 686 and length 66
Passed for start_position 686 and length 68
Passed for start_position 686 and length 70
Passed for start_position 686 and length 72
Passed for start_position 686 and length 74
Passed for start_position 686 and length 76
Passed for start_position 686 and length 78
Passed for start_position 686 and length 80
Passed for start_position 686 and length 82
Passed for start_position 686 and length 84
Passed for start_position 686 and length 86
Passed for start_position 686 and length 88
Passed for start_position 686 and length 90
Passed for start_position 686 and length 92
Passed for start_position 686 and length 94
Passed for start_position 686 and length 96
Passed for start_position 686 and length 98
Passed for start_position 686 and length 100
Passed for start_position 687 and length 2
Passed for start_position 687 and length 4
Passed for start_position 687 and length 6
Passed for start_position 687 and length 8
Passed for start_position 687 and length 10
Passed for start_position 687 and length 12
Passed for start_position 687 and length 14
Passed for start_position 687 and length 16
Passed for start_position 687 and length 18
Passed for start_position 687 and length 20
Passed for start_position 687 and length 22
Passed for start_position 687 and length 24
Passed for start_position 687 and length 26
Passed for start_position 687 and length 28
Passed for start_position 687 and length 30
Passed for start_position 687 and length 32
Passed for start_position 687 and length 34
Passed for start_position 687 and length 36
Passed for start_position 687 and length 38
Passed for start_position 687 and length 40
Passed for start_position 687 and length 42
Passed for start_position 687 and length 44
Passed for start_position 687 and length 46
Passed for start_position 687 and length 48
Passed for start_position 687 and length 50
Passed for start_position 687 and length 52
Passed for start_position 687 and length 54
Passed for start_position 687 and length 56
Passed for start_position 687 and length 58
Passed for start_position 687 and length 60
Passed for start_position 687 and length 62
Passed for start_position 687 and length 64
Passed for start_position 687 and length 66
Passed for start_position 687 and length 68
Passed for start_position 687 and length 70
Passed for start_position 687 and length 72
Passed for start_position 687 and length 74
Passed for start_position 687 and length 76
Passed for start_position 687 and length 78
Passed for start_position 687 and length 80
Passed for start_position 687 and length 82
Passed for start_position 687 and length 84
Passed for start_position 687 and length 86
Passed for start_position 687 and length 88
Passed for start_position 687 and length 90
Passed for start_position 687 and length 92
Passed for start_position 687 and length 94
Passed for start_position 687 and length 96
Passed for start_position 687 and length 98
Passed for start_position 687 and length 100
Passed for start_position 688 and length 2
Passed for start_position 688 and length 4
Passed for start_position 688 and length 6
Error for start_position 688 and length 8: Movement 1 not in dictionary
Error for start_position 688 and length 10: Movement -1 not in dictionary
Error for start_position 688 and length 12: Movement -1 not in dictionary
Passed for start_position 688 and length 14
Error for start_position 688 and length 16: Movement -1 not in dictionary
Passed for start_position 688 and length 18
Error for start_position 688 and length 20: Movement 1 not in dictionary
Error for start_position 688 and length 22: Movement 1 not in dictionary
Passed for start_position 688 and length 24
Error for start_position 688 and length 26: Movement -1 not in dictionary
Error for start_position 688 and length 28: Movement 1 not in dictionary
Passed for start_position 688 and length 30
Passed for start_position 688 and length 32
Passed for start_position 688 and length 34
Passed for start_position 688 and length 36
Error for start_position 688 and length 38: Movement 1 not in dictionary
Passed for start_position 688 and length 40
Error for start_position 688 and length 42: Movement 1 not in dictionary
Passed for start_position 688 and length 44
Passed for start_position 688 and length 46
Error for start_position 688 and length 48: Movement -1 not in dictionary
Error for start_position 688 and length 50: Movement -1 not in dictionary
Error for start_position 688 and length 52: Movement -1 not in dictionary
Error for start_position 688 and length 54: Movement -1 not in dictionary
Passed for start_position 688 and length 56
Passed for start_position 688 and length 58
Passed for start_position 688 and length 60
Error for start_position 688 and length 62: Movement 1 not in dictionary
Error for start_position 688 and length 64: Movement -1 not in dictionary
Error for start_position 688 and length 66: Movement 1 not in dictionary
Error for start_position 688 and length 68: Movement 1 not in dictionary
Passed for start_position 688 and length 70
Passed for start_position 688 and length 72
Passed for start_position 688 and length 74
Passed for start_position 688 and length 76
Passed for start_position 688 and length 78
Error for start_position 688 and length 80: Movement 1 not in dictionary
Passed for start_position 688 and length 82
Passed for start_position 688 and length 84
Passed for start_position 688 and length 86
Error for start_position 688 and length 88: Movement -1 not in dictionary
Error for start_position 688 and length 90: Movement -1 not in dictionary
Error for start_position 688 and length 92: Movement 1 not in dictionary
Passed for start_position 688 and length 94
Passed for start_position 688 and length 96
Error for start_position 688 and length 98: Movement 1 not in dictionary
Passed for start_position 688 and length 100
Passed for start_position 689 and length 2
Passed for start_position 689 and length 4
Passed for start_position 689 and length 6
Passed for start_position 689 and length 8
Passed for start_position 689 and length 10
Passed for start_position 689 and length 12
Passed for start_position 689 and length 14
Passed for start_position 689 and length 16
Passed for start_position 689 and length 18
Passed for start_position 689 and length 20
Passed for start_position 689 and length 22
Passed for start_position 689 and length 24
Passed for start_position 689 and length 26
Passed for start_position 689 and length 28
Passed for start_position 689 and length 30
Passed for start_position 689 and length 32
Passed for start_position 689 and length 34
Passed for start_position 689 and length 36
Passed for start_position 689 and length 38
Passed for start_position 689 and length 40
Passed for start_position 689 and length 42
Passed for start_position 689 and length 44
Passed for start_position 689 and length 46
Passed for start_position 689 and length 48
Passed for start_position 689 and length 50
Passed for start_position 689 and length 52
Passed for start_position 689 and length 54
Passed for start_position 689 and length 56
Passed for start_position 689 and length 58
Passed for start_position 689 and length 60
Passed for start_position 689 and length 62
Passed for start_position 689 and length 64
Passed for start_position 689 and length 66
Passed for start_position 689 and length 68
Passed for start_position 689 and length 70
Passed for start_position 689 and length 72
Passed for start_position 689 and length 74
Passed for start_position 689 and length 76
Passed for start_position 689 and length 78
Passed for start_position 689 and length 80
Passed for start_position 689 and length 82
Passed for start_position 689 and length 84
Passed for start_position 689 and length 86
Passed for start_position 689 and length 88
Passed for start_position 689 and length 90
Passed for start_position 689 and length 92
Passed for start_position 689 and length 94
Passed for start_position 689 and length 96
Passed for start_position 689 and length 98
Passed for start_position 689 and length 100
Passed for start_position 690 and length 2
Passed for start_position 690 and length 4
Passed for start_position 690 and length 6
Passed for start_position 690 and length 8
Passed for start_position 690 and length 10
Passed for start_position 690 and length 12
Passed for start_position 690 and length 14
Passed for start_position 690 and length 16
Passed for start_position 690 and length 18
Passed for start_position 690 and length 20
Passed for start_position 690 and length 22
Passed for start_position 690 and length 24
Passed for start_position 690 and length 26
Passed for start_position 690 and length 28
Passed for start_position 690 and length 30
Passed for start_position 690 and length 32
Passed for start_position 690 and length 34
Passed for start_position 690 and length 36
Passed for start_position 690 and length 38
Passed for start_position 690 and length 40
Passed for start_position 690 and length 42
Passed for start_position 690 and length 44
Passed for start_position 690 and length 46
Passed for start_position 690 and length 48
Passed for start_position 690 and length 50
Passed for start_position 690 and length 52
Passed for start_position 690 and length 54
Passed for start_position 690 and length 56
Passed for start_position 690 and length 58
Passed for start_position 690 and length 60
Passed for start_position 690 and length 62
Passed for start_position 690 and length 64
Passed for start_position 690 and length 66
Passed for start_position 690 and length 68
Passed for start_position 690 and length 70
Passed for start_position 690 and length 72
Passed for start_position 690 and length 74
Passed for start_position 690 and length 76
Passed for start_position 690 and length 78
Passed for start_position 690 and length 80
Passed for start_position 690 and length 82
Passed for start_position 690 and length 84
Passed for start_position 690 and length 86
Passed for start_position 690 and length 88
Passed for start_position 690 and length 90
Passed for start_position 690 and length 92
Passed for start_position 690 and length 94
Passed for start_position 690 and length 96
Passed for start_position 690 and length 98
Passed for start_position 690 and length 100
Passed for start_position 691 and length 2
Passed for start_position 691 and length 4
Passed for start_position 691 and length 6
Passed for start_position 691 and length 8
Passed for start_position 691 and length 10
Passed for start_position 691 and length 12
Passed for start_position 691 and length 14
Passed for start_position 691 and length 16
Passed for start_position 691 and length 18
Passed for start_position 691 and length 20
Passed for start_position 691 and length 22
Passed for start_position 691 and length 24
Passed for start_position 691 and length 26
Passed for start_position 691 and length 28
Passed for start_position 691 and length 30
Passed for start_position 691 and length 32
Passed for start_position 691 and length 34
Passed for start_position 691 and length 36
Passed for start_position 691 and length 38
Passed for start_position 691 and length 40
Passed for start_position 691 and length 42
Passed for start_position 691 and length 44
Passed for start_position 691 and length 46
Passed for start_position 691 and length 48
Passed for start_position 691 and length 50
Passed for start_position 691 and length 52
Passed for start_position 691 and length 54
Passed for start_position 691 and length 56
Passed for start_position 691 and length 58
Passed for start_position 691 and length 60
Passed for start_position 691 and length 62
Passed for start_position 691 and length 64
Passed for start_position 691 and length 66
Passed for start_position 691 and length 68
Passed for start_position 691 and length 70
Passed for start_position 691 and length 72
Passed for start_position 691 and length 74
Passed for start_position 691 and length 76
Passed for start_position 691 and length 78
Passed for start_position 691 and length 80
Passed for start_position 691 and length 82
Passed for start_position 691 and length 84
Passed for start_position 691 and length 86
Passed for start_position 691 and length 88
Passed for start_position 691 and length 90
Passed for start_position 691 and length 92
Passed for start_position 691 and length 94
Passed for start_position 691 and length 96
Passed for start_position 691 and length 98
Passed for start_position 691 and length 100
Passed for start_position 692 and length 2
Passed for start_position 692 and length 4
Passed for start_position 692 and length 6
Passed for start_position 692 and length 8
Passed for start_position 692 and length 10
Passed for start_position 692 and length 12
Passed for start_position 692 and length 14
Passed for start_position 692 and length 16
Passed for start_position 692 and length 18
Passed for start_position 692 and length 20
Passed for start_position 692 and length 22
Passed for start_position 692 and length 24
Passed for start_position 692 and length 26
Passed for start_position 692 and length 28
Passed for start_position 692 and length 30
Passed for start_position 692 and length 32
Passed for start_position 692 and length 34
Passed for start_position 692 and length 36
Passed for start_position 692 and length 38
Passed for start_position 692 and length 40
Passed for start_position 692 and length 42
Passed for start_position 692 and length 44
Passed for start_position 692 and length 46
Passed for start_position 692 and length 48
Passed for start_position 692 and length 50
Passed for start_position 692 and length 52
Passed for start_position 692 and length 54
Passed for start_position 692 and length 56
Passed for start_position 692 and length 58
Passed for start_position 692 and length 60
Passed for start_position 692 and length 62
Passed for start_position 692 and length 64
Passed for start_position 692 and length 66
Passed for start_position 692 and length 68
Passed for start_position 692 and length 70
Passed for start_position 692 and length 72
Passed for start_position 692 and length 74
Passed for start_position 692 and length 76
Passed for start_position 692 and length 78
Passed for start_position 692 and length 80
Passed for start_position 692 and length 82
Passed for start_position 692 and length 84
Passed for start_position 692 and length 86
Passed for start_position 692 and length 88
Passed for start_position 692 and length 90
Passed for start_position 692 and length 92
Passed for start_position 692 and length 94
Passed for start_position 692 and length 96
Passed for start_position 692 and length 98
Passed for start_position 692 and length 100
Passed for start_position 693 and length 2
Passed for start_position 693 and length 4
Passed for start_position 693 and length 6
Passed for start_position 693 and length 8
Passed for start_position 693 and length 10
Passed for start_position 693 and length 12
Passed for start_position 693 and length 14
Passed for start_position 693 and length 16
Passed for start_position 693 and length 18
Passed for start_position 693 and length 20
Passed for start_position 693 and length 22
Passed for start_position 693 and length 24
Passed for start_position 693 and length 26
Passed for start_position 693 and length 28
Passed for start_position 693 and length 30
Passed for start_position 693 and length 32
Passed for start_position 693 and length 34
Passed for start_position 693 and length 36
Passed for start_position 693 and length 38
Passed for start_position 693 and length 40
Passed for start_position 693 and length 42
Passed for start_position 693 and length 44
Passed for start_position 693 and length 46
Passed for start_position 693 and length 48
Passed for start_position 693 and length 50
Passed for start_position 693 and length 52
Passed for start_position 693 and length 54
Passed for start_position 693 and length 56
Passed for start_position 693 and length 58
Passed for start_position 693 and length 60
Passed for start_position 693 and length 62
Passed for start_position 693 and length 64
Passed for start_position 693 and length 66
Passed for start_position 693 and length 68
Passed for start_position 693 and length 70
Passed for start_position 693 and length 72
Passed for start_position 693 and length 74
Passed for start_position 693 and length 76
Passed for start_position 693 and length 78
Passed for start_position 693 and length 80
Passed for start_position 693 and length 82
Passed for start_position 693 and length 84
Passed for start_position 693 and length 86
Passed for start_position 693 and length 88
Passed for start_position 693 and length 90
Passed for start_position 693 and length 92
Passed for start_position 693 and length 94
Passed for start_position 693 and length 96
Passed for start_position 693 and length 98
Passed for start_position 693 and length 100
Passed for start_position 694 and length 2
Passed for start_position 694 and length 4
Passed for start_position 694 and length 6
Passed for start_position 694 and length 8
Passed for start_position 694 and length 10
Passed for start_position 694 and length 12
Passed for start_position 694 and length 14
Passed for start_position 694 and length 16
Passed for start_position 694 and length 18
Passed for start_position 694 and length 20
Passed for start_position 694 and length 22
Passed for start_position 694 and length 24
Passed for start_position 694 and length 26
Passed for start_position 694 and length 28
Passed for start_position 694 and length 30
Passed for start_position 694 and length 32
Passed for start_position 694 and length 34
Passed for start_position 694 and length 36
Passed for start_position 694 and length 38
Passed for start_position 694 and length 40
Passed for start_position 694 and length 42
Passed for start_position 694 and length 44
Passed for start_position 694 and length 46
Passed for start_position 694 and length 48
Passed for start_position 694 and length 50
Passed for start_position 694 and length 52
Passed for start_position 694 and length 54
Passed for start_position 694 and length 56
Passed for start_position 694 and length 58
Passed for start_position 694 and length 60
Passed for start_position 694 and length 62
Passed for start_position 694 and length 64
Passed for start_position 694 and length 66
Passed for start_position 694 and length 68
Passed for start_position 694 and length 70
Passed for start_position 694 and length 72
Passed for start_position 694 and length 74
Passed for start_position 694 and length 76
Passed for start_position 694 and length 78
Passed for start_position 694 and length 80
Passed for start_position 694 and length 82
Passed for start_position 694 and length 84
Passed for start_position 694 and length 86
Passed for start_position 694 and length 88
Passed for start_position 694 and length 90
Passed for start_position 694 and length 92
Passed for start_position 694 and length 94
Passed for start_position 694 and length 96
Passed for start_position 694 and length 98
Passed for start_position 694 and length 100
Passed for start_position 695 and length 2
Passed for start_position 695 and length 4
Passed for start_position 695 and length 6
Passed for start_position 695 and length 8
Passed for start_position 695 and length 10
Passed for start_position 695 and length 12
Passed for start_position 695 and length 14
Passed for start_position 695 and length 16
Passed for start_position 695 and length 18
Passed for start_position 695 and length 20
Passed for start_position 695 and length 22
Passed for start_position 695 and length 24
Passed for start_position 695 and length 26
Passed for start_position 695 and length 28
Passed for start_position 695 and length 30
Passed for start_position 695 and length 32
Passed for start_position 695 and length 34
Passed for start_position 695 and length 36
Passed for start_position 695 and length 38
Passed for start_position 695 and length 40
Passed for start_position 695 and length 42
Passed for start_position 695 and length 44
Passed for start_position 695 and length 46
Passed for start_position 695 and length 48
Passed for start_position 695 and length 50
Passed for start_position 695 and length 52
Passed for start_position 695 and length 54
Passed for start_position 695 and length 56
Passed for start_position 695 and length 58
Passed for start_position 695 and length 60
Passed for start_position 695 and length 62
Passed for start_position 695 and length 64
Passed for start_position 695 and length 66
Passed for start_position 695 and length 68
Passed for start_position 695 and length 70
Passed for start_position 695 and length 72
Passed for start_position 695 and length 74
Passed for start_position 695 and length 76
Passed for start_position 695 and length 78
Passed for start_position 695 and length 80
Passed for start_position 695 and length 82
Passed for start_position 695 and length 84
Passed for start_position 695 and length 86
Passed for start_position 695 and length 88
Passed for start_position 695 and length 90
Passed for start_position 695 and length 92
Passed for start_position 695 and length 94
Passed for start_position 695 and length 96
Passed for start_position 695 and length 98
Passed for start_position 695 and length 100
Passed for start_position 696 and length 2
Passed for start_position 696 and length 4
Passed for start_position 696 and length 6
Passed for start_position 696 and length 8
Passed for start_position 696 and length 10
Passed for start_position 696 and length 12
Passed for start_position 696 and length 14
Passed for start_position 696 and length 16
Passed for start_position 696 and length 18
Passed for start_position 696 and length 20
Passed for start_position 696 and length 22
Passed for start_position 696 and length 24
Passed for start_position 696 and length 26
Passed for start_position 696 and length 28
Passed for start_position 696 and length 30
Passed for start_position 696 and length 32
Passed for start_position 696 and length 34
Passed for start_position 696 and length 36
Passed for start_position 696 and length 38
Passed for start_position 696 and length 40
Passed for start_position 696 and length 42
Passed for start_position 696 and length 44
Passed for start_position 696 and length 46
Passed for start_position 696 and length 48
Passed for start_position 696 and length 50
Passed for start_position 696 and length 52
Passed for start_position 696 and length 54
Passed for start_position 696 and length 56
Passed for start_position 696 and length 58
Passed for start_position 696 and length 60
Passed for start_position 696 and length 62
Passed for start_position 696 and length 64
Passed for start_position 696 and length 66
Passed for start_position 696 and length 68
Passed for start_position 696 and length 70
Passed for start_position 696 and length 72
Passed for start_position 696 and length 74
Passed for start_position 696 and length 76
Passed for start_position 696 and length 78
Passed for start_position 696 and length 80
Passed for start_position 696 and length 82
Passed for start_position 696 and length 84
Passed for start_position 696 and length 86
Passed for start_position 696 and length 88
Passed for start_position 696 and length 90
Passed for start_position 696 and length 92
Passed for start_position 696 and length 94
Passed for start_position 696 and length 96
Passed for start_position 696 and length 98
Passed for start_position 696 and length 100
Passed for start_position 697 and length 2
Passed for start_position 697 and length 4
Passed for start_position 697 and length 6
Passed for start_position 697 and length 8
Passed for start_position 697 and length 10
Passed for start_position 697 and length 12
Passed for start_position 697 and length 14
Passed for start_position 697 and length 16
Passed for start_position 697 and length 18
Passed for start_position 697 and length 20
Passed for start_position 697 and length 22
Passed for start_position 697 and length 24
Passed for start_position 697 and length 26
Passed for start_position 697 and length 28
Passed for start_position 697 and length 30
Passed for start_position 697 and length 32
Passed for start_position 697 and length 34
Passed for start_position 697 and length 36
Passed for start_position 697 and length 38
Passed for start_position 697 and length 40
Passed for start_position 697 and length 42
Passed for start_position 697 and length 44
Passed for start_position 697 and length 46
Passed for start_position 697 and length 48
Passed for start_position 697 and length 50
Passed for start_position 697 and length 52
Passed for start_position 697 and length 54
Passed for start_position 697 and length 56
Passed for start_position 697 and length 58
Passed for start_position 697 and length 60
Passed for start_position 697 and length 62
Passed for start_position 697 and length 64
Passed for start_position 697 and length 66
Passed for start_position 697 and length 68
Passed for start_position 697 and length 70
Passed for start_position 697 and length 72
Passed for start_position 697 and length 74
Passed for start_position 697 and length 76
Passed for start_position 697 and length 78
Passed for start_position 697 and length 80
Passed for start_position 697 and length 82
Passed for start_position 697 and length 84
Passed for start_position 697 and length 86
Passed for start_position 697 and length 88
Passed for start_position 697 and length 90
Passed for start_position 697 and length 92
Passed for start_position 697 and length 94
Passed for start_position 697 and length 96
Passed for start_position 697 and length 98
Passed for start_position 697 and length 100
Passed for start_position 698 and length 2
Passed for start_position 698 and length 4
Passed for start_position 698 and length 6
Passed for start_position 698 and length 8
Passed for start_position 698 and length 10
Passed for start_position 698 and length 12
Passed for start_position 698 and length 14
Passed for start_position 698 and length 16
Passed for start_position 698 and length 18
Passed for start_position 698 and length 20
Passed for start_position 698 and length 22
Passed for start_position 698 and length 24
Passed for start_position 698 and length 26
Passed for start_position 698 and length 28
Passed for start_position 698 and length 30
Passed for start_position 698 and length 32
Passed for start_position 698 and length 34
Passed for start_position 698 and length 36
Passed for start_position 698 and length 38
Passed for start_position 698 and length 40
Passed for start_position 698 and length 42
Passed for start_position 698 and length 44
Passed for start_position 698 and length 46
Passed for start_position 698 and length 48
Passed for start_position 698 and length 50
Passed for start_position 698 and length 52
Passed for start_position 698 and length 54
Passed for start_position 698 and length 56
Passed for start_position 698 and length 58
Passed for start_position 698 and length 60
Passed for start_position 698 and length 62
Passed for start_position 698 and length 64
Passed for start_position 698 and length 66
Passed for start_position 698 and length 68
Passed for start_position 698 and length 70
Passed for start_position 698 and length 72
Passed for start_position 698 and length 74
Passed for start_position 698 and length 76
Passed for start_position 698 and length 78
Passed for start_position 698 and length 80
Passed for start_position 698 and length 82
Passed for start_position 698 and length 84
Passed for start_position 698 and length 86
Passed for start_position 698 and length 88
Passed for start_position 698 and length 90
Passed for start_position 698 and length 92
Passed for start_position 698 and length 94
Passed for start_position 698 and length 96
Passed for start_position 698 and length 98
Passed for start_position 698 and length 100
Passed for start_position 699 and length 2
Passed for start_position 699 and length 4
Passed for start_position 699 and length 6
Passed for start_position 699 and length 8
Passed for start_position 699 and length 10
Passed for start_position 699 and length 12
Passed for start_position 699 and length 14
Passed for start_position 699 and length 16
Passed for start_position 699 and length 18
Passed for start_position 699 and length 20
Passed for start_position 699 and length 22
Passed for start_position 699 and length 24
Passed for start_position 699 and length 26
Passed for start_position 699 and length 28
Passed for start_position 699 and length 30
Passed for start_position 699 and length 32
Passed for start_position 699 and length 34
Passed for start_position 699 and length 36
Passed for start_position 699 and length 38
Passed for start_position 699 and length 40
Passed for start_position 699 and length 42
Passed for start_position 699 and length 44
Passed for start_position 699 and length 46
Passed for start_position 699 and length 48
Passed for start_position 699 and length 50
Passed for start_position 699 and length 52
Passed for start_position 699 and length 54
Passed for start_position 699 and length 56
Passed for start_position 699 and length 58
Passed for start_position 699 and length 60
Passed for start_position 699 and length 62
Passed for start_position 699 and length 64
Passed for start_position 699 and length 66
Passed for start_position 699 and length 68
Passed for start_position 699 and length 70
Passed for start_position 699 and length 72
Passed for start_position 699 and length 74
Passed for start_position 699 and length 76
Passed for start_position 699 and length 78
Passed for start_position 699 and length 80
Passed for start_position 699 and length 82
Passed for start_position 699 and length 84
Passed for start_position 699 and length 86
Passed for start_position 699 and length 88
Passed for start_position 699 and length 90
Passed for start_position 699 and length 92
Passed for start_position 699 and length 94
Passed for start_position 699 and length 96
Passed for start_position 699 and length 98
Passed for start_position 699 and length 100
Passed for start_position 700 and length 2
Passed for start_position 700 and length 4
Passed for start_position 700 and length 6
Passed for start_position 700 and length 8
Passed for start_position 700 and length 10
Passed for start_position 700 and length 12
Passed for start_position 700 and length 14
Passed for start_position 700 and length 16
Passed for start_position 700 and length 18
Passed for start_position 700 and length 20
Passed for start_position 700 and length 22
Passed for start_position 700 and length 24
Passed for start_position 700 and length 26
Passed for start_position 700 and length 28
Passed for start_position 700 and length 30
Passed for start_position 700 and length 32
Passed for start_position 700 and length 34
Passed for start_position 700 and length 36
Passed for start_position 700 and length 38
Passed for start_position 700 and length 40
Passed for start_position 700 and length 42
Passed for start_position 700 and length 44
Passed for start_position 700 and length 46
Passed for start_position 700 and length 48
Passed for start_position 700 and length 50
Passed for start_position 700 and length 52
Passed for start_position 700 and length 54
Passed for start_position 700 and length 56
Passed for start_position 700 and length 58
Passed for start_position 700 and length 60
Passed for start_position 700 and length 62
Passed for start_position 700 and length 64
Passed for start_position 700 and length 66
Passed for start_position 700 and length 68
Passed for start_position 700 and length 70
Passed for start_position 700 and length 72
Passed for start_position 700 and length 74
Passed for start_position 700 and length 76
Passed for start_position 700 and length 78
Passed for start_position 700 and length 80
Passed for start_position 700 and length 82
Passed for start_position 700 and length 84
Passed for start_position 700 and length 86
Passed for start_position 700 and length 88
Passed for start_position 700 and length 90
Passed for start_position 700 and length 92
Passed for start_position 700 and length 94
Passed for start_position 700 and length 96
Passed for start_position 700 and length 98
Passed for start_position 700 and length 100
Passed for start_position 701 and length 2
Passed for start_position 701 and length 4
Passed for start_position 701 and length 6
Passed for start_position 701 and length 8
Passed for start_position 701 and length 10
Passed for start_position 701 and length 12
Passed for start_position 701 and length 14
Passed for start_position 701 and length 16
Passed for start_position 701 and length 18
Passed for start_position 701 and length 20
Passed for start_position 701 and length 22
Passed for start_position 701 and length 24
Passed for start_position 701 and length 26
Passed for start_position 701 and length 28
Passed for start_position 701 and length 30
Passed for start_position 701 and length 32
Passed for start_position 701 and length 34
Passed for start_position 701 and length 36
Passed for start_position 701 and length 38
Passed for start_position 701 and length 40
Passed for start_position 701 and length 42
Passed for start_position 701 and length 44
Passed for start_position 701 and length 46
Passed for start_position 701 and length 48
Passed for start_position 701 and length 50
Passed for start_position 701 and length 52
Passed for start_position 701 and length 54
Passed for start_position 701 and length 56
Passed for start_position 701 and length 58
Passed for start_position 701 and length 60
Passed for start_position 701 and length 62
Passed for start_position 701 and length 64
Passed for start_position 701 and length 66
Passed for start_position 701 and length 68
Passed for start_position 701 and length 70
Passed for start_position 701 and length 72
Passed for start_position 701 and length 74
Passed for start_position 701 and length 76
Passed for start_position 701 and length 78
Passed for start_position 701 and length 80
Passed for start_position 701 and length 82
Passed for start_position 701 and length 84
Passed for start_position 701 and length 86
Passed for start_position 701 and length 88
Passed for start_position 701 and length 90
Passed for start_position 701 and length 92
Passed for start_position 701 and length 94
Passed for start_position 701 and length 96
Passed for start_position 701 and length 98
Passed for start_position 701 and length 100
Passed for start_position 702 and length 2
Passed for start_position 702 and length 4
Passed for start_position 702 and length 6
Passed for start_position 702 and length 8
Passed for start_position 702 and length 10
Passed for start_position 702 and length 12
Passed for start_position 702 and length 14
Passed for start_position 702 and length 16
Passed for start_position 702 and length 18
Passed for start_position 702 and length 20
Passed for start_position 702 and length 22
Passed for start_position 702 and length 24
Passed for start_position 702 and length 26
Passed for start_position 702 and length 28
Passed for start_position 702 and length 30
Passed for start_position 702 and length 32
Passed for start_position 702 and length 34
Passed for start_position 702 and length 36
Passed for start_position 702 and length 38
Passed for start_position 702 and length 40
Passed for start_position 702 and length 42
Passed for start_position 702 and length 44
Passed for start_position 702 and length 46
Passed for start_position 702 and length 48
Passed for start_position 702 and length 50
Passed for start_position 702 and length 52
Passed for start_position 702 and length 54
Passed for start_position 702 and length 56
Passed for start_position 702 and length 58
Passed for start_position 702 and length 60
Passed for start_position 702 and length 62
Passed for start_position 702 and length 64
Passed for start_position 702 and length 66
Passed for start_position 702 and length 68
Passed for start_position 702 and length 70
Passed for start_position 702 and length 72
Passed for start_position 702 and length 74
Passed for start_position 702 and length 76
Passed for start_position 702 and length 78
Passed for start_position 702 and length 80
Passed for start_position 702 and length 82
Passed for start_position 702 and length 84
Passed for start_position 702 and length 86
Passed for start_position 702 and length 88
Passed for start_position 702 and length 90
Passed for start_position 702 and length 92
Passed for start_position 702 and length 94
Passed for start_position 702 and length 96
Passed for start_position 702 and length 98
Passed for start_position 702 and length 100
Passed for start_position 703 and length 2
Passed for start_position 703 and length 4
Passed for start_position 703 and length 6
Passed for start_position 703 and length 8
Passed for start_position 703 and length 10
Passed for start_position 703 and length 12
Passed for start_position 703 and length 14
Passed for start_position 703 and length 16
Passed for start_position 703 and length 18
Passed for start_position 703 and length 20
Passed for start_position 703 and length 22
Passed for start_position 703 and length 24
Passed for start_position 703 and length 26
Passed for start_position 703 and length 28
Passed for start_position 703 and length 30
Passed for start_position 703 and length 32
Passed for start_position 703 and length 34
Passed for start_position 703 and length 36
Passed for start_position 703 and length 38
Passed for start_position 703 and length 40
Passed for start_position 703 and length 42
Passed for start_position 703 and length 44
Passed for start_position 703 and length 46
Passed for start_position 703 and length 48
Passed for start_position 703 and length 50
Passed for start_position 703 and length 52
Passed for start_position 703 and length 54
Passed for start_position 703 and length 56
Passed for start_position 703 and length 58
Passed for start_position 703 and length 60
Passed for start_position 703 and length 62
Passed for start_position 703 and length 64
Passed for start_position 703 and length 66
Passed for start_position 703 and length 68
Passed for start_position 703 and length 70
Passed for start_position 703 and length 72
Passed for start_position 703 and length 74
Passed for start_position 703 and length 76
Passed for start_position 703 and length 78
Passed for start_position 703 and length 80
Passed for start_position 703 and length 82
Passed for start_position 703 and length 84
Passed for start_position 703 and length 86
Passed for start_position 703 and length 88
Passed for start_position 703 and length 90
Passed for start_position 703 and length 92
Passed for start_position 703 and length 94
Passed for start_position 703 and length 96
Passed for start_position 703 and length 98
Passed for start_position 703 and length 100
Passed for start_position 704 and length 2
Passed for start_position 704 and length 4
Passed for start_position 704 and length 6
Passed for start_position 704 and length 8
Passed for start_position 704 and length 10
Passed for start_position 704 and length 12
Passed for start_position 704 and length 14
Passed for start_position 704 and length 16
Passed for start_position 704 and length 18
Passed for start_position 704 and length 20
Passed for start_position 704 and length 22
Passed for start_position 704 and length 24
Passed for start_position 704 and length 26
Passed for start_position 704 and length 28
Passed for start_position 704 and length 30
Passed for start_position 704 and length 32
Passed for start_position 704 and length 34
Passed for start_position 704 and length 36
Passed for start_position 704 and length 38
Passed for start_position 704 and length 40
Passed for start_position 704 and length 42
Passed for start_position 704 and length 44
Passed for start_position 704 and length 46
Passed for start_position 704 and length 48
Passed for start_position 704 and length 50
Passed for start_position 704 and length 52
Passed for start_position 704 and length 54
Passed for start_position 704 and length 56
Passed for start_position 704 and length 58
Passed for start_position 704 and length 60
Passed for start_position 704 and length 62
Passed for start_position 704 and length 64
Passed for start_position 704 and length 66
Passed for start_position 704 and length 68
Passed for start_position 704 and length 70
Passed for start_position 704 and length 72
Passed for start_position 704 and length 74
Passed for start_position 704 and length 76
Passed for start_position 704 and length 78
Passed for start_position 704 and length 80
Passed for start_position 704 and length 82
Passed for start_position 704 and length 84
Passed for start_position 704 and length 86
Passed for start_position 704 and length 88
Passed for start_position 704 and length 90
Passed for start_position 704 and length 92
Passed for start_position 704 and length 94
Passed for start_position 704 and length 96
Passed for start_position 704 and length 98
Passed for start_position 704 and length 100
Passed for start_position 705 and length 2
Passed for start_position 705 and length 4
Passed for start_position 705 and length 6
Passed for start_position 705 and length 8
Passed for start_position 705 and length 10
Passed for start_position 705 and length 12
Passed for start_position 705 and length 14
Passed for start_position 705 and length 16
Passed for start_position 705 and length 18
Passed for start_position 705 and length 20
Passed for start_position 705 and length 22
Passed for start_position 705 and length 24
Passed for start_position 705 and length 26
Passed for start_position 705 and length 28
Passed for start_position 705 and length 30
Passed for start_position 705 and length 32
Passed for start_position 705 and length 34
Passed for start_position 705 and length 36
Passed for start_position 705 and length 38
Passed for start_position 705 and length 40
Passed for start_position 705 and length 42
Passed for start_position 705 and length 44
Passed for start_position 705 and length 46
Passed for start_position 705 and length 48
Passed for start_position 705 and length 50
Passed for start_position 705 and length 52
Passed for start_position 705 and length 54
Passed for start_position 705 and length 56
Passed for start_position 705 and length 58
Passed for start_position 705 and length 60
Passed for start_position 705 and length 62
Passed for start_position 705 and length 64
Passed for start_position 705 and length 66
Passed for start_position 705 and length 68
Passed for start_position 705 and length 70
Passed for start_position 705 and length 72
Passed for start_position 705 and length 74
Passed for start_position 705 and length 76
Passed for start_position 705 and length 78
Passed for start_position 705 and length 80
Passed for start_position 705 and length 82
Passed for start_position 705 and length 84
Passed for start_position 705 and length 86
Passed for start_position 705 and length 88
Passed for start_position 705 and length 90
Passed for start_position 705 and length 92
Passed for start_position 705 and length 94
Passed for start_position 705 and length 96
Passed for start_position 705 and length 98
Passed for start_position 705 and length 100
Passed for start_position 706 and length 2
Passed for start_position 706 and length 4
Passed for start_position 706 and length 6
Passed for start_position 706 and length 8
Passed for start_position 706 and length 10
Passed for start_position 706 and length 12
Passed for start_position 706 and length 14
Passed for start_position 706 and length 16
Passed for start_position 706 and length 18
Passed for start_position 706 and length 20
Passed for start_position 706 and length 22
Passed for start_position 706 and length 24
Passed for start_position 706 and length 26
Passed for start_position 706 and length 28
Passed for start_position 706 and length 30
Passed for start_position 706 and length 32
Passed for start_position 706 and length 34
Passed for start_position 706 and length 36
Passed for start_position 706 and length 38
Passed for start_position 706 and length 40
Passed for start_position 706 and length 42
Passed for start_position 706 and length 44
Passed for start_position 706 and length 46
Passed for start_position 706 and length 48
Passed for start_position 706 and length 50
Passed for start_position 706 and length 52
Passed for start_position 706 and length 54
Passed for start_position 706 and length 56
Passed for start_position 706 and length 58
Passed for start_position 706 and length 60
Passed for start_position 706 and length 62
Passed for start_position 706 and length 64
Passed for start_position 706 and length 66
Passed for start_position 706 and length 68
Passed for start_position 706 and length 70
Passed for start_position 706 and length 72
Passed for start_position 706 and length 74
Passed for start_position 706 and length 76
Passed for start_position 706 and length 78
Passed for start_position 706 and length 80
Passed for start_position 706 and length 82
Passed for start_position 706 and length 84
Passed for start_position 706 and length 86
Passed for start_position 706 and length 88
Passed for start_position 706 and length 90
Passed for start_position 706 and length 92
Passed for start_position 706 and length 94
Passed for start_position 706 and length 96
Passed for start_position 706 and length 98
Passed for start_position 706 and length 100
Passed for start_position 707 and length 2
Passed for start_position 707 and length 4
Passed for start_position 707 and length 6
Passed for start_position 707 and length 8
Passed for start_position 707 and length 10
Passed for start_position 707 and length 12
Passed for start_position 707 and length 14
Passed for start_position 707 and length 16
Passed for start_position 707 and length 18
Passed for start_position 707 and length 20
Passed for start_position 707 and length 22
Passed for start_position 707 and length 24
Passed for start_position 707 and length 26
Passed for start_position 707 and length 28
Passed for start_position 707 and length 30
Passed for start_position 707 and length 32
Passed for start_position 707 and length 34
Passed for start_position 707 and length 36
Passed for start_position 707 and length 38
Passed for start_position 707 and length 40
Passed for start_position 707 and length 42
Passed for start_position 707 and length 44
Passed for start_position 707 and length 46
Passed for start_position 707 and length 48
Passed for start_position 707 and length 50
Passed for start_position 707 and length 52
Passed for start_position 707 and length 54
Passed for start_position 707 and length 56
Passed for start_position 707 and length 58
Passed for start_position 707 and length 60
Passed for start_position 707 and length 62
Passed for start_position 707 and length 64
Passed for start_position 707 and length 66
Passed for start_position 707 and length 68
Passed for start_position 707 and length 70
Passed for start_position 707 and length 72
Passed for start_position 707 and length 74
Passed for start_position 707 and length 76
Passed for start_position 707 and length 78
Passed for start_position 707 and length 80
Passed for start_position 707 and length 82
Passed for start_position 707 and length 84
Passed for start_position 707 and length 86
Passed for start_position 707 and length 88
Passed for start_position 707 and length 90
Passed for start_position 707 and length 92
Passed for start_position 707 and length 94
Passed for start_position 707 and length 96
Passed for start_position 707 and length 98
Passed for start_position 707 and length 100
Passed for start_position 708 and length 2
Passed for start_position 708 and length 4
Passed for start_position 708 and length 6
Passed for start_position 708 and length 8
Passed for start_position 708 and length 10
Passed for start_position 708 and length 12
Passed for start_position 708 and length 14
Passed for start_position 708 and length 16
Passed for start_position 708 and length 18
Passed for start_position 708 and length 20
Passed for start_position 708 and length 22
Passed for start_position 708 and length 24
Passed for start_position 708 and length 26
Passed for start_position 708 and length 28
Passed for start_position 708 and length 30
Passed for start_position 708 and length 32
Passed for start_position 708 and length 34
Passed for start_position 708 and length 36
Passed for start_position 708 and length 38
Passed for start_position 708 and length 40
Passed for start_position 708 and length 42
Passed for start_position 708 and length 44
Passed for start_position 708 and length 46
Passed for start_position 708 and length 48
Passed for start_position 708 and length 50
Passed for start_position 708 and length 52
Passed for start_position 708 and length 54
Passed for start_position 708 and length 56
Passed for start_position 708 and length 58
Passed for start_position 708 and length 60
Passed for start_position 708 and length 62
Passed for start_position 708 and length 64
Passed for start_position 708 and length 66
Passed for start_position 708 and length 68
Passed for start_position 708 and length 70
Passed for start_position 708 and length 72
Passed for start_position 708 and length 74
Passed for start_position 708 and length 76
Passed for start_position 708 and length 78
Passed for start_position 708 and length 80
Passed for start_position 708 and length 82
Passed for start_position 708 and length 84
Passed for start_position 708 and length 86
Passed for start_position 708 and length 88
Passed for start_position 708 and length 90
Passed for start_position 708 and length 92
Passed for start_position 708 and length 94
Passed for start_position 708 and length 96
Passed for start_position 708 and length 98
Passed for start_position 708 and length 100
Passed for start_position 709 and length 2
Passed for start_position 709 and length 4
Passed for start_position 709 and length 6
Passed for start_position 709 and length 8
Passed for start_position 709 and length 10
Passed for start_position 709 and length 12
Passed for start_position 709 and length 14
Passed for start_position 709 and length 16
Passed for start_position 709 and length 18
Passed for start_position 709 and length 20
Passed for start_position 709 and length 22
Passed for start_position 709 and length 24
Passed for start_position 709 and length 26
Passed for start_position 709 and length 28
Passed for start_position 709 and length 30
Passed for start_position 709 and length 32
Passed for start_position 709 and length 34
Passed for start_position 709 and length 36
Passed for start_position 709 and length 38
Passed for start_position 709 and length 40
Passed for start_position 709 and length 42
Passed for start_position 709 and length 44
Passed for start_position 709 and length 46
Passed for start_position 709 and length 48
Passed for start_position 709 and length 50
Passed for start_position 709 and length 52
Passed for start_position 709 and length 54
Passed for start_position 709 and length 56
Passed for start_position 709 and length 58
Passed for start_position 709 and length 60
Passed for start_position 709 and length 62
Passed for start_position 709 and length 64
Passed for start_position 709 and length 66
Passed for start_position 709 and length 68
Passed for start_position 709 and length 70
Passed for start_position 709 and length 72
Passed for start_position 709 and length 74
Passed for start_position 709 and length 76
Passed for start_position 709 and length 78
Passed for start_position 709 and length 80
Passed for start_position 709 and length 82
Passed for start_position 709 and length 84
Passed for start_position 709 and length 86
Passed for start_position 709 and length 88
Passed for start_position 709 and length 90
Passed for start_position 709 and length 92
Passed for start_position 709 and length 94
Passed for start_position 709 and length 96
Passed for start_position 709 and length 98
Passed for start_position 709 and length 100
Passed for start_position 710 and length 2
Passed for start_position 710 and length 4
Passed for start_position 710 and length 6
Passed for start_position 710 and length 8
Passed for start_position 710 and length 10
Passed for start_position 710 and length 12
Passed for start_position 710 and length 14
Passed for start_position 710 and length 16
Passed for start_position 710 and length 18
Passed for start_position 710 and length 20
Passed for start_position 710 and length 22
Passed for start_position 710 and length 24
Passed for start_position 710 and length 26
Passed for start_position 710 and length 28
Passed for start_position 710 and length 30
Passed for start_position 710 and length 32
Passed for start_position 710 and length 34
Passed for start_position 710 and length 36
Passed for start_position 710 and length 38
Passed for start_position 710 and length 40
Passed for start_position 710 and length 42
Passed for start_position 710 and length 44
Passed for start_position 710 and length 46
Passed for start_position 710 and length 48
Passed for start_position 710 and length 50
Passed for start_position 710 and length 52
Passed for start_position 710 and length 54
Passed for start_position 710 and length 56
Passed for start_position 710 and length 58
Passed for start_position 710 and length 60
Passed for start_position 710 and length 62
Passed for start_position 710 and length 64
Passed for start_position 710 and length 66
Passed for start_position 710 and length 68
Passed for start_position 710 and length 70
Passed for start_position 710 and length 72
Passed for start_position 710 and length 74
Passed for start_position 710 and length 76
Passed for start_position 710 and length 78
Passed for start_position 710 and length 80
Passed for start_position 710 and length 82
Passed for start_position 710 and length 84
Passed for start_position 710 and length 86
Passed for start_position 710 and length 88
Passed for start_position 710 and length 90
Passed for start_position 710 and length 92
Passed for start_position 710 and length 94
Passed for start_position 710 and length 96
Passed for start_position 710 and length 98
Passed for start_position 710 and length 100
Passed for start_position 711 and length 2
Passed for start_position 711 and length 4
Passed for start_position 711 and length 6
Passed for start_position 711 and length 8
Passed for start_position 711 and length 10
Passed for start_position 711 and length 12
Passed for start_position 711 and length 14
Passed for start_position 711 and length 16
Passed for start_position 711 and length 18
Passed for start_position 711 and length 20
Passed for start_position 711 and length 22
Passed for start_position 711 and length 24
Passed for start_position 711 and length 26
Passed for start_position 711 and length 28
Passed for start_position 711 and length 30
Passed for start_position 711 and length 32
Passed for start_position 711 and length 34
Passed for start_position 711 and length 36
Passed for start_position 711 and length 38
Passed for start_position 711 and length 40
Passed for start_position 711 and length 42
Passed for start_position 711 and length 44
Passed for start_position 711 and length 46
Passed for start_position 711 and length 48
Passed for start_position 711 and length 50
Passed for start_position 711 and length 52
Passed for start_position 711 and length 54
Passed for start_position 711 and length 56
Passed for start_position 711 and length 58
Passed for start_position 711 and length 60
Passed for start_position 711 and length 62
Passed for start_position 711 and length 64
Passed for start_position 711 and length 66
Passed for start_position 711 and length 68
Passed for start_position 711 and length 70
Passed for start_position 711 and length 72
Passed for start_position 711 and length 74
Passed for start_position 711 and length 76
Passed for start_position 711 and length 78
Passed for start_position 711 and length 80
Passed for start_position 711 and length 82
Passed for start_position 711 and length 84
Passed for start_position 711 and length 86
Passed for start_position 711 and length 88
Passed for start_position 711 and length 90
Passed for start_position 711 and length 92
Passed for start_position 711 and length 94
Passed for start_position 711 and length 96
Passed for start_position 711 and length 98
Passed for start_position 711 and length 100
Passed for start_position 712 and length 2
Passed for start_position 712 and length 4
Passed for start_position 712 and length 6
Passed for start_position 712 and length 8
Passed for start_position 712 and length 10
Passed for start_position 712 and length 12
Passed for start_position 712 and length 14
Passed for start_position 712 and length 16
Passed for start_position 712 and length 18
Passed for start_position 712 and length 20
Passed for start_position 712 and length 22
Passed for start_position 712 and length 24
Passed for start_position 712 and length 26
Passed for start_position 712 and length 28
Passed for start_position 712 and length 30
Passed for start_position 712 and length 32
Passed for start_position 712 and length 34
Passed for start_position 712 and length 36
Passed for start_position 712 and length 38
Passed for start_position 712 and length 40
Passed for start_position 712 and length 42
Passed for start_position 712 and length 44
Passed for start_position 712 and length 46
Passed for start_position 712 and length 48
Passed for start_position 712 and length 50
Passed for start_position 712 and length 52
Passed for start_position 712 and length 54
Passed for start_position 712 and length 56
Passed for start_position 712 and length 58
Passed for start_position 712 and length 60
Passed for start_position 712 and length 62
Passed for start_position 712 and length 64
Passed for start_position 712 and length 66
Passed for start_position 712 and length 68
Passed for start_position 712 and length 70
Passed for start_position 712 and length 72
Passed for start_position 712 and length 74
Passed for start_position 712 and length 76
Passed for start_position 712 and length 78
Passed for start_position 712 and length 80
Passed for start_position 712 and length 82
Passed for start_position 712 and length 84
Passed for start_position 712 and length 86
Passed for start_position 712 and length 88
Passed for start_position 712 and length 90
Passed for start_position 712 and length 92
Passed for start_position 712 and length 94
Passed for start_position 712 and length 96
Passed for start_position 712 and length 98
Passed for start_position 712 and length 100
Passed for start_position 713 and length 2
Passed for start_position 713 and length 4
Passed for start_position 713 and length 6
Passed for start_position 713 and length 8
Passed for start_position 713 and length 10
Passed for start_position 713 and length 12
Passed for start_position 713 and length 14
Passed for start_position 713 and length 16
Passed for start_position 713 and length 18
Passed for start_position 713 and length 20
Passed for start_position 713 and length 22
Passed for start_position 713 and length 24
Passed for start_position 713 and length 26
Passed for start_position 713 and length 28
Passed for start_position 713 and length 30
Passed for start_position 713 and length 32
Passed for start_position 713 and length 34
Passed for start_position 713 and length 36
Passed for start_position 713 and length 38
Passed for start_position 713 and length 40
Passed for start_position 713 and length 42
Passed for start_position 713 and length 44
Passed for start_position 713 and length 46
Passed for start_position 713 and length 48
Passed for start_position 713 and length 50
Passed for start_position 713 and length 52
Passed for start_position 713 and length 54
Passed for start_position 713 and length 56
Passed for start_position 713 and length 58
Passed for start_position 713 and length 60
Passed for start_position 713 and length 62
Passed for start_position 713 and length 64
Passed for start_position 713 and length 66
Passed for start_position 713 and length 68
Passed for start_position 713 and length 70
Passed for start_position 713 and length 72
Passed for start_position 713 and length 74
Passed for start_position 713 and length 76
Passed for start_position 713 and length 78
Passed for start_position 713 and length 80
Passed for start_position 713 and length 82
Passed for start_position 713 and length 84
Passed for start_position 713 and length 86
Passed for start_position 713 and length 88
Passed for start_position 713 and length 90
Passed for start_position 713 and length 92
Passed for start_position 713 and length 94
Passed for start_position 713 and length 96
Passed for start_position 713 and length 98
Passed for start_position 713 and length 100
Passed for start_position 714 and length 2
Passed for start_position 714 and length 4
Passed for start_position 714 and length 6
Passed for start_position 714 and length 8
Passed for start_position 714 and length 10
Passed for start_position 714 and length 12
Passed for start_position 714 and length 14
Passed for start_position 714 and length 16
Passed for start_position 714 and length 18
Passed for start_position 714 and length 20
Passed for start_position 714 and length 22
Passed for start_position 714 and length 24
Passed for start_position 714 and length 26
Passed for start_position 714 and length 28
Passed for start_position 714 and length 30
Passed for start_position 714 and length 32
Passed for start_position 714 and length 34
Passed for start_position 714 and length 36
Passed for start_position 714 and length 38
Passed for start_position 714 and length 40
Passed for start_position 714 and length 42
Passed for start_position 714 and length 44
Passed for start_position 714 and length 46
Passed for start_position 714 and length 48
Passed for start_position 714 and length 50
Passed for start_position 714 and length 52
Passed for start_position 714 and length 54
Passed for start_position 714 and length 56
Passed for start_position 714 and length 58
Passed for start_position 714 and length 60
Passed for start_position 714 and length 62
Passed for start_position 714 and length 64
Passed for start_position 714 and length 66
Passed for start_position 714 and length 68
Passed for start_position 714 and length 70
Passed for start_position 714 and length 72
Passed for start_position 714 and length 74
Passed for start_position 714 and length 76
Passed for start_position 714 and length 78
Passed for start_position 714 and length 80
Passed for start_position 714 and length 82
Passed for start_position 714 and length 84
Passed for start_position 714 and length 86
Passed for start_position 714 and length 88
Passed for start_position 714 and length 90
Passed for start_position 714 and length 92
Passed for start_position 714 and length 94
Passed for start_position 714 and length 96
Passed for start_position 714 and length 98
Passed for start_position 714 and length 100
Passed for start_position 715 and length 2
Passed for start_position 715 and length 4
Passed for start_position 715 and length 6
Passed for start_position 715 and length 8
Passed for start_position 715 and length 10
Passed for start_position 715 and length 12
Passed for start_position 715 and length 14
Passed for start_position 715 and length 16
Passed for start_position 715 and length 18
Passed for start_position 715 and length 20
Passed for start_position 715 and length 22
Passed for start_position 715 and length 24
Passed for start_position 715 and length 26
Passed for start_position 715 and length 28
Passed for start_position 715 and length 30
Passed for start_position 715 and length 32
Passed for start_position 715 and length 34
Passed for start_position 715 and length 36
Passed for start_position 715 and length 38
Passed for start_position 715 and length 40
Passed for start_position 715 and length 42
Passed for start_position 715 and length 44
Passed for start_position 715 and length 46
Passed for start_position 715 and length 48
Passed for start_position 715 and length 50
Passed for start_position 715 and length 52
Passed for start_position 715 and length 54
Passed for start_position 715 and length 56
Passed for start_position 715 and length 58
Passed for start_position 715 and length 60
Passed for start_position 715 and length 62
Passed for start_position 715 and length 64
Passed for start_position 715 and length 66
Passed for start_position 715 and length 68
Passed for start_position 715 and length 70
Passed for start_position 715 and length 72
Passed for start_position 715 and length 74
Passed for start_position 715 and length 76
Passed for start_position 715 and length 78
Passed for start_position 715 and length 80
Passed for start_position 715 and length 82
Passed for start_position 715 and length 84
Passed for start_position 715 and length 86
Passed for start_position 715 and length 88
Passed for start_position 715 and length 90
Passed for start_position 715 and length 92
Passed for start_position 715 and length 94
Passed for start_position 715 and length 96
Passed for start_position 715 and length 98
Passed for start_position 715 and length 100
Passed for start_position 716 and length 2
Passed for start_position 716 and length 4
Passed for start_position 716 and length 6
Passed for start_position 716 and length 8
Passed for start_position 716 and length 10
Passed for start_position 716 and length 12
Passed for start_position 716 and length 14
Passed for start_position 716 and length 16
Passed for start_position 716 and length 18
Passed for start_position 716 and length 20
Passed for start_position 716 and length 22
Passed for start_position 716 and length 24
Passed for start_position 716 and length 26
Passed for start_position 716 and length 28
Passed for start_position 716 and length 30
Passed for start_position 716 and length 32
Passed for start_position 716 and length 34
Passed for start_position 716 and length 36
Passed for start_position 716 and length 38
Passed for start_position 716 and length 40
Passed for start_position 716 and length 42
Passed for start_position 716 and length 44
Passed for start_position 716 and length 46
Passed for start_position 716 and length 48
Passed for start_position 716 and length 50
Passed for start_position 716 and length 52
Passed for start_position 716 and length 54
Passed for start_position 716 and length 56
Passed for start_position 716 and length 58
Passed for start_position 716 and length 60
Passed for start_position 716 and length 62
Passed for start_position 716 and length 64
Passed for start_position 716 and length 66
Passed for start_position 716 and length 68
Passed for start_position 716 and length 70
Passed for start_position 716 and length 72
Passed for start_position 716 and length 74
Passed for start_position 716 and length 76
Passed for start_position 716 and length 78
Passed for start_position 716 and length 80
Passed for start_position 716 and length 82
Passed for start_position 716 and length 84
Passed for start_position 716 and length 86
Passed for start_position 716 and length 88
Passed for start_position 716 and length 90
Passed for start_position 716 and length 92
Passed for start_position 716 and length 94
Passed for start_position 716 and length 96
Passed for start_position 716 and length 98
Passed for start_position 716 and length 100
Passed for start_position 717 and length 2
Passed for start_position 717 and length 4
Passed for start_position 717 and length 6
Passed for start_position 717 and length 8
Passed for start_position 717 and length 10
Passed for start_position 717 and length 12
Passed for start_position 717 and length 14
Passed for start_position 717 and length 16
Passed for start_position 717 and length 18
Passed for start_position 717 and length 20
Passed for start_position 717 and length 22
Passed for start_position 717 and length 24
Passed for start_position 717 and length 26
Passed for start_position 717 and length 28
Passed for start_position 717 and length 30
Passed for start_position 717 and length 32
Passed for start_position 717 and length 34
Passed for start_position 717 and length 36
Passed for start_position 717 and length 38
Passed for start_position 717 and length 40
Passed for start_position 717 and length 42
Passed for start_position 717 and length 44
Passed for start_position 717 and length 46
Passed for start_position 717 and length 48
Passed for start_position 717 and length 50
Passed for start_position 717 and length 52
Passed for start_position 717 and length 54
Passed for start_position 717 and length 56
Passed for start_position 717 and length 58
Passed for start_position 717 and length 60
Passed for start_position 717 and length 62
Passed for start_position 717 and length 64
Passed for start_position 717 and length 66
Passed for start_position 717 and length 68
Passed for start_position 717 and length 70
Passed for start_position 717 and length 72
Passed for start_position 717 and length 74
Passed for start_position 717 and length 76
Passed for start_position 717 and length 78
Passed for start_position 717 and length 80
Passed for start_position 717 and length 82
Passed for start_position 717 and length 84
Passed for start_position 717 and length 86
Passed for start_position 717 and length 88
Passed for start_position 717 and length 90
Passed for start_position 717 and length 92
Passed for start_position 717 and length 94
Passed for start_position 717 and length 96
Passed for start_position 717 and length 98
Passed for start_position 717 and length 100
Passed for start_position 718 and length 2
Passed for start_position 718 and length 4
Passed for start_position 718 and length 6
Passed for start_position 718 and length 8
Passed for start_position 718 and length 10
Passed for start_position 718 and length 12
Passed for start_position 718 and length 14
Passed for start_position 718 and length 16
Passed for start_position 718 and length 18
Passed for start_position 718 and length 20
Passed for start_position 718 and length 22
Passed for start_position 718 and length 24
Passed for start_position 718 and length 26
Passed for start_position 718 and length 28
Passed for start_position 718 and length 30
Passed for start_position 718 and length 32
Passed for start_position 718 and length 34
Passed for start_position 718 and length 36
Passed for start_position 718 and length 38
Passed for start_position 718 and length 40
Passed for start_position 718 and length 42
Passed for start_position 718 and length 44
Passed for start_position 718 and length 46
Passed for start_position 718 and length 48
Passed for start_position 718 and length 50
Passed for start_position 718 and length 52
Passed for start_position 718 and length 54
Passed for start_position 718 and length 56
Passed for start_position 718 and length 58
Passed for start_position 718 and length 60
Passed for start_position 718 and length 62
Passed for start_position 718 and length 64
Passed for start_position 718 and length 66
Passed for start_position 718 and length 68
Passed for start_position 718 and length 70
Passed for start_position 718 and length 72
Passed for start_position 718 and length 74
Passed for start_position 718 and length 76
Passed for start_position 718 and length 78
Passed for start_position 718 and length 80
Passed for start_position 718 and length 82
Passed for start_position 718 and length 84
Passed for start_position 718 and length 86
Passed for start_position 718 and length 88
Passed for start_position 718 and length 90
Passed for start_position 718 and length 92
Passed for start_position 718 and length 94
Passed for start_position 718 and length 96
Passed for start_position 718 and length 98
Passed for start_position 718 and length 100
Passed for start_position 719 and length 2
Passed for start_position 719 and length 4
Passed for start_position 719 and length 6
Passed for start_position 719 and length 8
Passed for start_position 719 and length 10
Passed for start_position 719 and length 12
Passed for start_position 719 and length 14
Passed for start_position 719 and length 16
Passed for start_position 719 and length 18
Passed for start_position 719 and length 20
Passed for start_position 719 and length 22
Passed for start_position 719 and length 24
Passed for start_position 719 and length 26
Passed for start_position 719 and length 28
Passed for start_position 719 and length 30
Passed for start_position 719 and length 32
Passed for start_position 719 and length 34
Passed for start_position 719 and length 36
Passed for start_position 719 and length 38
Passed for start_position 719 and length 40
Passed for start_position 719 and length 42
Passed for start_position 719 and length 44
Passed for start_position 719 and length 46
Passed for start_position 719 and length 48
Passed for start_position 719 and length 50
Passed for start_position 719 and length 52
Passed for start_position 719 and length 54
Passed for start_position 719 and length 56
Passed for start_position 719 and length 58
Passed for start_position 719 and length 60
Passed for start_position 719 and length 62
Passed for start_position 719 and length 64
Passed for start_position 719 and length 66
Passed for start_position 719 and length 68
Passed for start_position 719 and length 70
Passed for start_position 719 and length 72
Passed for start_position 719 and length 74
Passed for start_position 719 and length 76
Passed for start_position 719 and length 78
Passed for start_position 719 and length 80
Passed for start_position 719 and length 82
Passed for start_position 719 and length 84
Passed for start_position 719 and length 86
Passed for start_position 719 and length 88
Passed for start_position 719 and length 90
Passed for start_position 719 and length 92
Passed for start_position 719 and length 94
Passed for start_position 719 and length 96
Passed for start_position 719 and length 98
Passed for start_position 719 and length 100
Passed for start_position 720 and length 2
Passed for start_position 720 and length 4
Passed for start_position 720 and length 6
Passed for start_position 720 and length 8
Passed for start_position 720 and length 10
Passed for start_position 720 and length 12
Passed for start_position 720 and length 14
Passed for start_position 720 and length 16
Passed for start_position 720 and length 18
Passed for start_position 720 and length 20
Passed for start_position 720 and length 22
Passed for start_position 720 and length 24
Passed for start_position 720 and length 26
Passed for start_position 720 and length 28
Passed for start_position 720 and length 30
Passed for start_position 720 and length 32
Passed for start_position 720 and length 34
Passed for start_position 720 and length 36
Passed for start_position 720 and length 38
Passed for start_position 720 and length 40
Passed for start_position 720 and length 42
Passed for start_position 720 and length 44
Passed for start_position 720 and length 46
Passed for start_position 720 and length 48
Passed for start_position 720 and length 50
Passed for start_position 720 and length 52
Passed for start_position 720 and length 54
Passed for start_position 720 and length 56
Passed for start_position 720 and length 58
Passed for start_position 720 and length 60
Passed for start_position 720 and length 62
Passed for start_position 720 and length 64
Passed for start_position 720 and length 66
Passed for start_position 720 and length 68
Passed for start_position 720 and length 70
Passed for start_position 720 and length 72
Passed for start_position 720 and length 74
Passed for start_position 720 and length 76
Passed for start_position 720 and length 78
Passed for start_position 720 and length 80
Passed for start_position 720 and length 82
Passed for start_position 720 and length 84
Passed for start_position 720 and length 86
Passed for start_position 720 and length 88
Passed for start_position 720 and length 90
Passed for start_position 720 and length 92
Passed for start_position 720 and length 94
Passed for start_position 720 and length 96
Passed for start_position 720 and length 98
Passed for start_position 720 and length 100
Passed for start_position 721 and length 2
Passed for start_position 721 and length 4
Passed for start_position 721 and length 6
Passed for start_position 721 and length 8
Passed for start_position 721 and length 10
Passed for start_position 721 and length 12
Passed for start_position 721 and length 14
Passed for start_position 721 and length 16
Passed for start_position 721 and length 18
Passed for start_position 721 and length 20
Passed for start_position 721 and length 22
Passed for start_position 721 and length 24
Passed for start_position 721 and length 26
Passed for start_position 721 and length 28
Passed for start_position 721 and length 30
Passed for start_position 721 and length 32
Passed for start_position 721 and length 34
Passed for start_position 721 and length 36
Passed for start_position 721 and length 38
Passed for start_position 721 and length 40
Passed for start_position 721 and length 42
Passed for start_position 721 and length 44
Passed for start_position 721 and length 46
Passed for start_position 721 and length 48
Passed for start_position 721 and length 50
Passed for start_position 721 and length 52
Passed for start_position 721 and length 54
Passed for start_position 721 and length 56
Passed for start_position 721 and length 58
Passed for start_position 721 and length 60
Passed for start_position 721 and length 62
Passed for start_position 721 and length 64
Passed for start_position 721 and length 66
Passed for start_position 721 and length 68
Passed for start_position 721 and length 70
Passed for start_position 721 and length 72
Passed for start_position 721 and length 74
Passed for start_position 721 and length 76
Passed for start_position 721 and length 78
Passed for start_position 721 and length 80
Passed for start_position 721 and length 82
Passed for start_position 721 and length 84
Passed for start_position 721 and length 86
Passed for start_position 721 and length 88
Passed for start_position 721 and length 90
Passed for start_position 721 and length 92
Passed for start_position 721 and length 94
Passed for start_position 721 and length 96
Passed for start_position 721 and length 98
Passed for start_position 721 and length 100
Passed for start_position 722 and length 2
Passed for start_position 722 and length 4
Passed for start_position 722 and length 6
Passed for start_position 722 and length 8
Passed for start_position 722 and length 10
Passed for start_position 722 and length 12
Passed for start_position 722 and length 14
Passed for start_position 722 and length 16
Passed for start_position 722 and length 18
Passed for start_position 722 and length 20
Passed for start_position 722 and length 22
Passed for start_position 722 and length 24
Passed for start_position 722 and length 26
Passed for start_position 722 and length 28
Passed for start_position 722 and length 30
Passed for start_position 722 and length 32
Passed for start_position 722 and length 34
Passed for start_position 722 and length 36
Passed for start_position 722 and length 38
Passed for start_position 722 and length 40
Passed for start_position 722 and length 42
Passed for start_position 722 and length 44
Passed for start_position 722 and length 46
Passed for start_position 722 and length 48
Passed for start_position 722 and length 50
Passed for start_position 722 and length 52
Passed for start_position 722 and length 54
Passed for start_position 722 and length 56
Passed for start_position 722 and length 58
Passed for start_position 722 and length 60
Passed for start_position 722 and length 62
Passed for start_position 722 and length 64
Passed for start_position 722 and length 66
Passed for start_position 722 and length 68
Passed for start_position 722 and length 70
Passed for start_position 722 and length 72
Passed for start_position 722 and length 74
Passed for start_position 722 and length 76
Passed for start_position 722 and length 78
Passed for start_position 722 and length 80
Passed for start_position 722 and length 82
Passed for start_position 722 and length 84
Passed for start_position 722 and length 86
Passed for start_position 722 and length 88
Passed for start_position 722 and length 90
Passed for start_position 722 and length 92
Passed for start_position 722 and length 94
Passed for start_position 722 and length 96
Passed for start_position 722 and length 98
Passed for start_position 722 and length 100
Passed for start_position 723 and length 2
Passed for start_position 723 and length 4
Passed for start_position 723 and length 6
Passed for start_position 723 and length 8
Passed for start_position 723 and length 10
Passed for start_position 723 and length 12
Passed for start_position 723 and length 14
Passed for start_position 723 and length 16
Passed for start_position 723 and length 18
Passed for start_position 723 and length 20
Passed for start_position 723 and length 22
Passed for start_position 723 and length 24
Passed for start_position 723 and length 26
Passed for start_position 723 and length 28
Passed for start_position 723 and length 30
Passed for start_position 723 and length 32
Passed for start_position 723 and length 34
Passed for start_position 723 and length 36
Passed for start_position 723 and length 38
Passed for start_position 723 and length 40
Passed for start_position 723 and length 42
Passed for start_position 723 and length 44
Passed for start_position 723 and length 46
Passed for start_position 723 and length 48
Passed for start_position 723 and length 50
Passed for start_position 723 and length 52
Passed for start_position 723 and length 54
Passed for start_position 723 and length 56
Passed for start_position 723 and length 58
Passed for start_position 723 and length 60
Passed for start_position 723 and length 62
Passed for start_position 723 and length 64
Passed for start_position 723 and length 66
Passed for start_position 723 and length 68
Passed for start_position 723 and length 70
Passed for start_position 723 and length 72
Passed for start_position 723 and length 74
Passed for start_position 723 and length 76
Passed for start_position 723 and length 78
Passed for start_position 723 and length 80
Passed for start_position 723 and length 82
Passed for start_position 723 and length 84
Passed for start_position 723 and length 86
Passed for start_position 723 and length 88
Passed for start_position 723 and length 90
Passed for start_position 723 and length 92
Passed for start_position 723 and length 94
Passed for start_position 723 and length 96
Passed for start_position 723 and length 98
Passed for start_position 723 and length 100
Passed for start_position 724 and length 2
Passed for start_position 724 and length 4
Passed for start_position 724 and length 6
Passed for start_position 724 and length 8
Passed for start_position 724 and length 10
Passed for start_position 724 and length 12
Passed for start_position 724 and length 14
Passed for start_position 724 and length 16
Passed for start_position 724 and length 18
Passed for start_position 724 and length 20
Passed for start_position 724 and length 22
Passed for start_position 724 and length 24
Passed for start_position 724 and length 26
Passed for start_position 724 and length 28
Passed for start_position 724 and length 30
Passed for start_position 724 and length 32
Passed for start_position 724 and length 34
Passed for start_position 724 and length 36
Passed for start_position 724 and length 38
Passed for start_position 724 and length 40
Passed for start_position 724 and length 42
Passed for start_position 724 and length 44
Passed for start_position 724 and length 46
Passed for start_position 724 and length 48
Passed for start_position 724 and length 50
Passed for start_position 724 and length 52
Passed for start_position 724 and length 54
Passed for start_position 724 and length 56
Passed for start_position 724 and length 58
Passed for start_position 724 and length 60
Passed for start_position 724 and length 62
Passed for start_position 724 and length 64
Passed for start_position 724 and length 66
Passed for start_position 724 and length 68
Passed for start_position 724 and length 70
Passed for start_position 724 and length 72
Passed for start_position 724 and length 74
Passed for start_position 724 and length 76
Passed for start_position 724 and length 78
Passed for start_position 724 and length 80
Passed for start_position 724 and length 82
Passed for start_position 724 and length 84
Passed for start_position 724 and length 86
Passed for start_position 724 and length 88
Passed for start_position 724 and length 90
Passed for start_position 724 and length 92
Passed for start_position 724 and length 94
Passed for start_position 724 and length 96
Passed for start_position 724 and length 98
Passed for start_position 724 and length 100
Passed for start_position 725 and length 2
Passed for start_position 725 and length 4
Passed for start_position 725 and length 6
Passed for start_position 725 and length 8
Passed for start_position 725 and length 10
Passed for start_position 725 and length 12
Passed for start_position 725 and length 14
Passed for start_position 725 and length 16
Passed for start_position 725 and length 18
Passed for start_position 725 and length 20
Passed for start_position 725 and length 22
Passed for start_position 725 and length 24
Passed for start_position 725 and length 26
Passed for start_position 725 and length 28
Passed for start_position 725 and length 30
Passed for start_position 725 and length 32
Passed for start_position 725 and length 34
Passed for start_position 725 and length 36
Passed for start_position 725 and length 38
Passed for start_position 725 and length 40
Passed for start_position 725 and length 42
Passed for start_position 725 and length 44
Passed for start_position 725 and length 46
Passed for start_position 725 and length 48
Passed for start_position 725 and length 50
Passed for start_position 725 and length 52
Passed for start_position 725 and length 54
Passed for start_position 725 and length 56
Passed for start_position 725 and length 58
Passed for start_position 725 and length 60
Passed for start_position 725 and length 62
Passed for start_position 725 and length 64
Passed for start_position 725 and length 66
Passed for start_position 725 and length 68
Passed for start_position 725 and length 70
Passed for start_position 725 and length 72
Passed for start_position 725 and length 74
Passed for start_position 725 and length 76
Passed for start_position 725 and length 78
Passed for start_position 725 and length 80
Passed for start_position 725 and length 82
Passed for start_position 725 and length 84
Passed for start_position 725 and length 86
Passed for start_position 725 and length 88
Passed for start_position 725 and length 90
Passed for start_position 725 and length 92
Passed for start_position 725 and length 94
Passed for start_position 725 and length 96
Passed for start_position 725 and length 98
Passed for start_position 725 and length 100
Passed for start_position 726 and length 2
Passed for start_position 726 and length 4
Passed for start_position 726 and length 6
Passed for start_position 726 and length 8
Passed for start_position 726 and length 10
Passed for start_position 726 and length 12
Passed for start_position 726 and length 14
Passed for start_position 726 and length 16
Passed for start_position 726 and length 18
Passed for start_position 726 and length 20
Passed for start_position 726 and length 22
Passed for start_position 726 and length 24
Passed for start_position 726 and length 26
Passed for start_position 726 and length 28
Passed for start_position 726 and length 30
Passed for start_position 726 and length 32
Passed for start_position 726 and length 34
Passed for start_position 726 and length 36
Passed for start_position 726 and length 38
Passed for start_position 726 and length 40
Passed for start_position 726 and length 42
Passed for start_position 726 and length 44
Passed for start_position 726 and length 46
Passed for start_position 726 and length 48
Passed for start_position 726 and length 50
Passed for start_position 726 and length 52
Passed for start_position 726 and length 54
Passed for start_position 726 and length 56
Passed for start_position 726 and length 58
Passed for start_position 726 and length 60
Passed for start_position 726 and length 62
Passed for start_position 726 and length 64
Passed for start_position 726 and length 66
Passed for start_position 726 and length 68
Passed for start_position 726 and length 70
Passed for start_position 726 and length 72
Passed for start_position 726 and length 74
Passed for start_position 726 and length 76
Passed for start_position 726 and length 78
Passed for start_position 726 and length 80
Passed for start_position 726 and length 82
Passed for start_position 726 and length 84
Passed for start_position 726 and length 86
Passed for start_position 726 and length 88
Passed for start_position 726 and length 90
Passed for start_position 726 and length 92
Passed for start_position 726 and length 94
Passed for start_position 726 and length 96
Passed for start_position 726 and length 98
Passed for start_position 726 and length 100
Passed for start_position 727 and length 2
Passed for start_position 727 and length 4
Passed for start_position 727 and length 6
Passed for start_position 727 and length 8
Passed for start_position 727 and length 10
Passed for start_position 727 and length 12
Passed for start_position 727 and length 14
Passed for start_position 727 and length 16
Passed for start_position 727 and length 18
Passed for start_position 727 and length 20
Passed for start_position 727 and length 22
Passed for start_position 727 and length 24
Passed for start_position 727 and length 26
Passed for start_position 727 and length 28
Passed for start_position 727 and length 30
Passed for start_position 727 and length 32
Passed for start_position 727 and length 34
Passed for start_position 727 and length 36
Passed for start_position 727 and length 38
Passed for start_position 727 and length 40
Passed for start_position 727 and length 42
Passed for start_position 727 and length 44
Passed for start_position 727 and length 46
Passed for start_position 727 and length 48
Passed for start_position 727 and length 50
Passed for start_position 727 and length 52
Passed for start_position 727 and length 54
Passed for start_position 727 and length 56
Passed for start_position 727 and length 58
Passed for start_position 727 and length 60
Passed for start_position 727 and length 62
Passed for start_position 727 and length 64
Passed for start_position 727 and length 66
Passed for start_position 727 and length 68
Passed for start_position 727 and length 70
Passed for start_position 727 and length 72
Passed for start_position 727 and length 74
Passed for start_position 727 and length 76
Passed for start_position 727 and length 78
Passed for start_position 727 and length 80
Passed for start_position 727 and length 82
Passed for start_position 727 and length 84
Passed for start_position 727 and length 86
Passed for start_position 727 and length 88
Passed for start_position 727 and length 90
Passed for start_position 727 and length 92
Passed for start_position 727 and length 94
Passed for start_position 727 and length 96
Passed for start_position 727 and length 98
Passed for start_position 727 and length 100
Passed for start_position 728 and length 2
Passed for start_position 728 and length 4
Passed for start_position 728 and length 6
Passed for start_position 728 and length 8
Passed for start_position 728 and length 10
Passed for start_position 728 and length 12
Passed for start_position 728 and length 14
Passed for start_position 728 and length 16
Passed for start_position 728 and length 18
Passed for start_position 728 and length 20
Passed for start_position 728 and length 22
Passed for start_position 728 and length 24
Passed for start_position 728 and length 26
Passed for start_position 728 and length 28
Passed for start_position 728 and length 30
Passed for start_position 728 and length 32
Passed for start_position 728 and length 34
Passed for start_position 728 and length 36
Passed for start_position 728 and length 38
Passed for start_position 728 and length 40
Passed for start_position 728 and length 42
Passed for start_position 728 and length 44
Passed for start_position 728 and length 46
Passed for start_position 728 and length 48
Passed for start_position 728 and length 50
Passed for start_position 728 and length 52
Passed for start_position 728 and length 54
Passed for start_position 728 and length 56
Passed for start_position 728 and length 58
Passed for start_position 728 and length 60
Passed for start_position 728 and length 62
Passed for start_position 728 and length 64
Passed for start_position 728 and length 66
Passed for start_position 728 and length 68
Passed for start_position 728 and length 70
Passed for start_position 728 and length 72
Passed for start_position 728 and length 74
Passed for start_position 728 and length 76
Passed for start_position 728 and length 78
Passed for start_position 728 and length 80
Passed for start_position 728 and length 82
Passed for start_position 728 and length 84
Passed for start_position 728 and length 86
Passed for start_position 728 and length 88
Passed for start_position 728 and length 90
Passed for start_position 728 and length 92
Passed for start_position 728 and length 94
Passed for start_position 728 and length 96
Passed for start_position 728 and length 98
Passed for start_position 728 and length 100
Passed for start_position 729 and length 2
Passed for start_position 729 and length 4
Passed for start_position 729 and length 6
Passed for start_position 729 and length 8
Passed for start_position 729 and length 10
Error for start_position 729 and length 12: Movement -1 not in dictionary
Passed for start_position 729 and length 14
Error for start_position 729 and length 16: Movement 1 not in dictionary
Passed for start_position 729 and length 18
Passed for start_position 729 and length 20
Error for start_position 729 and length 22: Movement 1 not in dictionary
Passed for start_position 729 and length 24
Error for start_position 729 and length 26: Movement 1 not in dictionary
Passed for start_position 729 and length 28
Passed for start_position 729 and length 30
Passed for start_position 729 and length 32
Passed for start_position 729 and length 34
Error for start_position 729 and length 36: Movement -1 not in dictionary
Passed for start_position 729 and length 38
Error for start_position 729 and length 40: Movement 1 not in dictionary
Error for start_position 729 and length 42: Movement 1 not in dictionary
Passed for start_position 729 and length 44
Error for start_position 729 and length 46: Movement -1 not in dictionary
Error for start_position 729 and length 48: Movement -1 not in dictionary
Passed for start_position 729 and length 50
Passed for start_position 729 and length 52
Passed for start_position 729 and length 54
Error for start_position 729 and length 56: Movement 1 not in dictionary
Passed for start_position 729 and length 58
Passed for start_position 729 and length 60
Passed for start_position 729 and length 62
Passed for start_position 729 and length 64
Error for start_position 729 and length 66: Movement -1 not in dictionary
Error for start_position 729 and length 68: Movement 1 not in dictionary
Passed for start_position 729 and length 70
Passed for start_position 729 and length 72
Error for start_position 729 and length 74: Movement 1 not in dictionary
Passed for start_position 729 and length 76
Passed for start_position 729 and length 78
Error for start_position 729 and length 80: Movement 1 not in dictionary
Passed for start_position 729 and length 82
Passed for start_position 729 and length 84
Error for start_position 729 and length 86: Movement -1 not in dictionary
Error for start_position 729 and length 88: Movement 1 not in dictionary
Passed for start_position 729 and length 90
Error for start_position 729 and length 92: Movement -1 not in dictionary
Passed for start_position 729 and length 94
Passed for start_position 729 and length 96
Passed for start_position 729 and length 98
Error for start_position 729 and length 100: Movement -1 not in dictionary
Passed for start_position 730 and length 2
Passed for start_position 730 and length 4
Passed for start_position 730 and length 6
Passed for start_position 730 and length 8
Passed for start_position 730 and length 10
Passed for start_position 730 and length 12
Passed for start_position 730 and length 14
Passed for start_position 730 and length 16
Passed for start_position 730 and length 18
Passed for start_position 730 and length 20
Passed for start_position 730 and length 22
Passed for start_position 730 and length 24
Passed for start_position 730 and length 26
Passed for start_position 730 and length 28
Passed for start_position 730 and length 30
Passed for start_position 730 and length 32
Passed for start_position 730 and length 34
Passed for start_position 730 and length 36
Passed for start_position 730 and length 38
Passed for start_position 730 and length 40
Passed for start_position 730 and length 42
Passed for start_position 730 and length 44
Passed for start_position 730 and length 46
Passed for start_position 730 and length 48
Passed for start_position 730 and length 50
Passed for start_position 730 and length 52
Passed for start_position 730 and length 54
Passed for start_position 730 and length 56
Passed for start_position 730 and length 58
Passed for start_position 730 and length 60
Passed for start_position 730 and length 62
Passed for start_position 730 and length 64
Passed for start_position 730 and length 66
Passed for start_position 730 and length 68
Passed for start_position 730 and length 70
Passed for start_position 730 and length 72
Passed for start_position 730 and length 74
Passed for start_position 730 and length 76
Passed for start_position 730 and length 78
Passed for start_position 730 and length 80
Passed for start_position 730 and length 82
Passed for start_position 730 and length 84
Passed for start_position 730 and length 86
Passed for start_position 730 and length 88
Passed for start_position 730 and length 90
Passed for start_position 730 and length 92
Passed for start_position 730 and length 94
Passed for start_position 730 and length 96
Passed for start_position 730 and length 98
Passed for start_position 730 and length 100
Passed for start_position 731 and length 2
Passed for start_position 731 and length 4
Passed for start_position 731 and length 6
Passed for start_position 731 and length 8
Passed for start_position 731 and length 10
Passed for start_position 731 and length 12
Passed for start_position 731 and length 14
Passed for start_position 731 and length 16
Passed for start_position 731 and length 18
Passed for start_position 731 and length 20
Passed for start_position 731 and length 22
Passed for start_position 731 and length 24
Passed for start_position 731 and length 26
Passed for start_position 731 and length 28
Passed for start_position 731 and length 30
Passed for start_position 731 and length 32
Passed for start_position 731 and length 34
Passed for start_position 731 and length 36
Passed for start_position 731 and length 38
Passed for start_position 731 and length 40
Passed for start_position 731 and length 42
Passed for start_position 731 and length 44
Passed for start_position 731 and length 46
Passed for start_position 731 and length 48
Passed for start_position 731 and length 50
Passed for start_position 731 and length 52
Passed for start_position 731 and length 54
Passed for start_position 731 and length 56
Passed for start_position 731 and length 58
Passed for start_position 731 and length 60
Passed for start_position 731 and length 62
Passed for start_position 731 and length 64
Passed for start_position 731 and length 66
Passed for start_position 731 and length 68
Passed for start_position 731 and length 70
Passed for start_position 731 and length 72
Passed for start_position 731 and length 74
Passed for start_position 731 and length 76
Passed for start_position 731 and length 78
Passed for start_position 731 and length 80
Passed for start_position 731 and length 82
Passed for start_position 731 and length 84
Passed for start_position 731 and length 86
Passed for start_position 731 and length 88
Passed for start_position 731 and length 90
Passed for start_position 731 and length 92
Passed for start_position 731 and length 94
Passed for start_position 731 and length 96
Passed for start_position 731 and length 98
Passed for start_position 731 and length 100
Passed for start_position 732 and length 2
Passed for start_position 732 and length 4
Passed for start_position 732 and length 6
Passed for start_position 732 and length 8
Passed for start_position 732 and length 10
Passed for start_position 732 and length 12
Passed for start_position 732 and length 14
Passed for start_position 732 and length 16
Passed for start_position 732 and length 18
Passed for start_position 732 and length 20
Passed for start_position 732 and length 22
Passed for start_position 732 and length 24
Passed for start_position 732 and length 26
Passed for start_position 732 and length 28
Passed for start_position 732 and length 30
Passed for start_position 732 and length 32
Passed for start_position 732 and length 34
Passed for start_position 732 and length 36
Passed for start_position 732 and length 38
Passed for start_position 732 and length 40
Passed for start_position 732 and length 42
Passed for start_position 732 and length 44
Passed for start_position 732 and length 46
Passed for start_position 732 and length 48
Passed for start_position 732 and length 50
Passed for start_position 732 and length 52
Passed for start_position 732 and length 54
Passed for start_position 732 and length 56
Passed for start_position 732 and length 58
Passed for start_position 732 and length 60
Passed for start_position 732 and length 62
Passed for start_position 732 and length 64
Passed for start_position 732 and length 66
Passed for start_position 732 and length 68
Passed for start_position 732 and length 70
Passed for start_position 732 and length 72
Passed for start_position 732 and length 74
Passed for start_position 732 and length 76
Passed for start_position 732 and length 78
Passed for start_position 732 and length 80
Passed for start_position 732 and length 82
Passed for start_position 732 and length 84
Passed for start_position 732 and length 86
Passed for start_position 732 and length 88
Passed for start_position 732 and length 90
Passed for start_position 732 and length 92
Passed for start_position 732 and length 94
Passed for start_position 732 and length 96
Passed for start_position 732 and length 98
Passed for start_position 732 and length 100
Passed for start_position 733 and length 2
Passed for start_position 733 and length 4
Passed for start_position 733 and length 6
Passed for start_position 733 and length 8
Passed for start_position 733 and length 10
Passed for start_position 733 and length 12
Passed for start_position 733 and length 14
Passed for start_position 733 and length 16
Passed for start_position 733 and length 18
Passed for start_position 733 and length 20
Passed for start_position 733 and length 22
Passed for start_position 733 and length 24
Passed for start_position 733 and length 26
Passed for start_position 733 and length 28
Passed for start_position 733 and length 30
Passed for start_position 733 and length 32
Passed for start_position 733 and length 34
Passed for start_position 733 and length 36
Passed for start_position 733 and length 38
Passed for start_position 733 and length 40
Passed for start_position 733 and length 42
Passed for start_position 733 and length 44
Passed for start_position 733 and length 46
Passed for start_position 733 and length 48
Passed for start_position 733 and length 50
Passed for start_position 733 and length 52
Passed for start_position 733 and length 54
Passed for start_position 733 and length 56
Passed for start_position 733 and length 58
Passed for start_position 733 and length 60
Passed for start_position 733 and length 62
Passed for start_position 733 and length 64
Passed for start_position 733 and length 66
Passed for start_position 733 and length 68
Passed for start_position 733 and length 70
Passed for start_position 733 and length 72
Passed for start_position 733 and length 74
Passed for start_position 733 and length 76
Passed for start_position 733 and length 78
Passed for start_position 733 and length 80
Passed for start_position 733 and length 82
Passed for start_position 733 and length 84
Passed for start_position 733 and length 86
Passed for start_position 733 and length 88
Passed for start_position 733 and length 90
Passed for start_position 733 and length 92
Passed for start_position 733 and length 94
Passed for start_position 733 and length 96
Passed for start_position 733 and length 98
Passed for start_position 733 and length 100
Passed for start_position 734 and length 2
Passed for start_position 734 and length 4
Passed for start_position 734 and length 6
Passed for start_position 734 and length 8
Passed for start_position 734 and length 10
Passed for start_position 734 and length 12
Passed for start_position 734 and length 14
Passed for start_position 734 and length 16
Passed for start_position 734 and length 18
Passed for start_position 734 and length 20
Passed for start_position 734 and length 22
Passed for start_position 734 and length 24
Passed for start_position 734 and length 26
Passed for start_position 734 and length 28
Passed for start_position 734 and length 30
Passed for start_position 734 and length 32
Passed for start_position 734 and length 34
Passed for start_position 734 and length 36
Passed for start_position 734 and length 38
Passed for start_position 734 and length 40
Passed for start_position 734 and length 42
Passed for start_position 734 and length 44
Passed for start_position 734 and length 46
Passed for start_position 734 and length 48
Passed for start_position 734 and length 50
Passed for start_position 734 and length 52
Passed for start_position 734 and length 54
Passed for start_position 734 and length 56
Passed for start_position 734 and length 58
Passed for start_position 734 and length 60
Passed for start_position 734 and length 62
Passed for start_position 734 and length 64
Passed for start_position 734 and length 66
Passed for start_position 734 and length 68
Passed for start_position 734 and length 70
Passed for start_position 734 and length 72
Passed for start_position 734 and length 74
Passed for start_position 734 and length 76
Passed for start_position 734 and length 78
Passed for start_position 734 and length 80
Passed for start_position 734 and length 82
Passed for start_position 734 and length 84
Passed for start_position 734 and length 86
Passed for start_position 734 and length 88
Passed for start_position 734 and length 90
Passed for start_position 734 and length 92
Passed for start_position 734 and length 94
Passed for start_position 734 and length 96
Passed for start_position 734 and length 98
Passed for start_position 734 and length 100
Passed for start_position 735 and length 2
Passed for start_position 735 and length 4
Passed for start_position 735 and length 6
Passed for start_position 735 and length 8
Passed for start_position 735 and length 10
Passed for start_position 735 and length 12
Passed for start_position 735 and length 14
Passed for start_position 735 and length 16
Passed for start_position 735 and length 18
Passed for start_position 735 and length 20
Passed for start_position 735 and length 22
Passed for start_position 735 and length 24
Passed for start_position 735 and length 26
Passed for start_position 735 and length 28
Passed for start_position 735 and length 30
Passed for start_position 735 and length 32
Passed for start_position 735 and length 34
Passed for start_position 735 and length 36
Passed for start_position 735 and length 38
Passed for start_position 735 and length 40
Passed for start_position 735 and length 42
Passed for start_position 735 and length 44
Passed for start_position 735 and length 46
Passed for start_position 735 and length 48
Passed for start_position 735 and length 50
Passed for start_position 735 and length 52
Passed for start_position 735 and length 54
Passed for start_position 735 and length 56
Passed for start_position 735 and length 58
Passed for start_position 735 and length 60
Passed for start_position 735 and length 62
Passed for start_position 735 and length 64
Passed for start_position 735 and length 66
Passed for start_position 735 and length 68
Passed for start_position 735 and length 70
Passed for start_position 735 and length 72
Passed for start_position 735 and length 74
Passed for start_position 735 and length 76
Passed for start_position 735 and length 78
Passed for start_position 735 and length 80
Passed for start_position 735 and length 82
Passed for start_position 735 and length 84
Passed for start_position 735 and length 86
Passed for start_position 735 and length 88
Passed for start_position 735 and length 90
Passed for start_position 735 and length 92
Passed for start_position 735 and length 94
Passed for start_position 735 and length 96
Passed for start_position 735 and length 98
Passed for start_position 735 and length 100
Passed for start_position 736 and length 2
Passed for start_position 736 and length 4
Passed for start_position 736 and length 6
Passed for start_position 736 and length 8
Passed for start_position 736 and length 10
Passed for start_position 736 and length 12
Passed for start_position 736 and length 14
Passed for start_position 736 and length 16
Passed for start_position 736 and length 18
Passed for start_position 736 and length 20
Passed for start_position 736 and length 22
Passed for start_position 736 and length 24
Passed for start_position 736 and length 26
Passed for start_position 736 and length 28
Passed for start_position 736 and length 30
Passed for start_position 736 and length 32
Passed for start_position 736 and length 34
Passed for start_position 736 and length 36
Passed for start_position 736 and length 38
Passed for start_position 736 and length 40
Passed for start_position 736 and length 42
Passed for start_position 736 and length 44
Passed for start_position 736 and length 46
Passed for start_position 736 and length 48
Passed for start_position 736 and length 50
Passed for start_position 736 and length 52
Passed for start_position 736 and length 54
Passed for start_position 736 and length 56
Passed for start_position 736 and length 58
Passed for start_position 736 and length 60
Passed for start_position 736 and length 62
Passed for start_position 736 and length 64
Passed for start_position 736 and length 66
Passed for start_position 736 and length 68
Passed for start_position 736 and length 70
Passed for start_position 736 and length 72
Passed for start_position 736 and length 74
Passed for start_position 736 and length 76
Passed for start_position 736 and length 78
Passed for start_position 736 and length 80
Passed for start_position 736 and length 82
Passed for start_position 736 and length 84
Passed for start_position 736 and length 86
Passed for start_position 736 and length 88
Passed for start_position 736 and length 90
Passed for start_position 736 and length 92
Passed for start_position 736 and length 94
Passed for start_position 736 and length 96
Passed for start_position 736 and length 98
Passed for start_position 736 and length 100
Passed for start_position 737 and length 2
Passed for start_position 737 and length 4
Passed for start_position 737 and length 6
Passed for start_position 737 and length 8
Passed for start_position 737 and length 10
Passed for start_position 737 and length 12
Passed for start_position 737 and length 14
Passed for start_position 737 and length 16
Passed for start_position 737 and length 18
Passed for start_position 737 and length 20
Passed for start_position 737 and length 22
Passed for start_position 737 and length 24
Passed for start_position 737 and length 26
Passed for start_position 737 and length 28
Passed for start_position 737 and length 30
Passed for start_position 737 and length 32
Passed for start_position 737 and length 34
Passed for start_position 737 and length 36
Passed for start_position 737 and length 38
Passed for start_position 737 and length 40
Passed for start_position 737 and length 42
Passed for start_position 737 and length 44
Passed for start_position 737 and length 46
Passed for start_position 737 and length 48
Passed for start_position 737 and length 50
Passed for start_position 737 and length 52
Passed for start_position 737 and length 54
Passed for start_position 737 and length 56
Passed for start_position 737 and length 58
Passed for start_position 737 and length 60
Passed for start_position 737 and length 62
Passed for start_position 737 and length 64
Passed for start_position 737 and length 66
Passed for start_position 737 and length 68
Passed for start_position 737 and length 70
Passed for start_position 737 and length 72
Passed for start_position 737 and length 74
Passed for start_position 737 and length 76
Passed for start_position 737 and length 78
Passed for start_position 737 and length 80
Passed for start_position 737 and length 82
Passed for start_position 737 and length 84
Passed for start_position 737 and length 86
Passed for start_position 737 and length 88
Passed for start_position 737 and length 90
Passed for start_position 737 and length 92
Passed for start_position 737 and length 94
Passed for start_position 737 and length 96
Passed for start_position 737 and length 98
Passed for start_position 737 and length 100
Passed for start_position 738 and length 2
Passed for start_position 738 and length 4
Passed for start_position 738 and length 6
Passed for start_position 738 and length 8
Passed for start_position 738 and length 10
Passed for start_position 738 and length 12
Passed for start_position 738 and length 14
Passed for start_position 738 and length 16
Passed for start_position 738 and length 18
Passed for start_position 738 and length 20
Passed for start_position 738 and length 22
Passed for start_position 738 and length 24
Passed for start_position 738 and length 26
Passed for start_position 738 and length 28
Passed for start_position 738 and length 30
Passed for start_position 738 and length 32
Passed for start_position 738 and length 34
Passed for start_position 738 and length 36
Passed for start_position 738 and length 38
Passed for start_position 738 and length 40
Passed for start_position 738 and length 42
Passed for start_position 738 and length 44
Passed for start_position 738 and length 46
Passed for start_position 738 and length 48
Passed for start_position 738 and length 50
Passed for start_position 738 and length 52
Passed for start_position 738 and length 54
Passed for start_position 738 and length 56
Passed for start_position 738 and length 58
Passed for start_position 738 and length 60
Passed for start_position 738 and length 62
Passed for start_position 738 and length 64
Passed for start_position 738 and length 66
Passed for start_position 738 and length 68
Passed for start_position 738 and length 70
Passed for start_position 738 and length 72
Passed for start_position 738 and length 74
Passed for start_position 738 and length 76
Passed for start_position 738 and length 78
Passed for start_position 738 and length 80
Passed for start_position 738 and length 82
Passed for start_position 738 and length 84
Passed for start_position 738 and length 86
Passed for start_position 738 and length 88
Passed for start_position 738 and length 90
Passed for start_position 738 and length 92
Passed for start_position 738 and length 94
Passed for start_position 738 and length 96
Passed for start_position 738 and length 98
Passed for start_position 738 and length 100
Passed for start_position 739 and length 2
Passed for start_position 739 and length 4
Passed for start_position 739 and length 6
Passed for start_position 739 and length 8
Passed for start_position 739 and length 10
Passed for start_position 739 and length 12
Passed for start_position 739 and length 14
Passed for start_position 739 and length 16
Passed for start_position 739 and length 18
Passed for start_position 739 and length 20
Passed for start_position 739 and length 22
Passed for start_position 739 and length 24
Passed for start_position 739 and length 26
Passed for start_position 739 and length 28
Passed for start_position 739 and length 30
Passed for start_position 739 and length 32
Passed for start_position 739 and length 34
Passed for start_position 739 and length 36
Passed for start_position 739 and length 38
Passed for start_position 739 and length 40
Passed for start_position 739 and length 42
Passed for start_position 739 and length 44
Passed for start_position 739 and length 46
Passed for start_position 739 and length 48
Passed for start_position 739 and length 50
Passed for start_position 739 and length 52
Passed for start_position 739 and length 54
Passed for start_position 739 and length 56
Passed for start_position 739 and length 58
Passed for start_position 739 and length 60
Passed for start_position 739 and length 62
Passed for start_position 739 and length 64
Passed for start_position 739 and length 66
Passed for start_position 739 and length 68
Passed for start_position 739 and length 70
Passed for start_position 739 and length 72
Passed for start_position 739 and length 74
Passed for start_position 739 and length 76
Passed for start_position 739 and length 78
Passed for start_position 739 and length 80
Passed for start_position 739 and length 82
Passed for start_position 739 and length 84
Passed for start_position 739 and length 86
Passed for start_position 739 and length 88
Passed for start_position 739 and length 90
Passed for start_position 739 and length 92
Passed for start_position 739 and length 94
Passed for start_position 739 and length 96
Passed for start_position 739 and length 98
Passed for start_position 739 and length 100
Passed for start_position 740 and length 2
Passed for start_position 740 and length 4
Passed for start_position 740 and length 6
Passed for start_position 740 and length 8
Passed for start_position 740 and length 10
Passed for start_position 740 and length 12
Passed for start_position 740 and length 14
Passed for start_position 740 and length 16
Passed for start_position 740 and length 18
Passed for start_position 740 and length 20
Passed for start_position 740 and length 22
Passed for start_position 740 and length 24
Passed for start_position 740 and length 26
Passed for start_position 740 and length 28
Passed for start_position 740 and length 30
Passed for start_position 740 and length 32
Passed for start_position 740 and length 34
Passed for start_position 740 and length 36
Passed for start_position 740 and length 38
Passed for start_position 740 and length 40
Passed for start_position 740 and length 42
Passed for start_position 740 and length 44
Passed for start_position 740 and length 46
Passed for start_position 740 and length 48
Passed for start_position 740 and length 50
Passed for start_position 740 and length 52
Passed for start_position 740 and length 54
Passed for start_position 740 and length 56
Passed for start_position 740 and length 58
Passed for start_position 740 and length 60
Passed for start_position 740 and length 62
Passed for start_position 740 and length 64
Passed for start_position 740 and length 66
Passed for start_position 740 and length 68
Passed for start_position 740 and length 70
Passed for start_position 740 and length 72
Passed for start_position 740 and length 74
Passed for start_position 740 and length 76
Passed for start_position 740 and length 78
Passed for start_position 740 and length 80
Passed for start_position 740 and length 82
Passed for start_position 740 and length 84
Passed for start_position 740 and length 86
Passed for start_position 740 and length 88
Passed for start_position 740 and length 90
Passed for start_position 740 and length 92
Passed for start_position 740 and length 94
Passed for start_position 740 and length 96
Passed for start_position 740 and length 98
Passed for start_position 740 and length 100
Passed for start_position 741 and length 2
Passed for start_position 741 and length 4
Passed for start_position 741 and length 6
Passed for start_position 741 and length 8
Passed for start_position 741 and length 10
Passed for start_position 741 and length 12
Passed for start_position 741 and length 14
Passed for start_position 741 and length 16
Passed for start_position 741 and length 18
Passed for start_position 741 and length 20
Passed for start_position 741 and length 22
Passed for start_position 741 and length 24
Passed for start_position 741 and length 26
Passed for start_position 741 and length 28
Passed for start_position 741 and length 30
Passed for start_position 741 and length 32
Passed for start_position 741 and length 34
Passed for start_position 741 and length 36
Passed for start_position 741 and length 38
Passed for start_position 741 and length 40
Passed for start_position 741 and length 42
Passed for start_position 741 and length 44
Passed for start_position 741 and length 46
Passed for start_position 741 and length 48
Passed for start_position 741 and length 50
Passed for start_position 741 and length 52
Passed for start_position 741 and length 54
Passed for start_position 741 and length 56
Passed for start_position 741 and length 58
Passed for start_position 741 and length 60
Passed for start_position 741 and length 62
Passed for start_position 741 and length 64
Passed for start_position 741 and length 66
Passed for start_position 741 and length 68
Passed for start_position 741 and length 70
Passed for start_position 741 and length 72
Passed for start_position 741 and length 74
Passed for start_position 741 and length 76
Passed for start_position 741 and length 78
Passed for start_position 741 and length 80
Passed for start_position 741 and length 82
Passed for start_position 741 and length 84
Passed for start_position 741 and length 86
Passed for start_position 741 and length 88
Passed for start_position 741 and length 90
Passed for start_position 741 and length 92
Passed for start_position 741 and length 94
Passed for start_position 741 and length 96
Passed for start_position 741 and length 98
Passed for start_position 741 and length 100
Passed for start_position 742 and length 2
Passed for start_position 742 and length 4
Passed for start_position 742 and length 6
Passed for start_position 742 and length 8
Passed for start_position 742 and length 10
Passed for start_position 742 and length 12
Passed for start_position 742 and length 14
Passed for start_position 742 and length 16
Passed for start_position 742 and length 18
Passed for start_position 742 and length 20
Passed for start_position 742 and length 22
Passed for start_position 742 and length 24
Passed for start_position 742 and length 26
Passed for start_position 742 and length 28
Passed for start_position 742 and length 30
Passed for start_position 742 and length 32
Passed for start_position 742 and length 34
Passed for start_position 742 and length 36
Passed for start_position 742 and length 38
Passed for start_position 742 and length 40
Passed for start_position 742 and length 42
Passed for start_position 742 and length 44
Passed for start_position 742 and length 46
Passed for start_position 742 and length 48
Passed for start_position 742 and length 50
Passed for start_position 742 and length 52
Passed for start_position 742 and length 54
Passed for start_position 742 and length 56
Passed for start_position 742 and length 58
Passed for start_position 742 and length 60
Passed for start_position 742 and length 62
Passed for start_position 742 and length 64
Passed for start_position 742 and length 66
Passed for start_position 742 and length 68
Passed for start_position 742 and length 70
Passed for start_position 742 and length 72
Passed for start_position 742 and length 74
Passed for start_position 742 and length 76
Passed for start_position 742 and length 78
Passed for start_position 742 and length 80
Passed for start_position 742 and length 82
Passed for start_position 742 and length 84
Passed for start_position 742 and length 86
Passed for start_position 742 and length 88
Passed for start_position 742 and length 90
Passed for start_position 742 and length 92
Passed for start_position 742 and length 94
Passed for start_position 742 and length 96
Passed for start_position 742 and length 98
Passed for start_position 742 and length 100
Passed for start_position 743 and length 2
Passed for start_position 743 and length 4
Passed for start_position 743 and length 6
Passed for start_position 743 and length 8
Passed for start_position 743 and length 10
Passed for start_position 743 and length 12
Passed for start_position 743 and length 14
Passed for start_position 743 and length 16
Passed for start_position 743 and length 18
Passed for start_position 743 and length 20
Passed for start_position 743 and length 22
Passed for start_position 743 and length 24
Passed for start_position 743 and length 26
Passed for start_position 743 and length 28
Passed for start_position 743 and length 30
Passed for start_position 743 and length 32
Passed for start_position 743 and length 34
Passed for start_position 743 and length 36
Passed for start_position 743 and length 38
Passed for start_position 743 and length 40
Passed for start_position 743 and length 42
Passed for start_position 743 and length 44
Passed for start_position 743 and length 46
Passed for start_position 743 and length 48
Passed for start_position 743 and length 50
Passed for start_position 743 and length 52
Passed for start_position 743 and length 54
Passed for start_position 743 and length 56
Passed for start_position 743 and length 58
Passed for start_position 743 and length 60
Passed for start_position 743 and length 62
Passed for start_position 743 and length 64
Passed for start_position 743 and length 66
Passed for start_position 743 and length 68
Passed for start_position 743 and length 70
Passed for start_position 743 and length 72
Passed for start_position 743 and length 74
Passed for start_position 743 and length 76
Passed for start_position 743 and length 78
Passed for start_position 743 and length 80
Passed for start_position 743 and length 82
Passed for start_position 743 and length 84
Passed for start_position 743 and length 86
Passed for start_position 743 and length 88
Passed for start_position 743 and length 90
Passed for start_position 743 and length 92
Passed for start_position 743 and length 94
Passed for start_position 743 and length 96
Passed for start_position 743 and length 98
Passed for start_position 743 and length 100
Passed for start_position 744 and length 2
Passed for start_position 744 and length 4
Passed for start_position 744 and length 6
Passed for start_position 744 and length 8
Passed for start_position 744 and length 10
Passed for start_position 744 and length 12
Passed for start_position 744 and length 14
Passed for start_position 744 and length 16
Passed for start_position 744 and length 18
Passed for start_position 744 and length 20
Passed for start_position 744 and length 22
Passed for start_position 744 and length 24
Passed for start_position 744 and length 26
Passed for start_position 744 and length 28
Passed for start_position 744 and length 30
Passed for start_position 744 and length 32
Passed for start_position 744 and length 34
Passed for start_position 744 and length 36
Passed for start_position 744 and length 38
Passed for start_position 744 and length 40
Passed for start_position 744 and length 42
Passed for start_position 744 and length 44
Passed for start_position 744 and length 46
Passed for start_position 744 and length 48
Passed for start_position 744 and length 50
Passed for start_position 744 and length 52
Passed for start_position 744 and length 54
Passed for start_position 744 and length 56
Passed for start_position 744 and length 58
Passed for start_position 744 and length 60
Passed for start_position 744 and length 62
Passed for start_position 744 and length 64
Passed for start_position 744 and length 66
Passed for start_position 744 and length 68
Passed for start_position 744 and length 70
Passed for start_position 744 and length 72
Passed for start_position 744 and length 74
Passed for start_position 744 and length 76
Passed for start_position 744 and length 78
Passed for start_position 744 and length 80
Passed for start_position 744 and length 82
Passed for start_position 744 and length 84
Passed for start_position 744 and length 86
Passed for start_position 744 and length 88
Passed for start_position 744 and length 90
Passed for start_position 744 and length 92
Passed for start_position 744 and length 94
Passed for start_position 744 and length 96
Passed for start_position 744 and length 98
Passed for start_position 744 and length 100
Passed for start_position 745 and length 2
Passed for start_position 745 and length 4
Passed for start_position 745 and length 6
Passed for start_position 745 and length 8
Passed for start_position 745 and length 10
Passed for start_position 745 and length 12
Passed for start_position 745 and length 14
Passed for start_position 745 and length 16
Passed for start_position 745 and length 18
Passed for start_position 745 and length 20
Passed for start_position 745 and length 22
Passed for start_position 745 and length 24
Passed for start_position 745 and length 26
Passed for start_position 745 and length 28
Passed for start_position 745 and length 30
Passed for start_position 745 and length 32
Passed for start_position 745 and length 34
Passed for start_position 745 and length 36
Passed for start_position 745 and length 38
Passed for start_position 745 and length 40
Passed for start_position 745 and length 42
Passed for start_position 745 and length 44
Passed for start_position 745 and length 46
Passed for start_position 745 and length 48
Passed for start_position 745 and length 50
Passed for start_position 745 and length 52
Passed for start_position 745 and length 54
Passed for start_position 745 and length 56
Passed for start_position 745 and length 58
Passed for start_position 745 and length 60
Passed for start_position 745 and length 62
Passed for start_position 745 and length 64
Passed for start_position 745 and length 66
Passed for start_position 745 and length 68
Passed for start_position 745 and length 70
Passed for start_position 745 and length 72
Passed for start_position 745 and length 74
Passed for start_position 745 and length 76
Passed for start_position 745 and length 78
Passed for start_position 745 and length 80
Passed for start_position 745 and length 82
Passed for start_position 745 and length 84
Passed for start_position 745 and length 86
Passed for start_position 745 and length 88
Passed for start_position 745 and length 90
Passed for start_position 745 and length 92
Passed for start_position 745 and length 94
Passed for start_position 745 and length 96
Passed for start_position 745 and length 98
Passed for start_position 745 and length 100
Passed for start_position 746 and length 2
Passed for start_position 746 and length 4
Passed for start_position 746 and length 6
Passed for start_position 746 and length 8
Passed for start_position 746 and length 10
Passed for start_position 746 and length 12
Passed for start_position 746 and length 14
Passed for start_position 746 and length 16
Passed for start_position 746 and length 18
Passed for start_position 746 and length 20
Passed for start_position 746 and length 22
Passed for start_position 746 and length 24
Passed for start_position 746 and length 26
Passed for start_position 746 and length 28
Passed for start_position 746 and length 30
Passed for start_position 746 and length 32
Passed for start_position 746 and length 34
Passed for start_position 746 and length 36
Passed for start_position 746 and length 38
Passed for start_position 746 and length 40
Passed for start_position 746 and length 42
Passed for start_position 746 and length 44
Passed for start_position 746 and length 46
Passed for start_position 746 and length 48
Passed for start_position 746 and length 50
Passed for start_position 746 and length 52
Passed for start_position 746 and length 54
Passed for start_position 746 and length 56
Passed for start_position 746 and length 58
Passed for start_position 746 and length 60
Passed for start_position 746 and length 62
Passed for start_position 746 and length 64
Passed for start_position 746 and length 66
Passed for start_position 746 and length 68
Passed for start_position 746 and length 70
Passed for start_position 746 and length 72
Passed for start_position 746 and length 74
Passed for start_position 746 and length 76
Passed for start_position 746 and length 78
Passed for start_position 746 and length 80
Passed for start_position 746 and length 82
Passed for start_position 746 and length 84
Passed for start_position 746 and length 86
Passed for start_position 746 and length 88
Passed for start_position 746 and length 90
Passed for start_position 746 and length 92
Passed for start_position 746 and length 94
Passed for start_position 746 and length 96
Passed for start_position 746 and length 98
Passed for start_position 746 and length 100
Passed for start_position 747 and length 2
Passed for start_position 747 and length 4
Passed for start_position 747 and length 6
Passed for start_position 747 and length 8
Passed for start_position 747 and length 10
Passed for start_position 747 and length 12
Passed for start_position 747 and length 14
Passed for start_position 747 and length 16
Passed for start_position 747 and length 18
Passed for start_position 747 and length 20
Passed for start_position 747 and length 22
Passed for start_position 747 and length 24
Passed for start_position 747 and length 26
Passed for start_position 747 and length 28
Passed for start_position 747 and length 30
Passed for start_position 747 and length 32
Passed for start_position 747 and length 34
Passed for start_position 747 and length 36
Passed for start_position 747 and length 38
Passed for start_position 747 and length 40
Passed for start_position 747 and length 42
Passed for start_position 747 and length 44
Passed for start_position 747 and length 46
Passed for start_position 747 and length 48
Passed for start_position 747 and length 50
Passed for start_position 747 and length 52
Passed for start_position 747 and length 54
Passed for start_position 747 and length 56
Passed for start_position 747 and length 58
Passed for start_position 747 and length 60
Passed for start_position 747 and length 62
Passed for start_position 747 and length 64
Passed for start_position 747 and length 66
Passed for start_position 747 and length 68
Passed for start_position 747 and length 70
Passed for start_position 747 and length 72
Passed for start_position 747 and length 74
Passed for start_position 747 and length 76
Passed for start_position 747 and length 78
Passed for start_position 747 and length 80
Passed for start_position 747 and length 82
Passed for start_position 747 and length 84
Passed for start_position 747 and length 86
Passed for start_position 747 and length 88
Passed for start_position 747 and length 90
Passed for start_position 747 and length 92
Passed for start_position 747 and length 94
Passed for start_position 747 and length 96
Passed for start_position 747 and length 98
Passed for start_position 747 and length 100
Passed for start_position 748 and length 2
Passed for start_position 748 and length 4
Passed for start_position 748 and length 6
Passed for start_position 748 and length 8
Passed for start_position 748 and length 10
Passed for start_position 748 and length 12
Passed for start_position 748 and length 14
Passed for start_position 748 and length 16
Passed for start_position 748 and length 18
Passed for start_position 748 and length 20
Passed for start_position 748 and length 22
Passed for start_position 748 and length 24
Passed for start_position 748 and length 26
Passed for start_position 748 and length 28
Passed for start_position 748 and length 30
Passed for start_position 748 and length 32
Passed for start_position 748 and length 34
Passed for start_position 748 and length 36
Passed for start_position 748 and length 38
Passed for start_position 748 and length 40
Passed for start_position 748 and length 42
Passed for start_position 748 and length 44
Passed for start_position 748 and length 46
Passed for start_position 748 and length 48
Passed for start_position 748 and length 50
Passed for start_position 748 and length 52
Passed for start_position 748 and length 54
Passed for start_position 748 and length 56
Passed for start_position 748 and length 58
Passed for start_position 748 and length 60
Passed for start_position 748 and length 62
Passed for start_position 748 and length 64
Passed for start_position 748 and length 66
Passed for start_position 748 and length 68
Passed for start_position 748 and length 70
Passed for start_position 748 and length 72
Passed for start_position 748 and length 74
Passed for start_position 748 and length 76
Passed for start_position 748 and length 78
Passed for start_position 748 and length 80
Passed for start_position 748 and length 82
Passed for start_position 748 and length 84
Passed for start_position 748 and length 86
Passed for start_position 748 and length 88
Passed for start_position 748 and length 90
Passed for start_position 748 and length 92
Passed for start_position 748 and length 94
Passed for start_position 748 and length 96
Passed for start_position 748 and length 98
Passed for start_position 748 and length 100
Passed for start_position 749 and length 2
Passed for start_position 749 and length 4
Passed for start_position 749 and length 6
Passed for start_position 749 and length 8
Passed for start_position 749 and length 10
Passed for start_position 749 and length 12
Passed for start_position 749 and length 14
Passed for start_position 749 and length 16
Passed for start_position 749 and length 18
Passed for start_position 749 and length 20
Passed for start_position 749 and length 22
Passed for start_position 749 and length 24
Passed for start_position 749 and length 26
Passed for start_position 749 and length 28
Passed for start_position 749 and length 30
Passed for start_position 749 and length 32
Passed for start_position 749 and length 34
Passed for start_position 749 and length 36
Passed for start_position 749 and length 38
Passed for start_position 749 and length 40
Passed for start_position 749 and length 42
Passed for start_position 749 and length 44
Passed for start_position 749 and length 46
Passed for start_position 749 and length 48
Passed for start_position 749 and length 50
Passed for start_position 749 and length 52
Passed for start_position 749 and length 54
Passed for start_position 749 and length 56
Passed for start_position 749 and length 58
Passed for start_position 749 and length 60
Passed for start_position 749 and length 62
Passed for start_position 749 and length 64
Passed for start_position 749 and length 66
Passed for start_position 749 and length 68
Passed for start_position 749 and length 70
Passed for start_position 749 and length 72
Passed for start_position 749 and length 74
Passed for start_position 749 and length 76
Passed for start_position 749 and length 78
Passed for start_position 749 and length 80
Passed for start_position 749 and length 82
Passed for start_position 749 and length 84
Passed for start_position 749 and length 86
Passed for start_position 749 and length 88
Passed for start_position 749 and length 90
Passed for start_position 749 and length 92
Passed for start_position 749 and length 94
Passed for start_position 749 and length 96
Passed for start_position 749 and length 98
Passed for start_position 749 and length 100
Passed for start_position 750 and length 2
Passed for start_position 750 and length 4
Passed for start_position 750 and length 6
Passed for start_position 750 and length 8
Passed for start_position 750 and length 10
Passed for start_position 750 and length 12
Passed for start_position 750 and length 14
Passed for start_position 750 and length 16
Passed for start_position 750 and length 18
Passed for start_position 750 and length 20
Passed for start_position 750 and length 22
Passed for start_position 750 and length 24
Passed for start_position 750 and length 26
Passed for start_position 750 and length 28
Passed for start_position 750 and length 30
Passed for start_position 750 and length 32
Passed for start_position 750 and length 34
Passed for start_position 750 and length 36
Passed for start_position 750 and length 38
Passed for start_position 750 and length 40
Passed for start_position 750 and length 42
Passed for start_position 750 and length 44
Passed for start_position 750 and length 46
Passed for start_position 750 and length 48
Passed for start_position 750 and length 50
Passed for start_position 750 and length 52
Passed for start_position 750 and length 54
Passed for start_position 750 and length 56
Passed for start_position 750 and length 58
Passed for start_position 750 and length 60
Passed for start_position 750 and length 62
Passed for start_position 750 and length 64
Passed for start_position 750 and length 66
Passed for start_position 750 and length 68
Passed for start_position 750 and length 70
Passed for start_position 750 and length 72
Passed for start_position 750 and length 74
Passed for start_position 750 and length 76
Passed for start_position 750 and length 78
Passed for start_position 750 and length 80
Passed for start_position 750 and length 82
Passed for start_position 750 and length 84
Passed for start_position 750 and length 86
Passed for start_position 750 and length 88
Passed for start_position 750 and length 90
Passed for start_position 750 and length 92
Passed for start_position 750 and length 94
Passed for start_position 750 and length 96
Passed for start_position 750 and length 98
Passed for start_position 750 and length 100
Passed for start_position 751 and length 2
Passed for start_position 751 and length 4
Passed for start_position 751 and length 6
Passed for start_position 751 and length 8
Passed for start_position 751 and length 10
Passed for start_position 751 and length 12
Passed for start_position 751 and length 14
Passed for start_position 751 and length 16
Passed for start_position 751 and length 18
Passed for start_position 751 and length 20
Passed for start_position 751 and length 22
Passed for start_position 751 and length 24
Passed for start_position 751 and length 26
Passed for start_position 751 and length 28
Passed for start_position 751 and length 30
Passed for start_position 751 and length 32
Passed for start_position 751 and length 34
Passed for start_position 751 and length 36
Passed for start_position 751 and length 38
Passed for start_position 751 and length 40
Passed for start_position 751 and length 42
Passed for start_position 751 and length 44
Passed for start_position 751 and length 46
Passed for start_position 751 and length 48
Passed for start_position 751 and length 50
Passed for start_position 751 and length 52
Passed for start_position 751 and length 54
Passed for start_position 751 and length 56
Passed for start_position 751 and length 58
Passed for start_position 751 and length 60
Passed for start_position 751 and length 62
Passed for start_position 751 and length 64
Passed for start_position 751 and length 66
Passed for start_position 751 and length 68
Passed for start_position 751 and length 70
Passed for start_position 751 and length 72
Passed for start_position 751 and length 74
Passed for start_position 751 and length 76
Passed for start_position 751 and length 78
Passed for start_position 751 and length 80
Passed for start_position 751 and length 82
Passed for start_position 751 and length 84
Passed for start_position 751 and length 86
Passed for start_position 751 and length 88
Passed for start_position 751 and length 90
Passed for start_position 751 and length 92
Passed for start_position 751 and length 94
Passed for start_position 751 and length 96
Passed for start_position 751 and length 98
Passed for start_position 751 and length 100
Passed for start_position 752 and length 2
Passed for start_position 752 and length 4
Passed for start_position 752 and length 6
Passed for start_position 752 and length 8
Passed for start_position 752 and length 10
Passed for start_position 752 and length 12
Passed for start_position 752 and length 14
Passed for start_position 752 and length 16
Passed for start_position 752 and length 18
Passed for start_position 752 and length 20
Passed for start_position 752 and length 22
Passed for start_position 752 and length 24
Passed for start_position 752 and length 26
Passed for start_position 752 and length 28
Passed for start_position 752 and length 30
Passed for start_position 752 and length 32
Passed for start_position 752 and length 34
Passed for start_position 752 and length 36
Passed for start_position 752 and length 38
Passed for start_position 752 and length 40
Passed for start_position 752 and length 42
Passed for start_position 752 and length 44
Passed for start_position 752 and length 46
Passed for start_position 752 and length 48
Passed for start_position 752 and length 50
Passed for start_position 752 and length 52
Passed for start_position 752 and length 54
Passed for start_position 752 and length 56
Passed for start_position 752 and length 58
Passed for start_position 752 and length 60
Passed for start_position 752 and length 62
Passed for start_position 752 and length 64
Passed for start_position 752 and length 66
Passed for start_position 752 and length 68
Passed for start_position 752 and length 70
Passed for start_position 752 and length 72
Passed for start_position 752 and length 74
Passed for start_position 752 and length 76
Passed for start_position 752 and length 78
Passed for start_position 752 and length 80
Passed for start_position 752 and length 82
Passed for start_position 752 and length 84
Passed for start_position 752 and length 86
Passed for start_position 752 and length 88
Passed for start_position 752 and length 90
Passed for start_position 752 and length 92
Passed for start_position 752 and length 94
Passed for start_position 752 and length 96
Passed for start_position 752 and length 98
Passed for start_position 752 and length 100
Passed for start_position 753 and length 2
Passed for start_position 753 and length 4
Passed for start_position 753 and length 6
Passed for start_position 753 and length 8
Passed for start_position 753 and length 10
Passed for start_position 753 and length 12
Passed for start_position 753 and length 14
Passed for start_position 753 and length 16
Passed for start_position 753 and length 18
Passed for start_position 753 and length 20
Passed for start_position 753 and length 22
Passed for start_position 753 and length 24
Passed for start_position 753 and length 26
Passed for start_position 753 and length 28
Passed for start_position 753 and length 30
Passed for start_position 753 and length 32
Passed for start_position 753 and length 34
Passed for start_position 753 and length 36
Passed for start_position 753 and length 38
Passed for start_position 753 and length 40
Passed for start_position 753 and length 42
Passed for start_position 753 and length 44
Passed for start_position 753 and length 46
Passed for start_position 753 and length 48
Passed for start_position 753 and length 50
Passed for start_position 753 and length 52
Passed for start_position 753 and length 54
Passed for start_position 753 and length 56
Passed for start_position 753 and length 58
Passed for start_position 753 and length 60
Passed for start_position 753 and length 62
Passed for start_position 753 and length 64
Passed for start_position 753 and length 66
Passed for start_position 753 and length 68
Passed for start_position 753 and length 70
Passed for start_position 753 and length 72
Passed for start_position 753 and length 74
Passed for start_position 753 and length 76
Passed for start_position 753 and length 78
Passed for start_position 753 and length 80
Passed for start_position 753 and length 82
Passed for start_position 753 and length 84
Passed for start_position 753 and length 86
Passed for start_position 753 and length 88
Passed for start_position 753 and length 90
Passed for start_position 753 and length 92
Passed for start_position 753 and length 94
Passed for start_position 753 and length 96
Passed for start_position 753 and length 98
Passed for start_position 753 and length 100
Passed for start_position 754 and length 2
Passed for start_position 754 and length 4
Passed for start_position 754 and length 6
Passed for start_position 754 and length 8
Passed for start_position 754 and length 10
Passed for start_position 754 and length 12
Error for start_position 754 and length 14: Movement -1 not in dictionary
Passed for start_position 754 and length 16
Passed for start_position 754 and length 18
Error for start_position 754 and length 20: Movement 1 not in dictionary
Passed for start_position 754 and length 22
Error for start_position 754 and length 24: Movement -1 not in dictionary
Error for start_position 754 and length 26: Movement -1 not in dictionary
Error for start_position 754 and length 28: Movement 1 not in dictionary
Passed for start_position 754 and length 30
Passed for start_position 754 and length 32
Passed for start_position 754 and length 34
Passed for start_position 754 and length 36
Passed for start_position 754 and length 38
Passed for start_position 754 and length 40
Passed for start_position 754 and length 42
Error for start_position 754 and length 44: Movement -1 not in dictionary
Passed for start_position 754 and length 46
Passed for start_position 754 and length 48
Error for start_position 754 and length 50: Movement -1 not in dictionary
Error for start_position 754 and length 52: Movement -1 not in dictionary
Error for start_position 754 and length 54: Movement 1 not in dictionary
Error for start_position 754 and length 56: Movement 1 not in dictionary
Error for start_position 754 and length 58: Movement -1 not in dictionary
Passed for start_position 754 and length 60
Error for start_position 754 and length 62: Movement 1 not in dictionary
Error for start_position 754 and length 64: Movement 1 not in dictionary
Passed for start_position 754 and length 66
Passed for start_position 754 and length 68
Passed for start_position 754 and length 70
Passed for start_position 754 and length 72
Error for start_position 754 and length 74: Movement -1 not in dictionary
Error for start_position 754 and length 76: Movement -1 not in dictionary
Passed for start_position 754 and length 78
Passed for start_position 754 and length 80
Passed for start_position 754 and length 82
Error for start_position 754 and length 84: Movement -1 not in dictionary
Passed for start_position 754 and length 86
Passed for start_position 754 and length 88
Passed for start_position 754 and length 90
Passed for start_position 754 and length 92
Error for start_position 754 and length 94: Movement 1 not in dictionary
Error for start_position 754 and length 96: Movement 1 not in dictionary
Passed for start_position 754 and length 98
Error for start_position 754 and length 100: Movement -1 not in dictionary
Passed for start_position 755 and length 2
Passed for start_position 755 and length 4
Passed for start_position 755 and length 6
Passed for start_position 755 and length 8
Passed for start_position 755 and length 10
Passed for start_position 755 and length 12
Passed for start_position 755 and length 14
Passed for start_position 755 and length 16
Passed for start_position 755 and length 18
Passed for start_position 755 and length 20
Passed for start_position 755 and length 22
Passed for start_position 755 and length 24
Passed for start_position 755 and length 26
Passed for start_position 755 and length 28
Passed for start_position 755 and length 30
Passed for start_position 755 and length 32
Passed for start_position 755 and length 34
Passed for start_position 755 and length 36
Passed for start_position 755 and length 38
Passed for start_position 755 and length 40
Passed for start_position 755 and length 42
Passed for start_position 755 and length 44
Passed for start_position 755 and length 46
Passed for start_position 755 and length 48
Passed for start_position 755 and length 50
Passed for start_position 755 and length 52
Passed for start_position 755 and length 54
Passed for start_position 755 and length 56
Passed for start_position 755 and length 58
Passed for start_position 755 and length 60
Passed for start_position 755 and length 62
Passed for start_position 755 and length 64
Passed for start_position 755 and length 66
Passed for start_position 755 and length 68
Passed for start_position 755 and length 70
Passed for start_position 755 and length 72
Passed for start_position 755 and length 74
Passed for start_position 755 and length 76
Passed for start_position 755 and length 78
Passed for start_position 755 and length 80
Passed for start_position 755 and length 82
Passed for start_position 755 and length 84
Passed for start_position 755 and length 86
Passed for start_position 755 and length 88
Passed for start_position 755 and length 90
Passed for start_position 755 and length 92
Passed for start_position 755 and length 94
Passed for start_position 755 and length 96
Passed for start_position 755 and length 98
Passed for start_position 755 and length 100
Passed for start_position 756 and length 2
Passed for start_position 756 and length 4
Passed for start_position 756 and length 6
Passed for start_position 756 and length 8
Passed for start_position 756 and length 10
Passed for start_position 756 and length 12
Passed for start_position 756 and length 14
Passed for start_position 756 and length 16
Passed for start_position 756 and length 18
Passed for start_position 756 and length 20
Passed for start_position 756 and length 22
Passed for start_position 756 and length 24
Passed for start_position 756 and length 26
Passed for start_position 756 and length 28
Passed for start_position 756 and length 30
Passed for start_position 756 and length 32
Passed for start_position 756 and length 34
Passed for start_position 756 and length 36
Passed for start_position 756 and length 38
Passed for start_position 756 and length 40
Passed for start_position 756 and length 42
Passed for start_position 756 and length 44
Passed for start_position 756 and length 46
Passed for start_position 756 and length 48
Passed for start_position 756 and length 50
Passed for start_position 756 and length 52
Passed for start_position 756 and length 54
Passed for start_position 756 and length 56
Passed for start_position 756 and length 58
Passed for start_position 756 and length 60
Passed for start_position 756 and length 62
Passed for start_position 756 and length 64
Passed for start_position 756 and length 66
Passed for start_position 756 and length 68
Passed for start_position 756 and length 70
Passed for start_position 756 and length 72
Passed for start_position 756 and length 74
Passed for start_position 756 and length 76
Passed for start_position 756 and length 78
Passed for start_position 756 and length 80
Passed for start_position 756 and length 82
Passed for start_position 756 and length 84
Passed for start_position 756 and length 86
Passed for start_position 756 and length 88
Passed for start_position 756 and length 90
Passed for start_position 756 and length 92
Passed for start_position 756 and length 94
Passed for start_position 756 and length 96
Passed for start_position 756 and length 98
Passed for start_position 756 and length 100
Passed for start_position 757 and length 2
Passed for start_position 757 and length 4
Passed for start_position 757 and length 6
Passed for start_position 757 and length 8
Passed for start_position 757 and length 10
Passed for start_position 757 and length 12
Passed for start_position 757 and length 14
Passed for start_position 757 and length 16
Passed for start_position 757 and length 18
Passed for start_position 757 and length 20
Passed for start_position 757 and length 22
Passed for start_position 757 and length 24
Passed for start_position 757 and length 26
Passed for start_position 757 and length 28
Passed for start_position 757 and length 30
Passed for start_position 757 and length 32
Passed for start_position 757 and length 34
Passed for start_position 757 and length 36
Passed for start_position 757 and length 38
Passed for start_position 757 and length 40
Passed for start_position 757 and length 42
Passed for start_position 757 and length 44
Passed for start_position 757 and length 46
Passed for start_position 757 and length 48
Passed for start_position 757 and length 50
Passed for start_position 757 and length 52
Passed for start_position 757 and length 54
Passed for start_position 757 and length 56
Passed for start_position 757 and length 58
Passed for start_position 757 and length 60
Passed for start_position 757 and length 62
Passed for start_position 757 and length 64
Passed for start_position 757 and length 66
Passed for start_position 757 and length 68
Passed for start_position 757 and length 70
Passed for start_position 757 and length 72
Passed for start_position 757 and length 74
Passed for start_position 757 and length 76
Passed for start_position 757 and length 78
Passed for start_position 757 and length 80
Passed for start_position 757 and length 82
Passed for start_position 757 and length 84
Passed for start_position 757 and length 86
Passed for start_position 757 and length 88
Passed for start_position 757 and length 90
Passed for start_position 757 and length 92
Passed for start_position 757 and length 94
Passed for start_position 757 and length 96
Passed for start_position 757 and length 98
Passed for start_position 757 and length 100
Passed for start_position 758 and length 2
Passed for start_position 758 and length 4
Passed for start_position 758 and length 6
Passed for start_position 758 and length 8
Passed for start_position 758 and length 10
Passed for start_position 758 and length 12
Passed for start_position 758 and length 14
Passed for start_position 758 and length 16
Passed for start_position 758 and length 18
Passed for start_position 758 and length 20
Passed for start_position 758 and length 22
Passed for start_position 758 and length 24
Passed for start_position 758 and length 26
Passed for start_position 758 and length 28
Passed for start_position 758 and length 30
Passed for start_position 758 and length 32
Passed for start_position 758 and length 34
Passed for start_position 758 and length 36
Passed for start_position 758 and length 38
Passed for start_position 758 and length 40
Passed for start_position 758 and length 42
Passed for start_position 758 and length 44
Passed for start_position 758 and length 46
Passed for start_position 758 and length 48
Passed for start_position 758 and length 50
Passed for start_position 758 and length 52
Passed for start_position 758 and length 54
Passed for start_position 758 and length 56
Passed for start_position 758 and length 58
Passed for start_position 758 and length 60
Passed for start_position 758 and length 62
Passed for start_position 758 and length 64
Passed for start_position 758 and length 66
Passed for start_position 758 and length 68
Passed for start_position 758 and length 70
Passed for start_position 758 and length 72
Passed for start_position 758 and length 74
Passed for start_position 758 and length 76
Passed for start_position 758 and length 78
Passed for start_position 758 and length 80
Passed for start_position 758 and length 82
Passed for start_position 758 and length 84
Passed for start_position 758 and length 86
Passed for start_position 758 and length 88
Passed for start_position 758 and length 90
Passed for start_position 758 and length 92
Passed for start_position 758 and length 94
Passed for start_position 758 and length 96
Passed for start_position 758 and length 98
Passed for start_position 758 and length 100
Passed for start_position 759 and length 2
Passed for start_position 759 and length 4
Passed for start_position 759 and length 6
Passed for start_position 759 and length 8
Passed for start_position 759 and length 10
Passed for start_position 759 and length 12
Passed for start_position 759 and length 14
Passed for start_position 759 and length 16
Passed for start_position 759 and length 18
Passed for start_position 759 and length 20
Passed for start_position 759 and length 22
Passed for start_position 759 and length 24
Passed for start_position 759 and length 26
Passed for start_position 759 and length 28
Passed for start_position 759 and length 30
Passed for start_position 759 and length 32
Passed for start_position 759 and length 34
Passed for start_position 759 and length 36
Passed for start_position 759 and length 38
Passed for start_position 759 and length 40
Passed for start_position 759 and length 42
Passed for start_position 759 and length 44
Passed for start_position 759 and length 46
Passed for start_position 759 and length 48
Passed for start_position 759 and length 50
Passed for start_position 759 and length 52
Passed for start_position 759 and length 54
Passed for start_position 759 and length 56
Passed for start_position 759 and length 58
Passed for start_position 759 and length 60
Passed for start_position 759 and length 62
Passed for start_position 759 and length 64
Passed for start_position 759 and length 66
Passed for start_position 759 and length 68
Passed for start_position 759 and length 70
Passed for start_position 759 and length 72
Passed for start_position 759 and length 74
Passed for start_position 759 and length 76
Passed for start_position 759 and length 78
Passed for start_position 759 and length 80
Passed for start_position 759 and length 82
Passed for start_position 759 and length 84
Passed for start_position 759 and length 86
Passed for start_position 759 and length 88
Passed for start_position 759 and length 90
Passed for start_position 759 and length 92
Passed for start_position 759 and length 94
Passed for start_position 759 and length 96
Passed for start_position 759 and length 98
Passed for start_position 759 and length 100
Passed for start_position 760 and length 2
Passed for start_position 760 and length 4
Passed for start_position 760 and length 6
Passed for start_position 760 and length 8
Passed for start_position 760 and length 10
Passed for start_position 760 and length 12
Passed for start_position 760 and length 14
Passed for start_position 760 and length 16
Passed for start_position 760 and length 18
Passed for start_position 760 and length 20
Passed for start_position 760 and length 22
Passed for start_position 760 and length 24
Passed for start_position 760 and length 26
Passed for start_position 760 and length 28
Passed for start_position 760 and length 30
Passed for start_position 760 and length 32
Passed for start_position 760 and length 34
Passed for start_position 760 and length 36
Passed for start_position 760 and length 38
Passed for start_position 760 and length 40
Passed for start_position 760 and length 42
Passed for start_position 760 and length 44
Passed for start_position 760 and length 46
Passed for start_position 760 and length 48
Passed for start_position 760 and length 50
Passed for start_position 760 and length 52
Passed for start_position 760 and length 54
Passed for start_position 760 and length 56
Passed for start_position 760 and length 58
Passed for start_position 760 and length 60
Passed for start_position 760 and length 62
Passed for start_position 760 and length 64
Passed for start_position 760 and length 66
Passed for start_position 760 and length 68
Passed for start_position 760 and length 70
Passed for start_position 760 and length 72
Passed for start_position 760 and length 74
Passed for start_position 760 and length 76
Passed for start_position 760 and length 78
Passed for start_position 760 and length 80
Passed for start_position 760 and length 82
Passed for start_position 760 and length 84
Passed for start_position 760 and length 86
Passed for start_position 760 and length 88
Passed for start_position 760 and length 90
Passed for start_position 760 and length 92
Passed for start_position 760 and length 94
Passed for start_position 760 and length 96
Passed for start_position 760 and length 98
Passed for start_position 760 and length 100
Passed for start_position 761 and length 2
Passed for start_position 761 and length 4
Passed for start_position 761 and length 6
Passed for start_position 761 and length 8
Passed for start_position 761 and length 10
Passed for start_position 761 and length 12
Passed for start_position 761 and length 14
Passed for start_position 761 and length 16
Passed for start_position 761 and length 18
Passed for start_position 761 and length 20
Passed for start_position 761 and length 22
Passed for start_position 761 and length 24
Passed for start_position 761 and length 26
Passed for start_position 761 and length 28
Passed for start_position 761 and length 30
Passed for start_position 761 and length 32
Passed for start_position 761 and length 34
Passed for start_position 761 and length 36
Passed for start_position 761 and length 38
Passed for start_position 761 and length 40
Passed for start_position 761 and length 42
Passed for start_position 761 and length 44
Passed for start_position 761 and length 46
Passed for start_position 761 and length 48
Passed for start_position 761 and length 50
Passed for start_position 761 and length 52
Passed for start_position 761 and length 54
Passed for start_position 761 and length 56
Passed for start_position 761 and length 58
Passed for start_position 761 and length 60
Passed for start_position 761 and length 62
Passed for start_position 761 and length 64
Passed for start_position 761 and length 66
Passed for start_position 761 and length 68
Passed for start_position 761 and length 70
Passed for start_position 761 and length 72
Passed for start_position 761 and length 74
Passed for start_position 761 and length 76
Passed for start_position 761 and length 78
Passed for start_position 761 and length 80
Passed for start_position 761 and length 82
Passed for start_position 761 and length 84
Passed for start_position 761 and length 86
Passed for start_position 761 and length 88
Passed for start_position 761 and length 90
Passed for start_position 761 and length 92
Passed for start_position 761 and length 94
Passed for start_position 761 and length 96
Passed for start_position 761 and length 98
Passed for start_position 761 and length 100
Passed for start_position 762 and length 2
Passed for start_position 762 and length 4
Passed for start_position 762 and length 6
Passed for start_position 762 and length 8
Passed for start_position 762 and length 10
Passed for start_position 762 and length 12
Passed for start_position 762 and length 14
Passed for start_position 762 and length 16
Passed for start_position 762 and length 18
Passed for start_position 762 and length 20
Passed for start_position 762 and length 22
Passed for start_position 762 and length 24
Passed for start_position 762 and length 26
Passed for start_position 762 and length 28
Passed for start_position 762 and length 30
Passed for start_position 762 and length 32
Passed for start_position 762 and length 34
Passed for start_position 762 and length 36
Passed for start_position 762 and length 38
Passed for start_position 762 and length 40
Passed for start_position 762 and length 42
Passed for start_position 762 and length 44
Passed for start_position 762 and length 46
Passed for start_position 762 and length 48
Passed for start_position 762 and length 50
Passed for start_position 762 and length 52
Passed for start_position 762 and length 54
Passed for start_position 762 and length 56
Passed for start_position 762 and length 58
Passed for start_position 762 and length 60
Passed for start_position 762 and length 62
Passed for start_position 762 and length 64
Passed for start_position 762 and length 66
Passed for start_position 762 and length 68
Passed for start_position 762 and length 70
Passed for start_position 762 and length 72
Passed for start_position 762 and length 74
Passed for start_position 762 and length 76
Passed for start_position 762 and length 78
Passed for start_position 762 and length 80
Passed for start_position 762 and length 82
Passed for start_position 762 and length 84
Passed for start_position 762 and length 86
Passed for start_position 762 and length 88
Passed for start_position 762 and length 90
Passed for start_position 762 and length 92
Passed for start_position 762 and length 94
Passed for start_position 762 and length 96
Passed for start_position 762 and length 98
Passed for start_position 762 and length 100
Passed for start_position 763 and length 2
Passed for start_position 763 and length 4
Passed for start_position 763 and length 6
Passed for start_position 763 and length 8
Passed for start_position 763 and length 10
Passed for start_position 763 and length 12
Passed for start_position 763 and length 14
Passed for start_position 763 and length 16
Passed for start_position 763 and length 18
Passed for start_position 763 and length 20
Passed for start_position 763 and length 22
Passed for start_position 763 and length 24
Passed for start_position 763 and length 26
Passed for start_position 763 and length 28
Passed for start_position 763 and length 30
Passed for start_position 763 and length 32
Passed for start_position 763 and length 34
Passed for start_position 763 and length 36
Passed for start_position 763 and length 38
Passed for start_position 763 and length 40
Passed for start_position 763 and length 42
Passed for start_position 763 and length 44
Passed for start_position 763 and length 46
Passed for start_position 763 and length 48
Passed for start_position 763 and length 50
Passed for start_position 763 and length 52
Passed for start_position 763 and length 54
Passed for start_position 763 and length 56
Passed for start_position 763 and length 58
Passed for start_position 763 and length 60
Passed for start_position 763 and length 62
Passed for start_position 763 and length 64
Passed for start_position 763 and length 66
Passed for start_position 763 and length 68
Passed for start_position 763 and length 70
Passed for start_position 763 and length 72
Passed for start_position 763 and length 74
Passed for start_position 763 and length 76
Passed for start_position 763 and length 78
Passed for start_position 763 and length 80
Passed for start_position 763 and length 82
Passed for start_position 763 and length 84
Passed for start_position 763 and length 86
Passed for start_position 763 and length 88
Passed for start_position 763 and length 90
Passed for start_position 763 and length 92
Passed for start_position 763 and length 94
Passed for start_position 763 and length 96
Passed for start_position 763 and length 98
Passed for start_position 763 and length 100
Passed for start_position 764 and length 2
Passed for start_position 764 and length 4
Passed for start_position 764 and length 6
Passed for start_position 764 and length 8
Passed for start_position 764 and length 10
Passed for start_position 764 and length 12
Passed for start_position 764 and length 14
Passed for start_position 764 and length 16
Passed for start_position 764 and length 18
Passed for start_position 764 and length 20
Passed for start_position 764 and length 22
Passed for start_position 764 and length 24
Passed for start_position 764 and length 26
Passed for start_position 764 and length 28
Passed for start_position 764 and length 30
Passed for start_position 764 and length 32
Passed for start_position 764 and length 34
Passed for start_position 764 and length 36
Passed for start_position 764 and length 38
Passed for start_position 764 and length 40
Passed for start_position 764 and length 42
Passed for start_position 764 and length 44
Passed for start_position 764 and length 46
Passed for start_position 764 and length 48
Passed for start_position 764 and length 50
Passed for start_position 764 and length 52
Passed for start_position 764 and length 54
Passed for start_position 764 and length 56
Passed for start_position 764 and length 58
Passed for start_position 764 and length 60
Passed for start_position 764 and length 62
Passed for start_position 764 and length 64
Passed for start_position 764 and length 66
Passed for start_position 764 and length 68
Passed for start_position 764 and length 70
Passed for start_position 764 and length 72
Passed for start_position 764 and length 74
Passed for start_position 764 and length 76
Passed for start_position 764 and length 78
Passed for start_position 764 and length 80
Passed for start_position 764 and length 82
Passed for start_position 764 and length 84
Passed for start_position 764 and length 86
Passed for start_position 764 and length 88
Passed for start_position 764 and length 90
Passed for start_position 764 and length 92
Passed for start_position 764 and length 94
Passed for start_position 764 and length 96
Passed for start_position 764 and length 98
Passed for start_position 764 and length 100
Passed for start_position 765 and length 2
Passed for start_position 765 and length 4
Passed for start_position 765 and length 6
Passed for start_position 765 and length 8
Passed for start_position 765 and length 10
Passed for start_position 765 and length 12
Passed for start_position 765 and length 14
Passed for start_position 765 and length 16
Passed for start_position 765 and length 18
Passed for start_position 765 and length 20
Passed for start_position 765 and length 22
Passed for start_position 765 and length 24
Passed for start_position 765 and length 26
Passed for start_position 765 and length 28
Passed for start_position 765 and length 30
Passed for start_position 765 and length 32
Passed for start_position 765 and length 34
Passed for start_position 765 and length 36
Passed for start_position 765 and length 38
Passed for start_position 765 and length 40
Passed for start_position 765 and length 42
Passed for start_position 765 and length 44
Passed for start_position 765 and length 46
Passed for start_position 765 and length 48
Passed for start_position 765 and length 50
Passed for start_position 765 and length 52
Passed for start_position 765 and length 54
Passed for start_position 765 and length 56
Passed for start_position 765 and length 58
Passed for start_position 765 and length 60
Passed for start_position 765 and length 62
Passed for start_position 765 and length 64
Passed for start_position 765 and length 66
Passed for start_position 765 and length 68
Passed for start_position 765 and length 70
Passed for start_position 765 and length 72
Passed for start_position 765 and length 74
Passed for start_position 765 and length 76
Passed for start_position 765 and length 78
Passed for start_position 765 and length 80
Passed for start_position 765 and length 82
Passed for start_position 765 and length 84
Passed for start_position 765 and length 86
Passed for start_position 765 and length 88
Passed for start_position 765 and length 90
Passed for start_position 765 and length 92
Passed for start_position 765 and length 94
Passed for start_position 765 and length 96
Passed for start_position 765 and length 98
Passed for start_position 765 and length 100
Passed for start_position 766 and length 2
Passed for start_position 766 and length 4
Passed for start_position 766 and length 6
Passed for start_position 766 and length 8
Passed for start_position 766 and length 10
Passed for start_position 766 and length 12
Passed for start_position 766 and length 14
Passed for start_position 766 and length 16
Passed for start_position 766 and length 18
Passed for start_position 766 and length 20
Passed for start_position 766 and length 22
Passed for start_position 766 and length 24
Passed for start_position 766 and length 26
Passed for start_position 766 and length 28
Passed for start_position 766 and length 30
Passed for start_position 766 and length 32
Passed for start_position 766 and length 34
Passed for start_position 766 and length 36
Passed for start_position 766 and length 38
Passed for start_position 766 and length 40
Passed for start_position 766 and length 42
Passed for start_position 766 and length 44
Passed for start_position 766 and length 46
Passed for start_position 766 and length 48
Passed for start_position 766 and length 50
Passed for start_position 766 and length 52
Passed for start_position 766 and length 54
Passed for start_position 766 and length 56
Passed for start_position 766 and length 58
Passed for start_position 766 and length 60
Passed for start_position 766 and length 62
Passed for start_position 766 and length 64
Passed for start_position 766 and length 66
Passed for start_position 766 and length 68
Passed for start_position 766 and length 70
Passed for start_position 766 and length 72
Passed for start_position 766 and length 74
Passed for start_position 766 and length 76
Passed for start_position 766 and length 78
Passed for start_position 766 and length 80
Passed for start_position 766 and length 82
Passed for start_position 766 and length 84
Passed for start_position 766 and length 86
Passed for start_position 766 and length 88
Passed for start_position 766 and length 90
Passed for start_position 766 and length 92
Passed for start_position 766 and length 94
Passed for start_position 766 and length 96
Passed for start_position 766 and length 98
Passed for start_position 766 and length 100
Passed for start_position 767 and length 2
Passed for start_position 767 and length 4
Passed for start_position 767 and length 6
Passed for start_position 767 and length 8
Passed for start_position 767 and length 10
Passed for start_position 767 and length 12
Passed for start_position 767 and length 14
Passed for start_position 767 and length 16
Passed for start_position 767 and length 18
Passed for start_position 767 and length 20
Passed for start_position 767 and length 22
Passed for start_position 767 and length 24
Passed for start_position 767 and length 26
Passed for start_position 767 and length 28
Passed for start_position 767 and length 30
Passed for start_position 767 and length 32
Passed for start_position 767 and length 34
Passed for start_position 767 and length 36
Passed for start_position 767 and length 38
Passed for start_position 767 and length 40
Passed for start_position 767 and length 42
Passed for start_position 767 and length 44
Passed for start_position 767 and length 46
Passed for start_position 767 and length 48
Passed for start_position 767 and length 50
Passed for start_position 767 and length 52
Passed for start_position 767 and length 54
Passed for start_position 767 and length 56
Passed for start_position 767 and length 58
Passed for start_position 767 and length 60
Passed for start_position 767 and length 62
Passed for start_position 767 and length 64
Passed for start_position 767 and length 66
Passed for start_position 767 and length 68
Passed for start_position 767 and length 70
Passed for start_position 767 and length 72
Passed for start_position 767 and length 74
Passed for start_position 767 and length 76
Passed for start_position 767 and length 78
Passed for start_position 767 and length 80
Passed for start_position 767 and length 82
Passed for start_position 767 and length 84
Passed for start_position 767 and length 86
Passed for start_position 767 and length 88
Passed for start_position 767 and length 90
Passed for start_position 767 and length 92
Passed for start_position 767 and length 94
Passed for start_position 767 and length 96
Passed for start_position 767 and length 98
Passed for start_position 767 and length 100
Passed for start_position 768 and length 2
Passed for start_position 768 and length 4
Passed for start_position 768 and length 6
Passed for start_position 768 and length 8
Passed for start_position 768 and length 10
Passed for start_position 768 and length 12
Passed for start_position 768 and length 14
Passed for start_position 768 and length 16
Passed for start_position 768 and length 18
Passed for start_position 768 and length 20
Passed for start_position 768 and length 22
Passed for start_position 768 and length 24
Passed for start_position 768 and length 26
Passed for start_position 768 and length 28
Passed for start_position 768 and length 30
Passed for start_position 768 and length 32
Passed for start_position 768 and length 34
Passed for start_position 768 and length 36
Passed for start_position 768 and length 38
Passed for start_position 768 and length 40
Passed for start_position 768 and length 42
Passed for start_position 768 and length 44
Passed for start_position 768 and length 46
Passed for start_position 768 and length 48
Passed for start_position 768 and length 50
Passed for start_position 768 and length 52
Passed for start_position 768 and length 54
Passed for start_position 768 and length 56
Passed for start_position 768 and length 58
Passed for start_position 768 and length 60
Passed for start_position 768 and length 62
Passed for start_position 768 and length 64
Passed for start_position 768 and length 66
Passed for start_position 768 and length 68
Passed for start_position 768 and length 70
Passed for start_position 768 and length 72
Passed for start_position 768 and length 74
Passed for start_position 768 and length 76
Passed for start_position 768 and length 78
Passed for start_position 768 and length 80
Passed for start_position 768 and length 82
Passed for start_position 768 and length 84
Passed for start_position 768 and length 86
Passed for start_position 768 and length 88
Passed for start_position 768 and length 90
Passed for start_position 768 and length 92
Passed for start_position 768 and length 94
Passed for start_position 768 and length 96
Passed for start_position 768 and length 98
Passed for start_position 768 and length 100
Passed for start_position 769 and length 2
Passed for start_position 769 and length 4
Passed for start_position 769 and length 6
Passed for start_position 769 and length 8
Passed for start_position 769 and length 10
Passed for start_position 769 and length 12
Passed for start_position 769 and length 14
Passed for start_position 769 and length 16
Passed for start_position 769 and length 18
Passed for start_position 769 and length 20
Passed for start_position 769 and length 22
Passed for start_position 769 and length 24
Passed for start_position 769 and length 26
Passed for start_position 769 and length 28
Passed for start_position 769 and length 30
Passed for start_position 769 and length 32
Passed for start_position 769 and length 34
Passed for start_position 769 and length 36
Passed for start_position 769 and length 38
Passed for start_position 769 and length 40
Passed for start_position 769 and length 42
Passed for start_position 769 and length 44
Passed for start_position 769 and length 46
Passed for start_position 769 and length 48
Passed for start_position 769 and length 50
Passed for start_position 769 and length 52
Passed for start_position 769 and length 54
Passed for start_position 769 and length 56
Passed for start_position 769 and length 58
Passed for start_position 769 and length 60
Passed for start_position 769 and length 62
Passed for start_position 769 and length 64
Passed for start_position 769 and length 66
Passed for start_position 769 and length 68
Passed for start_position 769 and length 70
Passed for start_position 769 and length 72
Passed for start_position 769 and length 74
Passed for start_position 769 and length 76
Passed for start_position 769 and length 78
Passed for start_position 769 and length 80
Passed for start_position 769 and length 82
Passed for start_position 769 and length 84
Passed for start_position 769 and length 86
Passed for start_position 769 and length 88
Passed for start_position 769 and length 90
Passed for start_position 769 and length 92
Passed for start_position 769 and length 94
Passed for start_position 769 and length 96
Passed for start_position 769 and length 98
Passed for start_position 769 and length 100
Passed for start_position 770 and length 2
Passed for start_position 770 and length 4
Passed for start_position 770 and length 6
Passed for start_position 770 and length 8
Passed for start_position 770 and length 10
Passed for start_position 770 and length 12
Passed for start_position 770 and length 14
Passed for start_position 770 and length 16
Passed for start_position 770 and length 18
Passed for start_position 770 and length 20
Passed for start_position 770 and length 22
Passed for start_position 770 and length 24
Passed for start_position 770 and length 26
Passed for start_position 770 and length 28
Passed for start_position 770 and length 30
Passed for start_position 770 and length 32
Passed for start_position 770 and length 34
Passed for start_position 770 and length 36
Passed for start_position 770 and length 38
Passed for start_position 770 and length 40
Passed for start_position 770 and length 42
Passed for start_position 770 and length 44
Passed for start_position 770 and length 46
Passed for start_position 770 and length 48
Passed for start_position 770 and length 50
Passed for start_position 770 and length 52
Passed for start_position 770 and length 54
Passed for start_position 770 and length 56
Passed for start_position 770 and length 58
Passed for start_position 770 and length 60
Passed for start_position 770 and length 62
Passed for start_position 770 and length 64
Passed for start_position 770 and length 66
Passed for start_position 770 and length 68
Passed for start_position 770 and length 70
Passed for start_position 770 and length 72
Passed for start_position 770 and length 74
Passed for start_position 770 and length 76
Passed for start_position 770 and length 78
Passed for start_position 770 and length 80
Passed for start_position 770 and length 82
Passed for start_position 770 and length 84
Passed for start_position 770 and length 86
Passed for start_position 770 and length 88
Passed for start_position 770 and length 90
Passed for start_position 770 and length 92
Passed for start_position 770 and length 94
Passed for start_position 770 and length 96
Passed for start_position 770 and length 98
Passed for start_position 770 and length 100
Passed for start_position 771 and length 2
Passed for start_position 771 and length 4
Passed for start_position 771 and length 6
Passed for start_position 771 and length 8
Passed for start_position 771 and length 10
Passed for start_position 771 and length 12
Passed for start_position 771 and length 14
Passed for start_position 771 and length 16
Passed for start_position 771 and length 18
Passed for start_position 771 and length 20
Passed for start_position 771 and length 22
Passed for start_position 771 and length 24
Passed for start_position 771 and length 26
Passed for start_position 771 and length 28
Passed for start_position 771 and length 30
Passed for start_position 771 and length 32
Passed for start_position 771 and length 34
Passed for start_position 771 and length 36
Passed for start_position 771 and length 38
Passed for start_position 771 and length 40
Passed for start_position 771 and length 42
Passed for start_position 771 and length 44
Passed for start_position 771 and length 46
Passed for start_position 771 and length 48
Passed for start_position 771 and length 50
Passed for start_position 771 and length 52
Passed for start_position 771 and length 54
Passed for start_position 771 and length 56
Passed for start_position 771 and length 58
Passed for start_position 771 and length 60
Passed for start_position 771 and length 62
Passed for start_position 771 and length 64
Passed for start_position 771 and length 66
Passed for start_position 771 and length 68
Passed for start_position 771 and length 70
Passed for start_position 771 and length 72
Passed for start_position 771 and length 74
Passed for start_position 771 and length 76
Passed for start_position 771 and length 78
Passed for start_position 771 and length 80
Passed for start_position 771 and length 82
Passed for start_position 771 and length 84
Passed for start_position 771 and length 86
Passed for start_position 771 and length 88
Passed for start_position 771 and length 90
Passed for start_position 771 and length 92
Passed for start_position 771 and length 94
Passed for start_position 771 and length 96
Passed for start_position 771 and length 98
Passed for start_position 771 and length 100
Passed for start_position 772 and length 2
Passed for start_position 772 and length 4
Passed for start_position 772 and length 6
Passed for start_position 772 and length 8
Passed for start_position 772 and length 10
Passed for start_position 772 and length 12
Passed for start_position 772 and length 14
Passed for start_position 772 and length 16
Passed for start_position 772 and length 18
Passed for start_position 772 and length 20
Passed for start_position 772 and length 22
Passed for start_position 772 and length 24
Passed for start_position 772 and length 26
Passed for start_position 772 and length 28
Passed for start_position 772 and length 30
Passed for start_position 772 and length 32
Passed for start_position 772 and length 34
Passed for start_position 772 and length 36
Passed for start_position 772 and length 38
Passed for start_position 772 and length 40
Passed for start_position 772 and length 42
Passed for start_position 772 and length 44
Passed for start_position 772 and length 46
Passed for start_position 772 and length 48
Passed for start_position 772 and length 50
Passed for start_position 772 and length 52
Passed for start_position 772 and length 54
Passed for start_position 772 and length 56
Passed for start_position 772 and length 58
Passed for start_position 772 and length 60
Passed for start_position 772 and length 62
Passed for start_position 772 and length 64
Passed for start_position 772 and length 66
Passed for start_position 772 and length 68
Passed for start_position 772 and length 70
Passed for start_position 772 and length 72
Passed for start_position 772 and length 74
Passed for start_position 772 and length 76
Passed for start_position 772 and length 78
Passed for start_position 772 and length 80
Passed for start_position 772 and length 82
Passed for start_position 772 and length 84
Passed for start_position 772 and length 86
Passed for start_position 772 and length 88
Passed for start_position 772 and length 90
Passed for start_position 772 and length 92
Passed for start_position 772 and length 94
Passed for start_position 772 and length 96
Passed for start_position 772 and length 98
Passed for start_position 772 and length 100
Passed for start_position 773 and length 2
Passed for start_position 773 and length 4
Passed for start_position 773 and length 6
Passed for start_position 773 and length 8
Passed for start_position 773 and length 10
Passed for start_position 773 and length 12
Passed for start_position 773 and length 14
Passed for start_position 773 and length 16
Passed for start_position 773 and length 18
Passed for start_position 773 and length 20
Passed for start_position 773 and length 22
Passed for start_position 773 and length 24
Passed for start_position 773 and length 26
Passed for start_position 773 and length 28
Passed for start_position 773 and length 30
Passed for start_position 773 and length 32
Passed for start_position 773 and length 34
Passed for start_position 773 and length 36
Passed for start_position 773 and length 38
Passed for start_position 773 and length 40
Passed for start_position 773 and length 42
Passed for start_position 773 and length 44
Passed for start_position 773 and length 46
Passed for start_position 773 and length 48
Passed for start_position 773 and length 50
Passed for start_position 773 and length 52
Passed for start_position 773 and length 54
Passed for start_position 773 and length 56
Passed for start_position 773 and length 58
Passed for start_position 773 and length 60
Passed for start_position 773 and length 62
Passed for start_position 773 and length 64
Passed for start_position 773 and length 66
Passed for start_position 773 and length 68
Passed for start_position 773 and length 70
Passed for start_position 773 and length 72
Passed for start_position 773 and length 74
Passed for start_position 773 and length 76
Passed for start_position 773 and length 78
Passed for start_position 773 and length 80
Passed for start_position 773 and length 82
Passed for start_position 773 and length 84
Passed for start_position 773 and length 86
Passed for start_position 773 and length 88
Passed for start_position 773 and length 90
Passed for start_position 773 and length 92
Passed for start_position 773 and length 94
Passed for start_position 773 and length 96
Passed for start_position 773 and length 98
Passed for start_position 773 and length 100
Passed for start_position 774 and length 2
Passed for start_position 774 and length 4
Passed for start_position 774 and length 6
Passed for start_position 774 and length 8
Passed for start_position 774 and length 10
Passed for start_position 774 and length 12
Passed for start_position 774 and length 14
Passed for start_position 774 and length 16
Passed for start_position 774 and length 18
Passed for start_position 774 and length 20
Passed for start_position 774 and length 22
Passed for start_position 774 and length 24
Passed for start_position 774 and length 26
Passed for start_position 774 and length 28
Passed for start_position 774 and length 30
Passed for start_position 774 and length 32
Passed for start_position 774 and length 34
Passed for start_position 774 and length 36
Passed for start_position 774 and length 38
Passed for start_position 774 and length 40
Passed for start_position 774 and length 42
Passed for start_position 774 and length 44
Passed for start_position 774 and length 46
Passed for start_position 774 and length 48
Passed for start_position 774 and length 50
Passed for start_position 774 and length 52
Passed for start_position 774 and length 54
Passed for start_position 774 and length 56
Passed for start_position 774 and length 58
Passed for start_position 774 and length 60
Passed for start_position 774 and length 62
Passed for start_position 774 and length 64
Passed for start_position 774 and length 66
Passed for start_position 774 and length 68
Passed for start_position 774 and length 70
Passed for start_position 774 and length 72
Passed for start_position 774 and length 74
Passed for start_position 774 and length 76
Passed for start_position 774 and length 78
Passed for start_position 774 and length 80
Passed for start_position 774 and length 82
Passed for start_position 774 and length 84
Passed for start_position 774 and length 86
Passed for start_position 774 and length 88
Passed for start_position 774 and length 90
Passed for start_position 774 and length 92
Passed for start_position 774 and length 94
Passed for start_position 774 and length 96
Passed for start_position 774 and length 98
Passed for start_position 774 and length 100
Passed for start_position 775 and length 2
Passed for start_position 775 and length 4
Passed for start_position 775 and length 6
Passed for start_position 775 and length 8
Passed for start_position 775 and length 10
Passed for start_position 775 and length 12
Passed for start_position 775 and length 14
Passed for start_position 775 and length 16
Passed for start_position 775 and length 18
Passed for start_position 775 and length 20
Passed for start_position 775 and length 22
Passed for start_position 775 and length 24
Passed for start_position 775 and length 26
Passed for start_position 775 and length 28
Passed for start_position 775 and length 30
Passed for start_position 775 and length 32
Passed for start_position 775 and length 34
Passed for start_position 775 and length 36
Passed for start_position 775 and length 38
Passed for start_position 775 and length 40
Passed for start_position 775 and length 42
Passed for start_position 775 and length 44
Passed for start_position 775 and length 46
Passed for start_position 775 and length 48
Passed for start_position 775 and length 50
Passed for start_position 775 and length 52
Passed for start_position 775 and length 54
Passed for start_position 775 and length 56
Passed for start_position 775 and length 58
Passed for start_position 775 and length 60
Passed for start_position 775 and length 62
Passed for start_position 775 and length 64
Passed for start_position 775 and length 66
Passed for start_position 775 and length 68
Passed for start_position 775 and length 70
Passed for start_position 775 and length 72
Passed for start_position 775 and length 74
Passed for start_position 775 and length 76
Passed for start_position 775 and length 78
Passed for start_position 775 and length 80
Passed for start_position 775 and length 82
Passed for start_position 775 and length 84
Passed for start_position 775 and length 86
Passed for start_position 775 and length 88
Passed for start_position 775 and length 90
Passed for start_position 775 and length 92
Passed for start_position 775 and length 94
Passed for start_position 775 and length 96
Passed for start_position 775 and length 98
Passed for start_position 775 and length 100
Passed for start_position 776 and length 2
Passed for start_position 776 and length 4
Passed for start_position 776 and length 6
Passed for start_position 776 and length 8
Passed for start_position 776 and length 10
Passed for start_position 776 and length 12
Passed for start_position 776 and length 14
Passed for start_position 776 and length 16
Passed for start_position 776 and length 18
Passed for start_position 776 and length 20
Passed for start_position 776 and length 22
Passed for start_position 776 and length 24
Passed for start_position 776 and length 26
Passed for start_position 776 and length 28
Passed for start_position 776 and length 30
Passed for start_position 776 and length 32
Passed for start_position 776 and length 34
Passed for start_position 776 and length 36
Passed for start_position 776 and length 38
Passed for start_position 776 and length 40
Passed for start_position 776 and length 42
Passed for start_position 776 and length 44
Passed for start_position 776 and length 46
Passed for start_position 776 and length 48
Passed for start_position 776 and length 50
Passed for start_position 776 and length 52
Passed for start_position 776 and length 54
Passed for start_position 776 and length 56
Passed for start_position 776 and length 58
Passed for start_position 776 and length 60
Passed for start_position 776 and length 62
Passed for start_position 776 and length 64
Passed for start_position 776 and length 66
Passed for start_position 776 and length 68
Passed for start_position 776 and length 70
Passed for start_position 776 and length 72
Passed for start_position 776 and length 74
Passed for start_position 776 and length 76
Passed for start_position 776 and length 78
Passed for start_position 776 and length 80
Passed for start_position 776 and length 82
Passed for start_position 776 and length 84
Passed for start_position 776 and length 86
Passed for start_position 776 and length 88
Passed for start_position 776 and length 90
Passed for start_position 776 and length 92
Passed for start_position 776 and length 94
Passed for start_position 776 and length 96
Passed for start_position 776 and length 98
Passed for start_position 776 and length 100
Passed for start_position 777 and length 2
Passed for start_position 777 and length 4
Passed for start_position 777 and length 6
Passed for start_position 777 and length 8
Passed for start_position 777 and length 10
Passed for start_position 777 and length 12
Passed for start_position 777 and length 14
Passed for start_position 777 and length 16
Passed for start_position 777 and length 18
Passed for start_position 777 and length 20
Passed for start_position 777 and length 22
Passed for start_position 777 and length 24
Passed for start_position 777 and length 26
Passed for start_position 777 and length 28
Passed for start_position 777 and length 30
Passed for start_position 777 and length 32
Passed for start_position 777 and length 34
Passed for start_position 777 and length 36
Passed for start_position 777 and length 38
Passed for start_position 777 and length 40
Passed for start_position 777 and length 42
Passed for start_position 777 and length 44
Passed for start_position 777 and length 46
Passed for start_position 777 and length 48
Passed for start_position 777 and length 50
Passed for start_position 777 and length 52
Passed for start_position 777 and length 54
Passed for start_position 777 and length 56
Passed for start_position 777 and length 58
Passed for start_position 777 and length 60
Passed for start_position 777 and length 62
Passed for start_position 777 and length 64
Passed for start_position 777 and length 66
Passed for start_position 777 and length 68
Passed for start_position 777 and length 70
Passed for start_position 777 and length 72
Passed for start_position 777 and length 74
Passed for start_position 777 and length 76
Passed for start_position 777 and length 78
Passed for start_position 777 and length 80
Passed for start_position 777 and length 82
Passed for start_position 777 and length 84
Passed for start_position 777 and length 86
Passed for start_position 777 and length 88
Passed for start_position 777 and length 90
Passed for start_position 777 and length 92
Passed for start_position 777 and length 94
Passed for start_position 777 and length 96
Passed for start_position 777 and length 98
Passed for start_position 777 and length 100
Passed for start_position 778 and length 2
Passed for start_position 778 and length 4
Passed for start_position 778 and length 6
Passed for start_position 778 and length 8
Passed for start_position 778 and length 10
Passed for start_position 778 and length 12
Passed for start_position 778 and length 14
Passed for start_position 778 and length 16
Passed for start_position 778 and length 18
Passed for start_position 778 and length 20
Passed for start_position 778 and length 22
Passed for start_position 778 and length 24
Passed for start_position 778 and length 26
Passed for start_position 778 and length 28
Passed for start_position 778 and length 30
Passed for start_position 778 and length 32
Passed for start_position 778 and length 34
Passed for start_position 778 and length 36
Passed for start_position 778 and length 38
Passed for start_position 778 and length 40
Passed for start_position 778 and length 42
Passed for start_position 778 and length 44
Passed for start_position 778 and length 46
Passed for start_position 778 and length 48
Passed for start_position 778 and length 50
Passed for start_position 778 and length 52
Passed for start_position 778 and length 54
Passed for start_position 778 and length 56
Passed for start_position 778 and length 58
Passed for start_position 778 and length 60
Passed for start_position 778 and length 62
Passed for start_position 778 and length 64
Passed for start_position 778 and length 66
Passed for start_position 778 and length 68
Passed for start_position 778 and length 70
Passed for start_position 778 and length 72
Passed for start_position 778 and length 74
Passed for start_position 778 and length 76
Passed for start_position 778 and length 78
Passed for start_position 778 and length 80
Passed for start_position 778 and length 82
Passed for start_position 778 and length 84
Passed for start_position 778 and length 86
Passed for start_position 778 and length 88
Passed for start_position 778 and length 90
Passed for start_position 778 and length 92
Passed for start_position 778 and length 94
Passed for start_position 778 and length 96
Passed for start_position 778 and length 98
Passed for start_position 778 and length 100
Passed for start_position 779 and length 2
Passed for start_position 779 and length 4
Passed for start_position 779 and length 6
Passed for start_position 779 and length 8
Passed for start_position 779 and length 10
Passed for start_position 779 and length 12
Passed for start_position 779 and length 14
Passed for start_position 779 and length 16
Passed for start_position 779 and length 18
Passed for start_position 779 and length 20
Passed for start_position 779 and length 22
Passed for start_position 779 and length 24
Passed for start_position 779 and length 26
Passed for start_position 779 and length 28
Passed for start_position 779 and length 30
Passed for start_position 779 and length 32
Passed for start_position 779 and length 34
Passed for start_position 779 and length 36
Passed for start_position 779 and length 38
Passed for start_position 779 and length 40
Passed for start_position 779 and length 42
Passed for start_position 779 and length 44
Passed for start_position 779 and length 46
Passed for start_position 779 and length 48
Passed for start_position 779 and length 50
Passed for start_position 779 and length 52
Passed for start_position 779 and length 54
Passed for start_position 779 and length 56
Passed for start_position 779 and length 58
Passed for start_position 779 and length 60
Passed for start_position 779 and length 62
Passed for start_position 779 and length 64
Passed for start_position 779 and length 66
Passed for start_position 779 and length 68
Passed for start_position 779 and length 70
Passed for start_position 779 and length 72
Passed for start_position 779 and length 74
Passed for start_position 779 and length 76
Passed for start_position 779 and length 78
Passed for start_position 779 and length 80
Passed for start_position 779 and length 82
Passed for start_position 779 and length 84
Passed for start_position 779 and length 86
Passed for start_position 779 and length 88
Passed for start_position 779 and length 90
Passed for start_position 779 and length 92
Passed for start_position 779 and length 94
Passed for start_position 779 and length 96
Passed for start_position 779 and length 98
Passed for start_position 779 and length 100
Passed for start_position 780 and length 2
Passed for start_position 780 and length 4
Passed for start_position 780 and length 6
Passed for start_position 780 and length 8
Passed for start_position 780 and length 10
Passed for start_position 780 and length 12
Passed for start_position 780 and length 14
Passed for start_position 780 and length 16
Passed for start_position 780 and length 18
Passed for start_position 780 and length 20
Passed for start_position 780 and length 22
Passed for start_position 780 and length 24
Passed for start_position 780 and length 26
Passed for start_position 780 and length 28
Passed for start_position 780 and length 30
Passed for start_position 780 and length 32
Passed for start_position 780 and length 34
Passed for start_position 780 and length 36
Passed for start_position 780 and length 38
Passed for start_position 780 and length 40
Passed for start_position 780 and length 42
Passed for start_position 780 and length 44
Passed for start_position 780 and length 46
Passed for start_position 780 and length 48
Passed for start_position 780 and length 50
Passed for start_position 780 and length 52
Passed for start_position 780 and length 54
Passed for start_position 780 and length 56
Passed for start_position 780 and length 58
Passed for start_position 780 and length 60
Passed for start_position 780 and length 62
Passed for start_position 780 and length 64
Passed for start_position 780 and length 66
Passed for start_position 780 and length 68
Passed for start_position 780 and length 70
Passed for start_position 780 and length 72
Passed for start_position 780 and length 74
Passed for start_position 780 and length 76
Passed for start_position 780 and length 78
Passed for start_position 780 and length 80
Passed for start_position 780 and length 82
Passed for start_position 780 and length 84
Passed for start_position 780 and length 86
Passed for start_position 780 and length 88
Passed for start_position 780 and length 90
Passed for start_position 780 and length 92
Passed for start_position 780 and length 94
Passed for start_position 780 and length 96
Passed for start_position 780 and length 98
Passed for start_position 780 and length 100
Passed for start_position 781 and length 2
Passed for start_position 781 and length 4
Passed for start_position 781 and length 6
Passed for start_position 781 and length 8
Passed for start_position 781 and length 10
Passed for start_position 781 and length 12
Passed for start_position 781 and length 14
Passed for start_position 781 and length 16
Passed for start_position 781 and length 18
Passed for start_position 781 and length 20
Passed for start_position 781 and length 22
Passed for start_position 781 and length 24
Passed for start_position 781 and length 26
Passed for start_position 781 and length 28
Passed for start_position 781 and length 30
Passed for start_position 781 and length 32
Passed for start_position 781 and length 34
Passed for start_position 781 and length 36
Passed for start_position 781 and length 38
Passed for start_position 781 and length 40
Passed for start_position 781 and length 42
Passed for start_position 781 and length 44
Passed for start_position 781 and length 46
Passed for start_position 781 and length 48
Passed for start_position 781 and length 50
Passed for start_position 781 and length 52
Passed for start_position 781 and length 54
Passed for start_position 781 and length 56
Passed for start_position 781 and length 58
Passed for start_position 781 and length 60
Passed for start_position 781 and length 62
Passed for start_position 781 and length 64
Passed for start_position 781 and length 66
Passed for start_position 781 and length 68
Passed for start_position 781 and length 70
Passed for start_position 781 and length 72
Passed for start_position 781 and length 74
Passed for start_position 781 and length 76
Passed for start_position 781 and length 78
Passed for start_position 781 and length 80
Passed for start_position 781 and length 82
Passed for start_position 781 and length 84
Passed for start_position 781 and length 86
Passed for start_position 781 and length 88
Passed for start_position 781 and length 90
Passed for start_position 781 and length 92
Passed for start_position 781 and length 94
Passed for start_position 781 and length 96
Passed for start_position 781 and length 98
Passed for start_position 781 and length 100
Passed for start_position 782 and length 2
Passed for start_position 782 and length 4
Passed for start_position 782 and length 6
Passed for start_position 782 and length 8
Passed for start_position 782 and length 10
Passed for start_position 782 and length 12
Passed for start_position 782 and length 14
Passed for start_position 782 and length 16
Passed for start_position 782 and length 18
Passed for start_position 782 and length 20
Passed for start_position 782 and length 22
Passed for start_position 782 and length 24
Passed for start_position 782 and length 26
Passed for start_position 782 and length 28
Passed for start_position 782 and length 30
Passed for start_position 782 and length 32
Passed for start_position 782 and length 34
Passed for start_position 782 and length 36
Passed for start_position 782 and length 38
Passed for start_position 782 and length 40
Passed for start_position 782 and length 42
Passed for start_position 782 and length 44
Passed for start_position 782 and length 46
Passed for start_position 782 and length 48
Passed for start_position 782 and length 50
Passed for start_position 782 and length 52
Passed for start_position 782 and length 54
Passed for start_position 782 and length 56
Passed for start_position 782 and length 58
Passed for start_position 782 and length 60
Passed for start_position 782 and length 62
Passed for start_position 782 and length 64
Passed for start_position 782 and length 66
Passed for start_position 782 and length 68
Passed for start_position 782 and length 70
Passed for start_position 782 and length 72
Passed for start_position 782 and length 74
Passed for start_position 782 and length 76
Passed for start_position 782 and length 78
Passed for start_position 782 and length 80
Passed for start_position 782 and length 82
Passed for start_position 782 and length 84
Passed for start_position 782 and length 86
Passed for start_position 782 and length 88
Passed for start_position 782 and length 90
Passed for start_position 782 and length 92
Passed for start_position 782 and length 94
Passed for start_position 782 and length 96
Passed for start_position 782 and length 98
Passed for start_position 782 and length 100
Passed for start_position 783 and length 2
Passed for start_position 783 and length 4
Passed for start_position 783 and length 6
Error for start_position 783 and length 8: Movement -1 not in dictionary
Passed for start_position 783 and length 10
Error for start_position 783 and length 12: Movement 1 not in dictionary
Error for start_position 783 and length 14: Movement -1 not in dictionary
Passed for start_position 783 and length 16
Passed for start_position 783 and length 18
Error for start_position 783 and length 20: Movement 1 not in dictionary
Error for start_position 783 and length 22: Movement 1 not in dictionary
Error for start_position 783 and length 24: Movement 1 not in dictionary
Passed for start_position 783 and length 26
Passed for start_position 783 and length 28
Error for start_position 783 and length 30: Movement 1 not in dictionary
Passed for start_position 783 and length 32
Passed for start_position 783 and length 34
Passed for start_position 783 and length 36
Passed for start_position 783 and length 38
Passed for start_position 783 and length 40
Passed for start_position 783 and length 42
Error for start_position 783 and length 44: Movement 1 not in dictionary
Passed for start_position 783 and length 46
Error for start_position 783 and length 48: Movement -1 not in dictionary
Passed for start_position 783 and length 50
Passed for start_position 783 and length 52
Passed for start_position 783 and length 54
Passed for start_position 783 and length 56
Passed for start_position 783 and length 58
Passed for start_position 783 and length 60
Passed for start_position 783 and length 62
Passed for start_position 783 and length 64
Error for start_position 783 and length 66: Movement 1 not in dictionary
Error for start_position 783 and length 68: Movement -1 not in dictionary
Passed for start_position 783 and length 70
Passed for start_position 783 and length 72
Passed for start_position 783 and length 74
Error for start_position 783 and length 76: Movement -1 not in dictionary
Passed for start_position 783 and length 78
Error for start_position 783 and length 80: Movement -1 not in dictionary
Passed for start_position 783 and length 82
Error for start_position 783 and length 84: Movement -1 not in dictionary
Passed for start_position 783 and length 86
Passed for start_position 783 and length 88
Passed for start_position 783 and length 90
Passed for start_position 783 and length 92
Passed for start_position 783 and length 94
Passed for start_position 783 and length 96
Passed for start_position 783 and length 98
Error for start_position 783 and length 100: Movement -1 not in dictionary
Passed for start_position 784 and length 2
Passed for start_position 784 and length 4
Passed for start_position 784 and length 6
Passed for start_position 784 and length 8
Passed for start_position 784 and length 10
Passed for start_position 784 and length 12
Passed for start_position 784 and length 14
Passed for start_position 784 and length 16
Passed for start_position 784 and length 18
Passed for start_position 784 and length 20
Passed for start_position 784 and length 22
Passed for start_position 784 and length 24
Passed for start_position 784 and length 26
Passed for start_position 784 and length 28
Passed for start_position 784 and length 30
Passed for start_position 784 and length 32
Passed for start_position 784 and length 34
Passed for start_position 784 and length 36
Passed for start_position 784 and length 38
Passed for start_position 784 and length 40
Passed for start_position 784 and length 42
Passed for start_position 784 and length 44
Passed for start_position 784 and length 46
Passed for start_position 784 and length 48
Passed for start_position 784 and length 50
Passed for start_position 784 and length 52
Passed for start_position 784 and length 54
Passed for start_position 784 and length 56
Passed for start_position 784 and length 58
Passed for start_position 784 and length 60
Passed for start_position 784 and length 62
Passed for start_position 784 and length 64
Passed for start_position 784 and length 66
Passed for start_position 784 and length 68
Passed for start_position 784 and length 70
Passed for start_position 784 and length 72
Passed for start_position 784 and length 74
Passed for start_position 784 and length 76
Passed for start_position 784 and length 78
Passed for start_position 784 and length 80
Passed for start_position 784 and length 82
Passed for start_position 784 and length 84
Passed for start_position 784 and length 86
Passed for start_position 784 and length 88
Passed for start_position 784 and length 90
Passed for start_position 784 and length 92
Passed for start_position 784 and length 94
Passed for start_position 784 and length 96
Passed for start_position 784 and length 98
Passed for start_position 784 and length 100
Passed for start_position 785 and length 2
Passed for start_position 785 and length 4
Passed for start_position 785 and length 6
Passed for start_position 785 and length 8
Passed for start_position 785 and length 10
Passed for start_position 785 and length 12
Passed for start_position 785 and length 14
Passed for start_position 785 and length 16
Passed for start_position 785 and length 18
Passed for start_position 785 and length 20
Passed for start_position 785 and length 22
Passed for start_position 785 and length 24
Passed for start_position 785 and length 26
Passed for start_position 785 and length 28
Passed for start_position 785 and length 30
Passed for start_position 785 and length 32
Passed for start_position 785 and length 34
Passed for start_position 785 and length 36
Passed for start_position 785 and length 38
Passed for start_position 785 and length 40
Passed for start_position 785 and length 42
Passed for start_position 785 and length 44
Passed for start_position 785 and length 46
Passed for start_position 785 and length 48
Passed for start_position 785 and length 50
Passed for start_position 785 and length 52
Passed for start_position 785 and length 54
Passed for start_position 785 and length 56
Passed for start_position 785 and length 58
Passed for start_position 785 and length 60
Passed for start_position 785 and length 62
Passed for start_position 785 and length 64
Passed for start_position 785 and length 66
Passed for start_position 785 and length 68
Passed for start_position 785 and length 70
Passed for start_position 785 and length 72
Passed for start_position 785 and length 74
Passed for start_position 785 and length 76
Passed for start_position 785 and length 78
Passed for start_position 785 and length 80
Passed for start_position 785 and length 82
Passed for start_position 785 and length 84
Passed for start_position 785 and length 86
Passed for start_position 785 and length 88
Passed for start_position 785 and length 90
Passed for start_position 785 and length 92
Passed for start_position 785 and length 94
Passed for start_position 785 and length 96
Passed for start_position 785 and length 98
Passed for start_position 785 and length 100
Passed for start_position 786 and length 2
Passed for start_position 786 and length 4
Passed for start_position 786 and length 6
Passed for start_position 786 and length 8
Passed for start_position 786 and length 10
Passed for start_position 786 and length 12
Passed for start_position 786 and length 14
Passed for start_position 786 and length 16
Passed for start_position 786 and length 18
Passed for start_position 786 and length 20
Passed for start_position 786 and length 22
Passed for start_position 786 and length 24
Passed for start_position 786 and length 26
Passed for start_position 786 and length 28
Passed for start_position 786 and length 30
Passed for start_position 786 and length 32
Passed for start_position 786 and length 34
Passed for start_position 786 and length 36
Passed for start_position 786 and length 38
Passed for start_position 786 and length 40
Passed for start_position 786 and length 42
Passed for start_position 786 and length 44
Passed for start_position 786 and length 46
Passed for start_position 786 and length 48
Passed for start_position 786 and length 50
Passed for start_position 786 and length 52
Passed for start_position 786 and length 54
Passed for start_position 786 and length 56
Passed for start_position 786 and length 58
Passed for start_position 786 and length 60
Passed for start_position 786 and length 62
Passed for start_position 786 and length 64
Passed for start_position 786 and length 66
Passed for start_position 786 and length 68
Passed for start_position 786 and length 70
Passed for start_position 786 and length 72
Passed for start_position 786 and length 74
Passed for start_position 786 and length 76
Passed for start_position 786 and length 78
Passed for start_position 786 and length 80
Passed for start_position 786 and length 82
Passed for start_position 786 and length 84
Passed for start_position 786 and length 86
Passed for start_position 786 and length 88
Passed for start_position 786 and length 90
Passed for start_position 786 and length 92
Passed for start_position 786 and length 94
Passed for start_position 786 and length 96
Passed for start_position 786 and length 98
Passed for start_position 786 and length 100
Passed for start_position 787 and length 2
Passed for start_position 787 and length 4
Error for start_position 787 and length 6: Movement 1 not in dictionary
Error for start_position 787 and length 8: Movement 1 not in dictionary
Passed for start_position 787 and length 10
Error for start_position 787 and length 12: Movement -1 not in dictionary
Error for start_position 787 and length 14: Movement 1 not in dictionary
Error for start_position 787 and length 16: Movement 1 not in dictionary
Passed for start_position 787 and length 18
Error for start_position 787 and length 20: Movement 1 not in dictionary
Passed for start_position 787 and length 22
Passed for start_position 787 and length 24
Passed for start_position 787 and length 26
Passed for start_position 787 and length 28
Passed for start_position 787 and length 30
Passed for start_position 787 and length 32
Passed for start_position 787 and length 34
Passed for start_position 787 and length 36
Error for start_position 787 and length 38: Movement -1 not in dictionary
Passed for start_position 787 and length 40
Passed for start_position 787 and length 42
Error for start_position 787 and length 44: Movement -1 not in dictionary
Passed for start_position 787 and length 46
Passed for start_position 787 and length 48
Passed for start_position 787 and length 50
Error for start_position 787 and length 52: Movement -1 not in dictionary
Error for start_position 787 and length 54: Movement -1 not in dictionary
Passed for start_position 787 and length 56
Passed for start_position 787 and length 58
Passed for start_position 787 and length 60
Error for start_position 787 and length 62: Movement 1 not in dictionary
Passed for start_position 787 and length 64
Passed for start_position 787 and length 66
Passed for start_position 787 and length 68
Passed for start_position 787 and length 70
Passed for start_position 787 and length 72
Passed for start_position 787 and length 74
Error for start_position 787 and length 76: Movement 1 not in dictionary
Passed for start_position 787 and length 78
Passed for start_position 787 and length 80
Error for start_position 787 and length 82: Movement -1 not in dictionary
Passed for start_position 787 and length 84
Passed for start_position 787 and length 86
Passed for start_position 787 and length 88
Error for start_position 787 and length 90: Movement 1 not in dictionary
Passed for start_position 787 and length 92
Error for start_position 787 and length 94: Movement 1 not in dictionary
Passed for start_position 787 and length 96
Passed for start_position 787 and length 98
Passed for start_position 787 and length 100
Passed for start_position 788 and length 2
Passed for start_position 788 and length 4
Passed for start_position 788 and length 6
Passed for start_position 788 and length 8
Passed for start_position 788 and length 10
Passed for start_position 788 and length 12
Passed for start_position 788 and length 14
Passed for start_position 788 and length 16
Passed for start_position 788 and length 18
Passed for start_position 788 and length 20
Passed for start_position 788 and length 22
Passed for start_position 788 and length 24
Passed for start_position 788 and length 26
Passed for start_position 788 and length 28
Passed for start_position 788 and length 30
Passed for start_position 788 and length 32
Passed for start_position 788 and length 34
Passed for start_position 788 and length 36
Passed for start_position 788 and length 38
Passed for start_position 788 and length 40
Passed for start_position 788 and length 42
Passed for start_position 788 and length 44
Passed for start_position 788 and length 46
Passed for start_position 788 and length 48
Passed for start_position 788 and length 50
Passed for start_position 788 and length 52
Passed for start_position 788 and length 54
Passed for start_position 788 and length 56
Passed for start_position 788 and length 58
Passed for start_position 788 and length 60
Passed for start_position 788 and length 62
Passed for start_position 788 and length 64
Passed for start_position 788 and length 66
Passed for start_position 788 and length 68
Passed for start_position 788 and length 70
Passed for start_position 788 and length 72
Passed for start_position 788 and length 74
Passed for start_position 788 and length 76
Passed for start_position 788 and length 78
Passed for start_position 788 and length 80
Passed for start_position 788 and length 82
Passed for start_position 788 and length 84
Passed for start_position 788 and length 86
Passed for start_position 788 and length 88
Passed for start_position 788 and length 90
Passed for start_position 788 and length 92
Passed for start_position 788 and length 94
Passed for start_position 788 and length 96
Passed for start_position 788 and length 98
Passed for start_position 788 and length 100
Passed for start_position 789 and length 2
Passed for start_position 789 and length 4
Passed for start_position 789 and length 6
Passed for start_position 789 and length 8
Passed for start_position 789 and length 10
Passed for start_position 789 and length 12
Passed for start_position 789 and length 14
Passed for start_position 789 and length 16
Passed for start_position 789 and length 18
Passed for start_position 789 and length 20
Passed for start_position 789 and length 22
Passed for start_position 789 and length 24
Passed for start_position 789 and length 26
Passed for start_position 789 and length 28
Passed for start_position 789 and length 30
Passed for start_position 789 and length 32
Passed for start_position 789 and length 34
Passed for start_position 789 and length 36
Passed for start_position 789 and length 38
Passed for start_position 789 and length 40
Passed for start_position 789 and length 42
Passed for start_position 789 and length 44
Passed for start_position 789 and length 46
Passed for start_position 789 and length 48
Passed for start_position 789 and length 50
Passed for start_position 789 and length 52
Passed for start_position 789 and length 54
Passed for start_position 789 and length 56
Passed for start_position 789 and length 58
Passed for start_position 789 and length 60
Passed for start_position 789 and length 62
Passed for start_position 789 and length 64
Passed for start_position 789 and length 66
Passed for start_position 789 and length 68
Passed for start_position 789 and length 70
Passed for start_position 789 and length 72
Passed for start_position 789 and length 74
Passed for start_position 789 and length 76
Passed for start_position 789 and length 78
Passed for start_position 789 and length 80
Passed for start_position 789 and length 82
Passed for start_position 789 and length 84
Passed for start_position 789 and length 86
Passed for start_position 789 and length 88
Passed for start_position 789 and length 90
Passed for start_position 789 and length 92
Passed for start_position 789 and length 94
Passed for start_position 789 and length 96
Passed for start_position 789 and length 98
Passed for start_position 789 and length 100
Passed for start_position 790 and length 2
Passed for start_position 790 and length 4
Passed for start_position 790 and length 6
Passed for start_position 790 and length 8
Passed for start_position 790 and length 10
Passed for start_position 790 and length 12
Passed for start_position 790 and length 14
Passed for start_position 790 and length 16
Passed for start_position 790 and length 18
Passed for start_position 790 and length 20
Passed for start_position 790 and length 22
Passed for start_position 790 and length 24
Passed for start_position 790 and length 26
Passed for start_position 790 and length 28
Passed for start_position 790 and length 30
Passed for start_position 790 and length 32
Passed for start_position 790 and length 34
Passed for start_position 790 and length 36
Passed for start_position 790 and length 38
Passed for start_position 790 and length 40
Passed for start_position 790 and length 42
Passed for start_position 790 and length 44
Passed for start_position 790 and length 46
Passed for start_position 790 and length 48
Passed for start_position 790 and length 50
Passed for start_position 790 and length 52
Passed for start_position 790 and length 54
Passed for start_position 790 and length 56
Passed for start_position 790 and length 58
Passed for start_position 790 and length 60
Passed for start_position 790 and length 62
Passed for start_position 790 and length 64
Passed for start_position 790 and length 66
Passed for start_position 790 and length 68
Passed for start_position 790 and length 70
Passed for start_position 790 and length 72
Passed for start_position 790 and length 74
Passed for start_position 790 and length 76
Passed for start_position 790 and length 78
Passed for start_position 790 and length 80
Passed for start_position 790 and length 82
Passed for start_position 790 and length 84
Passed for start_position 790 and length 86
Passed for start_position 790 and length 88
Passed for start_position 790 and length 90
Passed for start_position 790 and length 92
Passed for start_position 790 and length 94
Passed for start_position 790 and length 96
Passed for start_position 790 and length 98
Passed for start_position 790 and length 100
Passed for start_position 791 and length 2
Passed for start_position 791 and length 4
Passed for start_position 791 and length 6
Passed for start_position 791 and length 8
Passed for start_position 791 and length 10
Passed for start_position 791 and length 12
Passed for start_position 791 and length 14
Passed for start_position 791 and length 16
Passed for start_position 791 and length 18
Passed for start_position 791 and length 20
Passed for start_position 791 and length 22
Passed for start_position 791 and length 24
Passed for start_position 791 and length 26
Passed for start_position 791 and length 28
Passed for start_position 791 and length 30
Passed for start_position 791 and length 32
Passed for start_position 791 and length 34
Passed for start_position 791 and length 36
Passed for start_position 791 and length 38
Passed for start_position 791 and length 40
Passed for start_position 791 and length 42
Passed for start_position 791 and length 44
Passed for start_position 791 and length 46
Passed for start_position 791 and length 48
Passed for start_position 791 and length 50
Passed for start_position 791 and length 52
Passed for start_position 791 and length 54
Passed for start_position 791 and length 56
Passed for start_position 791 and length 58
Passed for start_position 791 and length 60
Passed for start_position 791 and length 62
Passed for start_position 791 and length 64
Passed for start_position 791 and length 66
Passed for start_position 791 and length 68
Passed for start_position 791 and length 70
Passed for start_position 791 and length 72
Passed for start_position 791 and length 74
Passed for start_position 791 and length 76
Passed for start_position 791 and length 78
Passed for start_position 791 and length 80
Passed for start_position 791 and length 82
Passed for start_position 791 and length 84
Passed for start_position 791 and length 86
Passed for start_position 791 and length 88
Passed for start_position 791 and length 90
Passed for start_position 791 and length 92
Passed for start_position 791 and length 94
Passed for start_position 791 and length 96
Passed for start_position 791 and length 98
Passed for start_position 791 and length 100
Passed for start_position 792 and length 2
Passed for start_position 792 and length 4
Passed for start_position 792 and length 6
Passed for start_position 792 and length 8
Passed for start_position 792 and length 10
Passed for start_position 792 and length 12
Passed for start_position 792 and length 14
Passed for start_position 792 and length 16
Passed for start_position 792 and length 18
Passed for start_position 792 and length 20
Passed for start_position 792 and length 22
Passed for start_position 792 and length 24
Passed for start_position 792 and length 26
Passed for start_position 792 and length 28
Passed for start_position 792 and length 30
Passed for start_position 792 and length 32
Passed for start_position 792 and length 34
Passed for start_position 792 and length 36
Passed for start_position 792 and length 38
Passed for start_position 792 and length 40
Passed for start_position 792 and length 42
Passed for start_position 792 and length 44
Passed for start_position 792 and length 46
Passed for start_position 792 and length 48
Passed for start_position 792 and length 50
Passed for start_position 792 and length 52
Passed for start_position 792 and length 54
Passed for start_position 792 and length 56
Passed for start_position 792 and length 58
Passed for start_position 792 and length 60
Passed for start_position 792 and length 62
Passed for start_position 792 and length 64
Passed for start_position 792 and length 66
Passed for start_position 792 and length 68
Passed for start_position 792 and length 70
Passed for start_position 792 and length 72
Passed for start_position 792 and length 74
Passed for start_position 792 and length 76
Passed for start_position 792 and length 78
Passed for start_position 792 and length 80
Passed for start_position 792 and length 82
Passed for start_position 792 and length 84
Passed for start_position 792 and length 86
Passed for start_position 792 and length 88
Passed for start_position 792 and length 90
Passed for start_position 792 and length 92
Passed for start_position 792 and length 94
Passed for start_position 792 and length 96
Passed for start_position 792 and length 98
Passed for start_position 792 and length 100
Passed for start_position 793 and length 2
Passed for start_position 793 and length 4
Passed for start_position 793 and length 6
Passed for start_position 793 and length 8
Passed for start_position 793 and length 10
Passed for start_position 793 and length 12
Passed for start_position 793 and length 14
Passed for start_position 793 and length 16
Passed for start_position 793 and length 18
Passed for start_position 793 and length 20
Passed for start_position 793 and length 22
Passed for start_position 793 and length 24
Passed for start_position 793 and length 26
Passed for start_position 793 and length 28
Passed for start_position 793 and length 30
Passed for start_position 793 and length 32
Passed for start_position 793 and length 34
Passed for start_position 793 and length 36
Passed for start_position 793 and length 38
Passed for start_position 793 and length 40
Passed for start_position 793 and length 42
Passed for start_position 793 and length 44
Passed for start_position 793 and length 46
Passed for start_position 793 and length 48
Passed for start_position 793 and length 50
Passed for start_position 793 and length 52
Passed for start_position 793 and length 54
Passed for start_position 793 and length 56
Passed for start_position 793 and length 58
Passed for start_position 793 and length 60
Passed for start_position 793 and length 62
Passed for start_position 793 and length 64
Passed for start_position 793 and length 66
Passed for start_position 793 and length 68
Passed for start_position 793 and length 70
Passed for start_position 793 and length 72
Passed for start_position 793 and length 74
Passed for start_position 793 and length 76
Passed for start_position 793 and length 78
Passed for start_position 793 and length 80
Passed for start_position 793 and length 82
Passed for start_position 793 and length 84
Passed for start_position 793 and length 86
Passed for start_position 793 and length 88
Passed for start_position 793 and length 90
Passed for start_position 793 and length 92
Passed for start_position 793 and length 94
Passed for start_position 793 and length 96
Passed for start_position 793 and length 98
Passed for start_position 793 and length 100
Passed for start_position 794 and length 2
Passed for start_position 794 and length 4
Passed for start_position 794 and length 6
Passed for start_position 794 and length 8
Passed for start_position 794 and length 10
Passed for start_position 794 and length 12
Passed for start_position 794 and length 14
Passed for start_position 794 and length 16
Passed for start_position 794 and length 18
Passed for start_position 794 and length 20
Passed for start_position 794 and length 22
Passed for start_position 794 and length 24
Passed for start_position 794 and length 26
Passed for start_position 794 and length 28
Passed for start_position 794 and length 30
Passed for start_position 794 and length 32
Passed for start_position 794 and length 34
Passed for start_position 794 and length 36
Passed for start_position 794 and length 38
Passed for start_position 794 and length 40
Passed for start_position 794 and length 42
Passed for start_position 794 and length 44
Passed for start_position 794 and length 46
Passed for start_position 794 and length 48
Passed for start_position 794 and length 50
Passed for start_position 794 and length 52
Passed for start_position 794 and length 54
Passed for start_position 794 and length 56
Passed for start_position 794 and length 58
Passed for start_position 794 and length 60
Passed for start_position 794 and length 62
Passed for start_position 794 and length 64
Passed for start_position 794 and length 66
Passed for start_position 794 and length 68
Passed for start_position 794 and length 70
Passed for start_position 794 and length 72
Passed for start_position 794 and length 74
Passed for start_position 794 and length 76
Passed for start_position 794 and length 78
Passed for start_position 794 and length 80
Passed for start_position 794 and length 82
Passed for start_position 794 and length 84
Passed for start_position 794 and length 86
Passed for start_position 794 and length 88
Passed for start_position 794 and length 90
Passed for start_position 794 and length 92
Passed for start_position 794 and length 94
Passed for start_position 794 and length 96
Passed for start_position 794 and length 98
Passed for start_position 794 and length 100
Passed for start_position 795 and length 2
Passed for start_position 795 and length 4
Passed for start_position 795 and length 6
Passed for start_position 795 and length 8
Passed for start_position 795 and length 10
Passed for start_position 795 and length 12
Passed for start_position 795 and length 14
Passed for start_position 795 and length 16
Passed for start_position 795 and length 18
Passed for start_position 795 and length 20
Passed for start_position 795 and length 22
Passed for start_position 795 and length 24
Passed for start_position 795 and length 26
Passed for start_position 795 and length 28
Passed for start_position 795 and length 30
Passed for start_position 795 and length 32
Passed for start_position 795 and length 34
Passed for start_position 795 and length 36
Passed for start_position 795 and length 38
Passed for start_position 795 and length 40
Passed for start_position 795 and length 42
Passed for start_position 795 and length 44
Passed for start_position 795 and length 46
Passed for start_position 795 and length 48
Passed for start_position 795 and length 50
Passed for start_position 795 and length 52
Passed for start_position 795 and length 54
Passed for start_position 795 and length 56
Passed for start_position 795 and length 58
Passed for start_position 795 and length 60
Passed for start_position 795 and length 62
Passed for start_position 795 and length 64
Passed for start_position 795 and length 66
Passed for start_position 795 and length 68
Passed for start_position 795 and length 70
Passed for start_position 795 and length 72
Passed for start_position 795 and length 74
Passed for start_position 795 and length 76
Passed for start_position 795 and length 78
Passed for start_position 795 and length 80
Passed for start_position 795 and length 82
Passed for start_position 795 and length 84
Passed for start_position 795 and length 86
Passed for start_position 795 and length 88
Passed for start_position 795 and length 90
Passed for start_position 795 and length 92
Passed for start_position 795 and length 94
Passed for start_position 795 and length 96
Passed for start_position 795 and length 98
Passed for start_position 795 and length 100
Passed for start_position 796 and length 2
Passed for start_position 796 and length 4
Passed for start_position 796 and length 6
Passed for start_position 796 and length 8
Passed for start_position 796 and length 10
Passed for start_position 796 and length 12
Passed for start_position 796 and length 14
Passed for start_position 796 and length 16
Passed for start_position 796 and length 18
Passed for start_position 796 and length 20
Passed for start_position 796 and length 22
Passed for start_position 796 and length 24
Passed for start_position 796 and length 26
Passed for start_position 796 and length 28
Passed for start_position 796 and length 30
Passed for start_position 796 and length 32
Passed for start_position 796 and length 34
Passed for start_position 796 and length 36
Passed for start_position 796 and length 38
Passed for start_position 796 and length 40
Passed for start_position 796 and length 42
Passed for start_position 796 and length 44
Passed for start_position 796 and length 46
Passed for start_position 796 and length 48
Passed for start_position 796 and length 50
Passed for start_position 796 and length 52
Passed for start_position 796 and length 54
Passed for start_position 796 and length 56
Passed for start_position 796 and length 58
Passed for start_position 796 and length 60
Passed for start_position 796 and length 62
Passed for start_position 796 and length 64
Passed for start_position 796 and length 66
Passed for start_position 796 and length 68
Passed for start_position 796 and length 70
Passed for start_position 796 and length 72
Passed for start_position 796 and length 74
Passed for start_position 796 and length 76
Passed for start_position 796 and length 78
Passed for start_position 796 and length 80
Passed for start_position 796 and length 82
Passed for start_position 796 and length 84
Passed for start_position 796 and length 86
Passed for start_position 796 and length 88
Passed for start_position 796 and length 90
Passed for start_position 796 and length 92
Passed for start_position 796 and length 94
Passed for start_position 796 and length 96
Passed for start_position 796 and length 98
Passed for start_position 796 and length 100
Passed for start_position 797 and length 2
Passed for start_position 797 and length 4
Passed for start_position 797 and length 6
Passed for start_position 797 and length 8
Passed for start_position 797 and length 10
Passed for start_position 797 and length 12
Passed for start_position 797 and length 14
Passed for start_position 797 and length 16
Passed for start_position 797 and length 18
Passed for start_position 797 and length 20
Passed for start_position 797 and length 22
Passed for start_position 797 and length 24
Passed for start_position 797 and length 26
Passed for start_position 797 and length 28
Passed for start_position 797 and length 30
Passed for start_position 797 and length 32
Passed for start_position 797 and length 34
Passed for start_position 797 and length 36
Passed for start_position 797 and length 38
Passed for start_position 797 and length 40
Passed for start_position 797 and length 42
Passed for start_position 797 and length 44
Passed for start_position 797 and length 46
Passed for start_position 797 and length 48
Passed for start_position 797 and length 50
Passed for start_position 797 and length 52
Passed for start_position 797 and length 54
Passed for start_position 797 and length 56
Passed for start_position 797 and length 58
Passed for start_position 797 and length 60
Passed for start_position 797 and length 62
Passed for start_position 797 and length 64
Passed for start_position 797 and length 66
Passed for start_position 797 and length 68
Passed for start_position 797 and length 70
Passed for start_position 797 and length 72
Passed for start_position 797 and length 74
Passed for start_position 797 and length 76
Passed for start_position 797 and length 78
Passed for start_position 797 and length 80
Passed for start_position 797 and length 82
Passed for start_position 797 and length 84
Passed for start_position 797 and length 86
Passed for start_position 797 and length 88
Passed for start_position 797 and length 90
Passed for start_position 797 and length 92
Passed for start_position 797 and length 94
Passed for start_position 797 and length 96
Passed for start_position 797 and length 98
Passed for start_position 797 and length 100
Passed for start_position 798 and length 2
Passed for start_position 798 and length 4
Passed for start_position 798 and length 6
Passed for start_position 798 and length 8
Passed for start_position 798 and length 10
Passed for start_position 798 and length 12
Passed for start_position 798 and length 14
Passed for start_position 798 and length 16
Passed for start_position 798 and length 18
Passed for start_position 798 and length 20
Passed for start_position 798 and length 22
Passed for start_position 798 and length 24
Passed for start_position 798 and length 26
Passed for start_position 798 and length 28
Passed for start_position 798 and length 30
Passed for start_position 798 and length 32
Passed for start_position 798 and length 34
Passed for start_position 798 and length 36
Passed for start_position 798 and length 38
Passed for start_position 798 and length 40
Passed for start_position 798 and length 42
Passed for start_position 798 and length 44
Passed for start_position 798 and length 46
Passed for start_position 798 and length 48
Passed for start_position 798 and length 50
Passed for start_position 798 and length 52
Passed for start_position 798 and length 54
Passed for start_position 798 and length 56
Passed for start_position 798 and length 58
Passed for start_position 798 and length 60
Passed for start_position 798 and length 62
Passed for start_position 798 and length 64
Passed for start_position 798 and length 66
Passed for start_position 798 and length 68
Passed for start_position 798 and length 70
Passed for start_position 798 and length 72
Passed for start_position 798 and length 74
Passed for start_position 798 and length 76
Passed for start_position 798 and length 78
Passed for start_position 798 and length 80
Passed for start_position 798 and length 82
Passed for start_position 798 and length 84
Passed for start_position 798 and length 86
Passed for start_position 798 and length 88
Passed for start_position 798 and length 90
Passed for start_position 798 and length 92
Passed for start_position 798 and length 94
Passed for start_position 798 and length 96
Passed for start_position 798 and length 98
Passed for start_position 798 and length 100
Passed for start_position 799 and length 2
Passed for start_position 799 and length 4
Passed for start_position 799 and length 6
Passed for start_position 799 and length 8
Passed for start_position 799 and length 10
Passed for start_position 799 and length 12
Passed for start_position 799 and length 14
Passed for start_position 799 and length 16
Passed for start_position 799 and length 18
Passed for start_position 799 and length 20
Passed for start_position 799 and length 22
Passed for start_position 799 and length 24
Passed for start_position 799 and length 26
Passed for start_position 799 and length 28
Passed for start_position 799 and length 30
Passed for start_position 799 and length 32
Passed for start_position 799 and length 34
Passed for start_position 799 and length 36
Passed for start_position 799 and length 38
Passed for start_position 799 and length 40
Passed for start_position 799 and length 42
Passed for start_position 799 and length 44
Passed for start_position 799 and length 46
Passed for start_position 799 and length 48
Passed for start_position 799 and length 50
Passed for start_position 799 and length 52
Passed for start_position 799 and length 54
Passed for start_position 799 and length 56
Passed for start_position 799 and length 58
Passed for start_position 799 and length 60
Passed for start_position 799 and length 62
Passed for start_position 799 and length 64
Passed for start_position 799 and length 66
Passed for start_position 799 and length 68
Passed for start_position 799 and length 70
Passed for start_position 799 and length 72
Passed for start_position 799 and length 74
Passed for start_position 799 and length 76
Passed for start_position 799 and length 78
Passed for start_position 799 and length 80
Passed for start_position 799 and length 82
Passed for start_position 799 and length 84
Passed for start_position 799 and length 86
Passed for start_position 799 and length 88
Passed for start_position 799 and length 90
Passed for start_position 799 and length 92
Passed for start_position 799 and length 94
Passed for start_position 799 and length 96
Passed for start_position 799 and length 98
Passed for start_position 799 and length 100
Passed for start_position 800 and length 2
Passed for start_position 800 and length 4
Passed for start_position 800 and length 6
Passed for start_position 800 and length 8
Passed for start_position 800 and length 10
Passed for start_position 800 and length 12
Passed for start_position 800 and length 14
Passed for start_position 800 and length 16
Passed for start_position 800 and length 18
Passed for start_position 800 and length 20
Passed for start_position 800 and length 22
Passed for start_position 800 and length 24
Passed for start_position 800 and length 26
Passed for start_position 800 and length 28
Passed for start_position 800 and length 30
Passed for start_position 800 and length 32
Passed for start_position 800 and length 34
Passed for start_position 800 and length 36
Passed for start_position 800 and length 38
Passed for start_position 800 and length 40
Passed for start_position 800 and length 42
Passed for start_position 800 and length 44
Passed for start_position 800 and length 46
Passed for start_position 800 and length 48
Passed for start_position 800 and length 50
Passed for start_position 800 and length 52
Passed for start_position 800 and length 54
Passed for start_position 800 and length 56
Passed for start_position 800 and length 58
Passed for start_position 800 and length 60
Passed for start_position 800 and length 62
Passed for start_position 800 and length 64
Passed for start_position 800 and length 66
Passed for start_position 800 and length 68
Passed for start_position 800 and length 70
Passed for start_position 800 and length 72
Passed for start_position 800 and length 74
Passed for start_position 800 and length 76
Passed for start_position 800 and length 78
Passed for start_position 800 and length 80
Passed for start_position 800 and length 82
Passed for start_position 800 and length 84
Passed for start_position 800 and length 86
Passed for start_position 800 and length 88
Passed for start_position 800 and length 90
Passed for start_position 800 and length 92
Passed for start_position 800 and length 94
Passed for start_position 800 and length 96
Passed for start_position 800 and length 98
Passed for start_position 800 and length 100
Passed for start_position 801 and length 2
Passed for start_position 801 and length 4
Passed for start_position 801 and length 6
Passed for start_position 801 and length 8
Passed for start_position 801 and length 10
Passed for start_position 801 and length 12
Passed for start_position 801 and length 14
Passed for start_position 801 and length 16
Passed for start_position 801 and length 18
Passed for start_position 801 and length 20
Passed for start_position 801 and length 22
Passed for start_position 801 and length 24
Passed for start_position 801 and length 26
Passed for start_position 801 and length 28
Passed for start_position 801 and length 30
Passed for start_position 801 and length 32
Passed for start_position 801 and length 34
Passed for start_position 801 and length 36
Passed for start_position 801 and length 38
Passed for start_position 801 and length 40
Passed for start_position 801 and length 42
Passed for start_position 801 and length 44
Passed for start_position 801 and length 46
Passed for start_position 801 and length 48
Passed for start_position 801 and length 50
Passed for start_position 801 and length 52
Passed for start_position 801 and length 54
Passed for start_position 801 and length 56
Passed for start_position 801 and length 58
Passed for start_position 801 and length 60
Passed for start_position 801 and length 62
Passed for start_position 801 and length 64
Passed for start_position 801 and length 66
Passed for start_position 801 and length 68
Passed for start_position 801 and length 70
Passed for start_position 801 and length 72
Passed for start_position 801 and length 74
Passed for start_position 801 and length 76
Passed for start_position 801 and length 78
Passed for start_position 801 and length 80
Passed for start_position 801 and length 82
Passed for start_position 801 and length 84
Passed for start_position 801 and length 86
Passed for start_position 801 and length 88
Passed for start_position 801 and length 90
Passed for start_position 801 and length 92
Passed for start_position 801 and length 94
Passed for start_position 801 and length 96
Passed for start_position 801 and length 98
Passed for start_position 801 and length 100
Passed for start_position 802 and length 2
Passed for start_position 802 and length 4
Passed for start_position 802 and length 6
Passed for start_position 802 and length 8
Passed for start_position 802 and length 10
Passed for start_position 802 and length 12
Passed for start_position 802 and length 14
Passed for start_position 802 and length 16
Passed for start_position 802 and length 18
Passed for start_position 802 and length 20
Passed for start_position 802 and length 22
Passed for start_position 802 and length 24
Passed for start_position 802 and length 26
Passed for start_position 802 and length 28
Passed for start_position 802 and length 30
Passed for start_position 802 and length 32
Passed for start_position 802 and length 34
Passed for start_position 802 and length 36
Passed for start_position 802 and length 38
Passed for start_position 802 and length 40
Passed for start_position 802 and length 42
Passed for start_position 802 and length 44
Passed for start_position 802 and length 46
Passed for start_position 802 and length 48
Passed for start_position 802 and length 50
Passed for start_position 802 and length 52
Passed for start_position 802 and length 54
Passed for start_position 802 and length 56
Passed for start_position 802 and length 58
Passed for start_position 802 and length 60
Passed for start_position 802 and length 62
Passed for start_position 802 and length 64
Passed for start_position 802 and length 66
Passed for start_position 802 and length 68
Passed for start_position 802 and length 70
Passed for start_position 802 and length 72
Passed for start_position 802 and length 74
Passed for start_position 802 and length 76
Passed for start_position 802 and length 78
Passed for start_position 802 and length 80
Passed for start_position 802 and length 82
Passed for start_position 802 and length 84
Passed for start_position 802 and length 86
Passed for start_position 802 and length 88
Passed for start_position 802 and length 90
Passed for start_position 802 and length 92
Passed for start_position 802 and length 94
Passed for start_position 802 and length 96
Passed for start_position 802 and length 98
Passed for start_position 802 and length 100
Passed for start_position 803 and length 2
Passed for start_position 803 and length 4
Passed for start_position 803 and length 6
Passed for start_position 803 and length 8
Passed for start_position 803 and length 10
Passed for start_position 803 and length 12
Passed for start_position 803 and length 14
Passed for start_position 803 and length 16
Passed for start_position 803 and length 18
Passed for start_position 803 and length 20
Passed for start_position 803 and length 22
Passed for start_position 803 and length 24
Passed for start_position 803 and length 26
Passed for start_position 803 and length 28
Passed for start_position 803 and length 30
Passed for start_position 803 and length 32
Passed for start_position 803 and length 34
Passed for start_position 803 and length 36
Passed for start_position 803 and length 38
Passed for start_position 803 and length 40
Passed for start_position 803 and length 42
Passed for start_position 803 and length 44
Passed for start_position 803 and length 46
Passed for start_position 803 and length 48
Passed for start_position 803 and length 50
Passed for start_position 803 and length 52
Passed for start_position 803 and length 54
Passed for start_position 803 and length 56
Passed for start_position 803 and length 58
Passed for start_position 803 and length 60
Passed for start_position 803 and length 62
Passed for start_position 803 and length 64
Passed for start_position 803 and length 66
Passed for start_position 803 and length 68
Passed for start_position 803 and length 70
Passed for start_position 803 and length 72
Passed for start_position 803 and length 74
Passed for start_position 803 and length 76
Passed for start_position 803 and length 78
Passed for start_position 803 and length 80
Passed for start_position 803 and length 82
Passed for start_position 803 and length 84
Passed for start_position 803 and length 86
Passed for start_position 803 and length 88
Passed for start_position 803 and length 90
Passed for start_position 803 and length 92
Passed for start_position 803 and length 94
Passed for start_position 803 and length 96
Passed for start_position 803 and length 98
Passed for start_position 803 and length 100
Passed for start_position 804 and length 2
Passed for start_position 804 and length 4
Passed for start_position 804 and length 6
Passed for start_position 804 and length 8
Passed for start_position 804 and length 10
Passed for start_position 804 and length 12
Passed for start_position 804 and length 14
Passed for start_position 804 and length 16
Passed for start_position 804 and length 18
Passed for start_position 804 and length 20
Passed for start_position 804 and length 22
Passed for start_position 804 and length 24
Passed for start_position 804 and length 26
Passed for start_position 804 and length 28
Passed for start_position 804 and length 30
Passed for start_position 804 and length 32
Passed for start_position 804 and length 34
Passed for start_position 804 and length 36
Passed for start_position 804 and length 38
Passed for start_position 804 and length 40
Passed for start_position 804 and length 42
Passed for start_position 804 and length 44
Passed for start_position 804 and length 46
Passed for start_position 804 and length 48
Passed for start_position 804 and length 50
Passed for start_position 804 and length 52
Passed for start_position 804 and length 54
Passed for start_position 804 and length 56
Passed for start_position 804 and length 58
Passed for start_position 804 and length 60
Passed for start_position 804 and length 62
Passed for start_position 804 and length 64
Passed for start_position 804 and length 66
Passed for start_position 804 and length 68
Passed for start_position 804 and length 70
Passed for start_position 804 and length 72
Passed for start_position 804 and length 74
Passed for start_position 804 and length 76
Passed for start_position 804 and length 78
Passed for start_position 804 and length 80
Passed for start_position 804 and length 82
Passed for start_position 804 and length 84
Passed for start_position 804 and length 86
Passed for start_position 804 and length 88
Passed for start_position 804 and length 90
Passed for start_position 804 and length 92
Passed for start_position 804 and length 94
Passed for start_position 804 and length 96
Passed for start_position 804 and length 98
Passed for start_position 804 and length 100
Passed for start_position 805 and length 2
Passed for start_position 805 and length 4
Passed for start_position 805 and length 6
Passed for start_position 805 and length 8
Passed for start_position 805 and length 10
Passed for start_position 805 and length 12
Passed for start_position 805 and length 14
Passed for start_position 805 and length 16
Passed for start_position 805 and length 18
Passed for start_position 805 and length 20
Passed for start_position 805 and length 22
Passed for start_position 805 and length 24
Passed for start_position 805 and length 26
Passed for start_position 805 and length 28
Passed for start_position 805 and length 30
Passed for start_position 805 and length 32
Passed for start_position 805 and length 34
Passed for start_position 805 and length 36
Passed for start_position 805 and length 38
Passed for start_position 805 and length 40
Passed for start_position 805 and length 42
Passed for start_position 805 and length 44
Passed for start_position 805 and length 46
Passed for start_position 805 and length 48
Passed for start_position 805 and length 50
Passed for start_position 805 and length 52
Passed for start_position 805 and length 54
Passed for start_position 805 and length 56
Passed for start_position 805 and length 58
Passed for start_position 805 and length 60
Passed for start_position 805 and length 62
Passed for start_position 805 and length 64
Passed for start_position 805 and length 66
Passed for start_position 805 and length 68
Passed for start_position 805 and length 70
Passed for start_position 805 and length 72
Passed for start_position 805 and length 74
Passed for start_position 805 and length 76
Passed for start_position 805 and length 78
Passed for start_position 805 and length 80
Passed for start_position 805 and length 82
Passed for start_position 805 and length 84
Passed for start_position 805 and length 86
Passed for start_position 805 and length 88
Passed for start_position 805 and length 90
Passed for start_position 805 and length 92
Passed for start_position 805 and length 94
Passed for start_position 805 and length 96
Passed for start_position 805 and length 98
Passed for start_position 805 and length 100
Passed for start_position 806 and length 2
Passed for start_position 806 and length 4
Passed for start_position 806 and length 6
Passed for start_position 806 and length 8
Passed for start_position 806 and length 10
Passed for start_position 806 and length 12
Passed for start_position 806 and length 14
Passed for start_position 806 and length 16
Passed for start_position 806 and length 18
Passed for start_position 806 and length 20
Passed for start_position 806 and length 22
Passed for start_position 806 and length 24
Passed for start_position 806 and length 26
Passed for start_position 806 and length 28
Passed for start_position 806 and length 30
Passed for start_position 806 and length 32
Passed for start_position 806 and length 34
Passed for start_position 806 and length 36
Passed for start_position 806 and length 38
Passed for start_position 806 and length 40
Passed for start_position 806 and length 42
Passed for start_position 806 and length 44
Passed for start_position 806 and length 46
Passed for start_position 806 and length 48
Passed for start_position 806 and length 50
Passed for start_position 806 and length 52
Passed for start_position 806 and length 54
Passed for start_position 806 and length 56
Passed for start_position 806 and length 58
Passed for start_position 806 and length 60
Passed for start_position 806 and length 62
Passed for start_position 806 and length 64
Passed for start_position 806 and length 66
Passed for start_position 806 and length 68
Passed for start_position 806 and length 70
Passed for start_position 806 and length 72
Passed for start_position 806 and length 74
Passed for start_position 806 and length 76
Passed for start_position 806 and length 78
Passed for start_position 806 and length 80
Passed for start_position 806 and length 82
Passed for start_position 806 and length 84
Passed for start_position 806 and length 86
Passed for start_position 806 and length 88
Passed for start_position 806 and length 90
Passed for start_position 806 and length 92
Passed for start_position 806 and length 94
Passed for start_position 806 and length 96
Passed for start_position 806 and length 98
Passed for start_position 806 and length 100
Passed for start_position 807 and length 2
Passed for start_position 807 and length 4
Passed for start_position 807 and length 6
Passed for start_position 807 and length 8
Passed for start_position 807 and length 10
Passed for start_position 807 and length 12
Passed for start_position 807 and length 14
Passed for start_position 807 and length 16
Passed for start_position 807 and length 18
Passed for start_position 807 and length 20
Passed for start_position 807 and length 22
Passed for start_position 807 and length 24
Passed for start_position 807 and length 26
Passed for start_position 807 and length 28
Passed for start_position 807 and length 30
Passed for start_position 807 and length 32
Passed for start_position 807 and length 34
Passed for start_position 807 and length 36
Passed for start_position 807 and length 38
Passed for start_position 807 and length 40
Passed for start_position 807 and length 42
Passed for start_position 807 and length 44
Passed for start_position 807 and length 46
Passed for start_position 807 and length 48
Passed for start_position 807 and length 50
Passed for start_position 807 and length 52
Passed for start_position 807 and length 54
Passed for start_position 807 and length 56
Passed for start_position 807 and length 58
Passed for start_position 807 and length 60
Passed for start_position 807 and length 62
Passed for start_position 807 and length 64
Passed for start_position 807 and length 66
Passed for start_position 807 and length 68
Passed for start_position 807 and length 70
Passed for start_position 807 and length 72
Passed for start_position 807 and length 74
Passed for start_position 807 and length 76
Passed for start_position 807 and length 78
Passed for start_position 807 and length 80
Passed for start_position 807 and length 82
Passed for start_position 807 and length 84
Passed for start_position 807 and length 86
Passed for start_position 807 and length 88
Passed for start_position 807 and length 90
Passed for start_position 807 and length 92
Passed for start_position 807 and length 94
Passed for start_position 807 and length 96
Passed for start_position 807 and length 98
Passed for start_position 807 and length 100
Passed for start_position 808 and length 2
Passed for start_position 808 and length 4
Passed for start_position 808 and length 6
Passed for start_position 808 and length 8
Passed for start_position 808 and length 10
Passed for start_position 808 and length 12
Passed for start_position 808 and length 14
Passed for start_position 808 and length 16
Passed for start_position 808 and length 18
Passed for start_position 808 and length 20
Passed for start_position 808 and length 22
Passed for start_position 808 and length 24
Passed for start_position 808 and length 26
Passed for start_position 808 and length 28
Passed for start_position 808 and length 30
Passed for start_position 808 and length 32
Passed for start_position 808 and length 34
Passed for start_position 808 and length 36
Passed for start_position 808 and length 38
Passed for start_position 808 and length 40
Passed for start_position 808 and length 42
Passed for start_position 808 and length 44
Passed for start_position 808 and length 46
Passed for start_position 808 and length 48
Passed for start_position 808 and length 50
Passed for start_position 808 and length 52
Passed for start_position 808 and length 54
Passed for start_position 808 and length 56
Passed for start_position 808 and length 58
Passed for start_position 808 and length 60
Passed for start_position 808 and length 62
Passed for start_position 808 and length 64
Passed for start_position 808 and length 66
Passed for start_position 808 and length 68
Passed for start_position 808 and length 70
Passed for start_position 808 and length 72
Passed for start_position 808 and length 74
Passed for start_position 808 and length 76
Passed for start_position 808 and length 78
Passed for start_position 808 and length 80
Passed for start_position 808 and length 82
Passed for start_position 808 and length 84
Passed for start_position 808 and length 86
Passed for start_position 808 and length 88
Passed for start_position 808 and length 90
Passed for start_position 808 and length 92
Passed for start_position 808 and length 94
Passed for start_position 808 and length 96
Passed for start_position 808 and length 98
Passed for start_position 808 and length 100
Passed for start_position 809 and length 2
Passed for start_position 809 and length 4
Passed for start_position 809 and length 6
Passed for start_position 809 and length 8
Passed for start_position 809 and length 10
Passed for start_position 809 and length 12
Passed for start_position 809 and length 14
Passed for start_position 809 and length 16
Passed for start_position 809 and length 18
Passed for start_position 809 and length 20
Passed for start_position 809 and length 22
Passed for start_position 809 and length 24
Passed for start_position 809 and length 26
Passed for start_position 809 and length 28
Passed for start_position 809 and length 30
Passed for start_position 809 and length 32
Passed for start_position 809 and length 34
Passed for start_position 809 and length 36
Passed for start_position 809 and length 38
Passed for start_position 809 and length 40
Passed for start_position 809 and length 42
Passed for start_position 809 and length 44
Passed for start_position 809 and length 46
Passed for start_position 809 and length 48
Passed for start_position 809 and length 50
Passed for start_position 809 and length 52
Passed for start_position 809 and length 54
Passed for start_position 809 and length 56
Passed for start_position 809 and length 58
Passed for start_position 809 and length 60
Passed for start_position 809 and length 62
Passed for start_position 809 and length 64
Passed for start_position 809 and length 66
Passed for start_position 809 and length 68
Passed for start_position 809 and length 70
Passed for start_position 809 and length 72
Passed for start_position 809 and length 74
Passed for start_position 809 and length 76
Passed for start_position 809 and length 78
Passed for start_position 809 and length 80
Passed for start_position 809 and length 82
Passed for start_position 809 and length 84
Passed for start_position 809 and length 86
Passed for start_position 809 and length 88
Passed for start_position 809 and length 90
Passed for start_position 809 and length 92
Passed for start_position 809 and length 94
Passed for start_position 809 and length 96
Passed for start_position 809 and length 98
Passed for start_position 809 and length 100
Passed for start_position 810 and length 2
Passed for start_position 810 and length 4
Passed for start_position 810 and length 6
Passed for start_position 810 and length 8
Passed for start_position 810 and length 10
Passed for start_position 810 and length 12
Passed for start_position 810 and length 14
Passed for start_position 810 and length 16
Passed for start_position 810 and length 18
Passed for start_position 810 and length 20
Passed for start_position 810 and length 22
Passed for start_position 810 and length 24
Passed for start_position 810 and length 26
Passed for start_position 810 and length 28
Passed for start_position 810 and length 30
Passed for start_position 810 and length 32
Passed for start_position 810 and length 34
Passed for start_position 810 and length 36
Passed for start_position 810 and length 38
Passed for start_position 810 and length 40
Passed for start_position 810 and length 42
Passed for start_position 810 and length 44
Passed for start_position 810 and length 46
Passed for start_position 810 and length 48
Passed for start_position 810 and length 50
Passed for start_position 810 and length 52
Passed for start_position 810 and length 54
Passed for start_position 810 and length 56
Passed for start_position 810 and length 58
Passed for start_position 810 and length 60
Passed for start_position 810 and length 62
Passed for start_position 810 and length 64
Passed for start_position 810 and length 66
Passed for start_position 810 and length 68
Passed for start_position 810 and length 70
Passed for start_position 810 and length 72
Passed for start_position 810 and length 74
Passed for start_position 810 and length 76
Passed for start_position 810 and length 78
Passed for start_position 810 and length 80
Passed for start_position 810 and length 82
Passed for start_position 810 and length 84
Passed for start_position 810 and length 86
Passed for start_position 810 and length 88
Passed for start_position 810 and length 90
Passed for start_position 810 and length 92
Passed for start_position 810 and length 94
Passed for start_position 810 and length 96
Passed for start_position 810 and length 98
Passed for start_position 810 and length 100
Passed for start_position 811 and length 2
Passed for start_position 811 and length 4
Passed for start_position 811 and length 6
Passed for start_position 811 and length 8
Passed for start_position 811 and length 10
Passed for start_position 811 and length 12
Passed for start_position 811 and length 14
Passed for start_position 811 and length 16
Passed for start_position 811 and length 18
Passed for start_position 811 and length 20
Passed for start_position 811 and length 22
Passed for start_position 811 and length 24
Passed for start_position 811 and length 26
Passed for start_position 811 and length 28
Passed for start_position 811 and length 30
Passed for start_position 811 and length 32
Passed for start_position 811 and length 34
Passed for start_position 811 and length 36
Passed for start_position 811 and length 38
Passed for start_position 811 and length 40
Passed for start_position 811 and length 42
Passed for start_position 811 and length 44
Passed for start_position 811 and length 46
Passed for start_position 811 and length 48
Passed for start_position 811 and length 50
Passed for start_position 811 and length 52
Passed for start_position 811 and length 54
Passed for start_position 811 and length 56
Passed for start_position 811 and length 58
Passed for start_position 811 and length 60
Passed for start_position 811 and length 62
Passed for start_position 811 and length 64
Passed for start_position 811 and length 66
Passed for start_position 811 and length 68
Passed for start_position 811 and length 70
Passed for start_position 811 and length 72
Passed for start_position 811 and length 74
Passed for start_position 811 and length 76
Passed for start_position 811 and length 78
Passed for start_position 811 and length 80
Passed for start_position 811 and length 82
Passed for start_position 811 and length 84
Passed for start_position 811 and length 86
Passed for start_position 811 and length 88
Passed for start_position 811 and length 90
Passed for start_position 811 and length 92
Passed for start_position 811 and length 94
Passed for start_position 811 and length 96
Passed for start_position 811 and length 98
Passed for start_position 811 and length 100
Passed for start_position 812 and length 2
Passed for start_position 812 and length 4
Passed for start_position 812 and length 6
Passed for start_position 812 and length 8
Passed for start_position 812 and length 10
Passed for start_position 812 and length 12
Passed for start_position 812 and length 14
Passed for start_position 812 and length 16
Passed for start_position 812 and length 18
Passed for start_position 812 and length 20
Passed for start_position 812 and length 22
Passed for start_position 812 and length 24
Passed for start_position 812 and length 26
Passed for start_position 812 and length 28
Passed for start_position 812 and length 30
Passed for start_position 812 and length 32
Passed for start_position 812 and length 34
Passed for start_position 812 and length 36
Passed for start_position 812 and length 38
Passed for start_position 812 and length 40
Passed for start_position 812 and length 42
Passed for start_position 812 and length 44
Passed for start_position 812 and length 46
Passed for start_position 812 and length 48
Passed for start_position 812 and length 50
Passed for start_position 812 and length 52
Passed for start_position 812 and length 54
Passed for start_position 812 and length 56
Passed for start_position 812 and length 58
Passed for start_position 812 and length 60
Passed for start_position 812 and length 62
Passed for start_position 812 and length 64
Passed for start_position 812 and length 66
Passed for start_position 812 and length 68
Passed for start_position 812 and length 70
Passed for start_position 812 and length 72
Passed for start_position 812 and length 74
Passed for start_position 812 and length 76
Passed for start_position 812 and length 78
Passed for start_position 812 and length 80
Passed for start_position 812 and length 82
Passed for start_position 812 and length 84
Passed for start_position 812 and length 86
Passed for start_position 812 and length 88
Passed for start_position 812 and length 90
Passed for start_position 812 and length 92
Passed for start_position 812 and length 94
Passed for start_position 812 and length 96
Passed for start_position 812 and length 98
Passed for start_position 812 and length 100
Passed for start_position 813 and length 2
Passed for start_position 813 and length 4
Passed for start_position 813 and length 6
Passed for start_position 813 and length 8
Passed for start_position 813 and length 10
Passed for start_position 813 and length 12
Passed for start_position 813 and length 14
Passed for start_position 813 and length 16
Passed for start_position 813 and length 18
Passed for start_position 813 and length 20
Passed for start_position 813 and length 22
Passed for start_position 813 and length 24
Passed for start_position 813 and length 26
Passed for start_position 813 and length 28
Passed for start_position 813 and length 30
Passed for start_position 813 and length 32
Passed for start_position 813 and length 34
Passed for start_position 813 and length 36
Passed for start_position 813 and length 38
Passed for start_position 813 and length 40
Passed for start_position 813 and length 42
Passed for start_position 813 and length 44
Passed for start_position 813 and length 46
Passed for start_position 813 and length 48
Passed for start_position 813 and length 50
Passed for start_position 813 and length 52
Passed for start_position 813 and length 54
Passed for start_position 813 and length 56
Passed for start_position 813 and length 58
Passed for start_position 813 and length 60
Passed for start_position 813 and length 62
Passed for start_position 813 and length 64
Passed for start_position 813 and length 66
Passed for start_position 813 and length 68
Passed for start_position 813 and length 70
Passed for start_position 813 and length 72
Passed for start_position 813 and length 74
Passed for start_position 813 and length 76
Passed for start_position 813 and length 78
Passed for start_position 813 and length 80
Passed for start_position 813 and length 82
Passed for start_position 813 and length 84
Passed for start_position 813 and length 86
Passed for start_position 813 and length 88
Passed for start_position 813 and length 90
Passed for start_position 813 and length 92
Passed for start_position 813 and length 94
Passed for start_position 813 and length 96
Passed for start_position 813 and length 98
Passed for start_position 813 and length 100
Passed for start_position 814 and length 2
Passed for start_position 814 and length 4
Passed for start_position 814 and length 6
Passed for start_position 814 and length 8
Passed for start_position 814 and length 10
Passed for start_position 814 and length 12
Passed for start_position 814 and length 14
Passed for start_position 814 and length 16
Passed for start_position 814 and length 18
Passed for start_position 814 and length 20
Passed for start_position 814 and length 22
Passed for start_position 814 and length 24
Passed for start_position 814 and length 26
Passed for start_position 814 and length 28
Passed for start_position 814 and length 30
Passed for start_position 814 and length 32
Passed for start_position 814 and length 34
Passed for start_position 814 and length 36
Passed for start_position 814 and length 38
Passed for start_position 814 and length 40
Passed for start_position 814 and length 42
Passed for start_position 814 and length 44
Passed for start_position 814 and length 46
Passed for start_position 814 and length 48
Passed for start_position 814 and length 50
Passed for start_position 814 and length 52
Passed for start_position 814 and length 54
Passed for start_position 814 and length 56
Passed for start_position 814 and length 58
Passed for start_position 814 and length 60
Passed for start_position 814 and length 62
Passed for start_position 814 and length 64
Passed for start_position 814 and length 66
Passed for start_position 814 and length 68
Passed for start_position 814 and length 70
Passed for start_position 814 and length 72
Passed for start_position 814 and length 74
Passed for start_position 814 and length 76
Passed for start_position 814 and length 78
Passed for start_position 814 and length 80
Passed for start_position 814 and length 82
Passed for start_position 814 and length 84
Passed for start_position 814 and length 86
Passed for start_position 814 and length 88
Passed for start_position 814 and length 90
Passed for start_position 814 and length 92
Passed for start_position 814 and length 94
Passed for start_position 814 and length 96
Passed for start_position 814 and length 98
Passed for start_position 814 and length 100
Passed for start_position 815 and length 2
Passed for start_position 815 and length 4
Passed for start_position 815 and length 6
Passed for start_position 815 and length 8
Passed for start_position 815 and length 10
Passed for start_position 815 and length 12
Passed for start_position 815 and length 14
Passed for start_position 815 and length 16
Passed for start_position 815 and length 18
Passed for start_position 815 and length 20
Passed for start_position 815 and length 22
Passed for start_position 815 and length 24
Passed for start_position 815 and length 26
Passed for start_position 815 and length 28
Passed for start_position 815 and length 30
Passed for start_position 815 and length 32
Passed for start_position 815 and length 34
Passed for start_position 815 and length 36
Passed for start_position 815 and length 38
Passed for start_position 815 and length 40
Passed for start_position 815 and length 42
Passed for start_position 815 and length 44
Passed for start_position 815 and length 46
Passed for start_position 815 and length 48
Passed for start_position 815 and length 50
Passed for start_position 815 and length 52
Passed for start_position 815 and length 54
Passed for start_position 815 and length 56
Passed for start_position 815 and length 58
Passed for start_position 815 and length 60
Passed for start_position 815 and length 62
Passed for start_position 815 and length 64
Passed for start_position 815 and length 66
Passed for start_position 815 and length 68
Passed for start_position 815 and length 70
Passed for start_position 815 and length 72
Passed for start_position 815 and length 74
Passed for start_position 815 and length 76
Passed for start_position 815 and length 78
Passed for start_position 815 and length 80
Passed for start_position 815 and length 82
Passed for start_position 815 and length 84
Passed for start_position 815 and length 86
Passed for start_position 815 and length 88
Passed for start_position 815 and length 90
Passed for start_position 815 and length 92
Passed for start_position 815 and length 94
Passed for start_position 815 and length 96
Passed for start_position 815 and length 98
Passed for start_position 815 and length 100
Passed for start_position 816 and length 2
Passed for start_position 816 and length 4
Passed for start_position 816 and length 6
Passed for start_position 816 and length 8
Passed for start_position 816 and length 10
Passed for start_position 816 and length 12
Passed for start_position 816 and length 14
Passed for start_position 816 and length 16
Passed for start_position 816 and length 18
Passed for start_position 816 and length 20
Passed for start_position 816 and length 22
Passed for start_position 816 and length 24
Passed for start_position 816 and length 26
Passed for start_position 816 and length 28
Passed for start_position 816 and length 30
Passed for start_position 816 and length 32
Passed for start_position 816 and length 34
Passed for start_position 816 and length 36
Passed for start_position 816 and length 38
Passed for start_position 816 and length 40
Passed for start_position 816 and length 42
Passed for start_position 816 and length 44
Passed for start_position 816 and length 46
Passed for start_position 816 and length 48
Passed for start_position 816 and length 50
Passed for start_position 816 and length 52
Passed for start_position 816 and length 54
Passed for start_position 816 and length 56
Passed for start_position 816 and length 58
Passed for start_position 816 and length 60
Passed for start_position 816 and length 62
Passed for start_position 816 and length 64
Passed for start_position 816 and length 66
Passed for start_position 816 and length 68
Passed for start_position 816 and length 70
Passed for start_position 816 and length 72
Passed for start_position 816 and length 74
Passed for start_position 816 and length 76
Passed for start_position 816 and length 78
Passed for start_position 816 and length 80
Passed for start_position 816 and length 82
Passed for start_position 816 and length 84
Passed for start_position 816 and length 86
Passed for start_position 816 and length 88
Passed for start_position 816 and length 90
Passed for start_position 816 and length 92
Passed for start_position 816 and length 94
Passed for start_position 816 and length 96
Passed for start_position 816 and length 98
Passed for start_position 816 and length 100
Passed for start_position 817 and length 2
Passed for start_position 817 and length 4
Passed for start_position 817 and length 6
Passed for start_position 817 and length 8
Passed for start_position 817 and length 10
Passed for start_position 817 and length 12
Passed for start_position 817 and length 14
Passed for start_position 817 and length 16
Passed for start_position 817 and length 18
Passed for start_position 817 and length 20
Passed for start_position 817 and length 22
Passed for start_position 817 and length 24
Passed for start_position 817 and length 26
Passed for start_position 817 and length 28
Passed for start_position 817 and length 30
Passed for start_position 817 and length 32
Passed for start_position 817 and length 34
Passed for start_position 817 and length 36
Passed for start_position 817 and length 38
Passed for start_position 817 and length 40
Passed for start_position 817 and length 42
Passed for start_position 817 and length 44
Passed for start_position 817 and length 46
Passed for start_position 817 and length 48
Passed for start_position 817 and length 50
Passed for start_position 817 and length 52
Passed for start_position 817 and length 54
Passed for start_position 817 and length 56
Passed for start_position 817 and length 58
Passed for start_position 817 and length 60
Passed for start_position 817 and length 62
Passed for start_position 817 and length 64
Passed for start_position 817 and length 66
Passed for start_position 817 and length 68
Passed for start_position 817 and length 70
Passed for start_position 817 and length 72
Passed for start_position 817 and length 74
Passed for start_position 817 and length 76
Passed for start_position 817 and length 78
Passed for start_position 817 and length 80
Passed for start_position 817 and length 82
Passed for start_position 817 and length 84
Passed for start_position 817 and length 86
Passed for start_position 817 and length 88
Passed for start_position 817 and length 90
Passed for start_position 817 and length 92
Passed for start_position 817 and length 94
Passed for start_position 817 and length 96
Passed for start_position 817 and length 98
Passed for start_position 817 and length 100
Passed for start_position 818 and length 2
Passed for start_position 818 and length 4
Passed for start_position 818 and length 6
Passed for start_position 818 and length 8
Passed for start_position 818 and length 10
Passed for start_position 818 and length 12
Passed for start_position 818 and length 14
Passed for start_position 818 and length 16
Passed for start_position 818 and length 18
Passed for start_position 818 and length 20
Passed for start_position 818 and length 22
Passed for start_position 818 and length 24
Passed for start_position 818 and length 26
Passed for start_position 818 and length 28
Passed for start_position 818 and length 30
Passed for start_position 818 and length 32
Passed for start_position 818 and length 34
Passed for start_position 818 and length 36
Passed for start_position 818 and length 38
Passed for start_position 818 and length 40
Passed for start_position 818 and length 42
Passed for start_position 818 and length 44
Passed for start_position 818 and length 46
Passed for start_position 818 and length 48
Passed for start_position 818 and length 50
Passed for start_position 818 and length 52
Passed for start_position 818 and length 54
Passed for start_position 818 and length 56
Passed for start_position 818 and length 58
Passed for start_position 818 and length 60
Passed for start_position 818 and length 62
Passed for start_position 818 and length 64
Passed for start_position 818 and length 66
Passed for start_position 818 and length 68
Passed for start_position 818 and length 70
Passed for start_position 818 and length 72
Passed for start_position 818 and length 74
Passed for start_position 818 and length 76
Passed for start_position 818 and length 78
Passed for start_position 818 and length 80
Passed for start_position 818 and length 82
Passed for start_position 818 and length 84
Passed for start_position 818 and length 86
Passed for start_position 818 and length 88
Passed for start_position 818 and length 90
Passed for start_position 818 and length 92
Passed for start_position 818 and length 94
Passed for start_position 818 and length 96
Passed for start_position 818 and length 98
Passed for start_position 818 and length 100
Passed for start_position 819 and length 2
Passed for start_position 819 and length 4
Passed for start_position 819 and length 6
Passed for start_position 819 and length 8
Passed for start_position 819 and length 10
Passed for start_position 819 and length 12
Passed for start_position 819 and length 14
Passed for start_position 819 and length 16
Passed for start_position 819 and length 18
Passed for start_position 819 and length 20
Passed for start_position 819 and length 22
Passed for start_position 819 and length 24
Passed for start_position 819 and length 26
Passed for start_position 819 and length 28
Passed for start_position 819 and length 30
Passed for start_position 819 and length 32
Passed for start_position 819 and length 34
Passed for start_position 819 and length 36
Passed for start_position 819 and length 38
Passed for start_position 819 and length 40
Passed for start_position 819 and length 42
Passed for start_position 819 and length 44
Passed for start_position 819 and length 46
Passed for start_position 819 and length 48
Passed for start_position 819 and length 50
Passed for start_position 819 and length 52
Passed for start_position 819 and length 54
Passed for start_position 819 and length 56
Passed for start_position 819 and length 58
Passed for start_position 819 and length 60
Passed for start_position 819 and length 62
Passed for start_position 819 and length 64
Passed for start_position 819 and length 66
Passed for start_position 819 and length 68
Passed for start_position 819 and length 70
Passed for start_position 819 and length 72
Passed for start_position 819 and length 74
Passed for start_position 819 and length 76
Passed for start_position 819 and length 78
Passed for start_position 819 and length 80
Passed for start_position 819 and length 82
Passed for start_position 819 and length 84
Passed for start_position 819 and length 86
Passed for start_position 819 and length 88
Passed for start_position 819 and length 90
Passed for start_position 819 and length 92
Passed for start_position 819 and length 94
Passed for start_position 819 and length 96
Passed for start_position 819 and length 98
Passed for start_position 819 and length 100
Passed for start_position 820 and length 2
Passed for start_position 820 and length 4
Passed for start_position 820 and length 6
Passed for start_position 820 and length 8
Passed for start_position 820 and length 10
Passed for start_position 820 and length 12
Passed for start_position 820 and length 14
Passed for start_position 820 and length 16
Passed for start_position 820 and length 18
Passed for start_position 820 and length 20
Passed for start_position 820 and length 22
Passed for start_position 820 and length 24
Passed for start_position 820 and length 26
Passed for start_position 820 and length 28
Passed for start_position 820 and length 30
Passed for start_position 820 and length 32
Passed for start_position 820 and length 34
Passed for start_position 820 and length 36
Passed for start_position 820 and length 38
Passed for start_position 820 and length 40
Passed for start_position 820 and length 42
Passed for start_position 820 and length 44
Passed for start_position 820 and length 46
Passed for start_position 820 and length 48
Passed for start_position 820 and length 50
Passed for start_position 820 and length 52
Passed for start_position 820 and length 54
Passed for start_position 820 and length 56
Passed for start_position 820 and length 58
Passed for start_position 820 and length 60
Passed for start_position 820 and length 62
Passed for start_position 820 and length 64
Passed for start_position 820 and length 66
Passed for start_position 820 and length 68
Passed for start_position 820 and length 70
Passed for start_position 820 and length 72
Passed for start_position 820 and length 74
Passed for start_position 820 and length 76
Passed for start_position 820 and length 78
Passed for start_position 820 and length 80
Passed for start_position 820 and length 82
Passed for start_position 820 and length 84
Passed for start_position 820 and length 86
Passed for start_position 820 and length 88
Passed for start_position 820 and length 90
Passed for start_position 820 and length 92
Passed for start_position 820 and length 94
Passed for start_position 820 and length 96
Passed for start_position 820 and length 98
Passed for start_position 820 and length 100
Passed for start_position 821 and length 2
Passed for start_position 821 and length 4
Passed for start_position 821 and length 6
Passed for start_position 821 and length 8
Passed for start_position 821 and length 10
Passed for start_position 821 and length 12
Passed for start_position 821 and length 14
Passed for start_position 821 and length 16
Passed for start_position 821 and length 18
Passed for start_position 821 and length 20
Passed for start_position 821 and length 22
Passed for start_position 821 and length 24
Passed for start_position 821 and length 26
Passed for start_position 821 and length 28
Passed for start_position 821 and length 30
Passed for start_position 821 and length 32
Passed for start_position 821 and length 34
Passed for start_position 821 and length 36
Passed for start_position 821 and length 38
Passed for start_position 821 and length 40
Passed for start_position 821 and length 42
Passed for start_position 821 and length 44
Passed for start_position 821 and length 46
Passed for start_position 821 and length 48
Passed for start_position 821 and length 50
Passed for start_position 821 and length 52
Passed for start_position 821 and length 54
Passed for start_position 821 and length 56
Passed for start_position 821 and length 58
Passed for start_position 821 and length 60
Passed for start_position 821 and length 62
Passed for start_position 821 and length 64
Passed for start_position 821 and length 66
Passed for start_position 821 and length 68
Passed for start_position 821 and length 70
Passed for start_position 821 and length 72
Passed for start_position 821 and length 74
Passed for start_position 821 and length 76
Passed for start_position 821 and length 78
Passed for start_position 821 and length 80
Passed for start_position 821 and length 82
Passed for start_position 821 and length 84
Passed for start_position 821 and length 86
Passed for start_position 821 and length 88
Passed for start_position 821 and length 90
Passed for start_position 821 and length 92
Passed for start_position 821 and length 94
Passed for start_position 821 and length 96
Passed for start_position 821 and length 98
Passed for start_position 821 and length 100
Passed for start_position 822 and length 2
Passed for start_position 822 and length 4
Passed for start_position 822 and length 6
Passed for start_position 822 and length 8
Passed for start_position 822 and length 10
Passed for start_position 822 and length 12
Passed for start_position 822 and length 14
Passed for start_position 822 and length 16
Passed for start_position 822 and length 18
Passed for start_position 822 and length 20
Passed for start_position 822 and length 22
Passed for start_position 822 and length 24
Passed for start_position 822 and length 26
Passed for start_position 822 and length 28
Passed for start_position 822 and length 30
Passed for start_position 822 and length 32
Passed for start_position 822 and length 34
Passed for start_position 822 and length 36
Passed for start_position 822 and length 38
Passed for start_position 822 and length 40
Passed for start_position 822 and length 42
Passed for start_position 822 and length 44
Passed for start_position 822 and length 46
Passed for start_position 822 and length 48
Passed for start_position 822 and length 50
Passed for start_position 822 and length 52
Passed for start_position 822 and length 54
Passed for start_position 822 and length 56
Passed for start_position 822 and length 58
Passed for start_position 822 and length 60
Passed for start_position 822 and length 62
Passed for start_position 822 and length 64
Passed for start_position 822 and length 66
Passed for start_position 822 and length 68
Passed for start_position 822 and length 70
Passed for start_position 822 and length 72
Passed for start_position 822 and length 74
Passed for start_position 822 and length 76
Passed for start_position 822 and length 78
Passed for start_position 822 and length 80
Passed for start_position 822 and length 82
Passed for start_position 822 and length 84
Passed for start_position 822 and length 86
Passed for start_position 822 and length 88
Passed for start_position 822 and length 90
Passed for start_position 822 and length 92
Passed for start_position 822 and length 94
Passed for start_position 822 and length 96
Passed for start_position 822 and length 98
Passed for start_position 822 and length 100
Passed for start_position 823 and length 2
Passed for start_position 823 and length 4
Passed for start_position 823 and length 6
Passed for start_position 823 and length 8
Passed for start_position 823 and length 10
Passed for start_position 823 and length 12
Passed for start_position 823 and length 14
Passed for start_position 823 and length 16
Passed for start_position 823 and length 18
Passed for start_position 823 and length 20
Passed for start_position 823 and length 22
Passed for start_position 823 and length 24
Passed for start_position 823 and length 26
Passed for start_position 823 and length 28
Passed for start_position 823 and length 30
Passed for start_position 823 and length 32
Passed for start_position 823 and length 34
Passed for start_position 823 and length 36
Passed for start_position 823 and length 38
Passed for start_position 823 and length 40
Passed for start_position 823 and length 42
Passed for start_position 823 and length 44
Passed for start_position 823 and length 46
Passed for start_position 823 and length 48
Passed for start_position 823 and length 50
Passed for start_position 823 and length 52
Passed for start_position 823 and length 54
Passed for start_position 823 and length 56
Passed for start_position 823 and length 58
Passed for start_position 823 and length 60
Passed for start_position 823 and length 62
Passed for start_position 823 and length 64
Passed for start_position 823 and length 66
Passed for start_position 823 and length 68
Passed for start_position 823 and length 70
Passed for start_position 823 and length 72
Passed for start_position 823 and length 74
Passed for start_position 823 and length 76
Passed for start_position 823 and length 78
Passed for start_position 823 and length 80
Passed for start_position 823 and length 82
Passed for start_position 823 and length 84
Passed for start_position 823 and length 86
Passed for start_position 823 and length 88
Passed for start_position 823 and length 90
Passed for start_position 823 and length 92
Passed for start_position 823 and length 94
Passed for start_position 823 and length 96
Passed for start_position 823 and length 98
Passed for start_position 823 and length 100
Passed for start_position 824 and length 2
Passed for start_position 824 and length 4
Passed for start_position 824 and length 6
Passed for start_position 824 and length 8
Passed for start_position 824 and length 10
Passed for start_position 824 and length 12
Passed for start_position 824 and length 14
Passed for start_position 824 and length 16
Passed for start_position 824 and length 18
Passed for start_position 824 and length 20
Passed for start_position 824 and length 22
Passed for start_position 824 and length 24
Passed for start_position 824 and length 26
Passed for start_position 824 and length 28
Passed for start_position 824 and length 30
Passed for start_position 824 and length 32
Passed for start_position 824 and length 34
Passed for start_position 824 and length 36
Passed for start_position 824 and length 38
Passed for start_position 824 and length 40
Passed for start_position 824 and length 42
Passed for start_position 824 and length 44
Passed for start_position 824 and length 46
Passed for start_position 824 and length 48
Passed for start_position 824 and length 50
Passed for start_position 824 and length 52
Passed for start_position 824 and length 54
Passed for start_position 824 and length 56
Passed for start_position 824 and length 58
Passed for start_position 824 and length 60
Passed for start_position 824 and length 62
Passed for start_position 824 and length 64
Passed for start_position 824 and length 66
Passed for start_position 824 and length 68
Passed for start_position 824 and length 70
Passed for start_position 824 and length 72
Passed for start_position 824 and length 74
Passed for start_position 824 and length 76
Passed for start_position 824 and length 78
Passed for start_position 824 and length 80
Passed for start_position 824 and length 82
Passed for start_position 824 and length 84
Passed for start_position 824 and length 86
Passed for start_position 824 and length 88
Passed for start_position 824 and length 90
Passed for start_position 824 and length 92
Passed for start_position 824 and length 94
Passed for start_position 824 and length 96
Passed for start_position 824 and length 98
Passed for start_position 824 and length 100
Passed for start_position 825 and length 2
Passed for start_position 825 and length 4
Passed for start_position 825 and length 6
Passed for start_position 825 and length 8
Passed for start_position 825 and length 10
Passed for start_position 825 and length 12
Passed for start_position 825 and length 14
Passed for start_position 825 and length 16
Passed for start_position 825 and length 18
Passed for start_position 825 and length 20
Passed for start_position 825 and length 22
Passed for start_position 825 and length 24
Passed for start_position 825 and length 26
Passed for start_position 825 and length 28
Passed for start_position 825 and length 30
Passed for start_position 825 and length 32
Passed for start_position 825 and length 34
Passed for start_position 825 and length 36
Passed for start_position 825 and length 38
Passed for start_position 825 and length 40
Passed for start_position 825 and length 42
Passed for start_position 825 and length 44
Passed for start_position 825 and length 46
Passed for start_position 825 and length 48
Passed for start_position 825 and length 50
Passed for start_position 825 and length 52
Passed for start_position 825 and length 54
Passed for start_position 825 and length 56
Passed for start_position 825 and length 58
Passed for start_position 825 and length 60
Passed for start_position 825 and length 62
Passed for start_position 825 and length 64
Passed for start_position 825 and length 66
Passed for start_position 825 and length 68
Passed for start_position 825 and length 70
Passed for start_position 825 and length 72
Passed for start_position 825 and length 74
Passed for start_position 825 and length 76
Passed for start_position 825 and length 78
Passed for start_position 825 and length 80
Passed for start_position 825 and length 82
Passed for start_position 825 and length 84
Passed for start_position 825 and length 86
Passed for start_position 825 and length 88
Passed for start_position 825 and length 90
Passed for start_position 825 and length 92
Passed for start_position 825 and length 94
Passed for start_position 825 and length 96
Passed for start_position 825 and length 98
Passed for start_position 825 and length 100
Passed for start_position 826 and length 2
Passed for start_position 826 and length 4
Passed for start_position 826 and length 6
Passed for start_position 826 and length 8
Passed for start_position 826 and length 10
Passed for start_position 826 and length 12
Passed for start_position 826 and length 14
Passed for start_position 826 and length 16
Passed for start_position 826 and length 18
Passed for start_position 826 and length 20
Passed for start_position 826 and length 22
Passed for start_position 826 and length 24
Passed for start_position 826 and length 26
Passed for start_position 826 and length 28
Passed for start_position 826 and length 30
Passed for start_position 826 and length 32
Passed for start_position 826 and length 34
Passed for start_position 826 and length 36
Passed for start_position 826 and length 38
Passed for start_position 826 and length 40
Passed for start_position 826 and length 42
Passed for start_position 826 and length 44
Passed for start_position 826 and length 46
Passed for start_position 826 and length 48
Passed for start_position 826 and length 50
Passed for start_position 826 and length 52
Passed for start_position 826 and length 54
Passed for start_position 826 and length 56
Passed for start_position 826 and length 58
Passed for start_position 826 and length 60
Passed for start_position 826 and length 62
Passed for start_position 826 and length 64
Passed for start_position 826 and length 66
Passed for start_position 826 and length 68
Passed for start_position 826 and length 70
Passed for start_position 826 and length 72
Passed for start_position 826 and length 74
Passed for start_position 826 and length 76
Passed for start_position 826 and length 78
Passed for start_position 826 and length 80
Passed for start_position 826 and length 82
Passed for start_position 826 and length 84
Passed for start_position 826 and length 86
Passed for start_position 826 and length 88
Passed for start_position 826 and length 90
Passed for start_position 826 and length 92
Passed for start_position 826 and length 94
Passed for start_position 826 and length 96
Passed for start_position 826 and length 98
Passed for start_position 826 and length 100
Passed for start_position 827 and length 2
Passed for start_position 827 and length 4
Passed for start_position 827 and length 6
Passed for start_position 827 and length 8
Passed for start_position 827 and length 10
Passed for start_position 827 and length 12
Passed for start_position 827 and length 14
Passed for start_position 827 and length 16
Passed for start_position 827 and length 18
Passed for start_position 827 and length 20
Passed for start_position 827 and length 22
Passed for start_position 827 and length 24
Passed for start_position 827 and length 26
Passed for start_position 827 and length 28
Passed for start_position 827 and length 30
Passed for start_position 827 and length 32
Passed for start_position 827 and length 34
Passed for start_position 827 and length 36
Passed for start_position 827 and length 38
Passed for start_position 827 and length 40
Passed for start_position 827 and length 42
Passed for start_position 827 and length 44
Passed for start_position 827 and length 46
Passed for start_position 827 and length 48
Passed for start_position 827 and length 50
Passed for start_position 827 and length 52
Passed for start_position 827 and length 54
Passed for start_position 827 and length 56
Passed for start_position 827 and length 58
Passed for start_position 827 and length 60
Passed for start_position 827 and length 62
Passed for start_position 827 and length 64
Passed for start_position 827 and length 66
Passed for start_position 827 and length 68
Passed for start_position 827 and length 70
Passed for start_position 827 and length 72
Passed for start_position 827 and length 74
Passed for start_position 827 and length 76
Passed for start_position 827 and length 78
Passed for start_position 827 and length 80
Passed for start_position 827 and length 82
Passed for start_position 827 and length 84
Passed for start_position 827 and length 86
Passed for start_position 827 and length 88
Passed for start_position 827 and length 90
Passed for start_position 827 and length 92
Passed for start_position 827 and length 94
Passed for start_position 827 and length 96
Passed for start_position 827 and length 98
Passed for start_position 827 and length 100
Passed for start_position 828 and length 2
Passed for start_position 828 and length 4
Passed for start_position 828 and length 6
Passed for start_position 828 and length 8
Passed for start_position 828 and length 10
Passed for start_position 828 and length 12
Passed for start_position 828 and length 14
Passed for start_position 828 and length 16
Passed for start_position 828 and length 18
Passed for start_position 828 and length 20
Passed for start_position 828 and length 22
Passed for start_position 828 and length 24
Passed for start_position 828 and length 26
Passed for start_position 828 and length 28
Passed for start_position 828 and length 30
Passed for start_position 828 and length 32
Passed for start_position 828 and length 34
Passed for start_position 828 and length 36
Passed for start_position 828 and length 38
Passed for start_position 828 and length 40
Passed for start_position 828 and length 42
Passed for start_position 828 and length 44
Passed for start_position 828 and length 46
Passed for start_position 828 and length 48
Passed for start_position 828 and length 50
Passed for start_position 828 and length 52
Passed for start_position 828 and length 54
Passed for start_position 828 and length 56
Passed for start_position 828 and length 58
Passed for start_position 828 and length 60
Passed for start_position 828 and length 62
Passed for start_position 828 and length 64
Passed for start_position 828 and length 66
Passed for start_position 828 and length 68
Passed for start_position 828 and length 70
Passed for start_position 828 and length 72
Passed for start_position 828 and length 74
Passed for start_position 828 and length 76
Passed for start_position 828 and length 78
Passed for start_position 828 and length 80
Passed for start_position 828 and length 82
Passed for start_position 828 and length 84
Passed for start_position 828 and length 86
Passed for start_position 828 and length 88
Passed for start_position 828 and length 90
Passed for start_position 828 and length 92
Passed for start_position 828 and length 94
Passed for start_position 828 and length 96
Passed for start_position 828 and length 98
Passed for start_position 828 and length 100
Passed for start_position 829 and length 2
Passed for start_position 829 and length 4
Passed for start_position 829 and length 6
Passed for start_position 829 and length 8
Passed for start_position 829 and length 10
Passed for start_position 829 and length 12
Passed for start_position 829 and length 14
Passed for start_position 829 and length 16
Passed for start_position 829 and length 18
Passed for start_position 829 and length 20
Passed for start_position 829 and length 22
Passed for start_position 829 and length 24
Passed for start_position 829 and length 26
Passed for start_position 829 and length 28
Passed for start_position 829 and length 30
Passed for start_position 829 and length 32
Passed for start_position 829 and length 34
Passed for start_position 829 and length 36
Passed for start_position 829 and length 38
Passed for start_position 829 and length 40
Passed for start_position 829 and length 42
Passed for start_position 829 and length 44
Passed for start_position 829 and length 46
Passed for start_position 829 and length 48
Passed for start_position 829 and length 50
Passed for start_position 829 and length 52
Passed for start_position 829 and length 54
Passed for start_position 829 and length 56
Passed for start_position 829 and length 58
Passed for start_position 829 and length 60
Passed for start_position 829 and length 62
Passed for start_position 829 and length 64
Passed for start_position 829 and length 66
Passed for start_position 829 and length 68
Passed for start_position 829 and length 70
Passed for start_position 829 and length 72
Passed for start_position 829 and length 74
Passed for start_position 829 and length 76
Passed for start_position 829 and length 78
Passed for start_position 829 and length 80
Passed for start_position 829 and length 82
Passed for start_position 829 and length 84
Passed for start_position 829 and length 86
Passed for start_position 829 and length 88
Passed for start_position 829 and length 90
Passed for start_position 829 and length 92
Passed for start_position 829 and length 94
Passed for start_position 829 and length 96
Passed for start_position 829 and length 98
Passed for start_position 829 and length 100
Passed for start_position 830 and length 2
Passed for start_position 830 and length 4
Passed for start_position 830 and length 6
Passed for start_position 830 and length 8
Passed for start_position 830 and length 10
Passed for start_position 830 and length 12
Passed for start_position 830 and length 14
Passed for start_position 830 and length 16
Passed for start_position 830 and length 18
Passed for start_position 830 and length 20
Passed for start_position 830 and length 22
Passed for start_position 830 and length 24
Passed for start_position 830 and length 26
Passed for start_position 830 and length 28
Passed for start_position 830 and length 30
Passed for start_position 830 and length 32
Passed for start_position 830 and length 34
Passed for start_position 830 and length 36
Passed for start_position 830 and length 38
Passed for start_position 830 and length 40
Passed for start_position 830 and length 42
Passed for start_position 830 and length 44
Passed for start_position 830 and length 46
Passed for start_position 830 and length 48
Passed for start_position 830 and length 50
Passed for start_position 830 and length 52
Passed for start_position 830 and length 54
Passed for start_position 830 and length 56
Passed for start_position 830 and length 58
Passed for start_position 830 and length 60
Passed for start_position 830 and length 62
Passed for start_position 830 and length 64
Passed for start_position 830 and length 66
Passed for start_position 830 and length 68
Passed for start_position 830 and length 70
Passed for start_position 830 and length 72
Passed for start_position 830 and length 74
Passed for start_position 830 and length 76
Passed for start_position 830 and length 78
Passed for start_position 830 and length 80
Passed for start_position 830 and length 82
Passed for start_position 830 and length 84
Passed for start_position 830 and length 86
Passed for start_position 830 and length 88
Passed for start_position 830 and length 90
Passed for start_position 830 and length 92
Passed for start_position 830 and length 94
Passed for start_position 830 and length 96
Passed for start_position 830 and length 98
Passed for start_position 830 and length 100
Passed for start_position 831 and length 2
Passed for start_position 831 and length 4
Passed for start_position 831 and length 6
Passed for start_position 831 and length 8
Passed for start_position 831 and length 10
Passed for start_position 831 and length 12
Passed for start_position 831 and length 14
Passed for start_position 831 and length 16
Passed for start_position 831 and length 18
Passed for start_position 831 and length 20
Passed for start_position 831 and length 22
Passed for start_position 831 and length 24
Passed for start_position 831 and length 26
Passed for start_position 831 and length 28
Passed for start_position 831 and length 30
Passed for start_position 831 and length 32
Passed for start_position 831 and length 34
Passed for start_position 831 and length 36
Passed for start_position 831 and length 38
Passed for start_position 831 and length 40
Passed for start_position 831 and length 42
Passed for start_position 831 and length 44
Passed for start_position 831 and length 46
Passed for start_position 831 and length 48
Passed for start_position 831 and length 50
Passed for start_position 831 and length 52
Passed for start_position 831 and length 54
Passed for start_position 831 and length 56
Passed for start_position 831 and length 58
Passed for start_position 831 and length 60
Passed for start_position 831 and length 62
Passed for start_position 831 and length 64
Passed for start_position 831 and length 66
Passed for start_position 831 and length 68
Passed for start_position 831 and length 70
Passed for start_position 831 and length 72
Passed for start_position 831 and length 74
Passed for start_position 831 and length 76
Passed for start_position 831 and length 78
Passed for start_position 831 and length 80
Passed for start_position 831 and length 82
Passed for start_position 831 and length 84
Passed for start_position 831 and length 86
Passed for start_position 831 and length 88
Passed for start_position 831 and length 90
Passed for start_position 831 and length 92
Passed for start_position 831 and length 94
Passed for start_position 831 and length 96
Passed for start_position 831 and length 98
Passed for start_position 831 and length 100
Passed for start_position 832 and length 2
Error for start_position 832 and length 4: Movement -1 not in dictionary
Passed for start_position 832 and length 6
Passed for start_position 832 and length 8
Error for start_position 832 and length 10: Movement -1 not in dictionary
Passed for start_position 832 and length 12
Passed for start_position 832 and length 14
Error for start_position 832 and length 16: Movement -1 not in dictionary
Passed for start_position 832 and length 18
Error for start_position 832 and length 20: Movement 1 not in dictionary
Passed for start_position 832 and length 22
Error for start_position 832 and length 24: Movement 1 not in dictionary
Passed for start_position 832 and length 26
Passed for start_position 832 and length 28
Error for start_position 832 and length 30: Movement -1 not in dictionary
Passed for start_position 832 and length 32
Passed for start_position 832 and length 34
Error for start_position 832 and length 36: Movement -1 not in dictionary
Error for start_position 832 and length 38: Movement 1 not in dictionary
Error for start_position 832 and length 40: Movement 1 not in dictionary
Passed for start_position 832 and length 42
Error for start_position 832 and length 44: Movement 1 not in dictionary
Passed for start_position 832 and length 46
Passed for start_position 832 and length 48
Passed for start_position 832 and length 50
Passed for start_position 832 and length 52
Passed for start_position 832 and length 54
Passed for start_position 832 and length 56
Passed for start_position 832 and length 58
Passed for start_position 832 and length 60
Error for start_position 832 and length 62: Movement -1 not in dictionary
Passed for start_position 832 and length 64
Error for start_position 832 and length 66: Movement -1 not in dictionary
Passed for start_position 832 and length 68
Error for start_position 832 and length 70: Movement -1 not in dictionary
Error for start_position 832 and length 72: Movement -1 not in dictionary
Passed for start_position 832 and length 74
Error for start_position 832 and length 76: Movement -1 not in dictionary
Error for start_position 832 and length 78: Movement -1 not in dictionary
Passed for start_position 832 and length 80
Passed for start_position 832 and length 82
Error for start_position 832 and length 84: Movement 1 not in dictionary
Passed for start_position 832 and length 86
Error for start_position 832 and length 88: Movement -1 not in dictionary
Error for start_position 832 and length 90: Movement 1 not in dictionary
Error for start_position 832 and length 92: Movement -1 not in dictionary
Passed for start_position 832 and length 94
Passed for start_position 832 and length 96
Passed for start_position 832 and length 98
Passed for start_position 832 and length 100
Passed for start_position 833 and length 2
Passed for start_position 833 and length 4
Passed for start_position 833 and length 6
Passed for start_position 833 and length 8
Passed for start_position 833 and length 10
Passed for start_position 833 and length 12
Passed for start_position 833 and length 14
Passed for start_position 833 and length 16
Passed for start_position 833 and length 18
Passed for start_position 833 and length 20
Passed for start_position 833 and length 22
Passed for start_position 833 and length 24
Passed for start_position 833 and length 26
Passed for start_position 833 and length 28
Passed for start_position 833 and length 30
Passed for start_position 833 and length 32
Passed for start_position 833 and length 34
Passed for start_position 833 and length 36
Passed for start_position 833 and length 38
Passed for start_position 833 and length 40
Passed for start_position 833 and length 42
Passed for start_position 833 and length 44
Passed for start_position 833 and length 46
Passed for start_position 833 and length 48
Passed for start_position 833 and length 50
Passed for start_position 833 and length 52
Passed for start_position 833 and length 54
Passed for start_position 833 and length 56
Passed for start_position 833 and length 58
Passed for start_position 833 and length 60
Passed for start_position 833 and length 62
Passed for start_position 833 and length 64
Passed for start_position 833 and length 66
Passed for start_position 833 and length 68
Passed for start_position 833 and length 70
Passed for start_position 833 and length 72
Passed for start_position 833 and length 74
Passed for start_position 833 and length 76
Passed for start_position 833 and length 78
Passed for start_position 833 and length 80
Passed for start_position 833 and length 82
Passed for start_position 833 and length 84
Passed for start_position 833 and length 86
Passed for start_position 833 and length 88
Passed for start_position 833 and length 90
Passed for start_position 833 and length 92
Passed for start_position 833 and length 94
Passed for start_position 833 and length 96
Passed for start_position 833 and length 98
Passed for start_position 833 and length 100
Passed for start_position 834 and length 2
Passed for start_position 834 and length 4
Passed for start_position 834 and length 6
Passed for start_position 834 and length 8
Passed for start_position 834 and length 10
Passed for start_position 834 and length 12
Passed for start_position 834 and length 14
Passed for start_position 834 and length 16
Passed for start_position 834 and length 18
Passed for start_position 834 and length 20
Passed for start_position 834 and length 22
Passed for start_position 834 and length 24
Passed for start_position 834 and length 26
Passed for start_position 834 and length 28
Passed for start_position 834 and length 30
Passed for start_position 834 and length 32
Passed for start_position 834 and length 34
Passed for start_position 834 and length 36
Passed for start_position 834 and length 38
Passed for start_position 834 and length 40
Passed for start_position 834 and length 42
Passed for start_position 834 and length 44
Passed for start_position 834 and length 46
Passed for start_position 834 and length 48
Passed for start_position 834 and length 50
Passed for start_position 834 and length 52
Passed for start_position 834 and length 54
Passed for start_position 834 and length 56
Passed for start_position 834 and length 58
Passed for start_position 834 and length 60
Passed for start_position 834 and length 62
Passed for start_position 834 and length 64
Passed for start_position 834 and length 66
Passed for start_position 834 and length 68
Passed for start_position 834 and length 70
Passed for start_position 834 and length 72
Passed for start_position 834 and length 74
Passed for start_position 834 and length 76
Passed for start_position 834 and length 78
Passed for start_position 834 and length 80
Passed for start_position 834 and length 82
Passed for start_position 834 and length 84
Passed for start_position 834 and length 86
Passed for start_position 834 and length 88
Passed for start_position 834 and length 90
Passed for start_position 834 and length 92
Passed for start_position 834 and length 94
Passed for start_position 834 and length 96
Passed for start_position 834 and length 98
Passed for start_position 834 and length 100
Passed for start_position 835 and length 2
Passed for start_position 835 and length 4
Passed for start_position 835 and length 6
Passed for start_position 835 and length 8
Passed for start_position 835 and length 10
Passed for start_position 835 and length 12
Passed for start_position 835 and length 14
Passed for start_position 835 and length 16
Passed for start_position 835 and length 18
Passed for start_position 835 and length 20
Passed for start_position 835 and length 22
Passed for start_position 835 and length 24
Passed for start_position 835 and length 26
Passed for start_position 835 and length 28
Passed for start_position 835 and length 30
Passed for start_position 835 and length 32
Passed for start_position 835 and length 34
Passed for start_position 835 and length 36
Passed for start_position 835 and length 38
Passed for start_position 835 and length 40
Passed for start_position 835 and length 42
Passed for start_position 835 and length 44
Passed for start_position 835 and length 46
Passed for start_position 835 and length 48
Passed for start_position 835 and length 50
Passed for start_position 835 and length 52
Passed for start_position 835 and length 54
Passed for start_position 835 and length 56
Passed for start_position 835 and length 58
Passed for start_position 835 and length 60
Passed for start_position 835 and length 62
Passed for start_position 835 and length 64
Passed for start_position 835 and length 66
Passed for start_position 835 and length 68
Passed for start_position 835 and length 70
Passed for start_position 835 and length 72
Passed for start_position 835 and length 74
Passed for start_position 835 and length 76
Passed for start_position 835 and length 78
Passed for start_position 835 and length 80
Passed for start_position 835 and length 82
Passed for start_position 835 and length 84
Passed for start_position 835 and length 86
Passed for start_position 835 and length 88
Passed for start_position 835 and length 90
Passed for start_position 835 and length 92
Passed for start_position 835 and length 94
Passed for start_position 835 and length 96
Passed for start_position 835 and length 98
Passed for start_position 835 and length 100
Passed for start_position 836 and length 2
Passed for start_position 836 and length 4
Passed for start_position 836 and length 6
Error for start_position 836 and length 8: Movement -1 not in dictionary
Passed for start_position 836 and length 10
Passed for start_position 836 and length 12
Passed for start_position 836 and length 14
Passed for start_position 836 and length 16
Passed for start_position 836 and length 18
Passed for start_position 836 and length 20
Error for start_position 836 and length 22: Movement -1 not in dictionary
Passed for start_position 836 and length 24
Passed for start_position 836 and length 26
Error for start_position 836 and length 28: Movement -1 not in dictionary
Passed for start_position 836 and length 30
Passed for start_position 836 and length 32
Passed for start_position 836 and length 34
Error for start_position 836 and length 36: Movement -1 not in dictionary
Passed for start_position 836 and length 38
Passed for start_position 836 and length 40
Passed for start_position 836 and length 42
Passed for start_position 836 and length 44
Error for start_position 836 and length 46: Movement -1 not in dictionary
Error for start_position 836 and length 48: Movement 1 not in dictionary
Error for start_position 836 and length 50: Movement 1 not in dictionary
Error for start_position 836 and length 52: Movement -1 not in dictionary
Passed for start_position 836 and length 54
Passed for start_position 836 and length 56
Passed for start_position 836 and length 58
Passed for start_position 836 and length 60
Error for start_position 836 and length 62: Movement -1 not in dictionary
Passed for start_position 836 and length 64
Passed for start_position 836 and length 66
Error for start_position 836 and length 68: Movement -1 not in dictionary
Passed for start_position 836 and length 70
Passed for start_position 836 and length 72
Passed for start_position 836 and length 74
Passed for start_position 836 and length 76
Passed for start_position 836 and length 78
Passed for start_position 836 and length 80
Passed for start_position 836 and length 82
Passed for start_position 836 and length 84
Passed for start_position 836 and length 86
Error for start_position 836 and length 88: Movement 1 not in dictionary
Error for start_position 836 and length 90: Movement -1 not in dictionary
Passed for start_position 836 and length 92
Passed for start_position 836 and length 94
Passed for start_position 836 and length 96
Passed for start_position 836 and length 98
Error for start_position 836 and length 100: Movement 1 not in dictionary
Passed for start_position 837 and length 2
Passed for start_position 837 and length 4
Passed for start_position 837 and length 6
Passed for start_position 837 and length 8
Passed for start_position 837 and length 10
Passed for start_position 837 and length 12
Passed for start_position 837 and length 14
Passed for start_position 837 and length 16
Passed for start_position 837 and length 18
Passed for start_position 837 and length 20
Passed for start_position 837 and length 22
Passed for start_position 837 and length 24
Passed for start_position 837 and length 26
Passed for start_position 837 and length 28
Passed for start_position 837 and length 30
Passed for start_position 837 and length 32
Passed for start_position 837 and length 34
Passed for start_position 837 and length 36
Passed for start_position 837 and length 38
Passed for start_position 837 and length 40
Passed for start_position 837 and length 42
Passed for start_position 837 and length 44
Passed for start_position 837 and length 46
Passed for start_position 837 and length 48
Passed for start_position 837 and length 50
Passed for start_position 837 and length 52
Passed for start_position 837 and length 54
Passed for start_position 837 and length 56
Passed for start_position 837 and length 58
Passed for start_position 837 and length 60
Passed for start_position 837 and length 62
Passed for start_position 837 and length 64
Passed for start_position 837 and length 66
Passed for start_position 837 and length 68
Passed for start_position 837 and length 70
Passed for start_position 837 and length 72
Passed for start_position 837 and length 74
Passed for start_position 837 and length 76
Passed for start_position 837 and length 78
Passed for start_position 837 and length 80
Passed for start_position 837 and length 82
Passed for start_position 837 and length 84
Passed for start_position 837 and length 86
Passed for start_position 837 and length 88
Passed for start_position 837 and length 90
Passed for start_position 837 and length 92
Passed for start_position 837 and length 94
Passed for start_position 837 and length 96
Passed for start_position 837 and length 98
Passed for start_position 837 and length 100
Passed for start_position 838 and length 2
Passed for start_position 838 and length 4
Passed for start_position 838 and length 6
Passed for start_position 838 and length 8
Passed for start_position 838 and length 10
Passed for start_position 838 and length 12
Passed for start_position 838 and length 14
Passed for start_position 838 and length 16
Passed for start_position 838 and length 18
Passed for start_position 838 and length 20
Passed for start_position 838 and length 22
Passed for start_position 838 and length 24
Passed for start_position 838 and length 26
Passed for start_position 838 and length 28
Passed for start_position 838 and length 30
Passed for start_position 838 and length 32
Passed for start_position 838 and length 34
Passed for start_position 838 and length 36
Passed for start_position 838 and length 38
Passed for start_position 838 and length 40
Passed for start_position 838 and length 42
Passed for start_position 838 and length 44
Passed for start_position 838 and length 46
Passed for start_position 838 and length 48
Passed for start_position 838 and length 50
Passed for start_position 838 and length 52
Passed for start_position 838 and length 54
Passed for start_position 838 and length 56
Passed for start_position 838 and length 58
Passed for start_position 838 and length 60
Passed for start_position 838 and length 62
Passed for start_position 838 and length 64
Passed for start_position 838 and length 66
Passed for start_position 838 and length 68
Passed for start_position 838 and length 70
Passed for start_position 838 and length 72
Passed for start_position 838 and length 74
Passed for start_position 838 and length 76
Passed for start_position 838 and length 78
Passed for start_position 838 and length 80
Passed for start_position 838 and length 82
Passed for start_position 838 and length 84
Passed for start_position 838 and length 86
Passed for start_position 838 and length 88
Passed for start_position 838 and length 90
Passed for start_position 838 and length 92
Passed for start_position 838 and length 94
Passed for start_position 838 and length 96
Passed for start_position 838 and length 98
Passed for start_position 838 and length 100
Passed for start_position 839 and length 2
Passed for start_position 839 and length 4
Passed for start_position 839 and length 6
Passed for start_position 839 and length 8
Passed for start_position 839 and length 10
Passed for start_position 839 and length 12
Passed for start_position 839 and length 14
Passed for start_position 839 and length 16
Passed for start_position 839 and length 18
Passed for start_position 839 and length 20
Passed for start_position 839 and length 22
Passed for start_position 839 and length 24
Passed for start_position 839 and length 26
Passed for start_position 839 and length 28
Passed for start_position 839 and length 30
Passed for start_position 839 and length 32
Passed for start_position 839 and length 34
Passed for start_position 839 and length 36
Passed for start_position 839 and length 38
Passed for start_position 839 and length 40
Passed for start_position 839 and length 42
Passed for start_position 839 and length 44
Passed for start_position 839 and length 46
Passed for start_position 839 and length 48
Passed for start_position 839 and length 50
Passed for start_position 839 and length 52
Passed for start_position 839 and length 54
Passed for start_position 839 and length 56
Passed for start_position 839 and length 58
Passed for start_position 839 and length 60
Passed for start_position 839 and length 62
Passed for start_position 839 and length 64
Passed for start_position 839 and length 66
Passed for start_position 839 and length 68
Passed for start_position 839 and length 70
Passed for start_position 839 and length 72
Passed for start_position 839 and length 74
Passed for start_position 839 and length 76
Passed for start_position 839 and length 78
Passed for start_position 839 and length 80
Passed for start_position 839 and length 82
Passed for start_position 839 and length 84
Passed for start_position 839 and length 86
Passed for start_position 839 and length 88
Passed for start_position 839 and length 90
Passed for start_position 839 and length 92
Passed for start_position 839 and length 94
Passed for start_position 839 and length 96
Passed for start_position 839 and length 98
Passed for start_position 839 and length 100
Passed for start_position 840 and length 2
Passed for start_position 840 and length 4
Passed for start_position 840 and length 6
Passed for start_position 840 and length 8
Passed for start_position 840 and length 10
Passed for start_position 840 and length 12
Passed for start_position 840 and length 14
Passed for start_position 840 and length 16
Passed for start_position 840 and length 18
Passed for start_position 840 and length 20
Passed for start_position 840 and length 22
Passed for start_position 840 and length 24
Passed for start_position 840 and length 26
Passed for start_position 840 and length 28
Passed for start_position 840 and length 30
Passed for start_position 840 and length 32
Passed for start_position 840 and length 34
Passed for start_position 840 and length 36
Passed for start_position 840 and length 38
Passed for start_position 840 and length 40
Passed for start_position 840 and length 42
Passed for start_position 840 and length 44
Passed for start_position 840 and length 46
Passed for start_position 840 and length 48
Passed for start_position 840 and length 50
Passed for start_position 840 and length 52
Passed for start_position 840 and length 54
Passed for start_position 840 and length 56
Passed for start_position 840 and length 58
Passed for start_position 840 and length 60
Passed for start_position 840 and length 62
Passed for start_position 840 and length 64
Passed for start_position 840 and length 66
Passed for start_position 840 and length 68
Passed for start_position 840 and length 70
Passed for start_position 840 and length 72
Passed for start_position 840 and length 74
Passed for start_position 840 and length 76
Passed for start_position 840 and length 78
Passed for start_position 840 and length 80
Passed for start_position 840 and length 82
Passed for start_position 840 and length 84
Passed for start_position 840 and length 86
Passed for start_position 840 and length 88
Passed for start_position 840 and length 90
Passed for start_position 840 and length 92
Passed for start_position 840 and length 94
Passed for start_position 840 and length 96
Passed for start_position 840 and length 98
Passed for start_position 840 and length 100
Error for start_position 841 and length 2: Movement 1 not in dictionary
Passed for start_position 841 and length 4
Passed for start_position 841 and length 6
Error for start_position 841 and length 8: Movement -1 not in dictionary
Passed for start_position 841 and length 10
Error for start_position 841 and length 12: Movement -1 not in dictionary
Passed for start_position 841 and length 14
Passed for start_position 841 and length 16
Passed for start_position 841 and length 18
Passed for start_position 841 and length 20
Passed for start_position 841 and length 22
Passed for start_position 841 and length 24
Passed for start_position 841 and length 26
Error for start_position 841 and length 28: Movement -1 not in dictionary
Error for start_position 841 and length 30: Movement 1 not in dictionary
Error for start_position 841 and length 32: Movement 1 not in dictionary
Passed for start_position 841 and length 34
Passed for start_position 841 and length 36
Passed for start_position 841 and length 38
Passed for start_position 841 and length 40
Passed for start_position 841 and length 42
Passed for start_position 841 and length 44
Passed for start_position 841 and length 46
Passed for start_position 841 and length 48
Passed for start_position 841 and length 50
Passed for start_position 841 and length 52
Passed for start_position 841 and length 54
Passed for start_position 841 and length 56
Passed for start_position 841 and length 58
Passed for start_position 841 and length 60
Error for start_position 841 and length 62: Movement 1 not in dictionary
Passed for start_position 841 and length 64
Passed for start_position 841 and length 66
Passed for start_position 841 and length 68
Passed for start_position 841 and length 70
Passed for start_position 841 and length 72
Passed for start_position 841 and length 74
Passed for start_position 841 and length 76
Error for start_position 841 and length 78: Movement -1 not in dictionary
Passed for start_position 841 and length 80
Passed for start_position 841 and length 82
Error for start_position 841 and length 84: Movement 1 not in dictionary
Error for start_position 841 and length 86: Movement -1 not in dictionary
Error for start_position 841 and length 88: Movement 1 not in dictionary
Error for start_position 841 and length 90: Movement -1 not in dictionary
Error for start_position 841 and length 92: Movement -1 not in dictionary
Passed for start_position 841 and length 94
Error for start_position 841 and length 96: Movement -1 not in dictionary
Error for start_position 841 and length 98: Movement 1 not in dictionary
Passed for start_position 841 and length 100
Passed for start_position 842 and length 2
Passed for start_position 842 and length 4
Passed for start_position 842 and length 6
Passed for start_position 842 and length 8
Passed for start_position 842 and length 10
Passed for start_position 842 and length 12
Passed for start_position 842 and length 14
Passed for start_position 842 and length 16
Passed for start_position 842 and length 18
Passed for start_position 842 and length 20
Passed for start_position 842 and length 22
Passed for start_position 842 and length 24
Passed for start_position 842 and length 26
Passed for start_position 842 and length 28
Passed for start_position 842 and length 30
Passed for start_position 842 and length 32
Passed for start_position 842 and length 34
Passed for start_position 842 and length 36
Passed for start_position 842 and length 38
Passed for start_position 842 and length 40
Passed for start_position 842 and length 42
Passed for start_position 842 and length 44
Passed for start_position 842 and length 46
Passed for start_position 842 and length 48
Passed for start_position 842 and length 50
Passed for start_position 842 and length 52
Passed for start_position 842 and length 54
Passed for start_position 842 and length 56
Passed for start_position 842 and length 58
Passed for start_position 842 and length 60
Passed for start_position 842 and length 62
Passed for start_position 842 and length 64
Passed for start_position 842 and length 66
Passed for start_position 842 and length 68
Passed for start_position 842 and length 70
Passed for start_position 842 and length 72
Passed for start_position 842 and length 74
Passed for start_position 842 and length 76
Passed for start_position 842 and length 78
Passed for start_position 842 and length 80
Passed for start_position 842 and length 82
Passed for start_position 842 and length 84
Passed for start_position 842 and length 86
Passed for start_position 842 and length 88
Passed for start_position 842 and length 90
Passed for start_position 842 and length 92
Passed for start_position 842 and length 94
Passed for start_position 842 and length 96
Passed for start_position 842 and length 98
Passed for start_position 842 and length 100
Passed for start_position 843 and length 2
Passed for start_position 843 and length 4
Passed for start_position 843 and length 6
Passed for start_position 843 and length 8
Passed for start_position 843 and length 10
Passed for start_position 843 and length 12
Passed for start_position 843 and length 14
Passed for start_position 843 and length 16
Passed for start_position 843 and length 18
Passed for start_position 843 and length 20
Passed for start_position 843 and length 22
Passed for start_position 843 and length 24
Passed for start_position 843 and length 26
Passed for start_position 843 and length 28
Passed for start_position 843 and length 30
Passed for start_position 843 and length 32
Passed for start_position 843 and length 34
Passed for start_position 843 and length 36
Passed for start_position 843 and length 38
Passed for start_position 843 and length 40
Passed for start_position 843 and length 42
Passed for start_position 843 and length 44
Passed for start_position 843 and length 46
Passed for start_position 843 and length 48
Passed for start_position 843 and length 50
Passed for start_position 843 and length 52
Passed for start_position 843 and length 54
Passed for start_position 843 and length 56
Passed for start_position 843 and length 58
Passed for start_position 843 and length 60
Passed for start_position 843 and length 62
Passed for start_position 843 and length 64
Passed for start_position 843 and length 66
Passed for start_position 843 and length 68
Passed for start_position 843 and length 70
Passed for start_position 843 and length 72
Passed for start_position 843 and length 74
Passed for start_position 843 and length 76
Passed for start_position 843 and length 78
Passed for start_position 843 and length 80
Passed for start_position 843 and length 82
Passed for start_position 843 and length 84
Passed for start_position 843 and length 86
Passed for start_position 843 and length 88
Passed for start_position 843 and length 90
Passed for start_position 843 and length 92
Passed for start_position 843 and length 94
Passed for start_position 843 and length 96
Passed for start_position 843 and length 98
Passed for start_position 843 and length 100
Passed for start_position 844 and length 2
Passed for start_position 844 and length 4
Passed for start_position 844 and length 6
Passed for start_position 844 and length 8
Passed for start_position 844 and length 10
Passed for start_position 844 and length 12
Passed for start_position 844 and length 14
Passed for start_position 844 and length 16
Passed for start_position 844 and length 18
Passed for start_position 844 and length 20
Passed for start_position 844 and length 22
Passed for start_position 844 and length 24
Passed for start_position 844 and length 26
Passed for start_position 844 and length 28
Passed for start_position 844 and length 30
Passed for start_position 844 and length 32
Passed for start_position 844 and length 34
Passed for start_position 844 and length 36
Passed for start_position 844 and length 38
Passed for start_position 844 and length 40
Passed for start_position 844 and length 42
Passed for start_position 844 and length 44
Passed for start_position 844 and length 46
Passed for start_position 844 and length 48
Passed for start_position 844 and length 50
Passed for start_position 844 and length 52
Passed for start_position 844 and length 54
Passed for start_position 844 and length 56
Passed for start_position 844 and length 58
Passed for start_position 844 and length 60
Passed for start_position 844 and length 62
Passed for start_position 844 and length 64
Passed for start_position 844 and length 66
Passed for start_position 844 and length 68
Passed for start_position 844 and length 70
Passed for start_position 844 and length 72
Passed for start_position 844 and length 74
Passed for start_position 844 and length 76
Passed for start_position 844 and length 78
Passed for start_position 844 and length 80
Passed for start_position 844 and length 82
Passed for start_position 844 and length 84
Passed for start_position 844 and length 86
Passed for start_position 844 and length 88
Passed for start_position 844 and length 90
Passed for start_position 844 and length 92
Passed for start_position 844 and length 94
Passed for start_position 844 and length 96
Passed for start_position 844 and length 98
Passed for start_position 844 and length 100
Passed for start_position 845 and length 2
Passed for start_position 845 and length 4
Passed for start_position 845 and length 6
Passed for start_position 845 and length 8
Passed for start_position 845 and length 10
Passed for start_position 845 and length 12
Passed for start_position 845 and length 14
Passed for start_position 845 and length 16
Passed for start_position 845 and length 18
Passed for start_position 845 and length 20
Passed for start_position 845 and length 22
Passed for start_position 845 and length 24
Passed for start_position 845 and length 26
Passed for start_position 845 and length 28
Passed for start_position 845 and length 30
Passed for start_position 845 and length 32
Passed for start_position 845 and length 34
Passed for start_position 845 and length 36
Passed for start_position 845 and length 38
Passed for start_position 845 and length 40
Passed for start_position 845 and length 42
Passed for start_position 845 and length 44
Passed for start_position 845 and length 46
Passed for start_position 845 and length 48
Passed for start_position 845 and length 50
Passed for start_position 845 and length 52
Passed for start_position 845 and length 54
Passed for start_position 845 and length 56
Passed for start_position 845 and length 58
Passed for start_position 845 and length 60
Passed for start_position 845 and length 62
Passed for start_position 845 and length 64
Passed for start_position 845 and length 66
Passed for start_position 845 and length 68
Passed for start_position 845 and length 70
Passed for start_position 845 and length 72
Passed for start_position 845 and length 74
Passed for start_position 845 and length 76
Passed for start_position 845 and length 78
Passed for start_position 845 and length 80
Passed for start_position 845 and length 82
Passed for start_position 845 and length 84
Passed for start_position 845 and length 86
Passed for start_position 845 and length 88
Passed for start_position 845 and length 90
Passed for start_position 845 and length 92
Passed for start_position 845 and length 94
Passed for start_position 845 and length 96
Passed for start_position 845 and length 98
Passed for start_position 845 and length 100
Passed for start_position 846 and length 2
Passed for start_position 846 and length 4
Passed for start_position 846 and length 6
Passed for start_position 846 and length 8
Passed for start_position 846 and length 10
Passed for start_position 846 and length 12
Passed for start_position 846 and length 14
Passed for start_position 846 and length 16
Passed for start_position 846 and length 18
Passed for start_position 846 and length 20
Passed for start_position 846 and length 22
Passed for start_position 846 and length 24
Passed for start_position 846 and length 26
Passed for start_position 846 and length 28
Passed for start_position 846 and length 30
Passed for start_position 846 and length 32
Passed for start_position 846 and length 34
Passed for start_position 846 and length 36
Passed for start_position 846 and length 38
Passed for start_position 846 and length 40
Passed for start_position 846 and length 42
Passed for start_position 846 and length 44
Passed for start_position 846 and length 46
Passed for start_position 846 and length 48
Passed for start_position 846 and length 50
Passed for start_position 846 and length 52
Passed for start_position 846 and length 54
Passed for start_position 846 and length 56
Passed for start_position 846 and length 58
Passed for start_position 846 and length 60
Passed for start_position 846 and length 62
Passed for start_position 846 and length 64
Passed for start_position 846 and length 66
Passed for start_position 846 and length 68
Passed for start_position 846 and length 70
Passed for start_position 846 and length 72
Passed for start_position 846 and length 74
Passed for start_position 846 and length 76
Passed for start_position 846 and length 78
Passed for start_position 846 and length 80
Passed for start_position 846 and length 82
Passed for start_position 846 and length 84
Passed for start_position 846 and length 86
Passed for start_position 846 and length 88
Passed for start_position 846 and length 90
Passed for start_position 846 and length 92
Passed for start_position 846 and length 94
Passed for start_position 846 and length 96
Passed for start_position 846 and length 98
Passed for start_position 846 and length 100
Passed for start_position 847 and length 2
Passed for start_position 847 and length 4
Passed for start_position 847 and length 6
Passed for start_position 847 and length 8
Passed for start_position 847 and length 10
Passed for start_position 847 and length 12
Passed for start_position 847 and length 14
Passed for start_position 847 and length 16
Passed for start_position 847 and length 18
Passed for start_position 847 and length 20
Passed for start_position 847 and length 22
Passed for start_position 847 and length 24
Passed for start_position 847 and length 26
Passed for start_position 847 and length 28
Passed for start_position 847 and length 30
Passed for start_position 847 and length 32
Passed for start_position 847 and length 34
Passed for start_position 847 and length 36
Passed for start_position 847 and length 38
Passed for start_position 847 and length 40
Passed for start_position 847 and length 42
Passed for start_position 847 and length 44
Passed for start_position 847 and length 46
Passed for start_position 847 and length 48
Passed for start_position 847 and length 50
Passed for start_position 847 and length 52
Passed for start_position 847 and length 54
Passed for start_position 847 and length 56
Passed for start_position 847 and length 58
Passed for start_position 847 and length 60
Passed for start_position 847 and length 62
Passed for start_position 847 and length 64
Passed for start_position 847 and length 66
Passed for start_position 847 and length 68
Passed for start_position 847 and length 70
Passed for start_position 847 and length 72
Passed for start_position 847 and length 74
Passed for start_position 847 and length 76
Passed for start_position 847 and length 78
Passed for start_position 847 and length 80
Passed for start_position 847 and length 82
Passed for start_position 847 and length 84
Passed for start_position 847 and length 86
Passed for start_position 847 and length 88
Passed for start_position 847 and length 90
Passed for start_position 847 and length 92
Passed for start_position 847 and length 94
Passed for start_position 847 and length 96
Passed for start_position 847 and length 98
Passed for start_position 847 and length 100
Passed for start_position 848 and length 2
Error for start_position 848 and length 4: Movement -1 not in dictionary
Passed for start_position 848 and length 6
Passed for start_position 848 and length 8
Error for start_position 848 and length 10: Movement -1 not in dictionary
Error for start_position 848 and length 12: Movement 1 not in dictionary
Error for start_position 848 and length 14: Movement 1 not in dictionary
Error for start_position 848 and length 16: Movement -1 not in dictionary
Error for start_position 848 and length 18: Movement 1 not in dictionary
Error for start_position 848 and length 20: Movement 1 not in dictionary
Passed for start_position 848 and length 22
Passed for start_position 848 and length 24
Error for start_position 848 and length 26: Movement 1 not in dictionary
Passed for start_position 848 and length 28
Error for start_position 848 and length 30: Movement -1 not in dictionary
Error for start_position 848 and length 32: Movement 1 not in dictionary
Passed for start_position 848 and length 34
Error for start_position 848 and length 36: Movement -1 not in dictionary
Passed for start_position 848 and length 38
Passed for start_position 848 and length 40
Error for start_position 848 and length 42: Movement -1 not in dictionary
Passed for start_position 848 and length 44
Error for start_position 848 and length 46: Movement -1 not in dictionary
Error for start_position 848 and length 48: Movement 1 not in dictionary
Error for start_position 848 and length 50: Movement -1 not in dictionary
Error for start_position 848 and length 52: Movement -1 not in dictionary
Passed for start_position 848 and length 54
Passed for start_position 848 and length 56
Passed for start_position 848 and length 58
Passed for start_position 848 and length 60
Passed for start_position 848 and length 62
Passed for start_position 848 and length 64
Error for start_position 848 and length 66: Movement -1 not in dictionary
Passed for start_position 848 and length 68
Passed for start_position 848 and length 70
Error for start_position 848 and length 72: Movement 1 not in dictionary
Error for start_position 848 and length 74: Movement -1 not in dictionary
Error for start_position 848 and length 76: Movement -1 not in dictionary
Passed for start_position 848 and length 78
Error for start_position 848 and length 80: Movement 1 not in dictionary
Error for start_position 848 and length 82: Movement -1 not in dictionary
Passed for start_position 848 and length 84
Passed for start_position 848 and length 86
Error for start_position 848 and length 88: Movement -1 not in dictionary
Passed for start_position 848 and length 90
Error for start_position 848 and length 92: Movement 1 not in dictionary
Passed for start_position 848 and length 94
Passed for start_position 848 and length 96
Error for start_position 848 and length 98: Movement -1 not in dictionary
Error for start_position 848 and length 100: Movement 1 not in dictionary
Passed for start_position 849 and length 2
Passed for start_position 849 and length 4
Passed for start_position 849 and length 6
Passed for start_position 849 and length 8
Passed for start_position 849 and length 10
Passed for start_position 849 and length 12
Passed for start_position 849 and length 14
Passed for start_position 849 and length 16
Passed for start_position 849 and length 18
Passed for start_position 849 and length 20
Passed for start_position 849 and length 22
Passed for start_position 849 and length 24
Passed for start_position 849 and length 26
Passed for start_position 849 and length 28
Passed for start_position 849 and length 30
Passed for start_position 849 and length 32
Passed for start_position 849 and length 34
Passed for start_position 849 and length 36
Passed for start_position 849 and length 38
Passed for start_position 849 and length 40
Passed for start_position 849 and length 42
Passed for start_position 849 and length 44
Passed for start_position 849 and length 46
Passed for start_position 849 and length 48
Passed for start_position 849 and length 50
Passed for start_position 849 and length 52
Passed for start_position 849 and length 54
Passed for start_position 849 and length 56
Passed for start_position 849 and length 58
Passed for start_position 849 and length 60
Passed for start_position 849 and length 62
Passed for start_position 849 and length 64
Passed for start_position 849 and length 66
Passed for start_position 849 and length 68
Passed for start_position 849 and length 70
Passed for start_position 849 and length 72
Passed for start_position 849 and length 74
Passed for start_position 849 and length 76
Passed for start_position 849 and length 78
Passed for start_position 849 and length 80
Passed for start_position 849 and length 82
Passed for start_position 849 and length 84
Passed for start_position 849 and length 86
Passed for start_position 849 and length 88
Passed for start_position 849 and length 90
Passed for start_position 849 and length 92
Passed for start_position 849 and length 94
Passed for start_position 849 and length 96
Passed for start_position 849 and length 98
Passed for start_position 849 and length 100
Passed for start_position 850 and length 2
Passed for start_position 850 and length 4
Passed for start_position 850 and length 6
Passed for start_position 850 and length 8
Passed for start_position 850 and length 10
Passed for start_position 850 and length 12
Passed for start_position 850 and length 14
Passed for start_position 850 and length 16
Passed for start_position 850 and length 18
Passed for start_position 850 and length 20
Passed for start_position 850 and length 22
Passed for start_position 850 and length 24
Passed for start_position 850 and length 26
Passed for start_position 850 and length 28
Passed for start_position 850 and length 30
Passed for start_position 850 and length 32
Passed for start_position 850 and length 34
Passed for start_position 850 and length 36
Passed for start_position 850 and length 38
Passed for start_position 850 and length 40
Passed for start_position 850 and length 42
Passed for start_position 850 and length 44
Passed for start_position 850 and length 46
Passed for start_position 850 and length 48
Passed for start_position 850 and length 50
Passed for start_position 850 and length 52
Passed for start_position 850 and length 54
Passed for start_position 850 and length 56
Passed for start_position 850 and length 58
Passed for start_position 850 and length 60
Passed for start_position 850 and length 62
Passed for start_position 850 and length 64
Passed for start_position 850 and length 66
Passed for start_position 850 and length 68
Passed for start_position 850 and length 70
Passed for start_position 850 and length 72
Passed for start_position 850 and length 74
Passed for start_position 850 and length 76
Passed for start_position 850 and length 78
Passed for start_position 850 and length 80
Passed for start_position 850 and length 82
Passed for start_position 850 and length 84
Passed for start_position 850 and length 86
Passed for start_position 850 and length 88
Passed for start_position 850 and length 90
Passed for start_position 850 and length 92
Passed for start_position 850 and length 94
Passed for start_position 850 and length 96
Passed for start_position 850 and length 98
Passed for start_position 850 and length 100
Passed for start_position 851 and length 2
Passed for start_position 851 and length 4
Passed for start_position 851 and length 6
Passed for start_position 851 and length 8
Passed for start_position 851 and length 10
Passed for start_position 851 and length 12
Passed for start_position 851 and length 14
Passed for start_position 851 and length 16
Passed for start_position 851 and length 18
Passed for start_position 851 and length 20
Passed for start_position 851 and length 22
Passed for start_position 851 and length 24
Passed for start_position 851 and length 26
Passed for start_position 851 and length 28
Passed for start_position 851 and length 30
Passed for start_position 851 and length 32
Passed for start_position 851 and length 34
Passed for start_position 851 and length 36
Passed for start_position 851 and length 38
Passed for start_position 851 and length 40
Passed for start_position 851 and length 42
Passed for start_position 851 and length 44
Passed for start_position 851 and length 46
Passed for start_position 851 and length 48
Passed for start_position 851 and length 50
Passed for start_position 851 and length 52
Passed for start_position 851 and length 54
Passed for start_position 851 and length 56
Passed for start_position 851 and length 58
Passed for start_position 851 and length 60
Passed for start_position 851 and length 62
Passed for start_position 851 and length 64
Passed for start_position 851 and length 66
Passed for start_position 851 and length 68
Passed for start_position 851 and length 70
Passed for start_position 851 and length 72
Passed for start_position 851 and length 74
Passed for start_position 851 and length 76
Passed for start_position 851 and length 78
Passed for start_position 851 and length 80
Passed for start_position 851 and length 82
Passed for start_position 851 and length 84
Passed for start_position 851 and length 86
Passed for start_position 851 and length 88
Passed for start_position 851 and length 90
Passed for start_position 851 and length 92
Passed for start_position 851 and length 94
Passed for start_position 851 and length 96
Passed for start_position 851 and length 98
Passed for start_position 851 and length 100
Passed for start_position 852 and length 2
Passed for start_position 852 and length 4
Passed for start_position 852 and length 6
Passed for start_position 852 and length 8
Passed for start_position 852 and length 10
Passed for start_position 852 and length 12
Passed for start_position 852 and length 14
Passed for start_position 852 and length 16
Passed for start_position 852 and length 18
Passed for start_position 852 and length 20
Passed for start_position 852 and length 22
Passed for start_position 852 and length 24
Passed for start_position 852 and length 26
Passed for start_position 852 and length 28
Passed for start_position 852 and length 30
Passed for start_position 852 and length 32
Passed for start_position 852 and length 34
Passed for start_position 852 and length 36
Passed for start_position 852 and length 38
Passed for start_position 852 and length 40
Passed for start_position 852 and length 42
Passed for start_position 852 and length 44
Passed for start_position 852 and length 46
Passed for start_position 852 and length 48
Passed for start_position 852 and length 50
Passed for start_position 852 and length 52
Passed for start_position 852 and length 54
Passed for start_position 852 and length 56
Passed for start_position 852 and length 58
Passed for start_position 852 and length 60
Passed for start_position 852 and length 62
Passed for start_position 852 and length 64
Passed for start_position 852 and length 66
Passed for start_position 852 and length 68
Passed for start_position 852 and length 70
Passed for start_position 852 and length 72
Passed for start_position 852 and length 74
Passed for start_position 852 and length 76
Passed for start_position 852 and length 78
Passed for start_position 852 and length 80
Passed for start_position 852 and length 82
Passed for start_position 852 and length 84
Passed for start_position 852 and length 86
Passed for start_position 852 and length 88
Passed for start_position 852 and length 90
Passed for start_position 852 and length 92
Passed for start_position 852 and length 94
Passed for start_position 852 and length 96
Passed for start_position 852 and length 98
Passed for start_position 852 and length 100
Passed for start_position 853 and length 2
Passed for start_position 853 and length 4
Passed for start_position 853 and length 6
Passed for start_position 853 and length 8
Passed for start_position 853 and length 10
Passed for start_position 853 and length 12
Passed for start_position 853 and length 14
Passed for start_position 853 and length 16
Passed for start_position 853 and length 18
Passed for start_position 853 and length 20
Passed for start_position 853 and length 22
Passed for start_position 853 and length 24
Passed for start_position 853 and length 26
Passed for start_position 853 and length 28
Passed for start_position 853 and length 30
Passed for start_position 853 and length 32
Passed for start_position 853 and length 34
Passed for start_position 853 and length 36
Passed for start_position 853 and length 38
Passed for start_position 853 and length 40
Passed for start_position 853 and length 42
Passed for start_position 853 and length 44
Passed for start_position 853 and length 46
Passed for start_position 853 and length 48
Passed for start_position 853 and length 50
Passed for start_position 853 and length 52
Passed for start_position 853 and length 54
Passed for start_position 853 and length 56
Passed for start_position 853 and length 58
Passed for start_position 853 and length 60
Passed for start_position 853 and length 62
Passed for start_position 853 and length 64
Passed for start_position 853 and length 66
Passed for start_position 853 and length 68
Passed for start_position 853 and length 70
Passed for start_position 853 and length 72
Passed for start_position 853 and length 74
Passed for start_position 853 and length 76
Passed for start_position 853 and length 78
Passed for start_position 853 and length 80
Passed for start_position 853 and length 82
Passed for start_position 853 and length 84
Passed for start_position 853 and length 86
Passed for start_position 853 and length 88
Passed for start_position 853 and length 90
Passed for start_position 853 and length 92
Passed for start_position 853 and length 94
Passed for start_position 853 and length 96
Passed for start_position 853 and length 98
Passed for start_position 853 and length 100
Passed for start_position 854 and length 2
Error for start_position 854 and length 4: Movement -1 not in dictionary
Error for start_position 854 and length 6: Movement 1 not in dictionary
Passed for start_position 854 and length 8
Passed for start_position 854 and length 10
Error for start_position 854 and length 12: Movement -1 not in dictionary
Error for start_position 854 and length 14: Movement 1 not in dictionary
Error for start_position 854 and length 16: Movement 1 not in dictionary
Error for start_position 854 and length 18: Movement -1 not in dictionary
Error for start_position 854 and length 20: Movement 1 not in dictionary
Passed for start_position 854 and length 22
Passed for start_position 854 and length 24
Passed for start_position 854 and length 26
Error for start_position 854 and length 28: Movement 1 not in dictionary
Passed for start_position 854 and length 30
Passed for start_position 854 and length 32
Passed for start_position 854 and length 34
Passed for start_position 854 and length 36
Error for start_position 854 and length 38: Movement 1 not in dictionary
Error for start_position 854 and length 40: Movement 1 not in dictionary
Passed for start_position 854 and length 42
Passed for start_position 854 and length 44
Error for start_position 854 and length 46: Movement 1 not in dictionary
Error for start_position 854 and length 48: Movement -1 not in dictionary
Passed for start_position 854 and length 50
Error for start_position 854 and length 52: Movement 1 not in dictionary
Error for start_position 854 and length 54: Movement 1 not in dictionary
Error for start_position 854 and length 56: Movement 1 not in dictionary
Passed for start_position 854 and length 58
Error for start_position 854 and length 60: Movement 1 not in dictionary
Passed for start_position 854 and length 62
Passed for start_position 854 and length 64
Error for start_position 854 and length 66: Movement -1 not in dictionary
Error for start_position 854 and length 68: Movement 1 not in dictionary
Error for start_position 854 and length 70: Movement 1 not in dictionary
Error for start_position 854 and length 72: Movement -1 not in dictionary
Error for start_position 854 and length 74: Movement 1 not in dictionary
Passed for start_position 854 and length 76
Error for start_position 854 and length 78: Movement 1 not in dictionary
Passed for start_position 854 and length 80
Error for start_position 854 and length 82: Movement 1 not in dictionary
Error for start_position 854 and length 84: Movement 1 not in dictionary
Passed for start_position 854 and length 86
Error for start_position 854 and length 88: Movement 1 not in dictionary
Passed for start_position 854 and length 90
Passed for start_position 854 and length 92
Passed for start_position 854 and length 94
Passed for start_position 854 and length 96
Passed for start_position 854 and length 98
Passed for start_position 854 and length 100
Passed for start_position 855 and length 2
Passed for start_position 855 and length 4
Passed for start_position 855 and length 6
Passed for start_position 855 and length 8
Passed for start_position 855 and length 10
Passed for start_position 855 and length 12
Passed for start_position 855 and length 14
Passed for start_position 855 and length 16
Passed for start_position 855 and length 18
Passed for start_position 855 and length 20
Passed for start_position 855 and length 22
Passed for start_position 855 and length 24
Passed for start_position 855 and length 26
Passed for start_position 855 and length 28
Passed for start_position 855 and length 30
Passed for start_position 855 and length 32
Passed for start_position 855 and length 34
Passed for start_position 855 and length 36
Passed for start_position 855 and length 38
Passed for start_position 855 and length 40
Passed for start_position 855 and length 42
Passed for start_position 855 and length 44
Passed for start_position 855 and length 46
Passed for start_position 855 and length 48
Passed for start_position 855 and length 50
Passed for start_position 855 and length 52
Passed for start_position 855 and length 54
Passed for start_position 855 and length 56
Passed for start_position 855 and length 58
Passed for start_position 855 and length 60
Passed for start_position 855 and length 62
Passed for start_position 855 and length 64
Passed for start_position 855 and length 66
Passed for start_position 855 and length 68
Passed for start_position 855 and length 70
Passed for start_position 855 and length 72
Passed for start_position 855 and length 74
Passed for start_position 855 and length 76
Passed for start_position 855 and length 78
Passed for start_position 855 and length 80
Passed for start_position 855 and length 82
Passed for start_position 855 and length 84
Passed for start_position 855 and length 86
Passed for start_position 855 and length 88
Passed for start_position 855 and length 90
Passed for start_position 855 and length 92
Passed for start_position 855 and length 94
Passed for start_position 855 and length 96
Passed for start_position 855 and length 98
Passed for start_position 855 and length 100
Passed for start_position 856 and length 2
Passed for start_position 856 and length 4
Passed for start_position 856 and length 6
Passed for start_position 856 and length 8
Passed for start_position 856 and length 10
Passed for start_position 856 and length 12
Passed for start_position 856 and length 14
Passed for start_position 856 and length 16
Passed for start_position 856 and length 18
Passed for start_position 856 and length 20
Passed for start_position 856 and length 22
Passed for start_position 856 and length 24
Passed for start_position 856 and length 26
Passed for start_position 856 and length 28
Passed for start_position 856 and length 30
Passed for start_position 856 and length 32
Passed for start_position 856 and length 34
Passed for start_position 856 and length 36
Passed for start_position 856 and length 38
Passed for start_position 856 and length 40
Passed for start_position 856 and length 42
Passed for start_position 856 and length 44
Passed for start_position 856 and length 46
Passed for start_position 856 and length 48
Passed for start_position 856 and length 50
Passed for start_position 856 and length 52
Passed for start_position 856 and length 54
Passed for start_position 856 and length 56
Passed for start_position 856 and length 58
Passed for start_position 856 and length 60
Passed for start_position 856 and length 62
Passed for start_position 856 and length 64
Passed for start_position 856 and length 66
Passed for start_position 856 and length 68
Passed for start_position 856 and length 70
Passed for start_position 856 and length 72
Passed for start_position 856 and length 74
Passed for start_position 856 and length 76
Passed for start_position 856 and length 78
Passed for start_position 856 and length 80
Passed for start_position 856 and length 82
Passed for start_position 856 and length 84
Passed for start_position 856 and length 86
Passed for start_position 856 and length 88
Passed for start_position 856 and length 90
Passed for start_position 856 and length 92
Passed for start_position 856 and length 94
Passed for start_position 856 and length 96
Passed for start_position 856 and length 98
Passed for start_position 856 and length 100
Passed for start_position 857 and length 2
Passed for start_position 857 and length 4
Passed for start_position 857 and length 6
Passed for start_position 857 and length 8
Passed for start_position 857 and length 10
Passed for start_position 857 and length 12
Passed for start_position 857 and length 14
Passed for start_position 857 and length 16
Passed for start_position 857 and length 18
Passed for start_position 857 and length 20
Passed for start_position 857 and length 22
Passed for start_position 857 and length 24
Passed for start_position 857 and length 26
Passed for start_position 857 and length 28
Passed for start_position 857 and length 30
Passed for start_position 857 and length 32
Passed for start_position 857 and length 34
Passed for start_position 857 and length 36
Passed for start_position 857 and length 38
Passed for start_position 857 and length 40
Passed for start_position 857 and length 42
Passed for start_position 857 and length 44
Passed for start_position 857 and length 46
Passed for start_position 857 and length 48
Passed for start_position 857 and length 50
Passed for start_position 857 and length 52
Passed for start_position 857 and length 54
Passed for start_position 857 and length 56
Passed for start_position 857 and length 58
Passed for start_position 857 and length 60
Passed for start_position 857 and length 62
Passed for start_position 857 and length 64
Passed for start_position 857 and length 66
Passed for start_position 857 and length 68
Passed for start_position 857 and length 70
Passed for start_position 857 and length 72
Passed for start_position 857 and length 74
Passed for start_position 857 and length 76
Passed for start_position 857 and length 78
Passed for start_position 857 and length 80
Passed for start_position 857 and length 82
Passed for start_position 857 and length 84
Passed for start_position 857 and length 86
Passed for start_position 857 and length 88
Passed for start_position 857 and length 90
Passed for start_position 857 and length 92
Passed for start_position 857 and length 94
Passed for start_position 857 and length 96
Passed for start_position 857 and length 98
Passed for start_position 857 and length 100
Passed for start_position 858 and length 2
Passed for start_position 858 and length 4
Passed for start_position 858 and length 6
Passed for start_position 858 and length 8
Passed for start_position 858 and length 10
Passed for start_position 858 and length 12
Passed for start_position 858 and length 14
Passed for start_position 858 and length 16
Passed for start_position 858 and length 18
Passed for start_position 858 and length 20
Passed for start_position 858 and length 22
Passed for start_position 858 and length 24
Passed for start_position 858 and length 26
Passed for start_position 858 and length 28
Passed for start_position 858 and length 30
Passed for start_position 858 and length 32
Passed for start_position 858 and length 34
Passed for start_position 858 and length 36
Passed for start_position 858 and length 38
Passed for start_position 858 and length 40
Passed for start_position 858 and length 42
Passed for start_position 858 and length 44
Passed for start_position 858 and length 46
Passed for start_position 858 and length 48
Passed for start_position 858 and length 50
Passed for start_position 858 and length 52
Passed for start_position 858 and length 54
Passed for start_position 858 and length 56
Passed for start_position 858 and length 58
Passed for start_position 858 and length 60
Passed for start_position 858 and length 62
Passed for start_position 858 and length 64
Passed for start_position 858 and length 66
Passed for start_position 858 and length 68
Passed for start_position 858 and length 70
Passed for start_position 858 and length 72
Passed for start_position 858 and length 74
Passed for start_position 858 and length 76
Passed for start_position 858 and length 78
Passed for start_position 858 and length 80
Passed for start_position 858 and length 82
Passed for start_position 858 and length 84
Passed for start_position 858 and length 86
Passed for start_position 858 and length 88
Passed for start_position 858 and length 90
Passed for start_position 858 and length 92
Passed for start_position 858 and length 94
Passed for start_position 858 and length 96
Passed for start_position 858 and length 98
Passed for start_position 858 and length 100
Passed for start_position 859 and length 2
Passed for start_position 859 and length 4
Passed for start_position 859 and length 6
Passed for start_position 859 and length 8
Passed for start_position 859 and length 10
Passed for start_position 859 and length 12
Passed for start_position 859 and length 14
Passed for start_position 859 and length 16
Passed for start_position 859 and length 18
Passed for start_position 859 and length 20
Passed for start_position 859 and length 22
Passed for start_position 859 and length 24
Passed for start_position 859 and length 26
Passed for start_position 859 and length 28
Passed for start_position 859 and length 30
Passed for start_position 859 and length 32
Passed for start_position 859 and length 34
Passed for start_position 859 and length 36
Passed for start_position 859 and length 38
Passed for start_position 859 and length 40
Passed for start_position 859 and length 42
Passed for start_position 859 and length 44
Passed for start_position 859 and length 46
Passed for start_position 859 and length 48
Passed for start_position 859 and length 50
Passed for start_position 859 and length 52
Passed for start_position 859 and length 54
Passed for start_position 859 and length 56
Passed for start_position 859 and length 58
Passed for start_position 859 and length 60
Passed for start_position 859 and length 62
Passed for start_position 859 and length 64
Passed for start_position 859 and length 66
Passed for start_position 859 and length 68
Passed for start_position 859 and length 70
Passed for start_position 859 and length 72
Passed for start_position 859 and length 74
Passed for start_position 859 and length 76
Passed for start_position 859 and length 78
Passed for start_position 859 and length 80
Passed for start_position 859 and length 82
Passed for start_position 859 and length 84
Passed for start_position 859 and length 86
Passed for start_position 859 and length 88
Passed for start_position 859 and length 90
Passed for start_position 859 and length 92
Passed for start_position 859 and length 94
Passed for start_position 859 and length 96
Passed for start_position 859 and length 98
Passed for start_position 859 and length 100
Passed for start_position 860 and length 2
Passed for start_position 860 and length 4
Passed for start_position 860 and length 6
Passed for start_position 860 and length 8
Passed for start_position 860 and length 10
Passed for start_position 860 and length 12
Passed for start_position 860 and length 14
Passed for start_position 860 and length 16
Passed for start_position 860 and length 18
Passed for start_position 860 and length 20
Passed for start_position 860 and length 22
Passed for start_position 860 and length 24
Passed for start_position 860 and length 26
Passed for start_position 860 and length 28
Passed for start_position 860 and length 30
Passed for start_position 860 and length 32
Passed for start_position 860 and length 34
Passed for start_position 860 and length 36
Passed for start_position 860 and length 38
Passed for start_position 860 and length 40
Passed for start_position 860 and length 42
Passed for start_position 860 and length 44
Passed for start_position 860 and length 46
Passed for start_position 860 and length 48
Passed for start_position 860 and length 50
Passed for start_position 860 and length 52
Passed for start_position 860 and length 54
Passed for start_position 860 and length 56
Passed for start_position 860 and length 58
Passed for start_position 860 and length 60
Passed for start_position 860 and length 62
Passed for start_position 860 and length 64
Passed for start_position 860 and length 66
Passed for start_position 860 and length 68
Passed for start_position 860 and length 70
Passed for start_position 860 and length 72
Passed for start_position 860 and length 74
Passed for start_position 860 and length 76
Passed for start_position 860 and length 78
Passed for start_position 860 and length 80
Passed for start_position 860 and length 82
Passed for start_position 860 and length 84
Passed for start_position 860 and length 86
Passed for start_position 860 and length 88
Passed for start_position 860 and length 90
Passed for start_position 860 and length 92
Passed for start_position 860 and length 94
Passed for start_position 860 and length 96
Passed for start_position 860 and length 98
Passed for start_position 860 and length 100
Passed for start_position 861 and length 2
Passed for start_position 861 and length 4
Passed for start_position 861 and length 6
Passed for start_position 861 and length 8
Passed for start_position 861 and length 10
Passed for start_position 861 and length 12
Passed for start_position 861 and length 14
Passed for start_position 861 and length 16
Passed for start_position 861 and length 18
Passed for start_position 861 and length 20
Passed for start_position 861 and length 22
Passed for start_position 861 and length 24
Passed for start_position 861 and length 26
Passed for start_position 861 and length 28
Passed for start_position 861 and length 30
Passed for start_position 861 and length 32
Passed for start_position 861 and length 34
Passed for start_position 861 and length 36
Passed for start_position 861 and length 38
Passed for start_position 861 and length 40
Passed for start_position 861 and length 42
Passed for start_position 861 and length 44
Passed for start_position 861 and length 46
Passed for start_position 861 and length 48
Passed for start_position 861 and length 50
Passed for start_position 861 and length 52
Passed for start_position 861 and length 54
Passed for start_position 861 and length 56
Passed for start_position 861 and length 58
Passed for start_position 861 and length 60
Passed for start_position 861 and length 62
Passed for start_position 861 and length 64
Passed for start_position 861 and length 66
Passed for start_position 861 and length 68
Passed for start_position 861 and length 70
Passed for start_position 861 and length 72
Passed for start_position 861 and length 74
Passed for start_position 861 and length 76
Passed for start_position 861 and length 78
Passed for start_position 861 and length 80
Passed for start_position 861 and length 82
Passed for start_position 861 and length 84
Passed for start_position 861 and length 86
Passed for start_position 861 and length 88
Passed for start_position 861 and length 90
Passed for start_position 861 and length 92
Passed for start_position 861 and length 94
Passed for start_position 861 and length 96
Passed for start_position 861 and length 98
Passed for start_position 861 and length 100
Passed for start_position 862 and length 2
Passed for start_position 862 and length 4
Passed for start_position 862 and length 6
Passed for start_position 862 and length 8
Passed for start_position 862 and length 10
Passed for start_position 862 and length 12
Passed for start_position 862 and length 14
Passed for start_position 862 and length 16
Passed for start_position 862 and length 18
Passed for start_position 862 and length 20
Passed for start_position 862 and length 22
Passed for start_position 862 and length 24
Passed for start_position 862 and length 26
Passed for start_position 862 and length 28
Passed for start_position 862 and length 30
Passed for start_position 862 and length 32
Passed for start_position 862 and length 34
Passed for start_position 862 and length 36
Passed for start_position 862 and length 38
Passed for start_position 862 and length 40
Passed for start_position 862 and length 42
Passed for start_position 862 and length 44
Passed for start_position 862 and length 46
Passed for start_position 862 and length 48
Passed for start_position 862 and length 50
Passed for start_position 862 and length 52
Passed for start_position 862 and length 54
Passed for start_position 862 and length 56
Passed for start_position 862 and length 58
Passed for start_position 862 and length 60
Passed for start_position 862 and length 62
Passed for start_position 862 and length 64
Passed for start_position 862 and length 66
Passed for start_position 862 and length 68
Passed for start_position 862 and length 70
Passed for start_position 862 and length 72
Passed for start_position 862 and length 74
Passed for start_position 862 and length 76
Passed for start_position 862 and length 78
Passed for start_position 862 and length 80
Passed for start_position 862 and length 82
Passed for start_position 862 and length 84
Passed for start_position 862 and length 86
Passed for start_position 862 and length 88
Passed for start_position 862 and length 90
Passed for start_position 862 and length 92
Passed for start_position 862 and length 94
Passed for start_position 862 and length 96
Passed for start_position 862 and length 98
Passed for start_position 862 and length 100
Passed for start_position 863 and length 2
Passed for start_position 863 and length 4
Passed for start_position 863 and length 6
Passed for start_position 863 and length 8
Passed for start_position 863 and length 10
Passed for start_position 863 and length 12
Passed for start_position 863 and length 14
Passed for start_position 863 and length 16
Passed for start_position 863 and length 18
Passed for start_position 863 and length 20
Passed for start_position 863 and length 22
Passed for start_position 863 and length 24
Passed for start_position 863 and length 26
Passed for start_position 863 and length 28
Passed for start_position 863 and length 30
Passed for start_position 863 and length 32
Passed for start_position 863 and length 34
Passed for start_position 863 and length 36
Passed for start_position 863 and length 38
Passed for start_position 863 and length 40
Passed for start_position 863 and length 42
Passed for start_position 863 and length 44
Passed for start_position 863 and length 46
Passed for start_position 863 and length 48
Passed for start_position 863 and length 50
Passed for start_position 863 and length 52
Passed for start_position 863 and length 54
Passed for start_position 863 and length 56
Passed for start_position 863 and length 58
Passed for start_position 863 and length 60
Passed for start_position 863 and length 62
Passed for start_position 863 and length 64
Passed for start_position 863 and length 66
Passed for start_position 863 and length 68
Passed for start_position 863 and length 70
Passed for start_position 863 and length 72
Passed for start_position 863 and length 74
Passed for start_position 863 and length 76
Passed for start_position 863 and length 78
Passed for start_position 863 and length 80
Passed for start_position 863 and length 82
Passed for start_position 863 and length 84
Passed for start_position 863 and length 86
Passed for start_position 863 and length 88
Passed for start_position 863 and length 90
Passed for start_position 863 and length 92
Passed for start_position 863 and length 94
Passed for start_position 863 and length 96
Passed for start_position 863 and length 98
Passed for start_position 863 and length 100
Passed for start_position 864 and length 2
Passed for start_position 864 and length 4
Passed for start_position 864 and length 6
Passed for start_position 864 and length 8
Passed for start_position 864 and length 10
Passed for start_position 864 and length 12
Passed for start_position 864 and length 14
Passed for start_position 864 and length 16
Passed for start_position 864 and length 18
Passed for start_position 864 and length 20
Passed for start_position 864 and length 22
Passed for start_position 864 and length 24
Passed for start_position 864 and length 26
Passed for start_position 864 and length 28
Passed for start_position 864 and length 30
Passed for start_position 864 and length 32
Passed for start_position 864 and length 34
Passed for start_position 864 and length 36
Passed for start_position 864 and length 38
Passed for start_position 864 and length 40
Passed for start_position 864 and length 42
Passed for start_position 864 and length 44
Passed for start_position 864 and length 46
Passed for start_position 864 and length 48
Passed for start_position 864 and length 50
Passed for start_position 864 and length 52
Passed for start_position 864 and length 54
Passed for start_position 864 and length 56
Passed for start_position 864 and length 58
Passed for start_position 864 and length 60
Passed for start_position 864 and length 62
Passed for start_position 864 and length 64
Passed for start_position 864 and length 66
Passed for start_position 864 and length 68
Passed for start_position 864 and length 70
Passed for start_position 864 and length 72
Passed for start_position 864 and length 74
Passed for start_position 864 and length 76
Passed for start_position 864 and length 78
Passed for start_position 864 and length 80
Passed for start_position 864 and length 82
Passed for start_position 864 and length 84
Passed for start_position 864 and length 86
Passed for start_position 864 and length 88
Passed for start_position 864 and length 90
Passed for start_position 864 and length 92
Passed for start_position 864 and length 94
Passed for start_position 864 and length 96
Passed for start_position 864 and length 98
Passed for start_position 864 and length 100
Error for start_position 865 and length 2: Movement -1 not in dictionary
Error for start_position 865 and length 4: Movement -1 not in dictionary
Error for start_position 865 and length 6: Movement -1 not in dictionary
Passed for start_position 865 and length 8
Passed for start_position 865 and length 10
Passed for start_position 865 and length 12
Passed for start_position 865 and length 14
Error for start_position 865 and length 16: Movement 1 not in dictionary
Passed for start_position 865 and length 18
Passed for start_position 865 and length 20
Passed for start_position 865 and length 22
Error for start_position 865 and length 24: Movement 1 not in dictionary
Passed for start_position 865 and length 26
Error for start_position 865 and length 28: Movement -1 not in dictionary
Error for start_position 865 and length 30: Movement 1 not in dictionary
Error for start_position 865 and length 32: Movement 1 not in dictionary
Passed for start_position 865 and length 34
Error for start_position 865 and length 36: Movement -1 not in dictionary
Passed for start_position 865 and length 38
Error for start_position 865 and length 40: Movement -1 not in dictionary
Passed for start_position 865 and length 42
Error for start_position 865 and length 44: Movement 1 not in dictionary
Passed for start_position 865 and length 46
Passed for start_position 865 and length 48
Passed for start_position 865 and length 50
Error for start_position 865 and length 52: Movement 1 not in dictionary
Passed for start_position 865 and length 54
Passed for start_position 865 and length 56
Passed for start_position 865 and length 58
Passed for start_position 865 and length 60
Error for start_position 865 and length 62: Movement -1 not in dictionary
Passed for start_position 865 and length 64
Error for start_position 865 and length 66: Movement -1 not in dictionary
Passed for start_position 865 and length 68
Error for start_position 865 and length 70: Movement -1 not in dictionary
Passed for start_position 865 and length 72
Passed for start_position 865 and length 74
Passed for start_position 865 and length 76
Passed for start_position 865 and length 78
Passed for start_position 865 and length 80
Error for start_position 865 and length 82: Movement 1 not in dictionary
Passed for start_position 865 and length 84
Error for start_position 865 and length 86: Movement -1 not in dictionary
Passed for start_position 865 and length 88
Passed for start_position 865 and length 90
Error for start_position 865 and length 92: Movement 1 not in dictionary
Passed for start_position 865 and length 94
Passed for start_position 865 and length 96
Error for start_position 865 and length 98: Movement 1 not in dictionary
Passed for start_position 865 and length 100
Passed for start_position 866 and length 2
Passed for start_position 866 and length 4
Passed for start_position 866 and length 6
Passed for start_position 866 and length 8
Passed for start_position 866 and length 10
Passed for start_position 866 and length 12
Passed for start_position 866 and length 14
Passed for start_position 866 and length 16
Passed for start_position 866 and length 18
Passed for start_position 866 and length 20
Passed for start_position 866 and length 22
Passed for start_position 866 and length 24
Passed for start_position 866 and length 26
Passed for start_position 866 and length 28
Passed for start_position 866 and length 30
Passed for start_position 866 and length 32
Passed for start_position 866 and length 34
Passed for start_position 866 and length 36
Passed for start_position 866 and length 38
Passed for start_position 866 and length 40
Passed for start_position 866 and length 42
Passed for start_position 866 and length 44
Passed for start_position 866 and length 46
Passed for start_position 866 and length 48
Passed for start_position 866 and length 50
Passed for start_position 866 and length 52
Passed for start_position 866 and length 54
Passed for start_position 866 and length 56
Passed for start_position 866 and length 58
Passed for start_position 866 and length 60
Passed for start_position 866 and length 62
Passed for start_position 866 and length 64
Passed for start_position 866 and length 66
Passed for start_position 866 and length 68
Passed for start_position 866 and length 70
Passed for start_position 866 and length 72
Passed for start_position 866 and length 74
Passed for start_position 866 and length 76
Passed for start_position 866 and length 78
Passed for start_position 866 and length 80
Passed for start_position 866 and length 82
Passed for start_position 866 and length 84
Passed for start_position 866 and length 86
Passed for start_position 866 and length 88
Passed for start_position 866 and length 90
Passed for start_position 866 and length 92
Passed for start_position 866 and length 94
Passed for start_position 866 and length 96
Passed for start_position 866 and length 98
Passed for start_position 866 and length 100
Passed for start_position 867 and length 2
Passed for start_position 867 and length 4
Passed for start_position 867 and length 6
Passed for start_position 867 and length 8
Passed for start_position 867 and length 10
Passed for start_position 867 and length 12
Passed for start_position 867 and length 14
Passed for start_position 867 and length 16
Passed for start_position 867 and length 18
Passed for start_position 867 and length 20
Passed for start_position 867 and length 22
Passed for start_position 867 and length 24
Passed for start_position 867 and length 26
Passed for start_position 867 and length 28
Passed for start_position 867 and length 30
Passed for start_position 867 and length 32
Passed for start_position 867 and length 34
Passed for start_position 867 and length 36
Passed for start_position 867 and length 38
Passed for start_position 867 and length 40
Passed for start_position 867 and length 42
Passed for start_position 867 and length 44
Passed for start_position 867 and length 46
Passed for start_position 867 and length 48
Passed for start_position 867 and length 50
Passed for start_position 867 and length 52
Passed for start_position 867 and length 54
Passed for start_position 867 and length 56
Passed for start_position 867 and length 58
Passed for start_position 867 and length 60
Passed for start_position 867 and length 62
Passed for start_position 867 and length 64
Passed for start_position 867 and length 66
Passed for start_position 867 and length 68
Passed for start_position 867 and length 70
Passed for start_position 867 and length 72
Passed for start_position 867 and length 74
Passed for start_position 867 and length 76
Passed for start_position 867 and length 78
Passed for start_position 867 and length 80
Passed for start_position 867 and length 82
Passed for start_position 867 and length 84
Passed for start_position 867 and length 86
Passed for start_position 867 and length 88
Passed for start_position 867 and length 90
Passed for start_position 867 and length 92
Passed for start_position 867 and length 94
Passed for start_position 867 and length 96
Passed for start_position 867 and length 98
Passed for start_position 867 and length 100
Passed for start_position 868 and length 2
Passed for start_position 868 and length 4
Passed for start_position 868 and length 6
Passed for start_position 868 and length 8
Passed for start_position 868 and length 10
Passed for start_position 868 and length 12
Passed for start_position 868 and length 14
Passed for start_position 868 and length 16
Passed for start_position 868 and length 18
Passed for start_position 868 and length 20
Passed for start_position 868 and length 22
Passed for start_position 868 and length 24
Passed for start_position 868 and length 26
Passed for start_position 868 and length 28
Passed for start_position 868 and length 30
Passed for start_position 868 and length 32
Passed for start_position 868 and length 34
Passed for start_position 868 and length 36
Passed for start_position 868 and length 38
Passed for start_position 868 and length 40
Passed for start_position 868 and length 42
Passed for start_position 868 and length 44
Passed for start_position 868 and length 46
Passed for start_position 868 and length 48
Passed for start_position 868 and length 50
Passed for start_position 868 and length 52
Passed for start_position 868 and length 54
Passed for start_position 868 and length 56
Passed for start_position 868 and length 58
Passed for start_position 868 and length 60
Passed for start_position 868 and length 62
Passed for start_position 868 and length 64
Passed for start_position 868 and length 66
Passed for start_position 868 and length 68
Passed for start_position 868 and length 70
Passed for start_position 868 and length 72
Passed for start_position 868 and length 74
Passed for start_position 868 and length 76
Passed for start_position 868 and length 78
Passed for start_position 868 and length 80
Passed for start_position 868 and length 82
Passed for start_position 868 and length 84
Passed for start_position 868 and length 86
Passed for start_position 868 and length 88
Passed for start_position 868 and length 90
Passed for start_position 868 and length 92
Passed for start_position 868 and length 94
Passed for start_position 868 and length 96
Passed for start_position 868 and length 98
Passed for start_position 868 and length 100
Passed for start_position 869 and length 2
Passed for start_position 869 and length 4
Passed for start_position 869 and length 6
Passed for start_position 869 and length 8
Passed for start_position 869 and length 10
Passed for start_position 869 and length 12
Passed for start_position 869 and length 14
Passed for start_position 869 and length 16
Passed for start_position 869 and length 18
Passed for start_position 869 and length 20
Passed for start_position 869 and length 22
Passed for start_position 869 and length 24
Passed for start_position 869 and length 26
Passed for start_position 869 and length 28
Passed for start_position 869 and length 30
Passed for start_position 869 and length 32
Passed for start_position 869 and length 34
Passed for start_position 869 and length 36
Passed for start_position 869 and length 38
Passed for start_position 869 and length 40
Passed for start_position 869 and length 42
Passed for start_position 869 and length 44
Passed for start_position 869 and length 46
Passed for start_position 869 and length 48
Passed for start_position 869 and length 50
Passed for start_position 869 and length 52
Passed for start_position 869 and length 54
Passed for start_position 869 and length 56
Passed for start_position 869 and length 58
Passed for start_position 869 and length 60
Passed for start_position 869 and length 62
Passed for start_position 869 and length 64
Passed for start_position 869 and length 66
Passed for start_position 869 and length 68
Passed for start_position 869 and length 70
Passed for start_position 869 and length 72
Passed for start_position 869 and length 74
Passed for start_position 869 and length 76
Passed for start_position 869 and length 78
Passed for start_position 869 and length 80
Passed for start_position 869 and length 82
Passed for start_position 869 and length 84
Passed for start_position 869 and length 86
Passed for start_position 869 and length 88
Passed for start_position 869 and length 90
Passed for start_position 869 and length 92
Passed for start_position 869 and length 94
Passed for start_position 869 and length 96
Passed for start_position 869 and length 98
Passed for start_position 869 and length 100
Passed for start_position 870 and length 2
Passed for start_position 870 and length 4
Passed for start_position 870 and length 6
Passed for start_position 870 and length 8
Passed for start_position 870 and length 10
Passed for start_position 870 and length 12
Passed for start_position 870 and length 14
Passed for start_position 870 and length 16
Passed for start_position 870 and length 18
Passed for start_position 870 and length 20
Passed for start_position 870 and length 22
Passed for start_position 870 and length 24
Passed for start_position 870 and length 26
Passed for start_position 870 and length 28
Passed for start_position 870 and length 30
Passed for start_position 870 and length 32
Passed for start_position 870 and length 34
Passed for start_position 870 and length 36
Passed for start_position 870 and length 38
Passed for start_position 870 and length 40
Passed for start_position 870 and length 42
Passed for start_position 870 and length 44
Passed for start_position 870 and length 46
Passed for start_position 870 and length 48
Passed for start_position 870 and length 50
Passed for start_position 870 and length 52
Passed for start_position 870 and length 54
Passed for start_position 870 and length 56
Passed for start_position 870 and length 58
Passed for start_position 870 and length 60
Passed for start_position 870 and length 62
Passed for start_position 870 and length 64
Passed for start_position 870 and length 66
Passed for start_position 870 and length 68
Passed for start_position 870 and length 70
Passed for start_position 870 and length 72
Passed for start_position 870 and length 74
Passed for start_position 870 and length 76
Passed for start_position 870 and length 78
Passed for start_position 870 and length 80
Passed for start_position 870 and length 82
Passed for start_position 870 and length 84
Passed for start_position 870 and length 86
Passed for start_position 870 and length 88
Passed for start_position 870 and length 90
Passed for start_position 870 and length 92
Passed for start_position 870 and length 94
Passed for start_position 870 and length 96
Passed for start_position 870 and length 98
Passed for start_position 870 and length 100
Passed for start_position 871 and length 2
Passed for start_position 871 and length 4
Passed for start_position 871 and length 6
Passed for start_position 871 and length 8
Passed for start_position 871 and length 10
Passed for start_position 871 and length 12
Passed for start_position 871 and length 14
Passed for start_position 871 and length 16
Passed for start_position 871 and length 18
Passed for start_position 871 and length 20
Passed for start_position 871 and length 22
Passed for start_position 871 and length 24
Passed for start_position 871 and length 26
Passed for start_position 871 and length 28
Passed for start_position 871 and length 30
Passed for start_position 871 and length 32
Passed for start_position 871 and length 34
Passed for start_position 871 and length 36
Passed for start_position 871 and length 38
Passed for start_position 871 and length 40
Passed for start_position 871 and length 42
Passed for start_position 871 and length 44
Passed for start_position 871 and length 46
Passed for start_position 871 and length 48
Passed for start_position 871 and length 50
Passed for start_position 871 and length 52
Passed for start_position 871 and length 54
Passed for start_position 871 and length 56
Passed for start_position 871 and length 58
Passed for start_position 871 and length 60
Passed for start_position 871 and length 62
Passed for start_position 871 and length 64
Passed for start_position 871 and length 66
Passed for start_position 871 and length 68
Passed for start_position 871 and length 70
Passed for start_position 871 and length 72
Passed for start_position 871 and length 74
Passed for start_position 871 and length 76
Passed for start_position 871 and length 78
Passed for start_position 871 and length 80
Passed for start_position 871 and length 82
Passed for start_position 871 and length 84
Passed for start_position 871 and length 86
Passed for start_position 871 and length 88
Passed for start_position 871 and length 90
Passed for start_position 871 and length 92
Passed for start_position 871 and length 94
Passed for start_position 871 and length 96
Passed for start_position 871 and length 98
Passed for start_position 871 and length 100
Passed for start_position 872 and length 2
Passed for start_position 872 and length 4
Passed for start_position 872 and length 6
Passed for start_position 872 and length 8
Passed for start_position 872 and length 10
Passed for start_position 872 and length 12
Passed for start_position 872 and length 14
Passed for start_position 872 and length 16
Passed for start_position 872 and length 18
Passed for start_position 872 and length 20
Passed for start_position 872 and length 22
Passed for start_position 872 and length 24
Passed for start_position 872 and length 26
Passed for start_position 872 and length 28
Passed for start_position 872 and length 30
Passed for start_position 872 and length 32
Passed for start_position 872 and length 34
Passed for start_position 872 and length 36
Passed for start_position 872 and length 38
Passed for start_position 872 and length 40
Passed for start_position 872 and length 42
Passed for start_position 872 and length 44
Passed for start_position 872 and length 46
Passed for start_position 872 and length 48
Passed for start_position 872 and length 50
Passed for start_position 872 and length 52
Passed for start_position 872 and length 54
Passed for start_position 872 and length 56
Passed for start_position 872 and length 58
Passed for start_position 872 and length 60
Passed for start_position 872 and length 62
Passed for start_position 872 and length 64
Passed for start_position 872 and length 66
Passed for start_position 872 and length 68
Passed for start_position 872 and length 70
Passed for start_position 872 and length 72
Passed for start_position 872 and length 74
Passed for start_position 872 and length 76
Passed for start_position 872 and length 78
Passed for start_position 872 and length 80
Passed for start_position 872 and length 82
Passed for start_position 872 and length 84
Passed for start_position 872 and length 86
Passed for start_position 872 and length 88
Passed for start_position 872 and length 90
Passed for start_position 872 and length 92
Passed for start_position 872 and length 94
Passed for start_position 872 and length 96
Passed for start_position 872 and length 98
Passed for start_position 872 and length 100
Passed for start_position 873 and length 2
Passed for start_position 873 and length 4
Passed for start_position 873 and length 6
Passed for start_position 873 and length 8
Passed for start_position 873 and length 10
Passed for start_position 873 and length 12
Passed for start_position 873 and length 14
Passed for start_position 873 and length 16
Passed for start_position 873 and length 18
Passed for start_position 873 and length 20
Passed for start_position 873 and length 22
Passed for start_position 873 and length 24
Passed for start_position 873 and length 26
Passed for start_position 873 and length 28
Passed for start_position 873 and length 30
Passed for start_position 873 and length 32
Passed for start_position 873 and length 34
Passed for start_position 873 and length 36
Passed for start_position 873 and length 38
Passed for start_position 873 and length 40
Passed for start_position 873 and length 42
Passed for start_position 873 and length 44
Passed for start_position 873 and length 46
Passed for start_position 873 and length 48
Passed for start_position 873 and length 50
Passed for start_position 873 and length 52
Passed for start_position 873 and length 54
Passed for start_position 873 and length 56
Passed for start_position 873 and length 58
Passed for start_position 873 and length 60
Passed for start_position 873 and length 62
Passed for start_position 873 and length 64
Passed for start_position 873 and length 66
Passed for start_position 873 and length 68
Passed for start_position 873 and length 70
Passed for start_position 873 and length 72
Passed for start_position 873 and length 74
Passed for start_position 873 and length 76
Passed for start_position 873 and length 78
Passed for start_position 873 and length 80
Passed for start_position 873 and length 82
Passed for start_position 873 and length 84
Passed for start_position 873 and length 86
Passed for start_position 873 and length 88
Passed for start_position 873 and length 90
Passed for start_position 873 and length 92
Passed for start_position 873 and length 94
Passed for start_position 873 and length 96
Passed for start_position 873 and length 98
Passed for start_position 873 and length 100
Passed for start_position 874 and length 2
Passed for start_position 874 and length 4
Error for start_position 874 and length 6: Movement -1 not in dictionary
Error for start_position 874 and length 8: Movement -1 not in dictionary
Error for start_position 874 and length 10: Movement 1 not in dictionary
Passed for start_position 874 and length 12
Passed for start_position 874 and length 14
Passed for start_position 874 and length 16
Passed for start_position 874 and length 18
Passed for start_position 874 and length 20
Passed for start_position 874 and length 22
Passed for start_position 874 and length 24
Passed for start_position 874 and length 26
Error for start_position 874 and length 28: Movement -1 not in dictionary
Passed for start_position 874 and length 30
Passed for start_position 874 and length 32
Error for start_position 874 and length 34: Movement -1 not in dictionary
Passed for start_position 874 and length 36
Passed for start_position 874 and length 38
Passed for start_position 874 and length 40
Passed for start_position 874 and length 42
Passed for start_position 874 and length 44
Error for start_position 874 and length 46: Movement 1 not in dictionary
Passed for start_position 874 and length 48
Error for start_position 874 and length 50: Movement -1 not in dictionary
Error for start_position 874 and length 52: Movement 1 not in dictionary
Error for start_position 874 and length 54: Movement 1 not in dictionary
Error for start_position 874 and length 56: Movement 1 not in dictionary
Passed for start_position 874 and length 58
Error for start_position 874 and length 60: Movement -1 not in dictionary
Passed for start_position 874 and length 62
Error for start_position 874 and length 64: Movement 1 not in dictionary
Passed for start_position 874 and length 66
Passed for start_position 874 and length 68
Passed for start_position 874 and length 70
Error for start_position 874 and length 72: Movement -1 not in dictionary
Passed for start_position 874 and length 74
Error for start_position 874 and length 76: Movement 1 not in dictionary
Passed for start_position 874 and length 78
Passed for start_position 874 and length 80
Passed for start_position 874 and length 82
Passed for start_position 874 and length 84
Passed for start_position 874 and length 86
Error for start_position 874 and length 88: Movement -1 not in dictionary
Error for start_position 874 and length 90: Movement 1 not in dictionary
Passed for start_position 874 and length 92
Error for start_position 874 and length 94: Movement 1 not in dictionary
Error for start_position 874 and length 96: Movement -1 not in dictionary
Passed for start_position 874 and length 98
Error for start_position 874 and length 100: Movement -1 not in dictionary
Passed for start_position 875 and length 2
Passed for start_position 875 and length 4
Passed for start_position 875 and length 6
Passed for start_position 875 and length 8
Passed for start_position 875 and length 10
Passed for start_position 875 and length 12
Passed for start_position 875 and length 14
Passed for start_position 875 and length 16
Passed for start_position 875 and length 18
Passed for start_position 875 and length 20
Passed for start_position 875 and length 22
Passed for start_position 875 and length 24
Passed for start_position 875 and length 26
Passed for start_position 875 and length 28
Passed for start_position 875 and length 30
Passed for start_position 875 and length 32
Passed for start_position 875 and length 34
Passed for start_position 875 and length 36
Passed for start_position 875 and length 38
Passed for start_position 875 and length 40
Passed for start_position 875 and length 42
Passed for start_position 875 and length 44
Passed for start_position 875 and length 46
Passed for start_position 875 and length 48
Passed for start_position 875 and length 50
Passed for start_position 875 and length 52
Passed for start_position 875 and length 54
Passed for start_position 875 and length 56
Passed for start_position 875 and length 58
Passed for start_position 875 and length 60
Passed for start_position 875 and length 62
Passed for start_position 875 and length 64
Passed for start_position 875 and length 66
Passed for start_position 875 and length 68
Passed for start_position 875 and length 70
Passed for start_position 875 and length 72
Passed for start_position 875 and length 74
Passed for start_position 875 and length 76
Passed for start_position 875 and length 78
Passed for start_position 875 and length 80
Passed for start_position 875 and length 82
Passed for start_position 875 and length 84
Passed for start_position 875 and length 86
Passed for start_position 875 and length 88
Passed for start_position 875 and length 90
Passed for start_position 875 and length 92
Passed for start_position 875 and length 94
Passed for start_position 875 and length 96
Passed for start_position 875 and length 98
Passed for start_position 875 and length 100
Passed for start_position 876 and length 2
Passed for start_position 876 and length 4
Passed for start_position 876 and length 6
Passed for start_position 876 and length 8
Passed for start_position 876 and length 10
Passed for start_position 876 and length 12
Passed for start_position 876 and length 14
Passed for start_position 876 and length 16
Passed for start_position 876 and length 18
Passed for start_position 876 and length 20
Passed for start_position 876 and length 22
Passed for start_position 876 and length 24
Passed for start_position 876 and length 26
Passed for start_position 876 and length 28
Passed for start_position 876 and length 30
Passed for start_position 876 and length 32
Passed for start_position 876 and length 34
Passed for start_position 876 and length 36
Passed for start_position 876 and length 38
Passed for start_position 876 and length 40
Passed for start_position 876 and length 42
Passed for start_position 876 and length 44
Passed for start_position 876 and length 46
Passed for start_position 876 and length 48
Passed for start_position 876 and length 50
Passed for start_position 876 and length 52
Passed for start_position 876 and length 54
Passed for start_position 876 and length 56
Passed for start_position 876 and length 58
Passed for start_position 876 and length 60
Passed for start_position 876 and length 62
Passed for start_position 876 and length 64
Passed for start_position 876 and length 66
Passed for start_position 876 and length 68
Passed for start_position 876 and length 70
Passed for start_position 876 and length 72
Passed for start_position 876 and length 74
Passed for start_position 876 and length 76
Passed for start_position 876 and length 78
Passed for start_position 876 and length 80
Passed for start_position 876 and length 82
Passed for start_position 876 and length 84
Passed for start_position 876 and length 86
Passed for start_position 876 and length 88
Passed for start_position 876 and length 90
Passed for start_position 876 and length 92
Passed for start_position 876 and length 94
Passed for start_position 876 and length 96
Passed for start_position 876 and length 98
Passed for start_position 876 and length 100
Passed for start_position 877 and length 2
Passed for start_position 877 and length 4
Passed for start_position 877 and length 6
Passed for start_position 877 and length 8
Passed for start_position 877 and length 10
Passed for start_position 877 and length 12
Passed for start_position 877 and length 14
Passed for start_position 877 and length 16
Passed for start_position 877 and length 18
Passed for start_position 877 and length 20
Passed for start_position 877 and length 22
Passed for start_position 877 and length 24
Passed for start_position 877 and length 26
Passed for start_position 877 and length 28
Passed for start_position 877 and length 30
Passed for start_position 877 and length 32
Passed for start_position 877 and length 34
Passed for start_position 877 and length 36
Passed for start_position 877 and length 38
Passed for start_position 877 and length 40
Passed for start_position 877 and length 42
Passed for start_position 877 and length 44
Passed for start_position 877 and length 46
Passed for start_position 877 and length 48
Passed for start_position 877 and length 50
Passed for start_position 877 and length 52
Passed for start_position 877 and length 54
Passed for start_position 877 and length 56
Passed for start_position 877 and length 58
Passed for start_position 877 and length 60
Passed for start_position 877 and length 62
Passed for start_position 877 and length 64
Passed for start_position 877 and length 66
Passed for start_position 877 and length 68
Passed for start_position 877 and length 70
Passed for start_position 877 and length 72
Passed for start_position 877 and length 74
Passed for start_position 877 and length 76
Passed for start_position 877 and length 78
Passed for start_position 877 and length 80
Passed for start_position 877 and length 82
Passed for start_position 877 and length 84
Passed for start_position 877 and length 86
Passed for start_position 877 and length 88
Passed for start_position 877 and length 90
Passed for start_position 877 and length 92
Passed for start_position 877 and length 94
Passed for start_position 877 and length 96
Passed for start_position 877 and length 98
Passed for start_position 877 and length 100
Passed for start_position 878 and length 2
Passed for start_position 878 and length 4
Passed for start_position 878 and length 6
Passed for start_position 878 and length 8
Passed for start_position 878 and length 10
Passed for start_position 878 and length 12
Passed for start_position 878 and length 14
Passed for start_position 878 and length 16
Passed for start_position 878 and length 18
Passed for start_position 878 and length 20
Passed for start_position 878 and length 22
Passed for start_position 878 and length 24
Passed for start_position 878 and length 26
Passed for start_position 878 and length 28
Passed for start_position 878 and length 30
Passed for start_position 878 and length 32
Passed for start_position 878 and length 34
Passed for start_position 878 and length 36
Passed for start_position 878 and length 38
Passed for start_position 878 and length 40
Passed for start_position 878 and length 42
Passed for start_position 878 and length 44
Passed for start_position 878 and length 46
Passed for start_position 878 and length 48
Passed for start_position 878 and length 50
Passed for start_position 878 and length 52
Passed for start_position 878 and length 54
Passed for start_position 878 and length 56
Passed for start_position 878 and length 58
Passed for start_position 878 and length 60
Passed for start_position 878 and length 62
Passed for start_position 878 and length 64
Passed for start_position 878 and length 66
Passed for start_position 878 and length 68
Passed for start_position 878 and length 70
Passed for start_position 878 and length 72
Passed for start_position 878 and length 74
Passed for start_position 878 and length 76
Passed for start_position 878 and length 78
Passed for start_position 878 and length 80
Passed for start_position 878 and length 82
Passed for start_position 878 and length 84
Passed for start_position 878 and length 86
Passed for start_position 878 and length 88
Passed for start_position 878 and length 90
Passed for start_position 878 and length 92
Passed for start_position 878 and length 94
Passed for start_position 878 and length 96
Passed for start_position 878 and length 98
Passed for start_position 878 and length 100
Passed for start_position 879 and length 2
Passed for start_position 879 and length 4
Passed for start_position 879 and length 6
Passed for start_position 879 and length 8
Passed for start_position 879 and length 10
Passed for start_position 879 and length 12
Passed for start_position 879 and length 14
Passed for start_position 879 and length 16
Passed for start_position 879 and length 18
Passed for start_position 879 and length 20
Passed for start_position 879 and length 22
Passed for start_position 879 and length 24
Passed for start_position 879 and length 26
Passed for start_position 879 and length 28
Passed for start_position 879 and length 30
Passed for start_position 879 and length 32
Passed for start_position 879 and length 34
Passed for start_position 879 and length 36
Passed for start_position 879 and length 38
Passed for start_position 879 and length 40
Passed for start_position 879 and length 42
Passed for start_position 879 and length 44
Passed for start_position 879 and length 46
Passed for start_position 879 and length 48
Passed for start_position 879 and length 50
Passed for start_position 879 and length 52
Passed for start_position 879 and length 54
Passed for start_position 879 and length 56
Passed for start_position 879 and length 58
Passed for start_position 879 and length 60
Passed for start_position 879 and length 62
Passed for start_position 879 and length 64
Passed for start_position 879 and length 66
Passed for start_position 879 and length 68
Passed for start_position 879 and length 70
Passed for start_position 879 and length 72
Passed for start_position 879 and length 74
Passed for start_position 879 and length 76
Passed for start_position 879 and length 78
Passed for start_position 879 and length 80
Passed for start_position 879 and length 82
Passed for start_position 879 and length 84
Passed for start_position 879 and length 86
Passed for start_position 879 and length 88
Passed for start_position 879 and length 90
Passed for start_position 879 and length 92
Passed for start_position 879 and length 94
Passed for start_position 879 and length 96
Passed for start_position 879 and length 98
Passed for start_position 879 and length 100
Passed for start_position 880 and length 2
Passed for start_position 880 and length 4
Passed for start_position 880 and length 6
Passed for start_position 880 and length 8
Passed for start_position 880 and length 10
Passed for start_position 880 and length 12
Passed for start_position 880 and length 14
Passed for start_position 880 and length 16
Passed for start_position 880 and length 18
Passed for start_position 880 and length 20
Passed for start_position 880 and length 22
Passed for start_position 880 and length 24
Passed for start_position 880 and length 26
Passed for start_position 880 and length 28
Passed for start_position 880 and length 30
Passed for start_position 880 and length 32
Passed for start_position 880 and length 34
Passed for start_position 880 and length 36
Passed for start_position 880 and length 38
Passed for start_position 880 and length 40
Passed for start_position 880 and length 42
Passed for start_position 880 and length 44
Passed for start_position 880 and length 46
Passed for start_position 880 and length 48
Passed for start_position 880 and length 50
Passed for start_position 880 and length 52
Passed for start_position 880 and length 54
Passed for start_position 880 and length 56
Passed for start_position 880 and length 58
Passed for start_position 880 and length 60
Passed for start_position 880 and length 62
Passed for start_position 880 and length 64
Passed for start_position 880 and length 66
Passed for start_position 880 and length 68
Passed for start_position 880 and length 70
Passed for start_position 880 and length 72
Passed for start_position 880 and length 74
Passed for start_position 880 and length 76
Passed for start_position 880 and length 78
Passed for start_position 880 and length 80
Passed for start_position 880 and length 82
Passed for start_position 880 and length 84
Passed for start_position 880 and length 86
Passed for start_position 880 and length 88
Passed for start_position 880 and length 90
Passed for start_position 880 and length 92
Passed for start_position 880 and length 94
Passed for start_position 880 and length 96
Passed for start_position 880 and length 98
Passed for start_position 880 and length 100
Passed for start_position 881 and length 2
Passed for start_position 881 and length 4
Passed for start_position 881 and length 6
Passed for start_position 881 and length 8
Passed for start_position 881 and length 10
Passed for start_position 881 and length 12
Passed for start_position 881 and length 14
Passed for start_position 881 and length 16
Passed for start_position 881 and length 18
Passed for start_position 881 and length 20
Passed for start_position 881 and length 22
Passed for start_position 881 and length 24
Passed for start_position 881 and length 26
Passed for start_position 881 and length 28
Passed for start_position 881 and length 30
Passed for start_position 881 and length 32
Passed for start_position 881 and length 34
Passed for start_position 881 and length 36
Passed for start_position 881 and length 38
Passed for start_position 881 and length 40
Passed for start_position 881 and length 42
Passed for start_position 881 and length 44
Passed for start_position 881 and length 46
Passed for start_position 881 and length 48
Passed for start_position 881 and length 50
Passed for start_position 881 and length 52
Passed for start_position 881 and length 54
Passed for start_position 881 and length 56
Passed for start_position 881 and length 58
Passed for start_position 881 and length 60
Passed for start_position 881 and length 62
Passed for start_position 881 and length 64
Passed for start_position 881 and length 66
Passed for start_position 881 and length 68
Passed for start_position 881 and length 70
Passed for start_position 881 and length 72
Passed for start_position 881 and length 74
Passed for start_position 881 and length 76
Passed for start_position 881 and length 78
Passed for start_position 881 and length 80
Passed for start_position 881 and length 82
Passed for start_position 881 and length 84
Passed for start_position 881 and length 86
Passed for start_position 881 and length 88
Passed for start_position 881 and length 90
Passed for start_position 881 and length 92
Passed for start_position 881 and length 94
Passed for start_position 881 and length 96
Passed for start_position 881 and length 98
Passed for start_position 881 and length 100
Passed for start_position 882 and length 2
Passed for start_position 882 and length 4
Passed for start_position 882 and length 6
Passed for start_position 882 and length 8
Passed for start_position 882 and length 10
Passed for start_position 882 and length 12
Passed for start_position 882 and length 14
Passed for start_position 882 and length 16
Passed for start_position 882 and length 18
Passed for start_position 882 and length 20
Passed for start_position 882 and length 22
Passed for start_position 882 and length 24
Passed for start_position 882 and length 26
Passed for start_position 882 and length 28
Passed for start_position 882 and length 30
Passed for start_position 882 and length 32
Passed for start_position 882 and length 34
Passed for start_position 882 and length 36
Passed for start_position 882 and length 38
Passed for start_position 882 and length 40
Passed for start_position 882 and length 42
Passed for start_position 882 and length 44
Passed for start_position 882 and length 46
Passed for start_position 882 and length 48
Passed for start_position 882 and length 50
Passed for start_position 882 and length 52
Passed for start_position 882 and length 54
Passed for start_position 882 and length 56
Passed for start_position 882 and length 58
Passed for start_position 882 and length 60
Passed for start_position 882 and length 62
Passed for start_position 882 and length 64
Passed for start_position 882 and length 66
Passed for start_position 882 and length 68
Passed for start_position 882 and length 70
Passed for start_position 882 and length 72
Passed for start_position 882 and length 74
Passed for start_position 882 and length 76
Passed for start_position 882 and length 78
Passed for start_position 882 and length 80
Passed for start_position 882 and length 82
Passed for start_position 882 and length 84
Passed for start_position 882 and length 86
Passed for start_position 882 and length 88
Passed for start_position 882 and length 90
Passed for start_position 882 and length 92
Passed for start_position 882 and length 94
Passed for start_position 882 and length 96
Passed for start_position 882 and length 98
Passed for start_position 882 and length 100
Passed for start_position 883 and length 2
Passed for start_position 883 and length 4
Passed for start_position 883 and length 6
Passed for start_position 883 and length 8
Passed for start_position 883 and length 10
Passed for start_position 883 and length 12
Passed for start_position 883 and length 14
Passed for start_position 883 and length 16
Passed for start_position 883 and length 18
Passed for start_position 883 and length 20
Passed for start_position 883 and length 22
Passed for start_position 883 and length 24
Passed for start_position 883 and length 26
Passed for start_position 883 and length 28
Passed for start_position 883 and length 30
Passed for start_position 883 and length 32
Passed for start_position 883 and length 34
Passed for start_position 883 and length 36
Passed for start_position 883 and length 38
Passed for start_position 883 and length 40
Passed for start_position 883 and length 42
Passed for start_position 883 and length 44
Passed for start_position 883 and length 46
Passed for start_position 883 and length 48
Passed for start_position 883 and length 50
Passed for start_position 883 and length 52
Passed for start_position 883 and length 54
Passed for start_position 883 and length 56
Passed for start_position 883 and length 58
Passed for start_position 883 and length 60
Passed for start_position 883 and length 62
Passed for start_position 883 and length 64
Passed for start_position 883 and length 66
Passed for start_position 883 and length 68
Passed for start_position 883 and length 70
Passed for start_position 883 and length 72
Passed for start_position 883 and length 74
Passed for start_position 883 and length 76
Passed for start_position 883 and length 78
Passed for start_position 883 and length 80
Passed for start_position 883 and length 82
Passed for start_position 883 and length 84
Passed for start_position 883 and length 86
Passed for start_position 883 and length 88
Passed for start_position 883 and length 90
Passed for start_position 883 and length 92
Passed for start_position 883 and length 94
Passed for start_position 883 and length 96
Passed for start_position 883 and length 98
Passed for start_position 883 and length 100
Passed for start_position 884 and length 2
Passed for start_position 884 and length 4
Passed for start_position 884 and length 6
Passed for start_position 884 and length 8
Passed for start_position 884 and length 10
Passed for start_position 884 and length 12
Passed for start_position 884 and length 14
Passed for start_position 884 and length 16
Passed for start_position 884 and length 18
Passed for start_position 884 and length 20
Passed for start_position 884 and length 22
Passed for start_position 884 and length 24
Passed for start_position 884 and length 26
Passed for start_position 884 and length 28
Passed for start_position 884 and length 30
Passed for start_position 884 and length 32
Passed for start_position 884 and length 34
Passed for start_position 884 and length 36
Passed for start_position 884 and length 38
Passed for start_position 884 and length 40
Passed for start_position 884 and length 42
Passed for start_position 884 and length 44
Passed for start_position 884 and length 46
Passed for start_position 884 and length 48
Passed for start_position 884 and length 50
Passed for start_position 884 and length 52
Passed for start_position 884 and length 54
Passed for start_position 884 and length 56
Passed for start_position 884 and length 58
Passed for start_position 884 and length 60
Passed for start_position 884 and length 62
Passed for start_position 884 and length 64
Passed for start_position 884 and length 66
Passed for start_position 884 and length 68
Passed for start_position 884 and length 70
Passed for start_position 884 and length 72
Passed for start_position 884 and length 74
Passed for start_position 884 and length 76
Passed for start_position 884 and length 78
Passed for start_position 884 and length 80
Passed for start_position 884 and length 82
Passed for start_position 884 and length 84
Passed for start_position 884 and length 86
Passed for start_position 884 and length 88
Passed for start_position 884 and length 90
Passed for start_position 884 and length 92
Passed for start_position 884 and length 94
Passed for start_position 884 and length 96
Passed for start_position 884 and length 98
Passed for start_position 884 and length 100
Passed for start_position 885 and length 2
Passed for start_position 885 and length 4
Passed for start_position 885 and length 6
Passed for start_position 885 and length 8
Passed for start_position 885 and length 10
Passed for start_position 885 and length 12
Passed for start_position 885 and length 14
Passed for start_position 885 and length 16
Passed for start_position 885 and length 18
Passed for start_position 885 and length 20
Passed for start_position 885 and length 22
Passed for start_position 885 and length 24
Passed for start_position 885 and length 26
Passed for start_position 885 and length 28
Passed for start_position 885 and length 30
Passed for start_position 885 and length 32
Passed for start_position 885 and length 34
Passed for start_position 885 and length 36
Passed for start_position 885 and length 38
Passed for start_position 885 and length 40
Passed for start_position 885 and length 42
Passed for start_position 885 and length 44
Passed for start_position 885 and length 46
Passed for start_position 885 and length 48
Passed for start_position 885 and length 50
Passed for start_position 885 and length 52
Passed for start_position 885 and length 54
Passed for start_position 885 and length 56
Passed for start_position 885 and length 58
Passed for start_position 885 and length 60
Passed for start_position 885 and length 62
Passed for start_position 885 and length 64
Passed for start_position 885 and length 66
Passed for start_position 885 and length 68
Passed for start_position 885 and length 70
Passed for start_position 885 and length 72
Passed for start_position 885 and length 74
Passed for start_position 885 and length 76
Passed for start_position 885 and length 78
Passed for start_position 885 and length 80
Passed for start_position 885 and length 82
Passed for start_position 885 and length 84
Passed for start_position 885 and length 86
Passed for start_position 885 and length 88
Passed for start_position 885 and length 90
Passed for start_position 885 and length 92
Passed for start_position 885 and length 94
Passed for start_position 885 and length 96
Passed for start_position 885 and length 98
Passed for start_position 885 and length 100
Passed for start_position 886 and length 2
Passed for start_position 886 and length 4
Passed for start_position 886 and length 6
Passed for start_position 886 and length 8
Passed for start_position 886 and length 10
Passed for start_position 886 and length 12
Passed for start_position 886 and length 14
Passed for start_position 886 and length 16
Passed for start_position 886 and length 18
Passed for start_position 886 and length 20
Passed for start_position 886 and length 22
Passed for start_position 886 and length 24
Passed for start_position 886 and length 26
Passed for start_position 886 and length 28
Passed for start_position 886 and length 30
Passed for start_position 886 and length 32
Passed for start_position 886 and length 34
Passed for start_position 886 and length 36
Passed for start_position 886 and length 38
Passed for start_position 886 and length 40
Passed for start_position 886 and length 42
Passed for start_position 886 and length 44
Passed for start_position 886 and length 46
Passed for start_position 886 and length 48
Passed for start_position 886 and length 50
Passed for start_position 886 and length 52
Passed for start_position 886 and length 54
Passed for start_position 886 and length 56
Passed for start_position 886 and length 58
Passed for start_position 886 and length 60
Passed for start_position 886 and length 62
Passed for start_position 886 and length 64
Passed for start_position 886 and length 66
Passed for start_position 886 and length 68
Passed for start_position 886 and length 70
Passed for start_position 886 and length 72
Passed for start_position 886 and length 74
Passed for start_position 886 and length 76
Passed for start_position 886 and length 78
Passed for start_position 886 and length 80
Passed for start_position 886 and length 82
Passed for start_position 886 and length 84
Passed for start_position 886 and length 86
Passed for start_position 886 and length 88
Passed for start_position 886 and length 90
Passed for start_position 886 and length 92
Passed for start_position 886 and length 94
Passed for start_position 886 and length 96
Passed for start_position 886 and length 98
Passed for start_position 886 and length 100
Passed for start_position 887 and length 2
Passed for start_position 887 and length 4
Passed for start_position 887 and length 6
Passed for start_position 887 and length 8
Passed for start_position 887 and length 10
Passed for start_position 887 and length 12
Passed for start_position 887 and length 14
Passed for start_position 887 and length 16
Passed for start_position 887 and length 18
Passed for start_position 887 and length 20
Passed for start_position 887 and length 22
Passed for start_position 887 and length 24
Passed for start_position 887 and length 26
Passed for start_position 887 and length 28
Passed for start_position 887 and length 30
Passed for start_position 887 and length 32
Passed for start_position 887 and length 34
Passed for start_position 887 and length 36
Passed for start_position 887 and length 38
Passed for start_position 887 and length 40
Passed for start_position 887 and length 42
Passed for start_position 887 and length 44
Passed for start_position 887 and length 46
Passed for start_position 887 and length 48
Passed for start_position 887 and length 50
Passed for start_position 887 and length 52
Passed for start_position 887 and length 54
Passed for start_position 887 and length 56
Passed for start_position 887 and length 58
Passed for start_position 887 and length 60
Passed for start_position 887 and length 62
Passed for start_position 887 and length 64
Passed for start_position 887 and length 66
Passed for start_position 887 and length 68
Passed for start_position 887 and length 70
Passed for start_position 887 and length 72
Passed for start_position 887 and length 74
Passed for start_position 887 and length 76
Passed for start_position 887 and length 78
Passed for start_position 887 and length 80
Passed for start_position 887 and length 82
Passed for start_position 887 and length 84
Passed for start_position 887 and length 86
Passed for start_position 887 and length 88
Passed for start_position 887 and length 90
Passed for start_position 887 and length 92
Passed for start_position 887 and length 94
Passed for start_position 887 and length 96
Passed for start_position 887 and length 98
Passed for start_position 887 and length 100
Passed for start_position 888 and length 2
Passed for start_position 888 and length 4
Passed for start_position 888 and length 6
Passed for start_position 888 and length 8
Passed for start_position 888 and length 10
Passed for start_position 888 and length 12
Passed for start_position 888 and length 14
Passed for start_position 888 and length 16
Passed for start_position 888 and length 18
Passed for start_position 888 and length 20
Passed for start_position 888 and length 22
Passed for start_position 888 and length 24
Passed for start_position 888 and length 26
Passed for start_position 888 and length 28
Passed for start_position 888 and length 30
Passed for start_position 888 and length 32
Passed for start_position 888 and length 34
Passed for start_position 888 and length 36
Passed for start_position 888 and length 38
Passed for start_position 888 and length 40
Passed for start_position 888 and length 42
Passed for start_position 888 and length 44
Passed for start_position 888 and length 46
Passed for start_position 888 and length 48
Passed for start_position 888 and length 50
Passed for start_position 888 and length 52
Passed for start_position 888 and length 54
Passed for start_position 888 and length 56
Passed for start_position 888 and length 58
Passed for start_position 888 and length 60
Passed for start_position 888 and length 62
Passed for start_position 888 and length 64
Passed for start_position 888 and length 66
Passed for start_position 888 and length 68
Passed for start_position 888 and length 70
Passed for start_position 888 and length 72
Passed for start_position 888 and length 74
Passed for start_position 888 and length 76
Passed for start_position 888 and length 78
Passed for start_position 888 and length 80
Passed for start_position 888 and length 82
Passed for start_position 888 and length 84
Passed for start_position 888 and length 86
Passed for start_position 888 and length 88
Passed for start_position 888 and length 90
Passed for start_position 888 and length 92
Passed for start_position 888 and length 94
Passed for start_position 888 and length 96
Passed for start_position 888 and length 98
Passed for start_position 888 and length 100
Passed for start_position 889 and length 2
Passed for start_position 889 and length 4
Passed for start_position 889 and length 6
Passed for start_position 889 and length 8
Passed for start_position 889 and length 10
Passed for start_position 889 and length 12
Passed for start_position 889 and length 14
Passed for start_position 889 and length 16
Passed for start_position 889 and length 18
Passed for start_position 889 and length 20
Passed for start_position 889 and length 22
Passed for start_position 889 and length 24
Passed for start_position 889 and length 26
Passed for start_position 889 and length 28
Passed for start_position 889 and length 30
Passed for start_position 889 and length 32
Passed for start_position 889 and length 34
Passed for start_position 889 and length 36
Passed for start_position 889 and length 38
Passed for start_position 889 and length 40
Passed for start_position 889 and length 42
Passed for start_position 889 and length 44
Passed for start_position 889 and length 46
Passed for start_position 889 and length 48
Passed for start_position 889 and length 50
Passed for start_position 889 and length 52
Passed for start_position 889 and length 54
Passed for start_position 889 and length 56
Passed for start_position 889 and length 58
Passed for start_position 889 and length 60
Passed for start_position 889 and length 62
Passed for start_position 889 and length 64
Passed for start_position 889 and length 66
Passed for start_position 889 and length 68
Passed for start_position 889 and length 70
Passed for start_position 889 and length 72
Passed for start_position 889 and length 74
Passed for start_position 889 and length 76
Passed for start_position 889 and length 78
Passed for start_position 889 and length 80
Passed for start_position 889 and length 82
Passed for start_position 889 and length 84
Passed for start_position 889 and length 86
Passed for start_position 889 and length 88
Passed for start_position 889 and length 90
Passed for start_position 889 and length 92
Passed for start_position 889 and length 94
Passed for start_position 889 and length 96
Passed for start_position 889 and length 98
Passed for start_position 889 and length 100
Passed for start_position 890 and length 2
Passed for start_position 890 and length 4
Passed for start_position 890 and length 6
Passed for start_position 890 and length 8
Passed for start_position 890 and length 10
Passed for start_position 890 and length 12
Passed for start_position 890 and length 14
Passed for start_position 890 and length 16
Passed for start_position 890 and length 18
Passed for start_position 890 and length 20
Passed for start_position 890 and length 22
Passed for start_position 890 and length 24
Passed for start_position 890 and length 26
Passed for start_position 890 and length 28
Passed for start_position 890 and length 30
Passed for start_position 890 and length 32
Passed for start_position 890 and length 34
Passed for start_position 890 and length 36
Passed for start_position 890 and length 38
Passed for start_position 890 and length 40
Passed for start_position 890 and length 42
Passed for start_position 890 and length 44
Passed for start_position 890 and length 46
Passed for start_position 890 and length 48
Passed for start_position 890 and length 50
Passed for start_position 890 and length 52
Passed for start_position 890 and length 54
Passed for start_position 890 and length 56
Passed for start_position 890 and length 58
Passed for start_position 890 and length 60
Passed for start_position 890 and length 62
Passed for start_position 890 and length 64
Passed for start_position 890 and length 66
Passed for start_position 890 and length 68
Passed for start_position 890 and length 70
Passed for start_position 890 and length 72
Passed for start_position 890 and length 74
Passed for start_position 890 and length 76
Passed for start_position 890 and length 78
Passed for start_position 890 and length 80
Passed for start_position 890 and length 82
Passed for start_position 890 and length 84
Passed for start_position 890 and length 86
Passed for start_position 890 and length 88
Passed for start_position 890 and length 90
Passed for start_position 890 and length 92
Passed for start_position 890 and length 94
Passed for start_position 890 and length 96
Passed for start_position 890 and length 98
Passed for start_position 890 and length 100
Passed for start_position 891 and length 2
Passed for start_position 891 and length 4
Passed for start_position 891 and length 6
Passed for start_position 891 and length 8
Passed for start_position 891 and length 10
Passed for start_position 891 and length 12
Passed for start_position 891 and length 14
Passed for start_position 891 and length 16
Passed for start_position 891 and length 18
Passed for start_position 891 and length 20
Passed for start_position 891 and length 22
Passed for start_position 891 and length 24
Passed for start_position 891 and length 26
Passed for start_position 891 and length 28
Passed for start_position 891 and length 30
Passed for start_position 891 and length 32
Passed for start_position 891 and length 34
Passed for start_position 891 and length 36
Passed for start_position 891 and length 38
Passed for start_position 891 and length 40
Passed for start_position 891 and length 42
Passed for start_position 891 and length 44
Passed for start_position 891 and length 46
Passed for start_position 891 and length 48
Passed for start_position 891 and length 50
Passed for start_position 891 and length 52
Passed for start_position 891 and length 54
Passed for start_position 891 and length 56
Passed for start_position 891 and length 58
Passed for start_position 891 and length 60
Passed for start_position 891 and length 62
Passed for start_position 891 and length 64
Passed for start_position 891 and length 66
Passed for start_position 891 and length 68
Passed for start_position 891 and length 70
Passed for start_position 891 and length 72
Passed for start_position 891 and length 74
Passed for start_position 891 and length 76
Passed for start_position 891 and length 78
Passed for start_position 891 and length 80
Passed for start_position 891 and length 82
Passed for start_position 891 and length 84
Passed for start_position 891 and length 86
Passed for start_position 891 and length 88
Passed for start_position 891 and length 90
Passed for start_position 891 and length 92
Passed for start_position 891 and length 94
Passed for start_position 891 and length 96
Passed for start_position 891 and length 98
Passed for start_position 891 and length 100
Passed for start_position 892 and length 2
Passed for start_position 892 and length 4
Passed for start_position 892 and length 6
Passed for start_position 892 and length 8
Passed for start_position 892 and length 10
Passed for start_position 892 and length 12
Passed for start_position 892 and length 14
Passed for start_position 892 and length 16
Passed for start_position 892 and length 18
Passed for start_position 892 and length 20
Passed for start_position 892 and length 22
Passed for start_position 892 and length 24
Passed for start_position 892 and length 26
Passed for start_position 892 and length 28
Passed for start_position 892 and length 30
Passed for start_position 892 and length 32
Passed for start_position 892 and length 34
Passed for start_position 892 and length 36
Passed for start_position 892 and length 38
Passed for start_position 892 and length 40
Passed for start_position 892 and length 42
Passed for start_position 892 and length 44
Passed for start_position 892 and length 46
Passed for start_position 892 and length 48
Passed for start_position 892 and length 50
Passed for start_position 892 and length 52
Passed for start_position 892 and length 54
Passed for start_position 892 and length 56
Passed for start_position 892 and length 58
Passed for start_position 892 and length 60
Passed for start_position 892 and length 62
Passed for start_position 892 and length 64
Passed for start_position 892 and length 66
Passed for start_position 892 and length 68
Passed for start_position 892 and length 70
Passed for start_position 892 and length 72
Passed for start_position 892 and length 74
Passed for start_position 892 and length 76
Passed for start_position 892 and length 78
Passed for start_position 892 and length 80
Passed for start_position 892 and length 82
Passed for start_position 892 and length 84
Passed for start_position 892 and length 86
Passed for start_position 892 and length 88
Passed for start_position 892 and length 90
Passed for start_position 892 and length 92
Passed for start_position 892 and length 94
Passed for start_position 892 and length 96
Passed for start_position 892 and length 98
Passed for start_position 892 and length 100
Passed for start_position 893 and length 2
Passed for start_position 893 and length 4
Passed for start_position 893 and length 6
Passed for start_position 893 and length 8
Passed for start_position 893 and length 10
Passed for start_position 893 and length 12
Passed for start_position 893 and length 14
Passed for start_position 893 and length 16
Passed for start_position 893 and length 18
Passed for start_position 893 and length 20
Passed for start_position 893 and length 22
Passed for start_position 893 and length 24
Passed for start_position 893 and length 26
Passed for start_position 893 and length 28
Passed for start_position 893 and length 30
Passed for start_position 893 and length 32
Passed for start_position 893 and length 34
Passed for start_position 893 and length 36
Passed for start_position 893 and length 38
Passed for start_position 893 and length 40
Passed for start_position 893 and length 42
Passed for start_position 893 and length 44
Passed for start_position 893 and length 46
Passed for start_position 893 and length 48
Passed for start_position 893 and length 50
Passed for start_position 893 and length 52
Passed for start_position 893 and length 54
Passed for start_position 893 and length 56
Passed for start_position 893 and length 58
Passed for start_position 893 and length 60
Passed for start_position 893 and length 62
Passed for start_position 893 and length 64
Passed for start_position 893 and length 66
Passed for start_position 893 and length 68
Passed for start_position 893 and length 70
Passed for start_position 893 and length 72
Passed for start_position 893 and length 74
Passed for start_position 893 and length 76
Passed for start_position 893 and length 78
Passed for start_position 893 and length 80
Passed for start_position 893 and length 82
Passed for start_position 893 and length 84
Passed for start_position 893 and length 86
Passed for start_position 893 and length 88
Passed for start_position 893 and length 90
Passed for start_position 893 and length 92
Passed for start_position 893 and length 94
Passed for start_position 893 and length 96
Passed for start_position 893 and length 98
Passed for start_position 893 and length 100
Passed for start_position 894 and length 2
Passed for start_position 894 and length 4
Passed for start_position 894 and length 6
Passed for start_position 894 and length 8
Passed for start_position 894 and length 10
Passed for start_position 894 and length 12
Passed for start_position 894 and length 14
Passed for start_position 894 and length 16
Passed for start_position 894 and length 18
Passed for start_position 894 and length 20
Passed for start_position 894 and length 22
Passed for start_position 894 and length 24
Passed for start_position 894 and length 26
Passed for start_position 894 and length 28
Passed for start_position 894 and length 30
Passed for start_position 894 and length 32
Passed for start_position 894 and length 34
Passed for start_position 894 and length 36
Passed for start_position 894 and length 38
Passed for start_position 894 and length 40
Passed for start_position 894 and length 42
Passed for start_position 894 and length 44
Passed for start_position 894 and length 46
Passed for start_position 894 and length 48
Passed for start_position 894 and length 50
Passed for start_position 894 and length 52
Passed for start_position 894 and length 54
Passed for start_position 894 and length 56
Passed for start_position 894 and length 58
Passed for start_position 894 and length 60
Passed for start_position 894 and length 62
Passed for start_position 894 and length 64
Passed for start_position 894 and length 66
Passed for start_position 894 and length 68
Passed for start_position 894 and length 70
Passed for start_position 894 and length 72
Passed for start_position 894 and length 74
Passed for start_position 894 and length 76
Passed for start_position 894 and length 78
Passed for start_position 894 and length 80
Passed for start_position 894 and length 82
Passed for start_position 894 and length 84
Passed for start_position 894 and length 86
Passed for start_position 894 and length 88
Passed for start_position 894 and length 90
Passed for start_position 894 and length 92
Passed for start_position 894 and length 94
Passed for start_position 894 and length 96
Passed for start_position 894 and length 98
Passed for start_position 894 and length 100
Passed for start_position 895 and length 2
Passed for start_position 895 and length 4
Passed for start_position 895 and length 6
Passed for start_position 895 and length 8
Passed for start_position 895 and length 10
Passed for start_position 895 and length 12
Passed for start_position 895 and length 14
Passed for start_position 895 and length 16
Passed for start_position 895 and length 18
Passed for start_position 895 and length 20
Passed for start_position 895 and length 22
Passed for start_position 895 and length 24
Passed for start_position 895 and length 26
Passed for start_position 895 and length 28
Passed for start_position 895 and length 30
Passed for start_position 895 and length 32
Passed for start_position 895 and length 34
Passed for start_position 895 and length 36
Passed for start_position 895 and length 38
Passed for start_position 895 and length 40
Passed for start_position 895 and length 42
Passed for start_position 895 and length 44
Passed for start_position 895 and length 46
Passed for start_position 895 and length 48
Passed for start_position 895 and length 50
Passed for start_position 895 and length 52
Passed for start_position 895 and length 54
Passed for start_position 895 and length 56
Passed for start_position 895 and length 58
Passed for start_position 895 and length 60
Passed for start_position 895 and length 62
Passed for start_position 895 and length 64
Passed for start_position 895 and length 66
Passed for start_position 895 and length 68
Passed for start_position 895 and length 70
Passed for start_position 895 and length 72
Passed for start_position 895 and length 74
Passed for start_position 895 and length 76
Passed for start_position 895 and length 78
Passed for start_position 895 and length 80
Passed for start_position 895 and length 82
Passed for start_position 895 and length 84
Passed for start_position 895 and length 86
Passed for start_position 895 and length 88
Passed for start_position 895 and length 90
Passed for start_position 895 and length 92
Passed for start_position 895 and length 94
Passed for start_position 895 and length 96
Passed for start_position 895 and length 98
Passed for start_position 895 and length 100
Passed for start_position 896 and length 2
Passed for start_position 896 and length 4
Passed for start_position 896 and length 6
Passed for start_position 896 and length 8
Passed for start_position 896 and length 10
Passed for start_position 896 and length 12
Passed for start_position 896 and length 14
Passed for start_position 896 and length 16
Passed for start_position 896 and length 18
Passed for start_position 896 and length 20
Passed for start_position 896 and length 22
Passed for start_position 896 and length 24
Passed for start_position 896 and length 26
Passed for start_position 896 and length 28
Passed for start_position 896 and length 30
Passed for start_position 896 and length 32
Passed for start_position 896 and length 34
Passed for start_position 896 and length 36
Passed for start_position 896 and length 38
Passed for start_position 896 and length 40
Passed for start_position 896 and length 42
Passed for start_position 896 and length 44
Passed for start_position 896 and length 46
Passed for start_position 896 and length 48
Passed for start_position 896 and length 50
Passed for start_position 896 and length 52
Passed for start_position 896 and length 54
Passed for start_position 896 and length 56
Passed for start_position 896 and length 58
Passed for start_position 896 and length 60
Passed for start_position 896 and length 62
Passed for start_position 896 and length 64
Passed for start_position 896 and length 66
Passed for start_position 896 and length 68
Passed for start_position 896 and length 70
Passed for start_position 896 and length 72
Passed for start_position 896 and length 74
Passed for start_position 896 and length 76
Passed for start_position 896 and length 78
Passed for start_position 896 and length 80
Passed for start_position 896 and length 82
Passed for start_position 896 and length 84
Passed for start_position 896 and length 86
Passed for start_position 896 and length 88
Passed for start_position 896 and length 90
Passed for start_position 896 and length 92
Passed for start_position 896 and length 94
Passed for start_position 896 and length 96
Passed for start_position 896 and length 98
Passed for start_position 896 and length 100
Passed for start_position 897 and length 2
Passed for start_position 897 and length 4
Passed for start_position 897 and length 6
Passed for start_position 897 and length 8
Passed for start_position 897 and length 10
Passed for start_position 897 and length 12
Passed for start_position 897 and length 14
Passed for start_position 897 and length 16
Passed for start_position 897 and length 18
Passed for start_position 897 and length 20
Passed for start_position 897 and length 22
Passed for start_position 897 and length 24
Passed for start_position 897 and length 26
Passed for start_position 897 and length 28
Passed for start_position 897 and length 30
Passed for start_position 897 and length 32
Passed for start_position 897 and length 34
Passed for start_position 897 and length 36
Passed for start_position 897 and length 38
Passed for start_position 897 and length 40
Passed for start_position 897 and length 42
Passed for start_position 897 and length 44
Passed for start_position 897 and length 46
Passed for start_position 897 and length 48
Passed for start_position 897 and length 50
Passed for start_position 897 and length 52
Passed for start_position 897 and length 54
Passed for start_position 897 and length 56
Passed for start_position 897 and length 58
Passed for start_position 897 and length 60
Passed for start_position 897 and length 62
Passed for start_position 897 and length 64
Passed for start_position 897 and length 66
Passed for start_position 897 and length 68
Passed for start_position 897 and length 70
Passed for start_position 897 and length 72
Passed for start_position 897 and length 74
Passed for start_position 897 and length 76
Passed for start_position 897 and length 78
Passed for start_position 897 and length 80
Passed for start_position 897 and length 82
Passed for start_position 897 and length 84
Passed for start_position 897 and length 86
Passed for start_position 897 and length 88
Passed for start_position 897 and length 90
Passed for start_position 897 and length 92
Passed for start_position 897 and length 94
Passed for start_position 897 and length 96
Passed for start_position 897 and length 98
Passed for start_position 897 and length 100
Passed for start_position 898 and length 2
Passed for start_position 898 and length 4
Passed for start_position 898 and length 6
Passed for start_position 898 and length 8
Passed for start_position 898 and length 10
Passed for start_position 898 and length 12
Passed for start_position 898 and length 14
Passed for start_position 898 and length 16
Passed for start_position 898 and length 18
Passed for start_position 898 and length 20
Passed for start_position 898 and length 22
Passed for start_position 898 and length 24
Passed for start_position 898 and length 26
Passed for start_position 898 and length 28
Passed for start_position 898 and length 30
Passed for start_position 898 and length 32
Passed for start_position 898 and length 34
Passed for start_position 898 and length 36
Passed for start_position 898 and length 38
Passed for start_position 898 and length 40
Passed for start_position 898 and length 42
Passed for start_position 898 and length 44
Passed for start_position 898 and length 46
Passed for start_position 898 and length 48
Passed for start_position 898 and length 50
Passed for start_position 898 and length 52
Passed for start_position 898 and length 54
Passed for start_position 898 and length 56
Passed for start_position 898 and length 58
Passed for start_position 898 and length 60
Passed for start_position 898 and length 62
Passed for start_position 898 and length 64
Passed for start_position 898 and length 66
Passed for start_position 898 and length 68
Passed for start_position 898 and length 70
Passed for start_position 898 and length 72
Passed for start_position 898 and length 74
Passed for start_position 898 and length 76
Passed for start_position 898 and length 78
Passed for start_position 898 and length 80
Passed for start_position 898 and length 82
Passed for start_position 898 and length 84
Passed for start_position 898 and length 86
Passed for start_position 898 and length 88
Passed for start_position 898 and length 90
Passed for start_position 898 and length 92
Passed for start_position 898 and length 94
Passed for start_position 898 and length 96
Passed for start_position 898 and length 98
Passed for start_position 898 and length 100
Passed for start_position 899 and length 2
Passed for start_position 899 and length 4
Passed for start_position 899 and length 6
Passed for start_position 899 and length 8
Passed for start_position 899 and length 10
Passed for start_position 899 and length 12
Passed for start_position 899 and length 14
Passed for start_position 899 and length 16
Passed for start_position 899 and length 18
Passed for start_position 899 and length 20
Passed for start_position 899 and length 22
Passed for start_position 899 and length 24
Passed for start_position 899 and length 26
Passed for start_position 899 and length 28
Passed for start_position 899 and length 30
Passed for start_position 899 and length 32
Passed for start_position 899 and length 34
Passed for start_position 899 and length 36
Passed for start_position 899 and length 38
Passed for start_position 899 and length 40
Passed for start_position 899 and length 42
Passed for start_position 899 and length 44
Passed for start_position 899 and length 46
Passed for start_position 899 and length 48
Passed for start_position 899 and length 50
Passed for start_position 899 and length 52
Passed for start_position 899 and length 54
Passed for start_position 899 and length 56
Passed for start_position 899 and length 58
Passed for start_position 899 and length 60
Passed for start_position 899 and length 62
Passed for start_position 899 and length 64
Passed for start_position 899 and length 66
Passed for start_position 899 and length 68
Passed for start_position 899 and length 70
Passed for start_position 899 and length 72
Passed for start_position 899 and length 74
Passed for start_position 899 and length 76
Passed for start_position 899 and length 78
Passed for start_position 899 and length 80
Passed for start_position 899 and length 82
Passed for start_position 899 and length 84
Passed for start_position 899 and length 86
Passed for start_position 899 and length 88
Passed for start_position 899 and length 90
Passed for start_position 899 and length 92
Passed for start_position 899 and length 94
Passed for start_position 899 and length 96
Passed for start_position 899 and length 98
Passed for start_position 899 and length 100
Passed for start_position 900 and length 2
Passed for start_position 900 and length 4
Passed for start_position 900 and length 6
Passed for start_position 900 and length 8
Passed for start_position 900 and length 10
Passed for start_position 900 and length 12
Passed for start_position 900 and length 14
Passed for start_position 900 and length 16
Passed for start_position 900 and length 18
Passed for start_position 900 and length 20
Passed for start_position 900 and length 22
Passed for start_position 900 and length 24
Passed for start_position 900 and length 26
Passed for start_position 900 and length 28
Passed for start_position 900 and length 30
Passed for start_position 900 and length 32
Passed for start_position 900 and length 34
Passed for start_position 900 and length 36
Passed for start_position 900 and length 38
Passed for start_position 900 and length 40
Passed for start_position 900 and length 42
Passed for start_position 900 and length 44
Passed for start_position 900 and length 46
Passed for start_position 900 and length 48
Passed for start_position 900 and length 50
Passed for start_position 900 and length 52
Passed for start_position 900 and length 54
Passed for start_position 900 and length 56
Passed for start_position 900 and length 58
Passed for start_position 900 and length 60
Passed for start_position 900 and length 62
Passed for start_position 900 and length 64
Passed for start_position 900 and length 66
Passed for start_position 900 and length 68
Passed for start_position 900 and length 70
Passed for start_position 900 and length 72
Passed for start_position 900 and length 74
Passed for start_position 900 and length 76
Passed for start_position 900 and length 78
Passed for start_position 900 and length 80
Passed for start_position 900 and length 82
Passed for start_position 900 and length 84
Passed for start_position 900 and length 86
Passed for start_position 900 and length 88
Passed for start_position 900 and length 90
Passed for start_position 900 and length 92
Passed for start_position 900 and length 94
Passed for start_position 900 and length 96
Passed for start_position 900 and length 98
Passed for start_position 900 and length 100
Passed for start_position 901 and length 2
Passed for start_position 901 and length 4
Passed for start_position 901 and length 6
Passed for start_position 901 and length 8
Passed for start_position 901 and length 10
Passed for start_position 901 and length 12
Passed for start_position 901 and length 14
Passed for start_position 901 and length 16
Passed for start_position 901 and length 18
Passed for start_position 901 and length 20
Passed for start_position 901 and length 22
Passed for start_position 901 and length 24
Passed for start_position 901 and length 26
Passed for start_position 901 and length 28
Passed for start_position 901 and length 30
Passed for start_position 901 and length 32
Passed for start_position 901 and length 34
Passed for start_position 901 and length 36
Passed for start_position 901 and length 38
Passed for start_position 901 and length 40
Passed for start_position 901 and length 42
Passed for start_position 901 and length 44
Passed for start_position 901 and length 46
Passed for start_position 901 and length 48
Passed for start_position 901 and length 50
Passed for start_position 901 and length 52
Passed for start_position 901 and length 54
Passed for start_position 901 and length 56
Passed for start_position 901 and length 58
Passed for start_position 901 and length 60
Passed for start_position 901 and length 62
Passed for start_position 901 and length 64
Passed for start_position 901 and length 66
Passed for start_position 901 and length 68
Passed for start_position 901 and length 70
Passed for start_position 901 and length 72
Passed for start_position 901 and length 74
Passed for start_position 901 and length 76
Passed for start_position 901 and length 78
Passed for start_position 901 and length 80
Passed for start_position 901 and length 82
Passed for start_position 901 and length 84
Passed for start_position 901 and length 86
Passed for start_position 901 and length 88
Passed for start_position 901 and length 90
Passed for start_position 901 and length 92
Passed for start_position 901 and length 94
Passed for start_position 901 and length 96
Passed for start_position 901 and length 98
Passed for start_position 901 and length 100
Passed for start_position 902 and length 2
Passed for start_position 902 and length 4
Passed for start_position 902 and length 6
Passed for start_position 902 and length 8
Passed for start_position 902 and length 10
Passed for start_position 902 and length 12
Passed for start_position 902 and length 14
Passed for start_position 902 and length 16
Passed for start_position 902 and length 18
Passed for start_position 902 and length 20
Passed for start_position 902 and length 22
Passed for start_position 902 and length 24
Passed for start_position 902 and length 26
Passed for start_position 902 and length 28
Passed for start_position 902 and length 30
Passed for start_position 902 and length 32
Passed for start_position 902 and length 34
Passed for start_position 902 and length 36
Passed for start_position 902 and length 38
Passed for start_position 902 and length 40
Passed for start_position 902 and length 42
Passed for start_position 902 and length 44
Passed for start_position 902 and length 46
Passed for start_position 902 and length 48
Passed for start_position 902 and length 50
Passed for start_position 902 and length 52
Passed for start_position 902 and length 54
Passed for start_position 902 and length 56
Passed for start_position 902 and length 58
Passed for start_position 902 and length 60
Passed for start_position 902 and length 62
Passed for start_position 902 and length 64
Passed for start_position 902 and length 66
Passed for start_position 902 and length 68
Passed for start_position 902 and length 70
Passed for start_position 902 and length 72
Passed for start_position 902 and length 74
Passed for start_position 902 and length 76
Passed for start_position 902 and length 78
Passed for start_position 902 and length 80
Passed for start_position 902 and length 82
Passed for start_position 902 and length 84
Passed for start_position 902 and length 86
Passed for start_position 902 and length 88
Passed for start_position 902 and length 90
Passed for start_position 902 and length 92
Passed for start_position 902 and length 94
Passed for start_position 902 and length 96
Passed for start_position 902 and length 98
Passed for start_position 902 and length 100
Passed for start_position 903 and length 2
Passed for start_position 903 and length 4
Passed for start_position 903 and length 6
Passed for start_position 903 and length 8
Passed for start_position 903 and length 10
Passed for start_position 903 and length 12
Passed for start_position 903 and length 14
Passed for start_position 903 and length 16
Passed for start_position 903 and length 18
Passed for start_position 903 and length 20
Passed for start_position 903 and length 22
Passed for start_position 903 and length 24
Passed for start_position 903 and length 26
Passed for start_position 903 and length 28
Passed for start_position 903 and length 30
Passed for start_position 903 and length 32
Passed for start_position 903 and length 34
Passed for start_position 903 and length 36
Passed for start_position 903 and length 38
Passed for start_position 903 and length 40
Passed for start_position 903 and length 42
Passed for start_position 903 and length 44
Passed for start_position 903 and length 46
Passed for start_position 903 and length 48
Passed for start_position 903 and length 50
Passed for start_position 903 and length 52
Passed for start_position 903 and length 54
Passed for start_position 903 and length 56
Passed for start_position 903 and length 58
Passed for start_position 903 and length 60
Passed for start_position 903 and length 62
Passed for start_position 903 and length 64
Passed for start_position 903 and length 66
Passed for start_position 903 and length 68
Passed for start_position 903 and length 70
Passed for start_position 903 and length 72
Passed for start_position 903 and length 74
Passed for start_position 903 and length 76
Passed for start_position 903 and length 78
Passed for start_position 903 and length 80
Passed for start_position 903 and length 82
Passed for start_position 903 and length 84
Passed for start_position 903 and length 86
Passed for start_position 903 and length 88
Passed for start_position 903 and length 90
Passed for start_position 903 and length 92
Passed for start_position 903 and length 94
Passed for start_position 903 and length 96
Passed for start_position 903 and length 98
Passed for start_position 903 and length 100
Passed for start_position 904 and length 2
Passed for start_position 904 and length 4
Passed for start_position 904 and length 6
Passed for start_position 904 and length 8
Passed for start_position 904 and length 10
Passed for start_position 904 and length 12
Passed for start_position 904 and length 14
Passed for start_position 904 and length 16
Passed for start_position 904 and length 18
Passed for start_position 904 and length 20
Passed for start_position 904 and length 22
Passed for start_position 904 and length 24
Passed for start_position 904 and length 26
Passed for start_position 904 and length 28
Passed for start_position 904 and length 30
Passed for start_position 904 and length 32
Passed for start_position 904 and length 34
Passed for start_position 904 and length 36
Passed for start_position 904 and length 38
Passed for start_position 904 and length 40
Passed for start_position 904 and length 42
Passed for start_position 904 and length 44
Passed for start_position 904 and length 46
Passed for start_position 904 and length 48
Passed for start_position 904 and length 50
Passed for start_position 904 and length 52
Passed for start_position 904 and length 54
Passed for start_position 904 and length 56
Passed for start_position 904 and length 58
Passed for start_position 904 and length 60
Passed for start_position 904 and length 62
Passed for start_position 904 and length 64
Passed for start_position 904 and length 66
Passed for start_position 904 and length 68
Passed for start_position 904 and length 70
Passed for start_position 904 and length 72
Passed for start_position 904 and length 74
Passed for start_position 904 and length 76
Passed for start_position 904 and length 78
Passed for start_position 904 and length 80
Passed for start_position 904 and length 82
Passed for start_position 904 and length 84
Passed for start_position 904 and length 86
Passed for start_position 904 and length 88
Passed for start_position 904 and length 90
Passed for start_position 904 and length 92
Passed for start_position 904 and length 94
Passed for start_position 904 and length 96
Passed for start_position 904 and length 98
Passed for start_position 904 and length 100
Passed for start_position 905 and length 2
Passed for start_position 905 and length 4
Passed for start_position 905 and length 6
Passed for start_position 905 and length 8
Passed for start_position 905 and length 10
Passed for start_position 905 and length 12
Passed for start_position 905 and length 14
Passed for start_position 905 and length 16
Passed for start_position 905 and length 18
Passed for start_position 905 and length 20
Passed for start_position 905 and length 22
Passed for start_position 905 and length 24
Passed for start_position 905 and length 26
Passed for start_position 905 and length 28
Passed for start_position 905 and length 30
Passed for start_position 905 and length 32
Passed for start_position 905 and length 34
Passed for start_position 905 and length 36
Passed for start_position 905 and length 38
Passed for start_position 905 and length 40
Passed for start_position 905 and length 42
Passed for start_position 905 and length 44
Passed for start_position 905 and length 46
Passed for start_position 905 and length 48
Passed for start_position 905 and length 50
Passed for start_position 905 and length 52
Passed for start_position 905 and length 54
Passed for start_position 905 and length 56
Passed for start_position 905 and length 58
Passed for start_position 905 and length 60
Passed for start_position 905 and length 62
Passed for start_position 905 and length 64
Passed for start_position 905 and length 66
Passed for start_position 905 and length 68
Passed for start_position 905 and length 70
Passed for start_position 905 and length 72
Passed for start_position 905 and length 74
Passed for start_position 905 and length 76
Passed for start_position 905 and length 78
Passed for start_position 905 and length 80
Passed for start_position 905 and length 82
Passed for start_position 905 and length 84
Passed for start_position 905 and length 86
Passed for start_position 905 and length 88
Passed for start_position 905 and length 90
Passed for start_position 905 and length 92
Passed for start_position 905 and length 94
Passed for start_position 905 and length 96
Passed for start_position 905 and length 98
Passed for start_position 905 and length 100
Passed for start_position 906 and length 2
Passed for start_position 906 and length 4
Passed for start_position 906 and length 6
Passed for start_position 906 and length 8
Passed for start_position 906 and length 10
Passed for start_position 906 and length 12
Passed for start_position 906 and length 14
Passed for start_position 906 and length 16
Passed for start_position 906 and length 18
Passed for start_position 906 and length 20
Passed for start_position 906 and length 22
Passed for start_position 906 and length 24
Passed for start_position 906 and length 26
Passed for start_position 906 and length 28
Passed for start_position 906 and length 30
Passed for start_position 906 and length 32
Passed for start_position 906 and length 34
Passed for start_position 906 and length 36
Passed for start_position 906 and length 38
Passed for start_position 906 and length 40
Passed for start_position 906 and length 42
Passed for start_position 906 and length 44
Passed for start_position 906 and length 46
Passed for start_position 906 and length 48
Passed for start_position 906 and length 50
Passed for start_position 906 and length 52
Passed for start_position 906 and length 54
Passed for start_position 906 and length 56
Passed for start_position 906 and length 58
Passed for start_position 906 and length 60
Passed for start_position 906 and length 62
Passed for start_position 906 and length 64
Passed for start_position 906 and length 66
Passed for start_position 906 and length 68
Passed for start_position 906 and length 70
Passed for start_position 906 and length 72
Passed for start_position 906 and length 74
Passed for start_position 906 and length 76
Passed for start_position 906 and length 78
Passed for start_position 906 and length 80
Passed for start_position 906 and length 82
Passed for start_position 906 and length 84
Passed for start_position 906 and length 86
Passed for start_position 906 and length 88
Passed for start_position 906 and length 90
Passed for start_position 906 and length 92
Passed for start_position 906 and length 94
Passed for start_position 906 and length 96
Passed for start_position 906 and length 98
Passed for start_position 906 and length 100
Passed for start_position 907 and length 2
Passed for start_position 907 and length 4
Passed for start_position 907 and length 6
Passed for start_position 907 and length 8
Passed for start_position 907 and length 10
Passed for start_position 907 and length 12
Passed for start_position 907 and length 14
Passed for start_position 907 and length 16
Passed for start_position 907 and length 18
Passed for start_position 907 and length 20
Passed for start_position 907 and length 22
Passed for start_position 907 and length 24
Passed for start_position 907 and length 26
Passed for start_position 907 and length 28
Passed for start_position 907 and length 30
Passed for start_position 907 and length 32
Passed for start_position 907 and length 34
Passed for start_position 907 and length 36
Passed for start_position 907 and length 38
Passed for start_position 907 and length 40
Passed for start_position 907 and length 42
Passed for start_position 907 and length 44
Passed for start_position 907 and length 46
Passed for start_position 907 and length 48
Passed for start_position 907 and length 50
Passed for start_position 907 and length 52
Passed for start_position 907 and length 54
Passed for start_position 907 and length 56
Passed for start_position 907 and length 58
Passed for start_position 907 and length 60
Passed for start_position 907 and length 62
Passed for start_position 907 and length 64
Passed for start_position 907 and length 66
Passed for start_position 907 and length 68
Passed for start_position 907 and length 70
Passed for start_position 907 and length 72
Passed for start_position 907 and length 74
Passed for start_position 907 and length 76
Passed for start_position 907 and length 78
Passed for start_position 907 and length 80
Passed for start_position 907 and length 82
Passed for start_position 907 and length 84
Passed for start_position 907 and length 86
Passed for start_position 907 and length 88
Passed for start_position 907 and length 90
Passed for start_position 907 and length 92
Passed for start_position 907 and length 94
Passed for start_position 907 and length 96
Passed for start_position 907 and length 98
Passed for start_position 907 and length 100
Passed for start_position 908 and length 2
Passed for start_position 908 and length 4
Passed for start_position 908 and length 6
Passed for start_position 908 and length 8
Passed for start_position 908 and length 10
Passed for start_position 908 and length 12
Passed for start_position 908 and length 14
Passed for start_position 908 and length 16
Passed for start_position 908 and length 18
Passed for start_position 908 and length 20
Passed for start_position 908 and length 22
Passed for start_position 908 and length 24
Passed for start_position 908 and length 26
Passed for start_position 908 and length 28
Passed for start_position 908 and length 30
Passed for start_position 908 and length 32
Passed for start_position 908 and length 34
Passed for start_position 908 and length 36
Passed for start_position 908 and length 38
Passed for start_position 908 and length 40
Passed for start_position 908 and length 42
Passed for start_position 908 and length 44
Passed for start_position 908 and length 46
Passed for start_position 908 and length 48
Passed for start_position 908 and length 50
Passed for start_position 908 and length 52
Passed for start_position 908 and length 54
Passed for start_position 908 and length 56
Passed for start_position 908 and length 58
Passed for start_position 908 and length 60
Passed for start_position 908 and length 62
Passed for start_position 908 and length 64
Passed for start_position 908 and length 66
Passed for start_position 908 and length 68
Passed for start_position 908 and length 70
Passed for start_position 908 and length 72
Passed for start_position 908 and length 74
Passed for start_position 908 and length 76
Passed for start_position 908 and length 78
Passed for start_position 908 and length 80
Passed for start_position 908 and length 82
Passed for start_position 908 and length 84
Passed for start_position 908 and length 86
Passed for start_position 908 and length 88
Passed for start_position 908 and length 90
Passed for start_position 908 and length 92
Passed for start_position 908 and length 94
Passed for start_position 908 and length 96
Passed for start_position 908 and length 98
Passed for start_position 908 and length 100
Passed for start_position 909 and length 2
Passed for start_position 909 and length 4
Passed for start_position 909 and length 6
Passed for start_position 909 and length 8
Passed for start_position 909 and length 10
Passed for start_position 909 and length 12
Passed for start_position 909 and length 14
Passed for start_position 909 and length 16
Passed for start_position 909 and length 18
Passed for start_position 909 and length 20
Passed for start_position 909 and length 22
Passed for start_position 909 and length 24
Passed for start_position 909 and length 26
Passed for start_position 909 and length 28
Passed for start_position 909 and length 30
Passed for start_position 909 and length 32
Passed for start_position 909 and length 34
Passed for start_position 909 and length 36
Passed for start_position 909 and length 38
Passed for start_position 909 and length 40
Passed for start_position 909 and length 42
Passed for start_position 909 and length 44
Passed for start_position 909 and length 46
Passed for start_position 909 and length 48
Passed for start_position 909 and length 50
Passed for start_position 909 and length 52
Passed for start_position 909 and length 54
Passed for start_position 909 and length 56
Passed for start_position 909 and length 58
Passed for start_position 909 and length 60
Passed for start_position 909 and length 62
Passed for start_position 909 and length 64
Passed for start_position 909 and length 66
Passed for start_position 909 and length 68
Passed for start_position 909 and length 70
Passed for start_position 909 and length 72
Passed for start_position 909 and length 74
Passed for start_position 909 and length 76
Passed for start_position 909 and length 78
Passed for start_position 909 and length 80
Passed for start_position 909 and length 82
Passed for start_position 909 and length 84
Passed for start_position 909 and length 86
Passed for start_position 909 and length 88
Passed for start_position 909 and length 90
Passed for start_position 909 and length 92
Passed for start_position 909 and length 94
Passed for start_position 909 and length 96
Passed for start_position 909 and length 98
Passed for start_position 909 and length 100
Passed for start_position 910 and length 2
Passed for start_position 910 and length 4
Passed for start_position 910 and length 6
Passed for start_position 910 and length 8
Passed for start_position 910 and length 10
Passed for start_position 910 and length 12
Passed for start_position 910 and length 14
Passed for start_position 910 and length 16
Passed for start_position 910 and length 18
Passed for start_position 910 and length 20
Passed for start_position 910 and length 22
Passed for start_position 910 and length 24
Passed for start_position 910 and length 26
Passed for start_position 910 and length 28
Passed for start_position 910 and length 30
Passed for start_position 910 and length 32
Passed for start_position 910 and length 34
Passed for start_position 910 and length 36
Passed for start_position 910 and length 38
Passed for start_position 910 and length 40
Passed for start_position 910 and length 42
Passed for start_position 910 and length 44
Passed for start_position 910 and length 46
Passed for start_position 910 and length 48
Passed for start_position 910 and length 50
Passed for start_position 910 and length 52
Passed for start_position 910 and length 54
Passed for start_position 910 and length 56
Passed for start_position 910 and length 58
Passed for start_position 910 and length 60
Passed for start_position 910 and length 62
Passed for start_position 910 and length 64
Passed for start_position 910 and length 66
Passed for start_position 910 and length 68
Passed for start_position 910 and length 70
Passed for start_position 910 and length 72
Passed for start_position 910 and length 74
Passed for start_position 910 and length 76
Passed for start_position 910 and length 78
Passed for start_position 910 and length 80
Passed for start_position 910 and length 82
Passed for start_position 910 and length 84
Passed for start_position 910 and length 86
Passed for start_position 910 and length 88
Passed for start_position 910 and length 90
Passed for start_position 910 and length 92
Passed for start_position 910 and length 94
Passed for start_position 910 and length 96
Passed for start_position 910 and length 98
Passed for start_position 910 and length 100
Passed for start_position 911 and length 2
Passed for start_position 911 and length 4
Passed for start_position 911 and length 6
Passed for start_position 911 and length 8
Passed for start_position 911 and length 10
Passed for start_position 911 and length 12
Passed for start_position 911 and length 14
Passed for start_position 911 and length 16
Passed for start_position 911 and length 18
Passed for start_position 911 and length 20
Passed for start_position 911 and length 22
Passed for start_position 911 and length 24
Passed for start_position 911 and length 26
Passed for start_position 911 and length 28
Passed for start_position 911 and length 30
Passed for start_position 911 and length 32
Passed for start_position 911 and length 34
Passed for start_position 911 and length 36
Passed for start_position 911 and length 38
Passed for start_position 911 and length 40
Passed for start_position 911 and length 42
Passed for start_position 911 and length 44
Passed for start_position 911 and length 46
Passed for start_position 911 and length 48
Passed for start_position 911 and length 50
Passed for start_position 911 and length 52
Passed for start_position 911 and length 54
Passed for start_position 911 and length 56
Passed for start_position 911 and length 58
Passed for start_position 911 and length 60
Passed for start_position 911 and length 62
Passed for start_position 911 and length 64
Passed for start_position 911 and length 66
Passed for start_position 911 and length 68
Passed for start_position 911 and length 70
Passed for start_position 911 and length 72
Passed for start_position 911 and length 74
Passed for start_position 911 and length 76
Passed for start_position 911 and length 78
Passed for start_position 911 and length 80
Passed for start_position 911 and length 82
Passed for start_position 911 and length 84
Passed for start_position 911 and length 86
Passed for start_position 911 and length 88
Passed for start_position 911 and length 90
Passed for start_position 911 and length 92
Passed for start_position 911 and length 94
Passed for start_position 911 and length 96
Passed for start_position 911 and length 98
Passed for start_position 911 and length 100
Passed for start_position 912 and length 2
Passed for start_position 912 and length 4
Passed for start_position 912 and length 6
Passed for start_position 912 and length 8
Passed for start_position 912 and length 10
Passed for start_position 912 and length 12
Passed for start_position 912 and length 14
Passed for start_position 912 and length 16
Passed for start_position 912 and length 18
Passed for start_position 912 and length 20
Passed for start_position 912 and length 22
Passed for start_position 912 and length 24
Passed for start_position 912 and length 26
Passed for start_position 912 and length 28
Passed for start_position 912 and length 30
Passed for start_position 912 and length 32
Passed for start_position 912 and length 34
Passed for start_position 912 and length 36
Passed for start_position 912 and length 38
Passed for start_position 912 and length 40
Passed for start_position 912 and length 42
Passed for start_position 912 and length 44
Passed for start_position 912 and length 46
Passed for start_position 912 and length 48
Passed for start_position 912 and length 50
Passed for start_position 912 and length 52
Passed for start_position 912 and length 54
Passed for start_position 912 and length 56
Passed for start_position 912 and length 58
Passed for start_position 912 and length 60
Passed for start_position 912 and length 62
Passed for start_position 912 and length 64
Passed for start_position 912 and length 66
Passed for start_position 912 and length 68
Passed for start_position 912 and length 70
Passed for start_position 912 and length 72
Passed for start_position 912 and length 74
Passed for start_position 912 and length 76
Passed for start_position 912 and length 78
Passed for start_position 912 and length 80
Passed for start_position 912 and length 82
Passed for start_position 912 and length 84
Passed for start_position 912 and length 86
Passed for start_position 912 and length 88
Passed for start_position 912 and length 90
Passed for start_position 912 and length 92
Passed for start_position 912 and length 94
Passed for start_position 912 and length 96
Passed for start_position 912 and length 98
Passed for start_position 912 and length 100
Passed for start_position 913 and length 2
Passed for start_position 913 and length 4
Passed for start_position 913 and length 6
Passed for start_position 913 and length 8
Passed for start_position 913 and length 10
Passed for start_position 913 and length 12
Passed for start_position 913 and length 14
Passed for start_position 913 and length 16
Passed for start_position 913 and length 18
Passed for start_position 913 and length 20
Passed for start_position 913 and length 22
Passed for start_position 913 and length 24
Passed for start_position 913 and length 26
Passed for start_position 913 and length 28
Passed for start_position 913 and length 30
Passed for start_position 913 and length 32
Passed for start_position 913 and length 34
Passed for start_position 913 and length 36
Passed for start_position 913 and length 38
Passed for start_position 913 and length 40
Passed for start_position 913 and length 42
Passed for start_position 913 and length 44
Passed for start_position 913 and length 46
Passed for start_position 913 and length 48
Passed for start_position 913 and length 50
Passed for start_position 913 and length 52
Passed for start_position 913 and length 54
Passed for start_position 913 and length 56
Passed for start_position 913 and length 58
Passed for start_position 913 and length 60
Passed for start_position 913 and length 62
Passed for start_position 913 and length 64
Passed for start_position 913 and length 66
Passed for start_position 913 and length 68
Passed for start_position 913 and length 70
Passed for start_position 913 and length 72
Passed for start_position 913 and length 74
Passed for start_position 913 and length 76
Passed for start_position 913 and length 78
Passed for start_position 913 and length 80
Passed for start_position 913 and length 82
Passed for start_position 913 and length 84
Passed for start_position 913 and length 86
Passed for start_position 913 and length 88
Passed for start_position 913 and length 90
Passed for start_position 913 and length 92
Passed for start_position 913 and length 94
Passed for start_position 913 and length 96
Passed for start_position 913 and length 98
Passed for start_position 913 and length 100
Passed for start_position 914 and length 2
Passed for start_position 914 and length 4
Passed for start_position 914 and length 6
Passed for start_position 914 and length 8
Passed for start_position 914 and length 10
Passed for start_position 914 and length 12
Passed for start_position 914 and length 14
Passed for start_position 914 and length 16
Passed for start_position 914 and length 18
Passed for start_position 914 and length 20
Passed for start_position 914 and length 22
Passed for start_position 914 and length 24
Passed for start_position 914 and length 26
Passed for start_position 914 and length 28
Passed for start_position 914 and length 30
Passed for start_position 914 and length 32
Passed for start_position 914 and length 34
Passed for start_position 914 and length 36
Passed for start_position 914 and length 38
Passed for start_position 914 and length 40
Passed for start_position 914 and length 42
Passed for start_position 914 and length 44
Passed for start_position 914 and length 46
Passed for start_position 914 and length 48
Passed for start_position 914 and length 50
Passed for start_position 914 and length 52
Passed for start_position 914 and length 54
Passed for start_position 914 and length 56
Passed for start_position 914 and length 58
Passed for start_position 914 and length 60
Passed for start_position 914 and length 62
Passed for start_position 914 and length 64
Passed for start_position 914 and length 66
Passed for start_position 914 and length 68
Passed for start_position 914 and length 70
Passed for start_position 914 and length 72
Passed for start_position 914 and length 74
Passed for start_position 914 and length 76
Passed for start_position 914 and length 78
Passed for start_position 914 and length 80
Passed for start_position 914 and length 82
Passed for start_position 914 and length 84
Passed for start_position 914 and length 86
Passed for start_position 914 and length 88
Passed for start_position 914 and length 90
Passed for start_position 914 and length 92
Passed for start_position 914 and length 94
Passed for start_position 914 and length 96
Passed for start_position 914 and length 98
Passed for start_position 914 and length 100
Passed for start_position 915 and length 2
Passed for start_position 915 and length 4
Passed for start_position 915 and length 6
Passed for start_position 915 and length 8
Passed for start_position 915 and length 10
Passed for start_position 915 and length 12
Passed for start_position 915 and length 14
Passed for start_position 915 and length 16
Passed for start_position 915 and length 18
Passed for start_position 915 and length 20
Passed for start_position 915 and length 22
Passed for start_position 915 and length 24
Passed for start_position 915 and length 26
Passed for start_position 915 and length 28
Passed for start_position 915 and length 30
Passed for start_position 915 and length 32
Passed for start_position 915 and length 34
Passed for start_position 915 and length 36
Passed for start_position 915 and length 38
Passed for start_position 915 and length 40
Passed for start_position 915 and length 42
Passed for start_position 915 and length 44
Passed for start_position 915 and length 46
Passed for start_position 915 and length 48
Passed for start_position 915 and length 50
Passed for start_position 915 and length 52
Passed for start_position 915 and length 54
Passed for start_position 915 and length 56
Passed for start_position 915 and length 58
Passed for start_position 915 and length 60
Passed for start_position 915 and length 62
Passed for start_position 915 and length 64
Passed for start_position 915 and length 66
Passed for start_position 915 and length 68
Passed for start_position 915 and length 70
Passed for start_position 915 and length 72
Passed for start_position 915 and length 74
Passed for start_position 915 and length 76
Passed for start_position 915 and length 78
Passed for start_position 915 and length 80
Passed for start_position 915 and length 82
Passed for start_position 915 and length 84
Passed for start_position 915 and length 86
Passed for start_position 915 and length 88
Passed for start_position 915 and length 90
Passed for start_position 915 and length 92
Passed for start_position 915 and length 94
Passed for start_position 915 and length 96
Passed for start_position 915 and length 98
Passed for start_position 915 and length 100
Passed for start_position 916 and length 2
Passed for start_position 916 and length 4
Passed for start_position 916 and length 6
Passed for start_position 916 and length 8
Passed for start_position 916 and length 10
Passed for start_position 916 and length 12
Passed for start_position 916 and length 14
Passed for start_position 916 and length 16
Passed for start_position 916 and length 18
Passed for start_position 916 and length 20
Passed for start_position 916 and length 22
Passed for start_position 916 and length 24
Passed for start_position 916 and length 26
Passed for start_position 916 and length 28
Passed for start_position 916 and length 30
Passed for start_position 916 and length 32
Passed for start_position 916 and length 34
Passed for start_position 916 and length 36
Passed for start_position 916 and length 38
Passed for start_position 916 and length 40
Passed for start_position 916 and length 42
Passed for start_position 916 and length 44
Passed for start_position 916 and length 46
Passed for start_position 916 and length 48
Passed for start_position 916 and length 50
Passed for start_position 916 and length 52
Passed for start_position 916 and length 54
Passed for start_position 916 and length 56
Passed for start_position 916 and length 58
Passed for start_position 916 and length 60
Passed for start_position 916 and length 62
Passed for start_position 916 and length 64
Passed for start_position 916 and length 66
Passed for start_position 916 and length 68
Passed for start_position 916 and length 70
Passed for start_position 916 and length 72
Passed for start_position 916 and length 74
Passed for start_position 916 and length 76
Passed for start_position 916 and length 78
Passed for start_position 916 and length 80
Passed for start_position 916 and length 82
Passed for start_position 916 and length 84
Passed for start_position 916 and length 86
Passed for start_position 916 and length 88
Passed for start_position 916 and length 90
Passed for start_position 916 and length 92
Passed for start_position 916 and length 94
Passed for start_position 916 and length 96
Passed for start_position 916 and length 98
Passed for start_position 916 and length 100
Passed for start_position 917 and length 2
Passed for start_position 917 and length 4
Passed for start_position 917 and length 6
Passed for start_position 917 and length 8
Passed for start_position 917 and length 10
Passed for start_position 917 and length 12
Passed for start_position 917 and length 14
Passed for start_position 917 and length 16
Passed for start_position 917 and length 18
Passed for start_position 917 and length 20
Passed for start_position 917 and length 22
Passed for start_position 917 and length 24
Passed for start_position 917 and length 26
Passed for start_position 917 and length 28
Passed for start_position 917 and length 30
Passed for start_position 917 and length 32
Passed for start_position 917 and length 34
Passed for start_position 917 and length 36
Passed for start_position 917 and length 38
Passed for start_position 917 and length 40
Passed for start_position 917 and length 42
Passed for start_position 917 and length 44
Passed for start_position 917 and length 46
Passed for start_position 917 and length 48
Passed for start_position 917 and length 50
Passed for start_position 917 and length 52
Passed for start_position 917 and length 54
Passed for start_position 917 and length 56
Passed for start_position 917 and length 58
Passed for start_position 917 and length 60
Passed for start_position 917 and length 62
Passed for start_position 917 and length 64
Passed for start_position 917 and length 66
Passed for start_position 917 and length 68
Passed for start_position 917 and length 70
Passed for start_position 917 and length 72
Passed for start_position 917 and length 74
Passed for start_position 917 and length 76
Passed for start_position 917 and length 78
Passed for start_position 917 and length 80
Passed for start_position 917 and length 82
Passed for start_position 917 and length 84
Passed for start_position 917 and length 86
Passed for start_position 917 and length 88
Passed for start_position 917 and length 90
Passed for start_position 917 and length 92
Passed for start_position 917 and length 94
Passed for start_position 917 and length 96
Passed for start_position 917 and length 98
Passed for start_position 917 and length 100
Passed for start_position 918 and length 2
Passed for start_position 918 and length 4
Passed for start_position 918 and length 6
Passed for start_position 918 and length 8
Passed for start_position 918 and length 10
Passed for start_position 918 and length 12
Passed for start_position 918 and length 14
Passed for start_position 918 and length 16
Passed for start_position 918 and length 18
Passed for start_position 918 and length 20
Passed for start_position 918 and length 22
Passed for start_position 918 and length 24
Passed for start_position 918 and length 26
Passed for start_position 918 and length 28
Passed for start_position 918 and length 30
Passed for start_position 918 and length 32
Passed for start_position 918 and length 34
Passed for start_position 918 and length 36
Passed for start_position 918 and length 38
Passed for start_position 918 and length 40
Passed for start_position 918 and length 42
Passed for start_position 918 and length 44
Passed for start_position 918 and length 46
Passed for start_position 918 and length 48
Passed for start_position 918 and length 50
Passed for start_position 918 and length 52
Passed for start_position 918 and length 54
Passed for start_position 918 and length 56
Passed for start_position 918 and length 58
Passed for start_position 918 and length 60
Passed for start_position 918 and length 62
Passed for start_position 918 and length 64
Passed for start_position 918 and length 66
Passed for start_position 918 and length 68
Passed for start_position 918 and length 70
Passed for start_position 918 and length 72
Passed for start_position 918 and length 74
Passed for start_position 918 and length 76
Passed for start_position 918 and length 78
Passed for start_position 918 and length 80
Passed for start_position 918 and length 82
Passed for start_position 918 and length 84
Passed for start_position 918 and length 86
Passed for start_position 918 and length 88
Passed for start_position 918 and length 90
Passed for start_position 918 and length 92
Passed for start_position 918 and length 94
Passed for start_position 918 and length 96
Passed for start_position 918 and length 98
Passed for start_position 918 and length 100
Passed for start_position 919 and length 2
Passed for start_position 919 and length 4
Passed for start_position 919 and length 6
Passed for start_position 919 and length 8
Passed for start_position 919 and length 10
Passed for start_position 919 and length 12
Passed for start_position 919 and length 14
Passed for start_position 919 and length 16
Passed for start_position 919 and length 18
Passed for start_position 919 and length 20
Passed for start_position 919 and length 22
Passed for start_position 919 and length 24
Passed for start_position 919 and length 26
Passed for start_position 919 and length 28
Passed for start_position 919 and length 30
Passed for start_position 919 and length 32
Passed for start_position 919 and length 34
Passed for start_position 919 and length 36
Passed for start_position 919 and length 38
Passed for start_position 919 and length 40
Passed for start_position 919 and length 42
Passed for start_position 919 and length 44
Passed for start_position 919 and length 46
Passed for start_position 919 and length 48
Passed for start_position 919 and length 50
Passed for start_position 919 and length 52
Passed for start_position 919 and length 54
Passed for start_position 919 and length 56
Passed for start_position 919 and length 58
Passed for start_position 919 and length 60
Passed for start_position 919 and length 62
Passed for start_position 919 and length 64
Passed for start_position 919 and length 66
Passed for start_position 919 and length 68
Passed for start_position 919 and length 70
Passed for start_position 919 and length 72
Passed for start_position 919 and length 74
Passed for start_position 919 and length 76
Passed for start_position 919 and length 78
Passed for start_position 919 and length 80
Passed for start_position 919 and length 82
Passed for start_position 919 and length 84
Passed for start_position 919 and length 86
Passed for start_position 919 and length 88
Passed for start_position 919 and length 90
Passed for start_position 919 and length 92
Passed for start_position 919 and length 94
Passed for start_position 919 and length 96
Passed for start_position 919 and length 98
Passed for start_position 919 and length 100
Passed for start_position 920 and length 2
Passed for start_position 920 and length 4
Passed for start_position 920 and length 6
Passed for start_position 920 and length 8
Passed for start_position 920 and length 10
Passed for start_position 920 and length 12
Passed for start_position 920 and length 14
Passed for start_position 920 and length 16
Passed for start_position 920 and length 18
Passed for start_position 920 and length 20
Passed for start_position 920 and length 22
Passed for start_position 920 and length 24
Passed for start_position 920 and length 26
Passed for start_position 920 and length 28
Passed for start_position 920 and length 30
Passed for start_position 920 and length 32
Passed for start_position 920 and length 34
Passed for start_position 920 and length 36
Passed for start_position 920 and length 38
Passed for start_position 920 and length 40
Passed for start_position 920 and length 42
Passed for start_position 920 and length 44
Passed for start_position 920 and length 46
Passed for start_position 920 and length 48
Passed for start_position 920 and length 50
Passed for start_position 920 and length 52
Passed for start_position 920 and length 54
Passed for start_position 920 and length 56
Passed for start_position 920 and length 58
Passed for start_position 920 and length 60
Passed for start_position 920 and length 62
Passed for start_position 920 and length 64
Passed for start_position 920 and length 66
Passed for start_position 920 and length 68
Passed for start_position 920 and length 70
Passed for start_position 920 and length 72
Passed for start_position 920 and length 74
Passed for start_position 920 and length 76
Passed for start_position 920 and length 78
Passed for start_position 920 and length 80
Passed for start_position 920 and length 82
Passed for start_position 920 and length 84
Passed for start_position 920 and length 86
Passed for start_position 920 and length 88
Passed for start_position 920 and length 90
Passed for start_position 920 and length 92
Passed for start_position 920 and length 94
Passed for start_position 920 and length 96
Passed for start_position 920 and length 98
Passed for start_position 920 and length 100
Passed for start_position 921 and length 2
Passed for start_position 921 and length 4
Passed for start_position 921 and length 6
Passed for start_position 921 and length 8
Passed for start_position 921 and length 10
Passed for start_position 921 and length 12
Passed for start_position 921 and length 14
Passed for start_position 921 and length 16
Passed for start_position 921 and length 18
Passed for start_position 921 and length 20
Passed for start_position 921 and length 22
Passed for start_position 921 and length 24
Passed for start_position 921 and length 26
Passed for start_position 921 and length 28
Passed for start_position 921 and length 30
Passed for start_position 921 and length 32
Passed for start_position 921 and length 34
Passed for start_position 921 and length 36
Passed for start_position 921 and length 38
Passed for start_position 921 and length 40
Passed for start_position 921 and length 42
Passed for start_position 921 and length 44
Passed for start_position 921 and length 46
Passed for start_position 921 and length 48
Passed for start_position 921 and length 50
Passed for start_position 921 and length 52
Passed for start_position 921 and length 54
Passed for start_position 921 and length 56
Passed for start_position 921 and length 58
Passed for start_position 921 and length 60
Passed for start_position 921 and length 62
Passed for start_position 921 and length 64
Passed for start_position 921 and length 66
Passed for start_position 921 and length 68
Passed for start_position 921 and length 70
Passed for start_position 921 and length 72
Passed for start_position 921 and length 74
Passed for start_position 921 and length 76
Passed for start_position 921 and length 78
Passed for start_position 921 and length 80
Passed for start_position 921 and length 82
Passed for start_position 921 and length 84
Passed for start_position 921 and length 86
Passed for start_position 921 and length 88
Passed for start_position 921 and length 90
Passed for start_position 921 and length 92
Passed for start_position 921 and length 94
Passed for start_position 921 and length 96
Passed for start_position 921 and length 98
Passed for start_position 921 and length 100
Passed for start_position 922 and length 2
Passed for start_position 922 and length 4
Passed for start_position 922 and length 6
Passed for start_position 922 and length 8
Passed for start_position 922 and length 10
Passed for start_position 922 and length 12
Error for start_position 922 and length 14: Movement -1 not in dictionary
Passed for start_position 922 and length 16
Passed for start_position 922 and length 18
Error for start_position 922 and length 20: Movement -1 not in dictionary
Error for start_position 922 and length 22: Movement 1 not in dictionary
Error for start_position 922 and length 24: Movement -1 not in dictionary
Passed for start_position 922 and length 26
Passed for start_position 922 and length 28
Error for start_position 922 and length 30: Movement 1 not in dictionary
Passed for start_position 922 and length 32
Error for start_position 922 and length 34: Movement 1 not in dictionary
Error for start_position 922 and length 36: Movement 1 not in dictionary
Error for start_position 922 and length 38: Movement -1 not in dictionary
Passed for start_position 922 and length 40
Error for start_position 922 and length 42: Movement -1 not in dictionary
Passed for start_position 922 and length 44
Passed for start_position 922 and length 46
Passed for start_position 922 and length 48
Error for start_position 922 and length 50: Movement -1 not in dictionary
Error for start_position 922 and length 52: Movement 1 not in dictionary
Passed for start_position 922 and length 54
Error for start_position 922 and length 56: Movement -1 not in dictionary
Passed for start_position 922 and length 58
Error for start_position 922 and length 60: Movement -1 not in dictionary
Error for start_position 922 and length 62: Movement -1 not in dictionary
Passed for start_position 922 and length 64
Error for start_position 922 and length 66: Movement 1 not in dictionary
Passed for start_position 922 and length 68
Passed for start_position 922 and length 70
Passed for start_position 922 and length 72
Error for start_position 922 and length 74: Movement 1 not in dictionary
Passed for start_position 922 and length 76
Passed for start_position 922 and length 78
Passed for start_position 922 and length 80
Passed for start_position 922 and length 82
Error for start_position 922 and length 84: Movement 1 not in dictionary
Error for start_position 922 and length 86: Movement 1 not in dictionary
Passed for start_position 922 and length 88
Passed for start_position 922 and length 90
Error for start_position 922 and length 92: Movement 1 not in dictionary
Passed for start_position 922 and length 94
Error for start_position 922 and length 96: Movement 1 not in dictionary
Error for start_position 922 and length 98: Movement -1 not in dictionary
Passed for start_position 922 and length 100
Passed for start_position 923 and length 2
Passed for start_position 923 and length 4
Passed for start_position 923 and length 6
Passed for start_position 923 and length 8
Passed for start_position 923 and length 10
Passed for start_position 923 and length 12
Passed for start_position 923 and length 14
Passed for start_position 923 and length 16
Passed for start_position 923 and length 18
Passed for start_position 923 and length 20
Passed for start_position 923 and length 22
Passed for start_position 923 and length 24
Passed for start_position 923 and length 26
Passed for start_position 923 and length 28
Passed for start_position 923 and length 30
Passed for start_position 923 and length 32
Passed for start_position 923 and length 34
Passed for start_position 923 and length 36
Passed for start_position 923 and length 38
Passed for start_position 923 and length 40
Passed for start_position 923 and length 42
Passed for start_position 923 and length 44
Passed for start_position 923 and length 46
Passed for start_position 923 and length 48
Passed for start_position 923 and length 50
Passed for start_position 923 and length 52
Passed for start_position 923 and length 54
Passed for start_position 923 and length 56
Passed for start_position 923 and length 58
Passed for start_position 923 and length 60
Passed for start_position 923 and length 62
Passed for start_position 923 and length 64
Passed for start_position 923 and length 66
Passed for start_position 923 and length 68
Passed for start_position 923 and length 70
Passed for start_position 923 and length 72
Passed for start_position 923 and length 74
Passed for start_position 923 and length 76
Passed for start_position 923 and length 78
Passed for start_position 923 and length 80
Passed for start_position 923 and length 82
Passed for start_position 923 and length 84
Passed for start_position 923 and length 86
Passed for start_position 923 and length 88
Passed for start_position 923 and length 90
Passed for start_position 923 and length 92
Passed for start_position 923 and length 94
Passed for start_position 923 and length 96
Passed for start_position 923 and length 98
Passed for start_position 923 and length 100
Passed for start_position 924 and length 2
Passed for start_position 924 and length 4
Passed for start_position 924 and length 6
Passed for start_position 924 and length 8
Passed for start_position 924 and length 10
Passed for start_position 924 and length 12
Passed for start_position 924 and length 14
Passed for start_position 924 and length 16
Passed for start_position 924 and length 18
Passed for start_position 924 and length 20
Passed for start_position 924 and length 22
Passed for start_position 924 and length 24
Passed for start_position 924 and length 26
Passed for start_position 924 and length 28
Passed for start_position 924 and length 30
Passed for start_position 924 and length 32
Passed for start_position 924 and length 34
Passed for start_position 924 and length 36
Passed for start_position 924 and length 38
Passed for start_position 924 and length 40
Passed for start_position 924 and length 42
Passed for start_position 924 and length 44
Passed for start_position 924 and length 46
Passed for start_position 924 and length 48
Passed for start_position 924 and length 50
Passed for start_position 924 and length 52
Passed for start_position 924 and length 54
Passed for start_position 924 and length 56
Passed for start_position 924 and length 58
Passed for start_position 924 and length 60
Passed for start_position 924 and length 62
Passed for start_position 924 and length 64
Passed for start_position 924 and length 66
Passed for start_position 924 and length 68
Passed for start_position 924 and length 70
Passed for start_position 924 and length 72
Passed for start_position 924 and length 74
Passed for start_position 924 and length 76
Passed for start_position 924 and length 78
Passed for start_position 924 and length 80
Passed for start_position 924 and length 82
Passed for start_position 924 and length 84
Passed for start_position 924 and length 86
Passed for start_position 924 and length 88
Passed for start_position 924 and length 90
Passed for start_position 924 and length 92
Passed for start_position 924 and length 94
Passed for start_position 924 and length 96
Passed for start_position 924 and length 98
Passed for start_position 924 and length 100
Passed for start_position 925 and length 2
Passed for start_position 925 and length 4
Passed for start_position 925 and length 6
Passed for start_position 925 and length 8
Passed for start_position 925 and length 10
Passed for start_position 925 and length 12
Passed for start_position 925 and length 14
Passed for start_position 925 and length 16
Passed for start_position 925 and length 18
Passed for start_position 925 and length 20
Passed for start_position 925 and length 22
Passed for start_position 925 and length 24
Passed for start_position 925 and length 26
Passed for start_position 925 and length 28
Passed for start_position 925 and length 30
Passed for start_position 925 and length 32
Passed for start_position 925 and length 34
Passed for start_position 925 and length 36
Passed for start_position 925 and length 38
Passed for start_position 925 and length 40
Passed for start_position 925 and length 42
Passed for start_position 925 and length 44
Passed for start_position 925 and length 46
Passed for start_position 925 and length 48
Passed for start_position 925 and length 50
Passed for start_position 925 and length 52
Passed for start_position 925 and length 54
Passed for start_position 925 and length 56
Passed for start_position 925 and length 58
Passed for start_position 925 and length 60
Passed for start_position 925 and length 62
Passed for start_position 925 and length 64
Passed for start_position 925 and length 66
Passed for start_position 925 and length 68
Passed for start_position 925 and length 70
Passed for start_position 925 and length 72
Passed for start_position 925 and length 74
Passed for start_position 925 and length 76
Passed for start_position 925 and length 78
Passed for start_position 925 and length 80
Passed for start_position 925 and length 82
Passed for start_position 925 and length 84
Passed for start_position 925 and length 86
Passed for start_position 925 and length 88
Passed for start_position 925 and length 90
Passed for start_position 925 and length 92
Passed for start_position 925 and length 94
Passed for start_position 925 and length 96
Passed for start_position 925 and length 98
Passed for start_position 925 and length 100
Passed for start_position 926 and length 2
Passed for start_position 926 and length 4
Passed for start_position 926 and length 6
Passed for start_position 926 and length 8
Passed for start_position 926 and length 10
Passed for start_position 926 and length 12
Passed for start_position 926 and length 14
Passed for start_position 926 and length 16
Passed for start_position 926 and length 18
Passed for start_position 926 and length 20
Passed for start_position 926 and length 22
Passed for start_position 926 and length 24
Passed for start_position 926 and length 26
Passed for start_position 926 and length 28
Passed for start_position 926 and length 30
Passed for start_position 926 and length 32
Passed for start_position 926 and length 34
Passed for start_position 926 and length 36
Passed for start_position 926 and length 38
Passed for start_position 926 and length 40
Passed for start_position 926 and length 42
Passed for start_position 926 and length 44
Passed for start_position 926 and length 46
Passed for start_position 926 and length 48
Passed for start_position 926 and length 50
Passed for start_position 926 and length 52
Passed for start_position 926 and length 54
Passed for start_position 926 and length 56
Passed for start_position 926 and length 58
Passed for start_position 926 and length 60
Passed for start_position 926 and length 62
Passed for start_position 926 and length 64
Passed for start_position 926 and length 66
Passed for start_position 926 and length 68
Passed for start_position 926 and length 70
Passed for start_position 926 and length 72
Passed for start_position 926 and length 74
Passed for start_position 926 and length 76
Passed for start_position 926 and length 78
Passed for start_position 926 and length 80
Passed for start_position 926 and length 82
Passed for start_position 926 and length 84
Passed for start_position 926 and length 86
Passed for start_position 926 and length 88
Passed for start_position 926 and length 90
Passed for start_position 926 and length 92
Passed for start_position 926 and length 94
Passed for start_position 926 and length 96
Passed for start_position 926 and length 98
Passed for start_position 926 and length 100
Passed for start_position 927 and length 2
Passed for start_position 927 and length 4
Passed for start_position 927 and length 6
Passed for start_position 927 and length 8
Passed for start_position 927 and length 10
Passed for start_position 927 and length 12
Passed for start_position 927 and length 14
Passed for start_position 927 and length 16
Passed for start_position 927 and length 18
Passed for start_position 927 and length 20
Passed for start_position 927 and length 22
Passed for start_position 927 and length 24
Passed for start_position 927 and length 26
Passed for start_position 927 and length 28
Passed for start_position 927 and length 30
Passed for start_position 927 and length 32
Passed for start_position 927 and length 34
Passed for start_position 927 and length 36
Passed for start_position 927 and length 38
Passed for start_position 927 and length 40
Passed for start_position 927 and length 42
Passed for start_position 927 and length 44
Passed for start_position 927 and length 46
Passed for start_position 927 and length 48
Passed for start_position 927 and length 50
Passed for start_position 927 and length 52
Passed for start_position 927 and length 54
Passed for start_position 927 and length 56
Passed for start_position 927 and length 58
Passed for start_position 927 and length 60
Passed for start_position 927 and length 62
Passed for start_position 927 and length 64
Passed for start_position 927 and length 66
Passed for start_position 927 and length 68
Passed for start_position 927 and length 70
Passed for start_position 927 and length 72
Passed for start_position 927 and length 74
Passed for start_position 927 and length 76
Passed for start_position 927 and length 78
Passed for start_position 927 and length 80
Passed for start_position 927 and length 82
Passed for start_position 927 and length 84
Passed for start_position 927 and length 86
Passed for start_position 927 and length 88
Passed for start_position 927 and length 90
Passed for start_position 927 and length 92
Passed for start_position 927 and length 94
Passed for start_position 927 and length 96
Passed for start_position 927 and length 98
Passed for start_position 927 and length 100
Passed for start_position 928 and length 2
Passed for start_position 928 and length 4
Passed for start_position 928 and length 6
Passed for start_position 928 and length 8
Passed for start_position 928 and length 10
Passed for start_position 928 and length 12
Passed for start_position 928 and length 14
Passed for start_position 928 and length 16
Passed for start_position 928 and length 18
Passed for start_position 928 and length 20
Passed for start_position 928 and length 22
Passed for start_position 928 and length 24
Passed for start_position 928 and length 26
Passed for start_position 928 and length 28
Passed for start_position 928 and length 30
Passed for start_position 928 and length 32
Passed for start_position 928 and length 34
Passed for start_position 928 and length 36
Passed for start_position 928 and length 38
Passed for start_position 928 and length 40
Passed for start_position 928 and length 42
Passed for start_position 928 and length 44
Passed for start_position 928 and length 46
Passed for start_position 928 and length 48
Passed for start_position 928 and length 50
Passed for start_position 928 and length 52
Passed for start_position 928 and length 54
Passed for start_position 928 and length 56
Passed for start_position 928 and length 58
Passed for start_position 928 and length 60
Passed for start_position 928 and length 62
Passed for start_position 928 and length 64
Passed for start_position 928 and length 66
Passed for start_position 928 and length 68
Passed for start_position 928 and length 70
Passed for start_position 928 and length 72
Passed for start_position 928 and length 74
Passed for start_position 928 and length 76
Passed for start_position 928 and length 78
Passed for start_position 928 and length 80
Passed for start_position 928 and length 82
Passed for start_position 928 and length 84
Passed for start_position 928 and length 86
Passed for start_position 928 and length 88
Passed for start_position 928 and length 90
Passed for start_position 928 and length 92
Passed for start_position 928 and length 94
Passed for start_position 928 and length 96
Passed for start_position 928 and length 98
Passed for start_position 928 and length 100
Passed for start_position 929 and length 2
Passed for start_position 929 and length 4
Passed for start_position 929 and length 6
Passed for start_position 929 and length 8
Passed for start_position 929 and length 10
Passed for start_position 929 and length 12
Passed for start_position 929 and length 14
Passed for start_position 929 and length 16
Passed for start_position 929 and length 18
Passed for start_position 929 and length 20
Passed for start_position 929 and length 22
Passed for start_position 929 and length 24
Passed for start_position 929 and length 26
Passed for start_position 929 and length 28
Passed for start_position 929 and length 30
Passed for start_position 929 and length 32
Passed for start_position 929 and length 34
Passed for start_position 929 and length 36
Passed for start_position 929 and length 38
Passed for start_position 929 and length 40
Passed for start_position 929 and length 42
Passed for start_position 929 and length 44
Passed for start_position 929 and length 46
Passed for start_position 929 and length 48
Passed for start_position 929 and length 50
Passed for start_position 929 and length 52
Passed for start_position 929 and length 54
Passed for start_position 929 and length 56
Passed for start_position 929 and length 58
Passed for start_position 929 and length 60
Passed for start_position 929 and length 62
Passed for start_position 929 and length 64
Passed for start_position 929 and length 66
Passed for start_position 929 and length 68
Passed for start_position 929 and length 70
Passed for start_position 929 and length 72
Passed for start_position 929 and length 74
Passed for start_position 929 and length 76
Passed for start_position 929 and length 78
Passed for start_position 929 and length 80
Passed for start_position 929 and length 82
Passed for start_position 929 and length 84
Passed for start_position 929 and length 86
Passed for start_position 929 and length 88
Passed for start_position 929 and length 90
Passed for start_position 929 and length 92
Passed for start_position 929 and length 94
Passed for start_position 929 and length 96
Passed for start_position 929 and length 98
Passed for start_position 929 and length 100
Passed for start_position 930 and length 2
Passed for start_position 930 and length 4
Passed for start_position 930 and length 6
Passed for start_position 930 and length 8
Passed for start_position 930 and length 10
Passed for start_position 930 and length 12
Passed for start_position 930 and length 14
Passed for start_position 930 and length 16
Passed for start_position 930 and length 18
Passed for start_position 930 and length 20
Passed for start_position 930 and length 22
Passed for start_position 930 and length 24
Passed for start_position 930 and length 26
Passed for start_position 930 and length 28
Passed for start_position 930 and length 30
Passed for start_position 930 and length 32
Passed for start_position 930 and length 34
Passed for start_position 930 and length 36
Passed for start_position 930 and length 38
Passed for start_position 930 and length 40
Passed for start_position 930 and length 42
Passed for start_position 930 and length 44
Passed for start_position 930 and length 46
Passed for start_position 930 and length 48
Passed for start_position 930 and length 50
Passed for start_position 930 and length 52
Passed for start_position 930 and length 54
Passed for start_position 930 and length 56
Passed for start_position 930 and length 58
Passed for start_position 930 and length 60
Passed for start_position 930 and length 62
Passed for start_position 930 and length 64
Passed for start_position 930 and length 66
Passed for start_position 930 and length 68
Passed for start_position 930 and length 70
Passed for start_position 930 and length 72
Passed for start_position 930 and length 74
Passed for start_position 930 and length 76
Passed for start_position 930 and length 78
Passed for start_position 930 and length 80
Passed for start_position 930 and length 82
Passed for start_position 930 and length 84
Passed for start_position 930 and length 86
Passed for start_position 930 and length 88
Passed for start_position 930 and length 90
Passed for start_position 930 and length 92
Passed for start_position 930 and length 94
Passed for start_position 930 and length 96
Passed for start_position 930 and length 98
Passed for start_position 930 and length 100
Passed for start_position 931 and length 2
Passed for start_position 931 and length 4
Passed for start_position 931 and length 6
Passed for start_position 931 and length 8
Passed for start_position 931 and length 10
Passed for start_position 931 and length 12
Passed for start_position 931 and length 14
Passed for start_position 931 and length 16
Passed for start_position 931 and length 18
Passed for start_position 931 and length 20
Passed for start_position 931 and length 22
Passed for start_position 931 and length 24
Passed for start_position 931 and length 26
Passed for start_position 931 and length 28
Passed for start_position 931 and length 30
Passed for start_position 931 and length 32
Passed for start_position 931 and length 34
Passed for start_position 931 and length 36
Passed for start_position 931 and length 38
Passed for start_position 931 and length 40
Passed for start_position 931 and length 42
Passed for start_position 931 and length 44
Passed for start_position 931 and length 46
Passed for start_position 931 and length 48
Passed for start_position 931 and length 50
Passed for start_position 931 and length 52
Passed for start_position 931 and length 54
Passed for start_position 931 and length 56
Passed for start_position 931 and length 58
Passed for start_position 931 and length 60
Passed for start_position 931 and length 62
Passed for start_position 931 and length 64
Passed for start_position 931 and length 66
Passed for start_position 931 and length 68
Passed for start_position 931 and length 70
Passed for start_position 931 and length 72
Passed for start_position 931 and length 74
Passed for start_position 931 and length 76
Passed for start_position 931 and length 78
Passed for start_position 931 and length 80
Passed for start_position 931 and length 82
Passed for start_position 931 and length 84
Passed for start_position 931 and length 86
Passed for start_position 931 and length 88
Passed for start_position 931 and length 90
Passed for start_position 931 and length 92
Passed for start_position 931 and length 94
Passed for start_position 931 and length 96
Passed for start_position 931 and length 98
Passed for start_position 931 and length 100
Passed for start_position 932 and length 2
Passed for start_position 932 and length 4
Passed for start_position 932 and length 6
Passed for start_position 932 and length 8
Passed for start_position 932 and length 10
Passed for start_position 932 and length 12
Passed for start_position 932 and length 14
Passed for start_position 932 and length 16
Passed for start_position 932 and length 18
Passed for start_position 932 and length 20
Passed for start_position 932 and length 22
Passed for start_position 932 and length 24
Passed for start_position 932 and length 26
Passed for start_position 932 and length 28
Passed for start_position 932 and length 30
Passed for start_position 932 and length 32
Passed for start_position 932 and length 34
Passed for start_position 932 and length 36
Passed for start_position 932 and length 38
Passed for start_position 932 and length 40
Passed for start_position 932 and length 42
Passed for start_position 932 and length 44
Passed for start_position 932 and length 46
Passed for start_position 932 and length 48
Passed for start_position 932 and length 50
Passed for start_position 932 and length 52
Passed for start_position 932 and length 54
Passed for start_position 932 and length 56
Passed for start_position 932 and length 58
Passed for start_position 932 and length 60
Passed for start_position 932 and length 62
Passed for start_position 932 and length 64
Passed for start_position 932 and length 66
Passed for start_position 932 and length 68
Passed for start_position 932 and length 70
Passed for start_position 932 and length 72
Passed for start_position 932 and length 74
Passed for start_position 932 and length 76
Passed for start_position 932 and length 78
Passed for start_position 932 and length 80
Passed for start_position 932 and length 82
Passed for start_position 932 and length 84
Passed for start_position 932 and length 86
Passed for start_position 932 and length 88
Passed for start_position 932 and length 90
Passed for start_position 932 and length 92
Passed for start_position 932 and length 94
Passed for start_position 932 and length 96
Passed for start_position 932 and length 98
Passed for start_position 932 and length 100
Passed for start_position 933 and length 2
Passed for start_position 933 and length 4
Passed for start_position 933 and length 6
Passed for start_position 933 and length 8
Passed for start_position 933 and length 10
Passed for start_position 933 and length 12
Passed for start_position 933 and length 14
Passed for start_position 933 and length 16
Passed for start_position 933 and length 18
Passed for start_position 933 and length 20
Passed for start_position 933 and length 22
Passed for start_position 933 and length 24
Passed for start_position 933 and length 26
Passed for start_position 933 and length 28
Passed for start_position 933 and length 30
Passed for start_position 933 and length 32
Passed for start_position 933 and length 34
Passed for start_position 933 and length 36
Passed for start_position 933 and length 38
Passed for start_position 933 and length 40
Passed for start_position 933 and length 42
Passed for start_position 933 and length 44
Passed for start_position 933 and length 46
Passed for start_position 933 and length 48
Passed for start_position 933 and length 50
Passed for start_position 933 and length 52
Passed for start_position 933 and length 54
Passed for start_position 933 and length 56
Passed for start_position 933 and length 58
Passed for start_position 933 and length 60
Passed for start_position 933 and length 62
Passed for start_position 933 and length 64
Passed for start_position 933 and length 66
Passed for start_position 933 and length 68
Passed for start_position 933 and length 70
Passed for start_position 933 and length 72
Passed for start_position 933 and length 74
Passed for start_position 933 and length 76
Passed for start_position 933 and length 78
Passed for start_position 933 and length 80
Passed for start_position 933 and length 82
Passed for start_position 933 and length 84
Passed for start_position 933 and length 86
Passed for start_position 933 and length 88
Passed for start_position 933 and length 90
Passed for start_position 933 and length 92
Passed for start_position 933 and length 94
Passed for start_position 933 and length 96
Passed for start_position 933 and length 98
Passed for start_position 933 and length 100
Passed for start_position 934 and length 2
Passed for start_position 934 and length 4
Passed for start_position 934 and length 6
Passed for start_position 934 and length 8
Passed for start_position 934 and length 10
Passed for start_position 934 and length 12
Passed for start_position 934 and length 14
Passed for start_position 934 and length 16
Passed for start_position 934 and length 18
Passed for start_position 934 and length 20
Passed for start_position 934 and length 22
Passed for start_position 934 and length 24
Passed for start_position 934 and length 26
Passed for start_position 934 and length 28
Passed for start_position 934 and length 30
Passed for start_position 934 and length 32
Passed for start_position 934 and length 34
Passed for start_position 934 and length 36
Passed for start_position 934 and length 38
Passed for start_position 934 and length 40
Passed for start_position 934 and length 42
Passed for start_position 934 and length 44
Passed for start_position 934 and length 46
Passed for start_position 934 and length 48
Passed for start_position 934 and length 50
Passed for start_position 934 and length 52
Passed for start_position 934 and length 54
Passed for start_position 934 and length 56
Passed for start_position 934 and length 58
Passed for start_position 934 and length 60
Passed for start_position 934 and length 62
Passed for start_position 934 and length 64
Passed for start_position 934 and length 66
Passed for start_position 934 and length 68
Passed for start_position 934 and length 70
Passed for start_position 934 and length 72
Passed for start_position 934 and length 74
Passed for start_position 934 and length 76
Passed for start_position 934 and length 78
Passed for start_position 934 and length 80
Passed for start_position 934 and length 82
Passed for start_position 934 and length 84
Passed for start_position 934 and length 86
Passed for start_position 934 and length 88
Passed for start_position 934 and length 90
Passed for start_position 934 and length 92
Passed for start_position 934 and length 94
Passed for start_position 934 and length 96
Passed for start_position 934 and length 98
Passed for start_position 934 and length 100
Passed for start_position 935 and length 2
Passed for start_position 935 and length 4
Passed for start_position 935 and length 6
Passed for start_position 935 and length 8
Passed for start_position 935 and length 10
Passed for start_position 935 and length 12
Passed for start_position 935 and length 14
Passed for start_position 935 and length 16
Passed for start_position 935 and length 18
Passed for start_position 935 and length 20
Passed for start_position 935 and length 22
Passed for start_position 935 and length 24
Passed for start_position 935 and length 26
Passed for start_position 935 and length 28
Passed for start_position 935 and length 30
Passed for start_position 935 and length 32
Passed for start_position 935 and length 34
Passed for start_position 935 and length 36
Passed for start_position 935 and length 38
Passed for start_position 935 and length 40
Passed for start_position 935 and length 42
Passed for start_position 935 and length 44
Passed for start_position 935 and length 46
Passed for start_position 935 and length 48
Passed for start_position 935 and length 50
Passed for start_position 935 and length 52
Passed for start_position 935 and length 54
Passed for start_position 935 and length 56
Passed for start_position 935 and length 58
Passed for start_position 935 and length 60
Passed for start_position 935 and length 62
Passed for start_position 935 and length 64
Passed for start_position 935 and length 66
Passed for start_position 935 and length 68
Passed for start_position 935 and length 70
Passed for start_position 935 and length 72
Passed for start_position 935 and length 74
Passed for start_position 935 and length 76
Passed for start_position 935 and length 78
Passed for start_position 935 and length 80
Passed for start_position 935 and length 82
Passed for start_position 935 and length 84
Passed for start_position 935 and length 86
Passed for start_position 935 and length 88
Passed for start_position 935 and length 90
Passed for start_position 935 and length 92
Passed for start_position 935 and length 94
Passed for start_position 935 and length 96
Passed for start_position 935 and length 98
Passed for start_position 935 and length 100
Passed for start_position 936 and length 2
Passed for start_position 936 and length 4
Passed for start_position 936 and length 6
Passed for start_position 936 and length 8
Passed for start_position 936 and length 10
Passed for start_position 936 and length 12
Passed for start_position 936 and length 14
Passed for start_position 936 and length 16
Passed for start_position 936 and length 18
Passed for start_position 936 and length 20
Passed for start_position 936 and length 22
Passed for start_position 936 and length 24
Passed for start_position 936 and length 26
Passed for start_position 936 and length 28
Passed for start_position 936 and length 30
Passed for start_position 936 and length 32
Passed for start_position 936 and length 34
Passed for start_position 936 and length 36
Passed for start_position 936 and length 38
Passed for start_position 936 and length 40
Passed for start_position 936 and length 42
Passed for start_position 936 and length 44
Passed for start_position 936 and length 46
Passed for start_position 936 and length 48
Passed for start_position 936 and length 50
Passed for start_position 936 and length 52
Passed for start_position 936 and length 54
Passed for start_position 936 and length 56
Passed for start_position 936 and length 58
Passed for start_position 936 and length 60
Passed for start_position 936 and length 62
Passed for start_position 936 and length 64
Passed for start_position 936 and length 66
Passed for start_position 936 and length 68
Passed for start_position 936 and length 70
Passed for start_position 936 and length 72
Passed for start_position 936 and length 74
Passed for start_position 936 and length 76
Passed for start_position 936 and length 78
Passed for start_position 936 and length 80
Passed for start_position 936 and length 82
Passed for start_position 936 and length 84
Passed for start_position 936 and length 86
Passed for start_position 936 and length 88
Passed for start_position 936 and length 90
Passed for start_position 936 and length 92
Passed for start_position 936 and length 94
Passed for start_position 936 and length 96
Passed for start_position 936 and length 98
Passed for start_position 936 and length 100
Passed for start_position 937 and length 2
Passed for start_position 937 and length 4
Passed for start_position 937 and length 6
Passed for start_position 937 and length 8
Passed for start_position 937 and length 10
Passed for start_position 937 and length 12
Passed for start_position 937 and length 14
Passed for start_position 937 and length 16
Passed for start_position 937 and length 18
Passed for start_position 937 and length 20
Passed for start_position 937 and length 22
Passed for start_position 937 and length 24
Passed for start_position 937 and length 26
Passed for start_position 937 and length 28
Passed for start_position 937 and length 30
Passed for start_position 937 and length 32
Passed for start_position 937 and length 34
Passed for start_position 937 and length 36
Passed for start_position 937 and length 38
Passed for start_position 937 and length 40
Passed for start_position 937 and length 42
Passed for start_position 937 and length 44
Passed for start_position 937 and length 46
Passed for start_position 937 and length 48
Passed for start_position 937 and length 50
Passed for start_position 937 and length 52
Passed for start_position 937 and length 54
Passed for start_position 937 and length 56
Passed for start_position 937 and length 58
Passed for start_position 937 and length 60
Passed for start_position 937 and length 62
Passed for start_position 937 and length 64
Passed for start_position 937 and length 66
Passed for start_position 937 and length 68
Passed for start_position 937 and length 70
Passed for start_position 937 and length 72
Passed for start_position 937 and length 74
Passed for start_position 937 and length 76
Passed for start_position 937 and length 78
Passed for start_position 937 and length 80
Passed for start_position 937 and length 82
Passed for start_position 937 and length 84
Passed for start_position 937 and length 86
Passed for start_position 937 and length 88
Passed for start_position 937 and length 90
Passed for start_position 937 and length 92
Passed for start_position 937 and length 94
Passed for start_position 937 and length 96
Passed for start_position 937 and length 98
Passed for start_position 937 and length 100
Passed for start_position 938 and length 2
Error for start_position 938 and length 4: Movement 1 not in dictionary
Passed for start_position 938 and length 6
Error for start_position 938 and length 8: Movement 1 not in dictionary
Passed for start_position 938 and length 10
Passed for start_position 938 and length 12
Error for start_position 938 and length 14: Movement 1 not in dictionary
Error for start_position 938 and length 16: Movement -1 not in dictionary
Error for start_position 938 and length 18: Movement 1 not in dictionary
Passed for start_position 938 and length 20
Passed for start_position 938 and length 22
Passed for start_position 938 and length 24
Passed for start_position 938 and length 26
Error for start_position 938 and length 28: Movement 1 not in dictionary
Error for start_position 938 and length 30: Movement 1 not in dictionary
Passed for start_position 938 and length 32
Error for start_position 938 and length 34: Movement -1 not in dictionary
Passed for start_position 938 and length 36
Error for start_position 938 and length 38: Movement -1 not in dictionary
Passed for start_position 938 and length 40
Error for start_position 938 and length 42: Movement -1 not in dictionary
Passed for start_position 938 and length 44
Error for start_position 938 and length 46: Movement 1 not in dictionary
Passed for start_position 938 and length 48
Passed for start_position 938 and length 50
Error for start_position 938 and length 52: Movement 1 not in dictionary
Passed for start_position 938 and length 54
Passed for start_position 938 and length 56
Error for start_position 938 and length 58: Movement 1 not in dictionary
Passed for start_position 938 and length 60
Error for start_position 938 and length 62: Movement -1 not in dictionary
Error for start_position 938 and length 64: Movement 1 not in dictionary
Passed for start_position 938 and length 66
Passed for start_position 938 and length 68
Error for start_position 938 and length 70: Movement 1 not in dictionary
Passed for start_position 938 and length 72
Passed for start_position 938 and length 74
Error for start_position 938 and length 76: Movement -1 not in dictionary
Passed for start_position 938 and length 78
Error for start_position 938 and length 80: Movement -1 not in dictionary
Passed for start_position 938 and length 82
Error for start_position 938 and length 84: Movement -1 not in dictionary
Error for start_position 938 and length 86: Movement 1 not in dictionary
Error for start_position 938 and length 88: Movement 1 not in dictionary
Passed for start_position 938 and length 90
Passed for start_position 938 and length 92
Passed for start_position 938 and length 94
Error for start_position 938 and length 96: Movement 1 not in dictionary
Error for start_position 938 and length 98: Movement -1 not in dictionary
Error for start_position 938 and length 100: Movement 1 not in dictionary
Passed for start_position 939 and length 2
Passed for start_position 939 and length 4
Passed for start_position 939 and length 6
Passed for start_position 939 and length 8
Passed for start_position 939 and length 10
Passed for start_position 939 and length 12
Passed for start_position 939 and length 14
Passed for start_position 939 and length 16
Passed for start_position 939 and length 18
Passed for start_position 939 and length 20
Passed for start_position 939 and length 22
Passed for start_position 939 and length 24
Passed for start_position 939 and length 26
Passed for start_position 939 and length 28
Passed for start_position 939 and length 30
Passed for start_position 939 and length 32
Passed for start_position 939 and length 34
Passed for start_position 939 and length 36
Passed for start_position 939 and length 38
Passed for start_position 939 and length 40
Passed for start_position 939 and length 42
Passed for start_position 939 and length 44
Passed for start_position 939 and length 46
Passed for start_position 939 and length 48
Passed for start_position 939 and length 50
Passed for start_position 939 and length 52
Passed for start_position 939 and length 54
Passed for start_position 939 and length 56
Passed for start_position 939 and length 58
Passed for start_position 939 and length 60
Passed for start_position 939 and length 62
Passed for start_position 939 and length 64
Passed for start_position 939 and length 66
Passed for start_position 939 and length 68
Passed for start_position 939 and length 70
Passed for start_position 939 and length 72
Passed for start_position 939 and length 74
Passed for start_position 939 and length 76
Passed for start_position 939 and length 78
Passed for start_position 939 and length 80
Passed for start_position 939 and length 82
Passed for start_position 939 and length 84
Passed for start_position 939 and length 86
Passed for start_position 939 and length 88
Passed for start_position 939 and length 90
Passed for start_position 939 and length 92
Passed for start_position 939 and length 94
Passed for start_position 939 and length 96
Passed for start_position 939 and length 98
Passed for start_position 939 and length 100
Passed for start_position 940 and length 2
Passed for start_position 940 and length 4
Passed for start_position 940 and length 6
Passed for start_position 940 and length 8
Passed for start_position 940 and length 10
Passed for start_position 940 and length 12
Passed for start_position 940 and length 14
Passed for start_position 940 and length 16
Passed for start_position 940 and length 18
Passed for start_position 940 and length 20
Passed for start_position 940 and length 22
Passed for start_position 940 and length 24
Passed for start_position 940 and length 26
Passed for start_position 940 and length 28
Passed for start_position 940 and length 30
Passed for start_position 940 and length 32
Passed for start_position 940 and length 34
Passed for start_position 940 and length 36
Passed for start_position 940 and length 38
Passed for start_position 940 and length 40
Passed for start_position 940 and length 42
Passed for start_position 940 and length 44
Passed for start_position 940 and length 46
Passed for start_position 940 and length 48
Passed for start_position 940 and length 50
Passed for start_position 940 and length 52
Passed for start_position 940 and length 54
Passed for start_position 940 and length 56
Passed for start_position 940 and length 58
Passed for start_position 940 and length 60
Passed for start_position 940 and length 62
Passed for start_position 940 and length 64
Passed for start_position 940 and length 66
Passed for start_position 940 and length 68
Passed for start_position 940 and length 70
Passed for start_position 940 and length 72
Passed for start_position 940 and length 74
Passed for start_position 940 and length 76
Passed for start_position 940 and length 78
Passed for start_position 940 and length 80
Passed for start_position 940 and length 82
Passed for start_position 940 and length 84
Passed for start_position 940 and length 86
Passed for start_position 940 and length 88
Passed for start_position 940 and length 90
Passed for start_position 940 and length 92
Passed for start_position 940 and length 94
Passed for start_position 940 and length 96
Passed for start_position 940 and length 98
Passed for start_position 940 and length 100
Passed for start_position 941 and length 2
Passed for start_position 941 and length 4
Passed for start_position 941 and length 6
Passed for start_position 941 and length 8
Passed for start_position 941 and length 10
Passed for start_position 941 and length 12
Passed for start_position 941 and length 14
Passed for start_position 941 and length 16
Passed for start_position 941 and length 18
Passed for start_position 941 and length 20
Passed for start_position 941 and length 22
Passed for start_position 941 and length 24
Passed for start_position 941 and length 26
Passed for start_position 941 and length 28
Passed for start_position 941 and length 30
Passed for start_position 941 and length 32
Passed for start_position 941 and length 34
Passed for start_position 941 and length 36
Passed for start_position 941 and length 38
Passed for start_position 941 and length 40
Passed for start_position 941 and length 42
Passed for start_position 941 and length 44
Passed for start_position 941 and length 46
Passed for start_position 941 and length 48
Passed for start_position 941 and length 50
Passed for start_position 941 and length 52
Passed for start_position 941 and length 54
Passed for start_position 941 and length 56
Passed for start_position 941 and length 58
Passed for start_position 941 and length 60
Passed for start_position 941 and length 62
Passed for start_position 941 and length 64
Passed for start_position 941 and length 66
Passed for start_position 941 and length 68
Passed for start_position 941 and length 70
Passed for start_position 941 and length 72
Passed for start_position 941 and length 74
Passed for start_position 941 and length 76
Passed for start_position 941 and length 78
Passed for start_position 941 and length 80
Passed for start_position 941 and length 82
Passed for start_position 941 and length 84
Passed for start_position 941 and length 86
Passed for start_position 941 and length 88
Passed for start_position 941 and length 90
Passed for start_position 941 and length 92
Passed for start_position 941 and length 94
Passed for start_position 941 and length 96
Passed for start_position 941 and length 98
Passed for start_position 941 and length 100
Passed for start_position 942 and length 2
Passed for start_position 942 and length 4
Passed for start_position 942 and length 6
Passed for start_position 942 and length 8
Passed for start_position 942 and length 10
Passed for start_position 942 and length 12
Passed for start_position 942 and length 14
Passed for start_position 942 and length 16
Passed for start_position 942 and length 18
Passed for start_position 942 and length 20
Passed for start_position 942 and length 22
Passed for start_position 942 and length 24
Passed for start_position 942 and length 26
Passed for start_position 942 and length 28
Passed for start_position 942 and length 30
Passed for start_position 942 and length 32
Passed for start_position 942 and length 34
Passed for start_position 942 and length 36
Passed for start_position 942 and length 38
Passed for start_position 942 and length 40
Passed for start_position 942 and length 42
Passed for start_position 942 and length 44
Passed for start_position 942 and length 46
Passed for start_position 942 and length 48
Passed for start_position 942 and length 50
Passed for start_position 942 and length 52
Passed for start_position 942 and length 54
Passed for start_position 942 and length 56
Passed for start_position 942 and length 58
Passed for start_position 942 and length 60
Passed for start_position 942 and length 62
Passed for start_position 942 and length 64
Passed for start_position 942 and length 66
Passed for start_position 942 and length 68
Passed for start_position 942 and length 70
Passed for start_position 942 and length 72
Passed for start_position 942 and length 74
Passed for start_position 942 and length 76
Passed for start_position 942 and length 78
Passed for start_position 942 and length 80
Passed for start_position 942 and length 82
Passed for start_position 942 and length 84
Passed for start_position 942 and length 86
Passed for start_position 942 and length 88
Passed for start_position 942 and length 90
Passed for start_position 942 and length 92
Passed for start_position 942 and length 94
Passed for start_position 942 and length 96
Passed for start_position 942 and length 98
Passed for start_position 942 and length 100
Passed for start_position 943 and length 2
Passed for start_position 943 and length 4
Passed for start_position 943 and length 6
Passed for start_position 943 and length 8
Passed for start_position 943 and length 10
Passed for start_position 943 and length 12
Passed for start_position 943 and length 14
Passed for start_position 943 and length 16
Passed for start_position 943 and length 18
Passed for start_position 943 and length 20
Passed for start_position 943 and length 22
Passed for start_position 943 and length 24
Passed for start_position 943 and length 26
Passed for start_position 943 and length 28
Passed for start_position 943 and length 30
Passed for start_position 943 and length 32
Passed for start_position 943 and length 34
Passed for start_position 943 and length 36
Passed for start_position 943 and length 38
Passed for start_position 943 and length 40
Passed for start_position 943 and length 42
Passed for start_position 943 and length 44
Passed for start_position 943 and length 46
Passed for start_position 943 and length 48
Passed for start_position 943 and length 50
Passed for start_position 943 and length 52
Passed for start_position 943 and length 54
Passed for start_position 943 and length 56
Passed for start_position 943 and length 58
Passed for start_position 943 and length 60
Passed for start_position 943 and length 62
Passed for start_position 943 and length 64
Passed for start_position 943 and length 66
Passed for start_position 943 and length 68
Passed for start_position 943 and length 70
Passed for start_position 943 and length 72
Passed for start_position 943 and length 74
Passed for start_position 943 and length 76
Passed for start_position 943 and length 78
Passed for start_position 943 and length 80
Passed for start_position 943 and length 82
Passed for start_position 943 and length 84
Passed for start_position 943 and length 86
Passed for start_position 943 and length 88
Passed for start_position 943 and length 90
Passed for start_position 943 and length 92
Passed for start_position 943 and length 94
Passed for start_position 943 and length 96
Passed for start_position 943 and length 98
Passed for start_position 943 and length 100
Passed for start_position 944 and length 2
Passed for start_position 944 and length 4
Passed for start_position 944 and length 6
Passed for start_position 944 and length 8
Passed for start_position 944 and length 10
Passed for start_position 944 and length 12
Passed for start_position 944 and length 14
Passed for start_position 944 and length 16
Passed for start_position 944 and length 18
Passed for start_position 944 and length 20
Passed for start_position 944 and length 22
Passed for start_position 944 and length 24
Passed for start_position 944 and length 26
Passed for start_position 944 and length 28
Passed for start_position 944 and length 30
Passed for start_position 944 and length 32
Passed for start_position 944 and length 34
Passed for start_position 944 and length 36
Passed for start_position 944 and length 38
Passed for start_position 944 and length 40
Passed for start_position 944 and length 42
Passed for start_position 944 and length 44
Passed for start_position 944 and length 46
Passed for start_position 944 and length 48
Passed for start_position 944 and length 50
Passed for start_position 944 and length 52
Passed for start_position 944 and length 54
Passed for start_position 944 and length 56
Passed for start_position 944 and length 58
Passed for start_position 944 and length 60
Passed for start_position 944 and length 62
Passed for start_position 944 and length 64
Passed for start_position 944 and length 66
Passed for start_position 944 and length 68
Passed for start_position 944 and length 70
Passed for start_position 944 and length 72
Passed for start_position 944 and length 74
Passed for start_position 944 and length 76
Passed for start_position 944 and length 78
Passed for start_position 944 and length 80
Passed for start_position 944 and length 82
Passed for start_position 944 and length 84
Passed for start_position 944 and length 86
Passed for start_position 944 and length 88
Passed for start_position 944 and length 90
Passed for start_position 944 and length 92
Passed for start_position 944 and length 94
Passed for start_position 944 and length 96
Passed for start_position 944 and length 98
Passed for start_position 944 and length 100
Passed for start_position 945 and length 2
Passed for start_position 945 and length 4
Passed for start_position 945 and length 6
Passed for start_position 945 and length 8
Passed for start_position 945 and length 10
Passed for start_position 945 and length 12
Passed for start_position 945 and length 14
Passed for start_position 945 and length 16
Passed for start_position 945 and length 18
Passed for start_position 945 and length 20
Passed for start_position 945 and length 22
Passed for start_position 945 and length 24
Passed for start_position 945 and length 26
Passed for start_position 945 and length 28
Passed for start_position 945 and length 30
Passed for start_position 945 and length 32
Passed for start_position 945 and length 34
Passed for start_position 945 and length 36
Passed for start_position 945 and length 38
Passed for start_position 945 and length 40
Passed for start_position 945 and length 42
Passed for start_position 945 and length 44
Passed for start_position 945 and length 46
Passed for start_position 945 and length 48
Passed for start_position 945 and length 50
Passed for start_position 945 and length 52
Passed for start_position 945 and length 54
Passed for start_position 945 and length 56
Passed for start_position 945 and length 58
Passed for start_position 945 and length 60
Passed for start_position 945 and length 62
Passed for start_position 945 and length 64
Passed for start_position 945 and length 66
Passed for start_position 945 and length 68
Passed for start_position 945 and length 70
Passed for start_position 945 and length 72
Passed for start_position 945 and length 74
Passed for start_position 945 and length 76
Passed for start_position 945 and length 78
Passed for start_position 945 and length 80
Passed for start_position 945 and length 82
Passed for start_position 945 and length 84
Passed for start_position 945 and length 86
Passed for start_position 945 and length 88
Passed for start_position 945 and length 90
Passed for start_position 945 and length 92
Passed for start_position 945 and length 94
Passed for start_position 945 and length 96
Passed for start_position 945 and length 98
Passed for start_position 945 and length 100
Passed for start_position 946 and length 2
Passed for start_position 946 and length 4
Passed for start_position 946 and length 6
Passed for start_position 946 and length 8
Passed for start_position 946 and length 10
Passed for start_position 946 and length 12
Passed for start_position 946 and length 14
Passed for start_position 946 and length 16
Passed for start_position 946 and length 18
Passed for start_position 946 and length 20
Passed for start_position 946 and length 22
Passed for start_position 946 and length 24
Passed for start_position 946 and length 26
Passed for start_position 946 and length 28
Passed for start_position 946 and length 30
Passed for start_position 946 and length 32
Passed for start_position 946 and length 34
Passed for start_position 946 and length 36
Passed for start_position 946 and length 38
Passed for start_position 946 and length 40
Passed for start_position 946 and length 42
Passed for start_position 946 and length 44
Passed for start_position 946 and length 46
Passed for start_position 946 and length 48
Passed for start_position 946 and length 50
Passed for start_position 946 and length 52
Passed for start_position 946 and length 54
Passed for start_position 946 and length 56
Passed for start_position 946 and length 58
Passed for start_position 946 and length 60
Passed for start_position 946 and length 62
Passed for start_position 946 and length 64
Passed for start_position 946 and length 66
Passed for start_position 946 and length 68
Passed for start_position 946 and length 70
Passed for start_position 946 and length 72
Passed for start_position 946 and length 74
Passed for start_position 946 and length 76
Passed for start_position 946 and length 78
Passed for start_position 946 and length 80
Passed for start_position 946 and length 82
Passed for start_position 946 and length 84
Passed for start_position 946 and length 86
Passed for start_position 946 and length 88
Passed for start_position 946 and length 90
Passed for start_position 946 and length 92
Passed for start_position 946 and length 94
Passed for start_position 946 and length 96
Passed for start_position 946 and length 98
Passed for start_position 946 and length 100
Passed for start_position 947 and length 2
Passed for start_position 947 and length 4
Passed for start_position 947 and length 6
Passed for start_position 947 and length 8
Passed for start_position 947 and length 10
Passed for start_position 947 and length 12
Passed for start_position 947 and length 14
Passed for start_position 947 and length 16
Passed for start_position 947 and length 18
Passed for start_position 947 and length 20
Passed for start_position 947 and length 22
Passed for start_position 947 and length 24
Passed for start_position 947 and length 26
Passed for start_position 947 and length 28
Passed for start_position 947 and length 30
Passed for start_position 947 and length 32
Passed for start_position 947 and length 34
Passed for start_position 947 and length 36
Passed for start_position 947 and length 38
Passed for start_position 947 and length 40
Passed for start_position 947 and length 42
Passed for start_position 947 and length 44
Passed for start_position 947 and length 46
Passed for start_position 947 and length 48
Passed for start_position 947 and length 50
Passed for start_position 947 and length 52
Passed for start_position 947 and length 54
Passed for start_position 947 and length 56
Passed for start_position 947 and length 58
Passed for start_position 947 and length 60
Passed for start_position 947 and length 62
Passed for start_position 947 and length 64
Passed for start_position 947 and length 66
Passed for start_position 947 and length 68
Passed for start_position 947 and length 70
Passed for start_position 947 and length 72
Passed for start_position 947 and length 74
Passed for start_position 947 and length 76
Passed for start_position 947 and length 78
Passed for start_position 947 and length 80
Passed for start_position 947 and length 82
Passed for start_position 947 and length 84
Passed for start_position 947 and length 86
Passed for start_position 947 and length 88
Passed for start_position 947 and length 90
Passed for start_position 947 and length 92
Passed for start_position 947 and length 94
Passed for start_position 947 and length 96
Passed for start_position 947 and length 98
Passed for start_position 947 and length 100
Passed for start_position 948 and length 2
Passed for start_position 948 and length 4
Passed for start_position 948 and length 6
Passed for start_position 948 and length 8
Passed for start_position 948 and length 10
Passed for start_position 948 and length 12
Passed for start_position 948 and length 14
Passed for start_position 948 and length 16
Passed for start_position 948 and length 18
Passed for start_position 948 and length 20
Passed for start_position 948 and length 22
Passed for start_position 948 and length 24
Passed for start_position 948 and length 26
Passed for start_position 948 and length 28
Passed for start_position 948 and length 30
Passed for start_position 948 and length 32
Passed for start_position 948 and length 34
Passed for start_position 948 and length 36
Passed for start_position 948 and length 38
Passed for start_position 948 and length 40
Passed for start_position 948 and length 42
Passed for start_position 948 and length 44
Passed for start_position 948 and length 46
Passed for start_position 948 and length 48
Passed for start_position 948 and length 50
Passed for start_position 948 and length 52
Passed for start_position 948 and length 54
Passed for start_position 948 and length 56
Passed for start_position 948 and length 58
Passed for start_position 948 and length 60
Passed for start_position 948 and length 62
Passed for start_position 948 and length 64
Passed for start_position 948 and length 66
Passed for start_position 948 and length 68
Passed for start_position 948 and length 70
Passed for start_position 948 and length 72
Passed for start_position 948 and length 74
Passed for start_position 948 and length 76
Passed for start_position 948 and length 78
Passed for start_position 948 and length 80
Passed for start_position 948 and length 82
Passed for start_position 948 and length 84
Passed for start_position 948 and length 86
Passed for start_position 948 and length 88
Passed for start_position 948 and length 90
Passed for start_position 948 and length 92
Passed for start_position 948 and length 94
Passed for start_position 948 and length 96
Passed for start_position 948 and length 98
Passed for start_position 948 and length 100
Passed for start_position 949 and length 2
Passed for start_position 949 and length 4
Passed for start_position 949 and length 6
Passed for start_position 949 and length 8
Passed for start_position 949 and length 10
Passed for start_position 949 and length 12
Passed for start_position 949 and length 14
Passed for start_position 949 and length 16
Passed for start_position 949 and length 18
Passed for start_position 949 and length 20
Passed for start_position 949 and length 22
Passed for start_position 949 and length 24
Passed for start_position 949 and length 26
Passed for start_position 949 and length 28
Passed for start_position 949 and length 30
Passed for start_position 949 and length 32
Passed for start_position 949 and length 34
Passed for start_position 949 and length 36
Passed for start_position 949 and length 38
Passed for start_position 949 and length 40
Passed for start_position 949 and length 42
Passed for start_position 949 and length 44
Passed for start_position 949 and length 46
Passed for start_position 949 and length 48
Passed for start_position 949 and length 50
Passed for start_position 949 and length 52
Passed for start_position 949 and length 54
Passed for start_position 949 and length 56
Passed for start_position 949 and length 58
Passed for start_position 949 and length 60
Passed for start_position 949 and length 62
Passed for start_position 949 and length 64
Passed for start_position 949 and length 66
Passed for start_position 949 and length 68
Passed for start_position 949 and length 70
Passed for start_position 949 and length 72
Passed for start_position 949 and length 74
Passed for start_position 949 and length 76
Passed for start_position 949 and length 78
Passed for start_position 949 and length 80
Passed for start_position 949 and length 82
Passed for start_position 949 and length 84
Passed for start_position 949 and length 86
Passed for start_position 949 and length 88
Passed for start_position 949 and length 90
Passed for start_position 949 and length 92
Passed for start_position 949 and length 94
Passed for start_position 949 and length 96
Passed for start_position 949 and length 98
Passed for start_position 949 and length 100
Passed for start_position 950 and length 2
Passed for start_position 950 and length 4
Passed for start_position 950 and length 6
Passed for start_position 950 and length 8
Passed for start_position 950 and length 10
Passed for start_position 950 and length 12
Passed for start_position 950 and length 14
Passed for start_position 950 and length 16
Passed for start_position 950 and length 18
Passed for start_position 950 and length 20
Passed for start_position 950 and length 22
Passed for start_position 950 and length 24
Passed for start_position 950 and length 26
Passed for start_position 950 and length 28
Passed for start_position 950 and length 30
Passed for start_position 950 and length 32
Passed for start_position 950 and length 34
Passed for start_position 950 and length 36
Passed for start_position 950 and length 38
Passed for start_position 950 and length 40
Passed for start_position 950 and length 42
Passed for start_position 950 and length 44
Passed for start_position 950 and length 46
Passed for start_position 950 and length 48
Passed for start_position 950 and length 50
Passed for start_position 950 and length 52
Passed for start_position 950 and length 54
Passed for start_position 950 and length 56
Passed for start_position 950 and length 58
Passed for start_position 950 and length 60
Passed for start_position 950 and length 62
Passed for start_position 950 and length 64
Passed for start_position 950 and length 66
Passed for start_position 950 and length 68
Passed for start_position 950 and length 70
Passed for start_position 950 and length 72
Passed for start_position 950 and length 74
Passed for start_position 950 and length 76
Passed for start_position 950 and length 78
Passed for start_position 950 and length 80
Passed for start_position 950 and length 82
Passed for start_position 950 and length 84
Passed for start_position 950 and length 86
Passed for start_position 950 and length 88
Passed for start_position 950 and length 90
Passed for start_position 950 and length 92
Passed for start_position 950 and length 94
Passed for start_position 950 and length 96
Passed for start_position 950 and length 98
Passed for start_position 950 and length 100
Error for start_position 951 and length 2: Movement 1 not in dictionary
Passed for start_position 951 and length 4
Passed for start_position 951 and length 6
Passed for start_position 951 and length 8
Passed for start_position 951 and length 10
Passed for start_position 951 and length 12
Error for start_position 951 and length 14: Movement 1 not in dictionary
Error for start_position 951 and length 16: Movement -1 not in dictionary
Error for start_position 951 and length 18: Movement 1 not in dictionary
Passed for start_position 951 and length 20
Passed for start_position 951 and length 22
Passed for start_position 951 and length 24
Error for start_position 951 and length 26: Movement -1 not in dictionary
Passed for start_position 951 and length 28
Passed for start_position 951 and length 30
Passed for start_position 951 and length 32
Passed for start_position 951 and length 34
Passed for start_position 951 and length 36
Passed for start_position 951 and length 38
Passed for start_position 951 and length 40
Passed for start_position 951 and length 42
Error for start_position 951 and length 44: Movement 1 not in dictionary
Passed for start_position 951 and length 46
Error for start_position 951 and length 48: Movement -1 not in dictionary
Error for start_position 951 and length 50: Movement 1 not in dictionary
Passed for start_position 951 and length 52
Passed for start_position 951 and length 54
Error for start_position 951 and length 56: Movement 1 not in dictionary
Error for start_position 951 and length 58: Movement -1 not in dictionary
Error for start_position 951 and length 60: Movement -1 not in dictionary
Passed for start_position 951 and length 62
Passed for start_position 951 and length 64
Passed for start_position 951 and length 66
Passed for start_position 951 and length 68
Error for start_position 951 and length 70: Movement 1 not in dictionary
Passed for start_position 951 and length 72
Passed for start_position 951 and length 74
Passed for start_position 951 and length 76
Passed for start_position 951 and length 78
Passed for start_position 951 and length 80
Error for start_position 951 and length 82: Movement 1 not in dictionary
Passed for start_position 951 and length 84
Error for start_position 951 and length 86: Movement 1 not in dictionary
Error for start_position 951 and length 88: Movement -1 not in dictionary
Passed for start_position 951 and length 90
Passed for start_position 951 and length 92
Error for start_position 951 and length 94: Movement -1 not in dictionary
Passed for start_position 951 and length 96
Passed for start_position 951 and length 98
Passed for start_position 951 and length 100
Passed for start_position 952 and length 2
Passed for start_position 952 and length 4
Passed for start_position 952 and length 6
Passed for start_position 952 and length 8
Passed for start_position 952 and length 10
Passed for start_position 952 and length 12
Passed for start_position 952 and length 14
Passed for start_position 952 and length 16
Passed for start_position 952 and length 18
Passed for start_position 952 and length 20
Passed for start_position 952 and length 22
Passed for start_position 952 and length 24
Passed for start_position 952 and length 26
Passed for start_position 952 and length 28
Passed for start_position 952 and length 30
Passed for start_position 952 and length 32
Passed for start_position 952 and length 34
Passed for start_position 952 and length 36
Passed for start_position 952 and length 38
Passed for start_position 952 and length 40
Passed for start_position 952 and length 42
Passed for start_position 952 and length 44
Passed for start_position 952 and length 46
Passed for start_position 952 and length 48
Passed for start_position 952 and length 50
Passed for start_position 952 and length 52
Passed for start_position 952 and length 54
Passed for start_position 952 and length 56
Passed for start_position 952 and length 58
Passed for start_position 952 and length 60
Passed for start_position 952 and length 62
Passed for start_position 952 and length 64
Passed for start_position 952 and length 66
Passed for start_position 952 and length 68
Passed for start_position 952 and length 70
Passed for start_position 952 and length 72
Passed for start_position 952 and length 74
Passed for start_position 952 and length 76
Passed for start_position 952 and length 78
Passed for start_position 952 and length 80
Passed for start_position 952 and length 82
Passed for start_position 952 and length 84
Passed for start_position 952 and length 86
Passed for start_position 952 and length 88
Passed for start_position 952 and length 90
Passed for start_position 952 and length 92
Passed for start_position 952 and length 94
Passed for start_position 952 and length 96
Passed for start_position 952 and length 98
Passed for start_position 952 and length 100
Passed for start_position 953 and length 2
Passed for start_position 953 and length 4
Passed for start_position 953 and length 6
Passed for start_position 953 and length 8
Passed for start_position 953 and length 10
Passed for start_position 953 and length 12
Passed for start_position 953 and length 14
Passed for start_position 953 and length 16
Passed for start_position 953 and length 18
Passed for start_position 953 and length 20
Passed for start_position 953 and length 22
Passed for start_position 953 and length 24
Passed for start_position 953 and length 26
Passed for start_position 953 and length 28
Passed for start_position 953 and length 30
Passed for start_position 953 and length 32
Passed for start_position 953 and length 34
Passed for start_position 953 and length 36
Passed for start_position 953 and length 38
Passed for start_position 953 and length 40
Passed for start_position 953 and length 42
Passed for start_position 953 and length 44
Passed for start_position 953 and length 46
Passed for start_position 953 and length 48
Passed for start_position 953 and length 50
Passed for start_position 953 and length 52
Passed for start_position 953 and length 54
Passed for start_position 953 and length 56
Passed for start_position 953 and length 58
Passed for start_position 953 and length 60
Passed for start_position 953 and length 62
Passed for start_position 953 and length 64
Passed for start_position 953 and length 66
Passed for start_position 953 and length 68
Passed for start_position 953 and length 70
Passed for start_position 953 and length 72
Passed for start_position 953 and length 74
Passed for start_position 953 and length 76
Passed for start_position 953 and length 78
Passed for start_position 953 and length 80
Passed for start_position 953 and length 82
Passed for start_position 953 and length 84
Passed for start_position 953 and length 86
Passed for start_position 953 and length 88
Passed for start_position 953 and length 90
Passed for start_position 953 and length 92
Passed for start_position 953 and length 94
Passed for start_position 953 and length 96
Passed for start_position 953 and length 98
Passed for start_position 953 and length 100
Passed for start_position 954 and length 2
Passed for start_position 954 and length 4
Passed for start_position 954 and length 6
Passed for start_position 954 and length 8
Passed for start_position 954 and length 10
Passed for start_position 954 and length 12
Passed for start_position 954 and length 14
Passed for start_position 954 and length 16
Passed for start_position 954 and length 18
Passed for start_position 954 and length 20
Passed for start_position 954 and length 22
Passed for start_position 954 and length 24
Passed for start_position 954 and length 26
Passed for start_position 954 and length 28
Passed for start_position 954 and length 30
Passed for start_position 954 and length 32
Passed for start_position 954 and length 34
Passed for start_position 954 and length 36
Passed for start_position 954 and length 38
Passed for start_position 954 and length 40
Passed for start_position 954 and length 42
Passed for start_position 954 and length 44
Passed for start_position 954 and length 46
Passed for start_position 954 and length 48
Passed for start_position 954 and length 50
Passed for start_position 954 and length 52
Passed for start_position 954 and length 54
Passed for start_position 954 and length 56
Passed for start_position 954 and length 58
Passed for start_position 954 and length 60
Passed for start_position 954 and length 62
Passed for start_position 954 and length 64
Passed for start_position 954 and length 66
Passed for start_position 954 and length 68
Passed for start_position 954 and length 70
Passed for start_position 954 and length 72
Passed for start_position 954 and length 74
Passed for start_position 954 and length 76
Passed for start_position 954 and length 78
Passed for start_position 954 and length 80
Passed for start_position 954 and length 82
Passed for start_position 954 and length 84
Passed for start_position 954 and length 86
Passed for start_position 954 and length 88
Passed for start_position 954 and length 90
Passed for start_position 954 and length 92
Passed for start_position 954 and length 94
Passed for start_position 954 and length 96
Passed for start_position 954 and length 98
Passed for start_position 954 and length 100
Passed for start_position 955 and length 2
Passed for start_position 955 and length 4
Passed for start_position 955 and length 6
Passed for start_position 955 and length 8
Passed for start_position 955 and length 10
Passed for start_position 955 and length 12
Passed for start_position 955 and length 14
Passed for start_position 955 and length 16
Passed for start_position 955 and length 18
Passed for start_position 955 and length 20
Passed for start_position 955 and length 22
Passed for start_position 955 and length 24
Passed for start_position 955 and length 26
Passed for start_position 955 and length 28
Passed for start_position 955 and length 30
Passed for start_position 955 and length 32
Passed for start_position 955 and length 34
Passed for start_position 955 and length 36
Passed for start_position 955 and length 38
Passed for start_position 955 and length 40
Passed for start_position 955 and length 42
Passed for start_position 955 and length 44
Passed for start_position 955 and length 46
Passed for start_position 955 and length 48
Passed for start_position 955 and length 50
Passed for start_position 955 and length 52
Passed for start_position 955 and length 54
Passed for start_position 955 and length 56
Passed for start_position 955 and length 58
Passed for start_position 955 and length 60
Passed for start_position 955 and length 62
Passed for start_position 955 and length 64
Passed for start_position 955 and length 66
Passed for start_position 955 and length 68
Passed for start_position 955 and length 70
Passed for start_position 955 and length 72
Passed for start_position 955 and length 74
Passed for start_position 955 and length 76
Passed for start_position 955 and length 78
Passed for start_position 955 and length 80
Passed for start_position 955 and length 82
Passed for start_position 955 and length 84
Passed for start_position 955 and length 86
Passed for start_position 955 and length 88
Passed for start_position 955 and length 90
Passed for start_position 955 and length 92
Passed for start_position 955 and length 94
Passed for start_position 955 and length 96
Passed for start_position 955 and length 98
Passed for start_position 955 and length 100
Passed for start_position 956 and length 2
Passed for start_position 956 and length 4
Passed for start_position 956 and length 6
Passed for start_position 956 and length 8
Passed for start_position 956 and length 10
Passed for start_position 956 and length 12
Passed for start_position 956 and length 14
Passed for start_position 956 and length 16
Passed for start_position 956 and length 18
Passed for start_position 956 and length 20
Passed for start_position 956 and length 22
Passed for start_position 956 and length 24
Passed for start_position 956 and length 26
Passed for start_position 956 and length 28
Passed for start_position 956 and length 30
Passed for start_position 956 and length 32
Passed for start_position 956 and length 34
Passed for start_position 956 and length 36
Passed for start_position 956 and length 38
Passed for start_position 956 and length 40
Passed for start_position 956 and length 42
Passed for start_position 956 and length 44
Passed for start_position 956 and length 46
Passed for start_position 956 and length 48
Passed for start_position 956 and length 50
Passed for start_position 956 and length 52
Passed for start_position 956 and length 54
Passed for start_position 956 and length 56
Passed for start_position 956 and length 58
Passed for start_position 956 and length 60
Passed for start_position 956 and length 62
Passed for start_position 956 and length 64
Passed for start_position 956 and length 66
Passed for start_position 956 and length 68
Passed for start_position 956 and length 70
Passed for start_position 956 and length 72
Passed for start_position 956 and length 74
Passed for start_position 956 and length 76
Passed for start_position 956 and length 78
Passed for start_position 956 and length 80
Passed for start_position 956 and length 82
Passed for start_position 956 and length 84
Passed for start_position 956 and length 86
Passed for start_position 956 and length 88
Passed for start_position 956 and length 90
Passed for start_position 956 and length 92
Passed for start_position 956 and length 94
Passed for start_position 956 and length 96
Passed for start_position 956 and length 98
Passed for start_position 956 and length 100
Passed for start_position 957 and length 2
Passed for start_position 957 and length 4
Passed for start_position 957 and length 6
Passed for start_position 957 and length 8
Passed for start_position 957 and length 10
Passed for start_position 957 and length 12
Passed for start_position 957 and length 14
Passed for start_position 957 and length 16
Passed for start_position 957 and length 18
Passed for start_position 957 and length 20
Passed for start_position 957 and length 22
Passed for start_position 957 and length 24
Passed for start_position 957 and length 26
Passed for start_position 957 and length 28
Passed for start_position 957 and length 30
Passed for start_position 957 and length 32
Passed for start_position 957 and length 34
Passed for start_position 957 and length 36
Passed for start_position 957 and length 38
Passed for start_position 957 and length 40
Passed for start_position 957 and length 42
Passed for start_position 957 and length 44
Passed for start_position 957 and length 46
Passed for start_position 957 and length 48
Passed for start_position 957 and length 50
Passed for start_position 957 and length 52
Passed for start_position 957 and length 54
Passed for start_position 957 and length 56
Passed for start_position 957 and length 58
Passed for start_position 957 and length 60
Passed for start_position 957 and length 62
Passed for start_position 957 and length 64
Passed for start_position 957 and length 66
Passed for start_position 957 and length 68
Passed for start_position 957 and length 70
Passed for start_position 957 and length 72
Passed for start_position 957 and length 74
Passed for start_position 957 and length 76
Passed for start_position 957 and length 78
Passed for start_position 957 and length 80
Passed for start_position 957 and length 82
Passed for start_position 957 and length 84
Passed for start_position 957 and length 86
Passed for start_position 957 and length 88
Passed for start_position 957 and length 90
Passed for start_position 957 and length 92
Passed for start_position 957 and length 94
Passed for start_position 957 and length 96
Passed for start_position 957 and length 98
Passed for start_position 957 and length 100
Error for start_position 958 and length 2: Movement -1 not in dictionary
Error for start_position 958 and length 4: Movement 1 not in dictionary
Passed for start_position 958 and length 6
Error for start_position 958 and length 8: Movement -1 not in dictionary
Error for start_position 958 and length 10: Movement 1 not in dictionary
Error for start_position 958 and length 12: Movement 1 not in dictionary
Passed for start_position 958 and length 14
Error for start_position 958 and length 16: Movement -1 not in dictionary
Passed for start_position 958 and length 18
Passed for start_position 958 and length 20
Passed for start_position 958 and length 22
Passed for start_position 958 and length 24
Error for start_position 958 and length 26: Movement 1 not in dictionary
Passed for start_position 958 and length 28
Passed for start_position 958 and length 30
Error for start_position 958 and length 32: Movement 1 not in dictionary
Passed for start_position 958 and length 34
Passed for start_position 958 and length 36
Passed for start_position 958 and length 38
Error for start_position 958 and length 40: Movement -1 not in dictionary
Passed for start_position 958 and length 42
Passed for start_position 958 and length 44
Passed for start_position 958 and length 46
Error for start_position 958 and length 48: Movement -1 not in dictionary
Passed for start_position 958 and length 50
Error for start_position 958 and length 52: Movement -1 not in dictionary
Error for start_position 958 and length 54: Movement 1 not in dictionary
Passed for start_position 958 and length 56
Passed for start_position 958 and length 58
Error for start_position 958 and length 60: Movement -1 not in dictionary
Error for start_position 958 and length 62: Movement -1 not in dictionary
Passed for start_position 958 and length 64
Passed for start_position 958 and length 66
Error for start_position 958 and length 68: Movement 1 not in dictionary
Error for start_position 958 and length 70: Movement -1 not in dictionary
Error for start_position 958 and length 72: Movement -1 not in dictionary
Error for start_position 958 and length 74: Movement 1 not in dictionary
Error for start_position 958 and length 76: Movement 1 not in dictionary
Passed for start_position 958 and length 78
Error for start_position 958 and length 80: Movement 1 not in dictionary
Passed for start_position 958 and length 82
Error for start_position 958 and length 84: Movement 1 not in dictionary
Error for start_position 958 and length 86: Movement -1 not in dictionary
Error for start_position 958 and length 88: Movement -1 not in dictionary
Error for start_position 958 and length 90: Movement -1 not in dictionary
Passed for start_position 958 and length 92
Error for start_position 958 and length 94: Movement -1 not in dictionary
Error for start_position 958 and length 96: Movement 1 not in dictionary
Passed for start_position 958 and length 98
Error for start_position 958 and length 100: Movement -1 not in dictionary
Passed for start_position 959 and length 2
Passed for start_position 959 and length 4
Passed for start_position 959 and length 6
Passed for start_position 959 and length 8
Passed for start_position 959 and length 10
Passed for start_position 959 and length 12
Passed for start_position 959 and length 14
Passed for start_position 959 and length 16
Passed for start_position 959 and length 18
Passed for start_position 959 and length 20
Passed for start_position 959 and length 22
Passed for start_position 959 and length 24
Passed for start_position 959 and length 26
Passed for start_position 959 and length 28
Passed for start_position 959 and length 30
Passed for start_position 959 and length 32
Passed for start_position 959 and length 34
Passed for start_position 959 and length 36
Passed for start_position 959 and length 38
Passed for start_position 959 and length 40
Passed for start_position 959 and length 42
Passed for start_position 959 and length 44
Passed for start_position 959 and length 46
Passed for start_position 959 and length 48
Passed for start_position 959 and length 50
Passed for start_position 959 and length 52
Passed for start_position 959 and length 54
Passed for start_position 959 and length 56
Passed for start_position 959 and length 58
Passed for start_position 959 and length 60
Passed for start_position 959 and length 62
Passed for start_position 959 and length 64
Passed for start_position 959 and length 66
Passed for start_position 959 and length 68
Passed for start_position 959 and length 70
Passed for start_position 959 and length 72
Passed for start_position 959 and length 74
Passed for start_position 959 and length 76
Passed for start_position 959 and length 78
Passed for start_position 959 and length 80
Passed for start_position 959 and length 82
Passed for start_position 959 and length 84
Passed for start_position 959 and length 86
Passed for start_position 959 and length 88
Passed for start_position 959 and length 90
Passed for start_position 959 and length 92
Passed for start_position 959 and length 94
Passed for start_position 959 and length 96
Passed for start_position 959 and length 98
Passed for start_position 959 and length 100
Passed for start_position 960 and length 2
Passed for start_position 960 and length 4
Passed for start_position 960 and length 6
Passed for start_position 960 and length 8
Passed for start_position 960 and length 10
Passed for start_position 960 and length 12
Passed for start_position 960 and length 14
Passed for start_position 960 and length 16
Passed for start_position 960 and length 18
Passed for start_position 960 and length 20
Passed for start_position 960 and length 22
Passed for start_position 960 and length 24
Passed for start_position 960 and length 26
Passed for start_position 960 and length 28
Passed for start_position 960 and length 30
Passed for start_position 960 and length 32
Passed for start_position 960 and length 34
Passed for start_position 960 and length 36
Passed for start_position 960 and length 38
Passed for start_position 960 and length 40
Passed for start_position 960 and length 42
Passed for start_position 960 and length 44
Passed for start_position 960 and length 46
Passed for start_position 960 and length 48
Passed for start_position 960 and length 50
Passed for start_position 960 and length 52
Passed for start_position 960 and length 54
Passed for start_position 960 and length 56
Passed for start_position 960 and length 58
Passed for start_position 960 and length 60
Passed for start_position 960 and length 62
Passed for start_position 960 and length 64
Passed for start_position 960 and length 66
Passed for start_position 960 and length 68
Passed for start_position 960 and length 70
Passed for start_position 960 and length 72
Passed for start_position 960 and length 74
Passed for start_position 960 and length 76
Passed for start_position 960 and length 78
Passed for start_position 960 and length 80
Passed for start_position 960 and length 82
Passed for start_position 960 and length 84
Passed for start_position 960 and length 86
Passed for start_position 960 and length 88
Passed for start_position 960 and length 90
Passed for start_position 960 and length 92
Passed for start_position 960 and length 94
Passed for start_position 960 and length 96
Passed for start_position 960 and length 98
Passed for start_position 960 and length 100
Passed for start_position 961 and length 2
Passed for start_position 961 and length 4
Passed for start_position 961 and length 6
Passed for start_position 961 and length 8
Passed for start_position 961 and length 10
Passed for start_position 961 and length 12
Passed for start_position 961 and length 14
Passed for start_position 961 and length 16
Passed for start_position 961 and length 18
Passed for start_position 961 and length 20
Passed for start_position 961 and length 22
Passed for start_position 961 and length 24
Passed for start_position 961 and length 26
Passed for start_position 961 and length 28
Passed for start_position 961 and length 30
Passed for start_position 961 and length 32
Passed for start_position 961 and length 34
Passed for start_position 961 and length 36
Passed for start_position 961 and length 38
Passed for start_position 961 and length 40
Passed for start_position 961 and length 42
Passed for start_position 961 and length 44
Passed for start_position 961 and length 46
Passed for start_position 961 and length 48
Passed for start_position 961 and length 50
Passed for start_position 961 and length 52
Passed for start_position 961 and length 54
Passed for start_position 961 and length 56
Passed for start_position 961 and length 58
Passed for start_position 961 and length 60
Passed for start_position 961 and length 62
Passed for start_position 961 and length 64
Passed for start_position 961 and length 66
Passed for start_position 961 and length 68
Passed for start_position 961 and length 70
Passed for start_position 961 and length 72
Passed for start_position 961 and length 74
Passed for start_position 961 and length 76
Passed for start_position 961 and length 78
Passed for start_position 961 and length 80
Passed for start_position 961 and length 82
Passed for start_position 961 and length 84
Passed for start_position 961 and length 86
Passed for start_position 961 and length 88
Passed for start_position 961 and length 90
Passed for start_position 961 and length 92
Passed for start_position 961 and length 94
Passed for start_position 961 and length 96
Passed for start_position 961 and length 98
Passed for start_position 961 and length 100
Passed for start_position 962 and length 2
Passed for start_position 962 and length 4
Passed for start_position 962 and length 6
Passed for start_position 962 and length 8
Passed for start_position 962 and length 10
Passed for start_position 962 and length 12
Passed for start_position 962 and length 14
Passed for start_position 962 and length 16
Passed for start_position 962 and length 18
Passed for start_position 962 and length 20
Passed for start_position 962 and length 22
Passed for start_position 962 and length 24
Passed for start_position 962 and length 26
Passed for start_position 962 and length 28
Passed for start_position 962 and length 30
Passed for start_position 962 and length 32
Passed for start_position 962 and length 34
Passed for start_position 962 and length 36
Passed for start_position 962 and length 38
Passed for start_position 962 and length 40
Passed for start_position 962 and length 42
Passed for start_position 962 and length 44
Passed for start_position 962 and length 46
Passed for start_position 962 and length 48
Passed for start_position 962 and length 50
Passed for start_position 962 and length 52
Passed for start_position 962 and length 54
Passed for start_position 962 and length 56
Passed for start_position 962 and length 58
Passed for start_position 962 and length 60
Passed for start_position 962 and length 62
Passed for start_position 962 and length 64
Passed for start_position 962 and length 66
Passed for start_position 962 and length 68
Passed for start_position 962 and length 70
Passed for start_position 962 and length 72
Passed for start_position 962 and length 74
Passed for start_position 962 and length 76
Passed for start_position 962 and length 78
Passed for start_position 962 and length 80
Passed for start_position 962 and length 82
Passed for start_position 962 and length 84
Passed for start_position 962 and length 86
Passed for start_position 962 and length 88
Passed for start_position 962 and length 90
Passed for start_position 962 and length 92
Passed for start_position 962 and length 94
Passed for start_position 962 and length 96
Passed for start_position 962 and length 98
Passed for start_position 962 and length 100
Passed for start_position 963 and length 2
Passed for start_position 963 and length 4
Passed for start_position 963 and length 6
Passed for start_position 963 and length 8
Passed for start_position 963 and length 10
Passed for start_position 963 and length 12
Passed for start_position 963 and length 14
Passed for start_position 963 and length 16
Passed for start_position 963 and length 18
Passed for start_position 963 and length 20
Passed for start_position 963 and length 22
Passed for start_position 963 and length 24
Passed for start_position 963 and length 26
Passed for start_position 963 and length 28
Passed for start_position 963 and length 30
Passed for start_position 963 and length 32
Passed for start_position 963 and length 34
Passed for start_position 963 and length 36
Passed for start_position 963 and length 38
Passed for start_position 963 and length 40
Passed for start_position 963 and length 42
Passed for start_position 963 and length 44
Passed for start_position 963 and length 46
Passed for start_position 963 and length 48
Passed for start_position 963 and length 50
Passed for start_position 963 and length 52
Passed for start_position 963 and length 54
Passed for start_position 963 and length 56
Passed for start_position 963 and length 58
Passed for start_position 963 and length 60
Passed for start_position 963 and length 62
Passed for start_position 963 and length 64
Passed for start_position 963 and length 66
Passed for start_position 963 and length 68
Passed for start_position 963 and length 70
Passed for start_position 963 and length 72
Passed for start_position 963 and length 74
Passed for start_position 963 and length 76
Passed for start_position 963 and length 78
Passed for start_position 963 and length 80
Passed for start_position 963 and length 82
Passed for start_position 963 and length 84
Passed for start_position 963 and length 86
Passed for start_position 963 and length 88
Passed for start_position 963 and length 90
Passed for start_position 963 and length 92
Passed for start_position 963 and length 94
Passed for start_position 963 and length 96
Passed for start_position 963 and length 98
Passed for start_position 963 and length 100
Passed for start_position 964 and length 2
Passed for start_position 964 and length 4
Passed for start_position 964 and length 6
Passed for start_position 964 and length 8
Passed for start_position 964 and length 10
Passed for start_position 964 and length 12
Passed for start_position 964 and length 14
Passed for start_position 964 and length 16
Passed for start_position 964 and length 18
Passed for start_position 964 and length 20
Passed for start_position 964 and length 22
Passed for start_position 964 and length 24
Passed for start_position 964 and length 26
Passed for start_position 964 and length 28
Passed for start_position 964 and length 30
Passed for start_position 964 and length 32
Passed for start_position 964 and length 34
Passed for start_position 964 and length 36
Passed for start_position 964 and length 38
Passed for start_position 964 and length 40
Passed for start_position 964 and length 42
Passed for start_position 964 and length 44
Passed for start_position 964 and length 46
Passed for start_position 964 and length 48
Passed for start_position 964 and length 50
Passed for start_position 964 and length 52
Passed for start_position 964 and length 54
Passed for start_position 964 and length 56
Passed for start_position 964 and length 58
Passed for start_position 964 and length 60
Passed for start_position 964 and length 62
Passed for start_position 964 and length 64
Passed for start_position 964 and length 66
Passed for start_position 964 and length 68
Passed for start_position 964 and length 70
Passed for start_position 964 and length 72
Passed for start_position 964 and length 74
Passed for start_position 964 and length 76
Passed for start_position 964 and length 78
Passed for start_position 964 and length 80
Passed for start_position 964 and length 82
Passed for start_position 964 and length 84
Passed for start_position 964 and length 86
Passed for start_position 964 and length 88
Passed for start_position 964 and length 90
Passed for start_position 964 and length 92
Passed for start_position 964 and length 94
Passed for start_position 964 and length 96
Passed for start_position 964 and length 98
Passed for start_position 964 and length 100
Passed for start_position 965 and length 2
Passed for start_position 965 and length 4
Passed for start_position 965 and length 6
Passed for start_position 965 and length 8
Passed for start_position 965 and length 10
Passed for start_position 965 and length 12
Passed for start_position 965 and length 14
Passed for start_position 965 and length 16
Passed for start_position 965 and length 18
Passed for start_position 965 and length 20
Passed for start_position 965 and length 22
Passed for start_position 965 and length 24
Passed for start_position 965 and length 26
Passed for start_position 965 and length 28
Passed for start_position 965 and length 30
Passed for start_position 965 and length 32
Passed for start_position 965 and length 34
Passed for start_position 965 and length 36
Passed for start_position 965 and length 38
Passed for start_position 965 and length 40
Passed for start_position 965 and length 42
Passed for start_position 965 and length 44
Passed for start_position 965 and length 46
Passed for start_position 965 and length 48
Passed for start_position 965 and length 50
Passed for start_position 965 and length 52
Passed for start_position 965 and length 54
Passed for start_position 965 and length 56
Passed for start_position 965 and length 58
Passed for start_position 965 and length 60
Passed for start_position 965 and length 62
Passed for start_position 965 and length 64
Passed for start_position 965 and length 66
Passed for start_position 965 and length 68
Passed for start_position 965 and length 70
Passed for start_position 965 and length 72
Passed for start_position 965 and length 74
Passed for start_position 965 and length 76
Passed for start_position 965 and length 78
Passed for start_position 965 and length 80
Passed for start_position 965 and length 82
Passed for start_position 965 and length 84
Passed for start_position 965 and length 86
Passed for start_position 965 and length 88
Passed for start_position 965 and length 90
Passed for start_position 965 and length 92
Passed for start_position 965 and length 94
Passed for start_position 965 and length 96
Passed for start_position 965 and length 98
Passed for start_position 965 and length 100
Passed for start_position 966 and length 2
Passed for start_position 966 and length 4
Passed for start_position 966 and length 6
Passed for start_position 966 and length 8
Passed for start_position 966 and length 10
Passed for start_position 966 and length 12
Passed for start_position 966 and length 14
Passed for start_position 966 and length 16
Passed for start_position 966 and length 18
Passed for start_position 966 and length 20
Passed for start_position 966 and length 22
Passed for start_position 966 and length 24
Passed for start_position 966 and length 26
Passed for start_position 966 and length 28
Passed for start_position 966 and length 30
Passed for start_position 966 and length 32
Passed for start_position 966 and length 34
Passed for start_position 966 and length 36
Passed for start_position 966 and length 38
Passed for start_position 966 and length 40
Passed for start_position 966 and length 42
Passed for start_position 966 and length 44
Passed for start_position 966 and length 46
Passed for start_position 966 and length 48
Passed for start_position 966 and length 50
Passed for start_position 966 and length 52
Passed for start_position 966 and length 54
Passed for start_position 966 and length 56
Passed for start_position 966 and length 58
Passed for start_position 966 and length 60
Passed for start_position 966 and length 62
Passed for start_position 966 and length 64
Passed for start_position 966 and length 66
Passed for start_position 966 and length 68
Passed for start_position 966 and length 70
Passed for start_position 966 and length 72
Passed for start_position 966 and length 74
Passed for start_position 966 and length 76
Passed for start_position 966 and length 78
Passed for start_position 966 and length 80
Passed for start_position 966 and length 82
Passed for start_position 966 and length 84
Passed for start_position 966 and length 86
Passed for start_position 966 and length 88
Passed for start_position 966 and length 90
Passed for start_position 966 and length 92
Passed for start_position 966 and length 94
Passed for start_position 966 and length 96
Passed for start_position 966 and length 98
Passed for start_position 966 and length 100
Passed for start_position 967 and length 2
Passed for start_position 967 and length 4
Passed for start_position 967 and length 6
Passed for start_position 967 and length 8
Passed for start_position 967 and length 10
Passed for start_position 967 and length 12
Passed for start_position 967 and length 14
Passed for start_position 967 and length 16
Passed for start_position 967 and length 18
Passed for start_position 967 and length 20
Passed for start_position 967 and length 22
Passed for start_position 967 and length 24
Passed for start_position 967 and length 26
Passed for start_position 967 and length 28
Passed for start_position 967 and length 30
Passed for start_position 967 and length 32
Passed for start_position 967 and length 34
Passed for start_position 967 and length 36
Passed for start_position 967 and length 38
Passed for start_position 967 and length 40
Passed for start_position 967 and length 42
Passed for start_position 967 and length 44
Passed for start_position 967 and length 46
Passed for start_position 967 and length 48
Passed for start_position 967 and length 50
Passed for start_position 967 and length 52
Passed for start_position 967 and length 54
Passed for start_position 967 and length 56
Passed for start_position 967 and length 58
Passed for start_position 967 and length 60
Passed for start_position 967 and length 62
Passed for start_position 967 and length 64
Passed for start_position 967 and length 66
Passed for start_position 967 and length 68
Passed for start_position 967 and length 70
Passed for start_position 967 and length 72
Passed for start_position 967 and length 74
Passed for start_position 967 and length 76
Passed for start_position 967 and length 78
Passed for start_position 967 and length 80
Passed for start_position 967 and length 82
Passed for start_position 967 and length 84
Passed for start_position 967 and length 86
Passed for start_position 967 and length 88
Passed for start_position 967 and length 90
Passed for start_position 967 and length 92
Passed for start_position 967 and length 94
Passed for start_position 967 and length 96
Passed for start_position 967 and length 98
Passed for start_position 967 and length 100
Passed for start_position 968 and length 2
Passed for start_position 968 and length 4
Passed for start_position 968 and length 6
Passed for start_position 968 and length 8
Passed for start_position 968 and length 10
Passed for start_position 968 and length 12
Passed for start_position 968 and length 14
Passed for start_position 968 and length 16
Passed for start_position 968 and length 18
Passed for start_position 968 and length 20
Passed for start_position 968 and length 22
Passed for start_position 968 and length 24
Passed for start_position 968 and length 26
Passed for start_position 968 and length 28
Passed for start_position 968 and length 30
Passed for start_position 968 and length 32
Passed for start_position 968 and length 34
Passed for start_position 968 and length 36
Passed for start_position 968 and length 38
Passed for start_position 968 and length 40
Passed for start_position 968 and length 42
Passed for start_position 968 and length 44
Passed for start_position 968 and length 46
Passed for start_position 968 and length 48
Passed for start_position 968 and length 50
Passed for start_position 968 and length 52
Passed for start_position 968 and length 54
Passed for start_position 968 and length 56
Passed for start_position 968 and length 58
Passed for start_position 968 and length 60
Passed for start_position 968 and length 62
Passed for start_position 968 and length 64
Passed for start_position 968 and length 66
Passed for start_position 968 and length 68
Passed for start_position 968 and length 70
Passed for start_position 968 and length 72
Passed for start_position 968 and length 74
Passed for start_position 968 and length 76
Passed for start_position 968 and length 78
Passed for start_position 968 and length 80
Passed for start_position 968 and length 82
Passed for start_position 968 and length 84
Passed for start_position 968 and length 86
Passed for start_position 968 and length 88
Passed for start_position 968 and length 90
Passed for start_position 968 and length 92
Passed for start_position 968 and length 94
Passed for start_position 968 and length 96
Passed for start_position 968 and length 98
Passed for start_position 968 and length 100
Passed for start_position 969 and length 2
Passed for start_position 969 and length 4
Passed for start_position 969 and length 6
Passed for start_position 969 and length 8
Passed for start_position 969 and length 10
Passed for start_position 969 and length 12
Passed for start_position 969 and length 14
Passed for start_position 969 and length 16
Passed for start_position 969 and length 18
Passed for start_position 969 and length 20
Passed for start_position 969 and length 22
Passed for start_position 969 and length 24
Passed for start_position 969 and length 26
Passed for start_position 969 and length 28
Passed for start_position 969 and length 30
Passed for start_position 969 and length 32
Passed for start_position 969 and length 34
Passed for start_position 969 and length 36
Passed for start_position 969 and length 38
Passed for start_position 969 and length 40
Passed for start_position 969 and length 42
Passed for start_position 969 and length 44
Passed for start_position 969 and length 46
Passed for start_position 969 and length 48
Passed for start_position 969 and length 50
Passed for start_position 969 and length 52
Passed for start_position 969 and length 54
Passed for start_position 969 and length 56
Passed for start_position 969 and length 58
Passed for start_position 969 and length 60
Passed for start_position 969 and length 62
Passed for start_position 969 and length 64
Passed for start_position 969 and length 66
Passed for start_position 969 and length 68
Passed for start_position 969 and length 70
Passed for start_position 969 and length 72
Passed for start_position 969 and length 74
Passed for start_position 969 and length 76
Passed for start_position 969 and length 78
Passed for start_position 969 and length 80
Passed for start_position 969 and length 82
Passed for start_position 969 and length 84
Passed for start_position 969 and length 86
Passed for start_position 969 and length 88
Passed for start_position 969 and length 90
Passed for start_position 969 and length 92
Passed for start_position 969 and length 94
Passed for start_position 969 and length 96
Passed for start_position 969 and length 98
Passed for start_position 969 and length 100
Passed for start_position 970 and length 2
Passed for start_position 970 and length 4
Passed for start_position 970 and length 6
Passed for start_position 970 and length 8
Passed for start_position 970 and length 10
Passed for start_position 970 and length 12
Passed for start_position 970 and length 14
Passed for start_position 970 and length 16
Passed for start_position 970 and length 18
Passed for start_position 970 and length 20
Passed for start_position 970 and length 22
Passed for start_position 970 and length 24
Passed for start_position 970 and length 26
Passed for start_position 970 and length 28
Passed for start_position 970 and length 30
Passed for start_position 970 and length 32
Passed for start_position 970 and length 34
Passed for start_position 970 and length 36
Passed for start_position 970 and length 38
Passed for start_position 970 and length 40
Passed for start_position 970 and length 42
Passed for start_position 970 and length 44
Passed for start_position 970 and length 46
Passed for start_position 970 and length 48
Passed for start_position 970 and length 50
Passed for start_position 970 and length 52
Passed for start_position 970 and length 54
Passed for start_position 970 and length 56
Passed for start_position 970 and length 58
Passed for start_position 970 and length 60
Passed for start_position 970 and length 62
Passed for start_position 970 and length 64
Passed for start_position 970 and length 66
Passed for start_position 970 and length 68
Passed for start_position 970 and length 70
Passed for start_position 970 and length 72
Passed for start_position 970 and length 74
Passed for start_position 970 and length 76
Passed for start_position 970 and length 78
Passed for start_position 970 and length 80
Passed for start_position 970 and length 82
Passed for start_position 970 and length 84
Passed for start_position 970 and length 86
Passed for start_position 970 and length 88
Passed for start_position 970 and length 90
Passed for start_position 970 and length 92
Passed for start_position 970 and length 94
Passed for start_position 970 and length 96
Passed for start_position 970 and length 98
Passed for start_position 970 and length 100
Passed for start_position 971 and length 2
Passed for start_position 971 and length 4
Passed for start_position 971 and length 6
Passed for start_position 971 and length 8
Passed for start_position 971 and length 10
Passed for start_position 971 and length 12
Passed for start_position 971 and length 14
Passed for start_position 971 and length 16
Passed for start_position 971 and length 18
Passed for start_position 971 and length 20
Passed for start_position 971 and length 22
Passed for start_position 971 and length 24
Passed for start_position 971 and length 26
Passed for start_position 971 and length 28
Passed for start_position 971 and length 30
Passed for start_position 971 and length 32
Passed for start_position 971 and length 34
Passed for start_position 971 and length 36
Passed for start_position 971 and length 38
Passed for start_position 971 and length 40
Passed for start_position 971 and length 42
Passed for start_position 971 and length 44
Passed for start_position 971 and length 46
Passed for start_position 971 and length 48
Passed for start_position 971 and length 50
Passed for start_position 971 and length 52
Passed for start_position 971 and length 54
Passed for start_position 971 and length 56
Passed for start_position 971 and length 58
Passed for start_position 971 and length 60
Passed for start_position 971 and length 62
Passed for start_position 971 and length 64
Passed for start_position 971 and length 66
Passed for start_position 971 and length 68
Passed for start_position 971 and length 70
Passed for start_position 971 and length 72
Passed for start_position 971 and length 74
Passed for start_position 971 and length 76
Passed for start_position 971 and length 78
Passed for start_position 971 and length 80
Passed for start_position 971 and length 82
Passed for start_position 971 and length 84
Passed for start_position 971 and length 86
Passed for start_position 971 and length 88
Passed for start_position 971 and length 90
Passed for start_position 971 and length 92
Passed for start_position 971 and length 94
Passed for start_position 971 and length 96
Passed for start_position 971 and length 98
Passed for start_position 971 and length 100
Passed for start_position 972 and length 2
Passed for start_position 972 and length 4
Passed for start_position 972 and length 6
Passed for start_position 972 and length 8
Passed for start_position 972 and length 10
Passed for start_position 972 and length 12
Passed for start_position 972 and length 14
Passed for start_position 972 and length 16
Passed for start_position 972 and length 18
Passed for start_position 972 and length 20
Passed for start_position 972 and length 22
Passed for start_position 972 and length 24
Passed for start_position 972 and length 26
Passed for start_position 972 and length 28
Passed for start_position 972 and length 30
Passed for start_position 972 and length 32
Passed for start_position 972 and length 34
Passed for start_position 972 and length 36
Passed for start_position 972 and length 38
Passed for start_position 972 and length 40
Passed for start_position 972 and length 42
Passed for start_position 972 and length 44
Passed for start_position 972 and length 46
Passed for start_position 972 and length 48
Passed for start_position 972 and length 50
Passed for start_position 972 and length 52
Passed for start_position 972 and length 54
Passed for start_position 972 and length 56
Passed for start_position 972 and length 58
Passed for start_position 972 and length 60
Passed for start_position 972 and length 62
Passed for start_position 972 and length 64
Passed for start_position 972 and length 66
Passed for start_position 972 and length 68
Passed for start_position 972 and length 70
Passed for start_position 972 and length 72
Passed for start_position 972 and length 74
Passed for start_position 972 and length 76
Passed for start_position 972 and length 78
Passed for start_position 972 and length 80
Passed for start_position 972 and length 82
Passed for start_position 972 and length 84
Passed for start_position 972 and length 86
Passed for start_position 972 and length 88
Passed for start_position 972 and length 90
Passed for start_position 972 and length 92
Passed for start_position 972 and length 94
Passed for start_position 972 and length 96
Passed for start_position 972 and length 98
Passed for start_position 972 and length 100
Passed for start_position 973 and length 2
Error for start_position 973 and length 4: Movement 1 not in dictionary
Error for start_position 973 and length 6: Movement 1 not in dictionary
Error for start_position 973 and length 8: Movement -1 not in dictionary
Error for start_position 973 and length 10: Movement 1 not in dictionary
Passed for start_position 973 and length 12
Passed for start_position 973 and length 14
Passed for start_position 973 and length 16
Passed for start_position 973 and length 18
Passed for start_position 973 and length 20
Passed for start_position 973 and length 22
Passed for start_position 973 and length 24
Passed for start_position 973 and length 26
Passed for start_position 973 and length 28
Error for start_position 973 and length 30: Movement -1 not in dictionary
Error for start_position 973 and length 32: Movement -1 not in dictionary
Passed for start_position 973 and length 34
Error for start_position 973 and length 36: Movement -1 not in dictionary
Error for start_position 973 and length 38: Movement 1 not in dictionary
Passed for start_position 973 and length 40
Passed for start_position 973 and length 42
Error for start_position 973 and length 44: Movement -1 not in dictionary
Error for start_position 973 and length 46: Movement -1 not in dictionary
Passed for start_position 973 and length 48
Error for start_position 973 and length 50: Movement 1 not in dictionary
Error for start_position 973 and length 52: Movement -1 not in dictionary
Passed for start_position 973 and length 54
Passed for start_position 973 and length 56
Passed for start_position 973 and length 58
Error for start_position 973 and length 60: Movement -1 not in dictionary
Passed for start_position 973 and length 62
Passed for start_position 973 and length 64
Passed for start_position 973 and length 66
Error for start_position 973 and length 68: Movement 1 not in dictionary
Error for start_position 973 and length 70: Movement -1 not in dictionary
Passed for start_position 973 and length 72
Passed for start_position 973 and length 74
Passed for start_position 973 and length 76
Passed for start_position 973 and length 78
Passed for start_position 973 and length 80
Passed for start_position 973 and length 82
Error for start_position 973 and length 84: Movement -1 not in dictionary
Error for start_position 973 and length 86: Movement -1 not in dictionary
Passed for start_position 973 and length 88
Error for start_position 973 and length 90: Movement 1 not in dictionary
Error for start_position 973 and length 92: Movement -1 not in dictionary
Error for start_position 973 and length 94: Movement -1 not in dictionary
Passed for start_position 973 and length 96
Error for start_position 973 and length 98: Movement 1 not in dictionary
Error for start_position 973 and length 100: Movement -1 not in dictionary
Passed for start_position 974 and length 2
Passed for start_position 974 and length 4
Passed for start_position 974 and length 6
Passed for start_position 974 and length 8
Passed for start_position 974 and length 10
Passed for start_position 974 and length 12
Passed for start_position 974 and length 14
Passed for start_position 974 and length 16
Passed for start_position 974 and length 18
Passed for start_position 974 and length 20
Passed for start_position 974 and length 22
Passed for start_position 974 and length 24
Passed for start_position 974 and length 26
Passed for start_position 974 and length 28
Passed for start_position 974 and length 30
Passed for start_position 974 and length 32
Passed for start_position 974 and length 34
Passed for start_position 974 and length 36
Passed for start_position 974 and length 38
Passed for start_position 974 and length 40
Passed for start_position 974 and length 42
Passed for start_position 974 and length 44
Passed for start_position 974 and length 46
Passed for start_position 974 and length 48
Passed for start_position 974 and length 50
Passed for start_position 974 and length 52
Passed for start_position 974 and length 54
Passed for start_position 974 and length 56
Passed for start_position 974 and length 58
Passed for start_position 974 and length 60
Passed for start_position 974 and length 62
Passed for start_position 974 and length 64
Passed for start_position 974 and length 66
Passed for start_position 974 and length 68
Passed for start_position 974 and length 70
Passed for start_position 974 and length 72
Passed for start_position 974 and length 74
Passed for start_position 974 and length 76
Passed for start_position 974 and length 78
Passed for start_position 974 and length 80
Passed for start_position 974 and length 82
Passed for start_position 974 and length 84
Passed for start_position 974 and length 86
Passed for start_position 974 and length 88
Passed for start_position 974 and length 90
Passed for start_position 974 and length 92
Passed for start_position 974 and length 94
Passed for start_position 974 and length 96
Passed for start_position 974 and length 98
Passed for start_position 974 and length 100
Passed for start_position 975 and length 2
Passed for start_position 975 and length 4
Passed for start_position 975 and length 6
Passed for start_position 975 and length 8
Passed for start_position 975 and length 10
Passed for start_position 975 and length 12
Passed for start_position 975 and length 14
Passed for start_position 975 and length 16
Passed for start_position 975 and length 18
Passed for start_position 975 and length 20
Passed for start_position 975 and length 22
Passed for start_position 975 and length 24
Passed for start_position 975 and length 26
Passed for start_position 975 and length 28
Passed for start_position 975 and length 30
Passed for start_position 975 and length 32
Passed for start_position 975 and length 34
Passed for start_position 975 and length 36
Passed for start_position 975 and length 38
Passed for start_position 975 and length 40
Passed for start_position 975 and length 42
Passed for start_position 975 and length 44
Passed for start_position 975 and length 46
Passed for start_position 975 and length 48
Passed for start_position 975 and length 50
Passed for start_position 975 and length 52
Passed for start_position 975 and length 54
Passed for start_position 975 and length 56
Passed for start_position 975 and length 58
Passed for start_position 975 and length 60
Passed for start_position 975 and length 62
Passed for start_position 975 and length 64
Passed for start_position 975 and length 66
Passed for start_position 975 and length 68
Passed for start_position 975 and length 70
Passed for start_position 975 and length 72
Passed for start_position 975 and length 74
Passed for start_position 975 and length 76
Passed for start_position 975 and length 78
Passed for start_position 975 and length 80
Passed for start_position 975 and length 82
Passed for start_position 975 and length 84
Passed for start_position 975 and length 86
Passed for start_position 975 and length 88
Passed for start_position 975 and length 90
Passed for start_position 975 and length 92
Passed for start_position 975 and length 94
Passed for start_position 975 and length 96
Passed for start_position 975 and length 98
Passed for start_position 975 and length 100
Passed for start_position 976 and length 2
Passed for start_position 976 and length 4
Passed for start_position 976 and length 6
Passed for start_position 976 and length 8
Passed for start_position 976 and length 10
Passed for start_position 976 and length 12
Passed for start_position 976 and length 14
Passed for start_position 976 and length 16
Passed for start_position 976 and length 18
Passed for start_position 976 and length 20
Passed for start_position 976 and length 22
Passed for start_position 976 and length 24
Passed for start_position 976 and length 26
Passed for start_position 976 and length 28
Passed for start_position 976 and length 30
Passed for start_position 976 and length 32
Passed for start_position 976 and length 34
Passed for start_position 976 and length 36
Passed for start_position 976 and length 38
Passed for start_position 976 and length 40
Passed for start_position 976 and length 42
Passed for start_position 976 and length 44
Passed for start_position 976 and length 46
Passed for start_position 976 and length 48
Passed for start_position 976 and length 50
Passed for start_position 976 and length 52
Passed for start_position 976 and length 54
Passed for start_position 976 and length 56
Passed for start_position 976 and length 58
Passed for start_position 976 and length 60
Passed for start_position 976 and length 62
Passed for start_position 976 and length 64
Passed for start_position 976 and length 66
Passed for start_position 976 and length 68
Passed for start_position 976 and length 70
Passed for start_position 976 and length 72
Passed for start_position 976 and length 74
Passed for start_position 976 and length 76
Passed for start_position 976 and length 78
Passed for start_position 976 and length 80
Passed for start_position 976 and length 82
Passed for start_position 976 and length 84
Passed for start_position 976 and length 86
Passed for start_position 976 and length 88
Passed for start_position 976 and length 90
Passed for start_position 976 and length 92
Passed for start_position 976 and length 94
Passed for start_position 976 and length 96
Passed for start_position 976 and length 98
Passed for start_position 976 and length 100
Passed for start_position 977 and length 2
Passed for start_position 977 and length 4
Passed for start_position 977 and length 6
Passed for start_position 977 and length 8
Passed for start_position 977 and length 10
Passed for start_position 977 and length 12
Passed for start_position 977 and length 14
Passed for start_position 977 and length 16
Passed for start_position 977 and length 18
Passed for start_position 977 and length 20
Passed for start_position 977 and length 22
Passed for start_position 977 and length 24
Passed for start_position 977 and length 26
Passed for start_position 977 and length 28
Passed for start_position 977 and length 30
Passed for start_position 977 and length 32
Passed for start_position 977 and length 34
Passed for start_position 977 and length 36
Passed for start_position 977 and length 38
Passed for start_position 977 and length 40
Passed for start_position 977 and length 42
Passed for start_position 977 and length 44
Passed for start_position 977 and length 46
Passed for start_position 977 and length 48
Passed for start_position 977 and length 50
Passed for start_position 977 and length 52
Passed for start_position 977 and length 54
Passed for start_position 977 and length 56
Passed for start_position 977 and length 58
Passed for start_position 977 and length 60
Passed for start_position 977 and length 62
Passed for start_position 977 and length 64
Passed for start_position 977 and length 66
Passed for start_position 977 and length 68
Passed for start_position 977 and length 70
Passed for start_position 977 and length 72
Passed for start_position 977 and length 74
Passed for start_position 977 and length 76
Passed for start_position 977 and length 78
Passed for start_position 977 and length 80
Passed for start_position 977 and length 82
Passed for start_position 977 and length 84
Passed for start_position 977 and length 86
Passed for start_position 977 and length 88
Passed for start_position 977 and length 90
Passed for start_position 977 and length 92
Passed for start_position 977 and length 94
Passed for start_position 977 and length 96
Passed for start_position 977 and length 98
Passed for start_position 977 and length 100
Passed for start_position 978 and length 2
Passed for start_position 978 and length 4
Passed for start_position 978 and length 6
Passed for start_position 978 and length 8
Passed for start_position 978 and length 10
Passed for start_position 978 and length 12
Passed for start_position 978 and length 14
Passed for start_position 978 and length 16
Passed for start_position 978 and length 18
Passed for start_position 978 and length 20
Passed for start_position 978 and length 22
Passed for start_position 978 and length 24
Passed for start_position 978 and length 26
Passed for start_position 978 and length 28
Passed for start_position 978 and length 30
Passed for start_position 978 and length 32
Passed for start_position 978 and length 34
Passed for start_position 978 and length 36
Passed for start_position 978 and length 38
Passed for start_position 978 and length 40
Passed for start_position 978 and length 42
Passed for start_position 978 and length 44
Passed for start_position 978 and length 46
Passed for start_position 978 and length 48
Passed for start_position 978 and length 50
Passed for start_position 978 and length 52
Passed for start_position 978 and length 54
Passed for start_position 978 and length 56
Passed for start_position 978 and length 58
Passed for start_position 978 and length 60
Passed for start_position 978 and length 62
Passed for start_position 978 and length 64
Passed for start_position 978 and length 66
Passed for start_position 978 and length 68
Passed for start_position 978 and length 70
Passed for start_position 978 and length 72
Passed for start_position 978 and length 74
Passed for start_position 978 and length 76
Passed for start_position 978 and length 78
Passed for start_position 978 and length 80
Passed for start_position 978 and length 82
Passed for start_position 978 and length 84
Passed for start_position 978 and length 86
Passed for start_position 978 and length 88
Passed for start_position 978 and length 90
Passed for start_position 978 and length 92
Passed for start_position 978 and length 94
Passed for start_position 978 and length 96
Passed for start_position 978 and length 98
Passed for start_position 978 and length 100
Passed for start_position 979 and length 2
Passed for start_position 979 and length 4
Passed for start_position 979 and length 6
Passed for start_position 979 and length 8
Passed for start_position 979 and length 10
Passed for start_position 979 and length 12
Passed for start_position 979 and length 14
Passed for start_position 979 and length 16
Passed for start_position 979 and length 18
Passed for start_position 979 and length 20
Passed for start_position 979 and length 22
Passed for start_position 979 and length 24
Passed for start_position 979 and length 26
Passed for start_position 979 and length 28
Passed for start_position 979 and length 30
Passed for start_position 979 and length 32
Passed for start_position 979 and length 34
Passed for start_position 979 and length 36
Passed for start_position 979 and length 38
Passed for start_position 979 and length 40
Passed for start_position 979 and length 42
Passed for start_position 979 and length 44
Passed for start_position 979 and length 46
Passed for start_position 979 and length 48
Passed for start_position 979 and length 50
Passed for start_position 979 and length 52
Passed for start_position 979 and length 54
Passed for start_position 979 and length 56
Passed for start_position 979 and length 58
Passed for start_position 979 and length 60
Passed for start_position 979 and length 62
Passed for start_position 979 and length 64
Passed for start_position 979 and length 66
Passed for start_position 979 and length 68
Passed for start_position 979 and length 70
Passed for start_position 979 and length 72
Passed for start_position 979 and length 74
Passed for start_position 979 and length 76
Passed for start_position 979 and length 78
Passed for start_position 979 and length 80
Passed for start_position 979 and length 82
Passed for start_position 979 and length 84
Passed for start_position 979 and length 86
Passed for start_position 979 and length 88
Passed for start_position 979 and length 90
Passed for start_position 979 and length 92
Passed for start_position 979 and length 94
Passed for start_position 979 and length 96
Passed for start_position 979 and length 98
Passed for start_position 979 and length 100
Passed for start_position 980 and length 2
Passed for start_position 980 and length 4
Passed for start_position 980 and length 6
Passed for start_position 980 and length 8
Passed for start_position 980 and length 10
Passed for start_position 980 and length 12
Passed for start_position 980 and length 14
Passed for start_position 980 and length 16
Passed for start_position 980 and length 18
Passed for start_position 980 and length 20
Passed for start_position 980 and length 22
Passed for start_position 980 and length 24
Passed for start_position 980 and length 26
Passed for start_position 980 and length 28
Passed for start_position 980 and length 30
Passed for start_position 980 and length 32
Passed for start_position 980 and length 34
Passed for start_position 980 and length 36
Passed for start_position 980 and length 38
Passed for start_position 980 and length 40
Passed for start_position 980 and length 42
Passed for start_position 980 and length 44
Passed for start_position 980 and length 46
Passed for start_position 980 and length 48
Passed for start_position 980 and length 50
Passed for start_position 980 and length 52
Passed for start_position 980 and length 54
Passed for start_position 980 and length 56
Passed for start_position 980 and length 58
Passed for start_position 980 and length 60
Passed for start_position 980 and length 62
Passed for start_position 980 and length 64
Passed for start_position 980 and length 66
Passed for start_position 980 and length 68
Passed for start_position 980 and length 70
Passed for start_position 980 and length 72
Passed for start_position 980 and length 74
Passed for start_position 980 and length 76
Passed for start_position 980 and length 78
Passed for start_position 980 and length 80
Passed for start_position 980 and length 82
Passed for start_position 980 and length 84
Passed for start_position 980 and length 86
Passed for start_position 980 and length 88
Passed for start_position 980 and length 90
Passed for start_position 980 and length 92
Passed for start_position 980 and length 94
Passed for start_position 980 and length 96
Passed for start_position 980 and length 98
Passed for start_position 980 and length 100
Passed for start_position 981 and length 2
Passed for start_position 981 and length 4
Passed for start_position 981 and length 6
Passed for start_position 981 and length 8
Passed for start_position 981 and length 10
Passed for start_position 981 and length 12
Passed for start_position 981 and length 14
Passed for start_position 981 and length 16
Passed for start_position 981 and length 18
Passed for start_position 981 and length 20
Passed for start_position 981 and length 22
Passed for start_position 981 and length 24
Passed for start_position 981 and length 26
Passed for start_position 981 and length 28
Passed for start_position 981 and length 30
Passed for start_position 981 and length 32
Passed for start_position 981 and length 34
Passed for start_position 981 and length 36
Passed for start_position 981 and length 38
Passed for start_position 981 and length 40
Passed for start_position 981 and length 42
Passed for start_position 981 and length 44
Passed for start_position 981 and length 46
Passed for start_position 981 and length 48
Passed for start_position 981 and length 50
Passed for start_position 981 and length 52
Passed for start_position 981 and length 54
Passed for start_position 981 and length 56
Passed for start_position 981 and length 58
Passed for start_position 981 and length 60
Passed for start_position 981 and length 62
Passed for start_position 981 and length 64
Passed for start_position 981 and length 66
Passed for start_position 981 and length 68
Passed for start_position 981 and length 70
Passed for start_position 981 and length 72
Passed for start_position 981 and length 74
Passed for start_position 981 and length 76
Passed for start_position 981 and length 78
Passed for start_position 981 and length 80
Passed for start_position 981 and length 82
Passed for start_position 981 and length 84
Passed for start_position 981 and length 86
Passed for start_position 981 and length 88
Passed for start_position 981 and length 90
Passed for start_position 981 and length 92
Passed for start_position 981 and length 94
Passed for start_position 981 and length 96
Passed for start_position 981 and length 98
Passed for start_position 981 and length 100
Passed for start_position 982 and length 2
Passed for start_position 982 and length 4
Passed for start_position 982 and length 6
Passed for start_position 982 and length 8
Passed for start_position 982 and length 10
Passed for start_position 982 and length 12
Passed for start_position 982 and length 14
Passed for start_position 982 and length 16
Passed for start_position 982 and length 18
Passed for start_position 982 and length 20
Passed for start_position 982 and length 22
Passed for start_position 982 and length 24
Passed for start_position 982 and length 26
Passed for start_position 982 and length 28
Passed for start_position 982 and length 30
Passed for start_position 982 and length 32
Passed for start_position 982 and length 34
Passed for start_position 982 and length 36
Passed for start_position 982 and length 38
Passed for start_position 982 and length 40
Passed for start_position 982 and length 42
Passed for start_position 982 and length 44
Passed for start_position 982 and length 46
Passed for start_position 982 and length 48
Passed for start_position 982 and length 50
Passed for start_position 982 and length 52
Passed for start_position 982 and length 54
Passed for start_position 982 and length 56
Passed for start_position 982 and length 58
Passed for start_position 982 and length 60
Passed for start_position 982 and length 62
Passed for start_position 982 and length 64
Passed for start_position 982 and length 66
Passed for start_position 982 and length 68
Passed for start_position 982 and length 70
Passed for start_position 982 and length 72
Passed for start_position 982 and length 74
Passed for start_position 982 and length 76
Passed for start_position 982 and length 78
Passed for start_position 982 and length 80
Passed for start_position 982 and length 82
Passed for start_position 982 and length 84
Passed for start_position 982 and length 86
Passed for start_position 982 and length 88
Passed for start_position 982 and length 90
Passed for start_position 982 and length 92
Passed for start_position 982 and length 94
Passed for start_position 982 and length 96
Passed for start_position 982 and length 98
Passed for start_position 982 and length 100
Passed for start_position 983 and length 2
Passed for start_position 983 and length 4
Passed for start_position 983 and length 6
Passed for start_position 983 and length 8
Passed for start_position 983 and length 10
Passed for start_position 983 and length 12
Passed for start_position 983 and length 14
Passed for start_position 983 and length 16
Passed for start_position 983 and length 18
Passed for start_position 983 and length 20
Passed for start_position 983 and length 22
Passed for start_position 983 and length 24
Passed for start_position 983 and length 26
Passed for start_position 983 and length 28
Passed for start_position 983 and length 30
Passed for start_position 983 and length 32
Passed for start_position 983 and length 34
Passed for start_position 983 and length 36
Passed for start_position 983 and length 38
Passed for start_position 983 and length 40
Passed for start_position 983 and length 42
Passed for start_position 983 and length 44
Passed for start_position 983 and length 46
Passed for start_position 983 and length 48
Passed for start_position 983 and length 50
Passed for start_position 983 and length 52
Passed for start_position 983 and length 54
Passed for start_position 983 and length 56
Passed for start_position 983 and length 58
Passed for start_position 983 and length 60
Passed for start_position 983 and length 62
Passed for start_position 983 and length 64
Passed for start_position 983 and length 66
Passed for start_position 983 and length 68
Passed for start_position 983 and length 70
Passed for start_position 983 and length 72
Passed for start_position 983 and length 74
Passed for start_position 983 and length 76
Passed for start_position 983 and length 78
Passed for start_position 983 and length 80
Passed for start_position 983 and length 82
Passed for start_position 983 and length 84
Passed for start_position 983 and length 86
Passed for start_position 983 and length 88
Passed for start_position 983 and length 90
Passed for start_position 983 and length 92
Passed for start_position 983 and length 94
Passed for start_position 983 and length 96
Passed for start_position 983 and length 98
Passed for start_position 983 and length 100
Passed for start_position 984 and length 2
Passed for start_position 984 and length 4
Passed for start_position 984 and length 6
Passed for start_position 984 and length 8
Passed for start_position 984 and length 10
Passed for start_position 984 and length 12
Passed for start_position 984 and length 14
Passed for start_position 984 and length 16
Passed for start_position 984 and length 18
Passed for start_position 984 and length 20
Passed for start_position 984 and length 22
Passed for start_position 984 and length 24
Passed for start_position 984 and length 26
Passed for start_position 984 and length 28
Passed for start_position 984 and length 30
Passed for start_position 984 and length 32
Passed for start_position 984 and length 34
Passed for start_position 984 and length 36
Passed for start_position 984 and length 38
Passed for start_position 984 and length 40
Passed for start_position 984 and length 42
Passed for start_position 984 and length 44
Passed for start_position 984 and length 46
Passed for start_position 984 and length 48
Passed for start_position 984 and length 50
Passed for start_position 984 and length 52
Passed for start_position 984 and length 54
Passed for start_position 984 and length 56
Passed for start_position 984 and length 58
Passed for start_position 984 and length 60
Passed for start_position 984 and length 62
Passed for start_position 984 and length 64
Passed for start_position 984 and length 66
Passed for start_position 984 and length 68
Passed for start_position 984 and length 70
Passed for start_position 984 and length 72
Passed for start_position 984 and length 74
Passed for start_position 984 and length 76
Passed for start_position 984 and length 78
Passed for start_position 984 and length 80
Passed for start_position 984 and length 82
Passed for start_position 984 and length 84
Passed for start_position 984 and length 86
Passed for start_position 984 and length 88
Passed for start_position 984 and length 90
Passed for start_position 984 and length 92
Passed for start_position 984 and length 94
Passed for start_position 984 and length 96
Passed for start_position 984 and length 98
Passed for start_position 984 and length 100
Passed for start_position 985 and length 2
Passed for start_position 985 and length 4
Passed for start_position 985 and length 6
Passed for start_position 985 and length 8
Passed for start_position 985 and length 10
Passed for start_position 985 and length 12
Passed for start_position 985 and length 14
Passed for start_position 985 and length 16
Passed for start_position 985 and length 18
Passed for start_position 985 and length 20
Passed for start_position 985 and length 22
Passed for start_position 985 and length 24
Passed for start_position 985 and length 26
Passed for start_position 985 and length 28
Passed for start_position 985 and length 30
Passed for start_position 985 and length 32
Passed for start_position 985 and length 34
Passed for start_position 985 and length 36
Passed for start_position 985 and length 38
Passed for start_position 985 and length 40
Passed for start_position 985 and length 42
Passed for start_position 985 and length 44
Passed for start_position 985 and length 46
Passed for start_position 985 and length 48
Passed for start_position 985 and length 50
Passed for start_position 985 and length 52
Passed for start_position 985 and length 54
Passed for start_position 985 and length 56
Passed for start_position 985 and length 58
Passed for start_position 985 and length 60
Passed for start_position 985 and length 62
Passed for start_position 985 and length 64
Passed for start_position 985 and length 66
Passed for start_position 985 and length 68
Passed for start_position 985 and length 70
Passed for start_position 985 and length 72
Passed for start_position 985 and length 74
Passed for start_position 985 and length 76
Passed for start_position 985 and length 78
Passed for start_position 985 and length 80
Passed for start_position 985 and length 82
Passed for start_position 985 and length 84
Passed for start_position 985 and length 86
Passed for start_position 985 and length 88
Passed for start_position 985 and length 90
Passed for start_position 985 and length 92
Passed for start_position 985 and length 94
Passed for start_position 985 and length 96
Passed for start_position 985 and length 98
Passed for start_position 985 and length 100
Passed for start_position 986 and length 2
Passed for start_position 986 and length 4
Passed for start_position 986 and length 6
Passed for start_position 986 and length 8
Passed for start_position 986 and length 10
Passed for start_position 986 and length 12
Passed for start_position 986 and length 14
Passed for start_position 986 and length 16
Passed for start_position 986 and length 18
Passed for start_position 986 and length 20
Passed for start_position 986 and length 22
Passed for start_position 986 and length 24
Passed for start_position 986 and length 26
Passed for start_position 986 and length 28
Passed for start_position 986 and length 30
Passed for start_position 986 and length 32
Passed for start_position 986 and length 34
Passed for start_position 986 and length 36
Passed for start_position 986 and length 38
Passed for start_position 986 and length 40
Passed for start_position 986 and length 42
Passed for start_position 986 and length 44
Passed for start_position 986 and length 46
Passed for start_position 986 and length 48
Passed for start_position 986 and length 50
Passed for start_position 986 and length 52
Passed for start_position 986 and length 54
Passed for start_position 986 and length 56
Passed for start_position 986 and length 58
Passed for start_position 986 and length 60
Passed for start_position 986 and length 62
Passed for start_position 986 and length 64
Passed for start_position 986 and length 66
Passed for start_position 986 and length 68
Passed for start_position 986 and length 70
Passed for start_position 986 and length 72
Passed for start_position 986 and length 74
Passed for start_position 986 and length 76
Passed for start_position 986 and length 78
Passed for start_position 986 and length 80
Passed for start_position 986 and length 82
Passed for start_position 986 and length 84
Passed for start_position 986 and length 86
Passed for start_position 986 and length 88
Passed for start_position 986 and length 90
Passed for start_position 986 and length 92
Passed for start_position 986 and length 94
Passed for start_position 986 and length 96
Passed for start_position 986 and length 98
Passed for start_position 986 and length 100
Passed for start_position 987 and length 2
Passed for start_position 987 and length 4
Passed for start_position 987 and length 6
Passed for start_position 987 and length 8
Passed for start_position 987 and length 10
Passed for start_position 987 and length 12
Passed for start_position 987 and length 14
Passed for start_position 987 and length 16
Passed for start_position 987 and length 18
Passed for start_position 987 and length 20
Passed for start_position 987 and length 22
Passed for start_position 987 and length 24
Passed for start_position 987 and length 26
Passed for start_position 987 and length 28
Passed for start_position 987 and length 30
Passed for start_position 987 and length 32
Passed for start_position 987 and length 34
Passed for start_position 987 and length 36
Passed for start_position 987 and length 38
Passed for start_position 987 and length 40
Passed for start_position 987 and length 42
Passed for start_position 987 and length 44
Passed for start_position 987 and length 46
Passed for start_position 987 and length 48
Passed for start_position 987 and length 50
Passed for start_position 987 and length 52
Passed for start_position 987 and length 54
Passed for start_position 987 and length 56
Passed for start_position 987 and length 58
Passed for start_position 987 and length 60
Passed for start_position 987 and length 62
Passed for start_position 987 and length 64
Passed for start_position 987 and length 66
Passed for start_position 987 and length 68
Passed for start_position 987 and length 70
Passed for start_position 987 and length 72
Passed for start_position 987 and length 74
Passed for start_position 987 and length 76
Passed for start_position 987 and length 78
Passed for start_position 987 and length 80
Passed for start_position 987 and length 82
Passed for start_position 987 and length 84
Passed for start_position 987 and length 86
Passed for start_position 987 and length 88
Passed for start_position 987 and length 90
Passed for start_position 987 and length 92
Passed for start_position 987 and length 94
Passed for start_position 987 and length 96
Passed for start_position 987 and length 98
Passed for start_position 987 and length 100
Passed for start_position 988 and length 2
Passed for start_position 988 and length 4
Passed for start_position 988 and length 6
Passed for start_position 988 and length 8
Passed for start_position 988 and length 10
Passed for start_position 988 and length 12
Passed for start_position 988 and length 14
Passed for start_position 988 and length 16
Passed for start_position 988 and length 18
Passed for start_position 988 and length 20
Passed for start_position 988 and length 22
Passed for start_position 988 and length 24
Passed for start_position 988 and length 26
Passed for start_position 988 and length 28
Passed for start_position 988 and length 30
Passed for start_position 988 and length 32
Passed for start_position 988 and length 34
Passed for start_position 988 and length 36
Passed for start_position 988 and length 38
Passed for start_position 988 and length 40
Passed for start_position 988 and length 42
Passed for start_position 988 and length 44
Passed for start_position 988 and length 46
Passed for start_position 988 and length 48
Passed for start_position 988 and length 50
Passed for start_position 988 and length 52
Passed for start_position 988 and length 54
Passed for start_position 988 and length 56
Passed for start_position 988 and length 58
Passed for start_position 988 and length 60
Passed for start_position 988 and length 62
Passed for start_position 988 and length 64
Passed for start_position 988 and length 66
Passed for start_position 988 and length 68
Passed for start_position 988 and length 70
Passed for start_position 988 and length 72
Passed for start_position 988 and length 74
Passed for start_position 988 and length 76
Passed for start_position 988 and length 78
Passed for start_position 988 and length 80
Passed for start_position 988 and length 82
Passed for start_position 988 and length 84
Passed for start_position 988 and length 86
Passed for start_position 988 and length 88
Passed for start_position 988 and length 90
Passed for start_position 988 and length 92
Passed for start_position 988 and length 94
Passed for start_position 988 and length 96
Passed for start_position 988 and length 98
Passed for start_position 988 and length 100
Passed for start_position 989 and length 2
Passed for start_position 989 and length 4
Passed for start_position 989 and length 6
Passed for start_position 989 and length 8
Passed for start_position 989 and length 10
Passed for start_position 989 and length 12
Passed for start_position 989 and length 14
Passed for start_position 989 and length 16
Passed for start_position 989 and length 18
Passed for start_position 989 and length 20
Passed for start_position 989 and length 22
Passed for start_position 989 and length 24
Passed for start_position 989 and length 26
Passed for start_position 989 and length 28
Passed for start_position 989 and length 30
Passed for start_position 989 and length 32
Passed for start_position 989 and length 34
Passed for start_position 989 and length 36
Passed for start_position 989 and length 38
Passed for start_position 989 and length 40
Passed for start_position 989 and length 42
Passed for start_position 989 and length 44
Passed for start_position 989 and length 46
Passed for start_position 989 and length 48
Passed for start_position 989 and length 50
Passed for start_position 989 and length 52
Passed for start_position 989 and length 54
Passed for start_position 989 and length 56
Passed for start_position 989 and length 58
Passed for start_position 989 and length 60
Passed for start_position 989 and length 62
Passed for start_position 989 and length 64
Passed for start_position 989 and length 66
Passed for start_position 989 and length 68
Passed for start_position 989 and length 70
Passed for start_position 989 and length 72
Passed for start_position 989 and length 74
Passed for start_position 989 and length 76
Passed for start_position 989 and length 78
Passed for start_position 989 and length 80
Passed for start_position 989 and length 82
Passed for start_position 989 and length 84
Passed for start_position 989 and length 86
Passed for start_position 989 and length 88
Passed for start_position 989 and length 90
Passed for start_position 989 and length 92
Passed for start_position 989 and length 94
Passed for start_position 989 and length 96
Passed for start_position 989 and length 98
Passed for start_position 989 and length 100
Passed for start_position 990 and length 2
Passed for start_position 990 and length 4
Passed for start_position 990 and length 6
Passed for start_position 990 and length 8
Passed for start_position 990 and length 10
Passed for start_position 990 and length 12
Passed for start_position 990 and length 14
Passed for start_position 990 and length 16
Passed for start_position 990 and length 18
Passed for start_position 990 and length 20
Passed for start_position 990 and length 22
Passed for start_position 990 and length 24
Passed for start_position 990 and length 26
Passed for start_position 990 and length 28
Passed for start_position 990 and length 30
Passed for start_position 990 and length 32
Passed for start_position 990 and length 34
Passed for start_position 990 and length 36
Passed for start_position 990 and length 38
Passed for start_position 990 and length 40
Passed for start_position 990 and length 42
Passed for start_position 990 and length 44
Passed for start_position 990 and length 46
Passed for start_position 990 and length 48
Passed for start_position 990 and length 50
Passed for start_position 990 and length 52
Passed for start_position 990 and length 54
Passed for start_position 990 and length 56
Passed for start_position 990 and length 58
Passed for start_position 990 and length 60
Passed for start_position 990 and length 62
Passed for start_position 990 and length 64
Passed for start_position 990 and length 66
Passed for start_position 990 and length 68
Passed for start_position 990 and length 70
Passed for start_position 990 and length 72
Passed for start_position 990 and length 74
Passed for start_position 990 and length 76
Passed for start_position 990 and length 78
Passed for start_position 990 and length 80
Passed for start_position 990 and length 82
Passed for start_position 990 and length 84
Passed for start_position 990 and length 86
Passed for start_position 990 and length 88
Passed for start_position 990 and length 90
Passed for start_position 990 and length 92
Passed for start_position 990 and length 94
Passed for start_position 990 and length 96
Passed for start_position 990 and length 98
Passed for start_position 990 and length 100
Passed for start_position 991 and length 2
Passed for start_position 991 and length 4
Passed for start_position 991 and length 6
Passed for start_position 991 and length 8
Passed for start_position 991 and length 10
Passed for start_position 991 and length 12
Passed for start_position 991 and length 14
Passed for start_position 991 and length 16
Passed for start_position 991 and length 18
Passed for start_position 991 and length 20
Passed for start_position 991 and length 22
Passed for start_position 991 and length 24
Passed for start_position 991 and length 26
Passed for start_position 991 and length 28
Passed for start_position 991 and length 30
Passed for start_position 991 and length 32
Passed for start_position 991 and length 34
Passed for start_position 991 and length 36
Passed for start_position 991 and length 38
Passed for start_position 991 and length 40
Passed for start_position 991 and length 42
Passed for start_position 991 and length 44
Passed for start_position 991 and length 46
Passed for start_position 991 and length 48
Passed for start_position 991 and length 50
Passed for start_position 991 and length 52
Passed for start_position 991 and length 54
Passed for start_position 991 and length 56
Passed for start_position 991 and length 58
Passed for start_position 991 and length 60
Passed for start_position 991 and length 62
Passed for start_position 991 and length 64
Passed for start_position 991 and length 66
Passed for start_position 991 and length 68
Passed for start_position 991 and length 70
Passed for start_position 991 and length 72
Passed for start_position 991 and length 74
Passed for start_position 991 and length 76
Passed for start_position 991 and length 78
Passed for start_position 991 and length 80
Passed for start_position 991 and length 82
Passed for start_position 991 and length 84
Passed for start_position 991 and length 86
Passed for start_position 991 and length 88
Passed for start_position 991 and length 90
Passed for start_position 991 and length 92
Passed for start_position 991 and length 94
Passed for start_position 991 and length 96
Passed for start_position 991 and length 98
Passed for start_position 991 and length 100
Passed for start_position 992 and length 2
Passed for start_position 992 and length 4
Passed for start_position 992 and length 6
Passed for start_position 992 and length 8
Passed for start_position 992 and length 10
Passed for start_position 992 and length 12
Passed for start_position 992 and length 14
Passed for start_position 992 and length 16
Passed for start_position 992 and length 18
Passed for start_position 992 and length 20
Passed for start_position 992 and length 22
Passed for start_position 992 and length 24
Passed for start_position 992 and length 26
Passed for start_position 992 and length 28
Passed for start_position 992 and length 30
Passed for start_position 992 and length 32
Passed for start_position 992 and length 34
Passed for start_position 992 and length 36
Passed for start_position 992 and length 38
Passed for start_position 992 and length 40
Passed for start_position 992 and length 42
Passed for start_position 992 and length 44
Passed for start_position 992 and length 46
Passed for start_position 992 and length 48
Passed for start_position 992 and length 50
Passed for start_position 992 and length 52
Passed for start_position 992 and length 54
Passed for start_position 992 and length 56
Passed for start_position 992 and length 58
Passed for start_position 992 and length 60
Passed for start_position 992 and length 62
Passed for start_position 992 and length 64
Passed for start_position 992 and length 66
Passed for start_position 992 and length 68
Passed for start_position 992 and length 70
Passed for start_position 992 and length 72
Passed for start_position 992 and length 74
Passed for start_position 992 and length 76
Passed for start_position 992 and length 78
Passed for start_position 992 and length 80
Passed for start_position 992 and length 82
Passed for start_position 992 and length 84
Passed for start_position 992 and length 86
Passed for start_position 992 and length 88
Passed for start_position 992 and length 90
Passed for start_position 992 and length 92
Passed for start_position 992 and length 94
Passed for start_position 992 and length 96
Passed for start_position 992 and length 98
Passed for start_position 992 and length 100
Passed for start_position 993 and length 2
Passed for start_position 993 and length 4
Passed for start_position 993 and length 6
Passed for start_position 993 and length 8
Passed for start_position 993 and length 10
Passed for start_position 993 and length 12
Passed for start_position 993 and length 14
Passed for start_position 993 and length 16
Passed for start_position 993 and length 18
Passed for start_position 993 and length 20
Passed for start_position 993 and length 22
Passed for start_position 993 and length 24
Passed for start_position 993 and length 26
Passed for start_position 993 and length 28
Passed for start_position 993 and length 30
Passed for start_position 993 and length 32
Passed for start_position 993 and length 34
Passed for start_position 993 and length 36
Passed for start_position 993 and length 38
Passed for start_position 993 and length 40
Passed for start_position 993 and length 42
Passed for start_position 993 and length 44
Passed for start_position 993 and length 46
Passed for start_position 993 and length 48
Passed for start_position 993 and length 50
Passed for start_position 993 and length 52
Passed for start_position 993 and length 54
Passed for start_position 993 and length 56
Passed for start_position 993 and length 58
Passed for start_position 993 and length 60
Passed for start_position 993 and length 62
Passed for start_position 993 and length 64
Passed for start_position 993 and length 66
Passed for start_position 993 and length 68
Passed for start_position 993 and length 70
Passed for start_position 993 and length 72
Passed for start_position 993 and length 74
Passed for start_position 993 and length 76
Passed for start_position 993 and length 78
Passed for start_position 993 and length 80
Passed for start_position 993 and length 82
Passed for start_position 993 and length 84
Passed for start_position 993 and length 86
Passed for start_position 993 and length 88
Passed for start_position 993 and length 90
Passed for start_position 993 and length 92
Passed for start_position 993 and length 94
Passed for start_position 993 and length 96
Passed for start_position 993 and length 98
Passed for start_position 993 and length 100
Passed for start_position 994 and length 2
Passed for start_position 994 and length 4
Passed for start_position 994 and length 6
Passed for start_position 994 and length 8
Passed for start_position 994 and length 10
Passed for start_position 994 and length 12
Passed for start_position 994 and length 14
Passed for start_position 994 and length 16
Passed for start_position 994 and length 18
Passed for start_position 994 and length 20
Passed for start_position 994 and length 22
Passed for start_position 994 and length 24
Passed for start_position 994 and length 26
Passed for start_position 994 and length 28
Passed for start_position 994 and length 30
Passed for start_position 994 and length 32
Passed for start_position 994 and length 34
Passed for start_position 994 and length 36
Passed for start_position 994 and length 38
Passed for start_position 994 and length 40
Passed for start_position 994 and length 42
Passed for start_position 994 and length 44
Passed for start_position 994 and length 46
Passed for start_position 994 and length 48
Passed for start_position 994 and length 50
Passed for start_position 994 and length 52
Passed for start_position 994 and length 54
Passed for start_position 994 and length 56
Passed for start_position 994 and length 58
Passed for start_position 994 and length 60
Passed for start_position 994 and length 62
Passed for start_position 994 and length 64
Passed for start_position 994 and length 66
Passed for start_position 994 and length 68
Passed for start_position 994 and length 70
Passed for start_position 994 and length 72
Passed for start_position 994 and length 74
Passed for start_position 994 and length 76
Passed for start_position 994 and length 78
Passed for start_position 994 and length 80
Passed for start_position 994 and length 82
Passed for start_position 994 and length 84
Passed for start_position 994 and length 86
Passed for start_position 994 and length 88
Passed for start_position 994 and length 90
Passed for start_position 994 and length 92
Passed for start_position 994 and length 94
Passed for start_position 994 and length 96
Passed for start_position 994 and length 98
Passed for start_position 994 and length 100
Passed for start_position 995 and length 2
Passed for start_position 995 and length 4
Passed for start_position 995 and length 6
Error for start_position 995 and length 8: Movement -1 not in dictionary
Passed for start_position 995 and length 10
Error for start_position 995 and length 12: Movement 1 not in dictionary
Passed for start_position 995 and length 14
Passed for start_position 995 and length 16
Error for start_position 995 and length 18: Movement 1 not in dictionary
Passed for start_position 995 and length 20
Error for start_position 995 and length 22: Movement -1 not in dictionary
Passed for start_position 995 and length 24
Error for start_position 995 and length 26: Movement -1 not in dictionary
Passed for start_position 995 and length 28
Passed for start_position 995 and length 30
Error for start_position 995 and length 32: Movement 1 not in dictionary
Error for start_position 995 and length 34: Movement -1 not in dictionary
Passed for start_position 995 and length 36
Error for start_position 995 and length 38: Movement -1 not in dictionary
Passed for start_position 995 and length 40
Passed for start_position 995 and length 42
Passed for start_position 995 and length 44
Passed for start_position 995 and length 46
Passed for start_position 995 and length 48
Passed for start_position 995 and length 50
Passed for start_position 995 and length 52
Passed for start_position 995 and length 54
Passed for start_position 995 and length 56
Passed for start_position 995 and length 58
Passed for start_position 995 and length 60
Error for start_position 995 and length 62: Movement 1 not in dictionary
Passed for start_position 995 and length 64
Passed for start_position 995 and length 66
Passed for start_position 995 and length 68
Passed for start_position 995 and length 70
Passed for start_position 995 and length 72
Error for start_position 995 and length 74: Movement -1 not in dictionary
Passed for start_position 995 and length 76
Passed for start_position 995 and length 78
Passed for start_position 995 and length 80
Passed for start_position 995 and length 82
Passed for start_position 995 and length 84
Error for start_position 995 and length 86: Movement -1 not in dictionary
Passed for start_position 995 and length 88
Passed for start_position 995 and length 90
Error for start_position 995 and length 92: Movement -1 not in dictionary
Error for start_position 995 and length 94: Movement -1 not in dictionary
Passed for start_position 995 and length 96
Passed for start_position 995 and length 98
Passed for start_position 995 and length 100
Passed for start_position 996 and length 2
Passed for start_position 996 and length 4
Passed for start_position 996 and length 6
Passed for start_position 996 and length 8
Passed for start_position 996 and length 10
Passed for start_position 996 and length 12
Passed for start_position 996 and length 14
Passed for start_position 996 and length 16
Passed for start_position 996 and length 18
Passed for start_position 996 and length 20
Passed for start_position 996 and length 22
Passed for start_position 996 and length 24
Passed for start_position 996 and length 26
Passed for start_position 996 and length 28
Passed for start_position 996 and length 30
Passed for start_position 996 and length 32
Passed for start_position 996 and length 34
Passed for start_position 996 and length 36
Passed for start_position 996 and length 38
Passed for start_position 996 and length 40
Passed for start_position 996 and length 42
Passed for start_position 996 and length 44
Passed for start_position 996 and length 46
Passed for start_position 996 and length 48
Passed for start_position 996 and length 50
Passed for start_position 996 and length 52
Passed for start_position 996 and length 54
Passed for start_position 996 and length 56
Passed for start_position 996 and length 58
Passed for start_position 996 and length 60
Passed for start_position 996 and length 62
Passed for start_position 996 and length 64
Passed for start_position 996 and length 66
Passed for start_position 996 and length 68
Passed for start_position 996 and length 70
Passed for start_position 996 and length 72
Passed for start_position 996 and length 74
Passed for start_position 996 and length 76
Passed for start_position 996 and length 78
Passed for start_position 996 and length 80
Passed for start_position 996 and length 82
Passed for start_position 996 and length 84
Passed for start_position 996 and length 86
Passed for start_position 996 and length 88
Passed for start_position 996 and length 90
Passed for start_position 996 and length 92
Passed for start_position 996 and length 94
Passed for start_position 996 and length 96
Passed for start_position 996 and length 98
Passed for start_position 996 and length 100
Passed for start_position 997 and length 2
Passed for start_position 997 and length 4
Passed for start_position 997 and length 6
Passed for start_position 997 and length 8
Passed for start_position 997 and length 10
Passed for start_position 997 and length 12
Passed for start_position 997 and length 14
Passed for start_position 997 and length 16
Passed for start_position 997 and length 18
Passed for start_position 997 and length 20
Passed for start_position 997 and length 22
Passed for start_position 997 and length 24
Passed for start_position 997 and length 26
Passed for start_position 997 and length 28
Passed for start_position 997 and length 30
Passed for start_position 997 and length 32
Passed for start_position 997 and length 34
Passed for start_position 997 and length 36
Passed for start_position 997 and length 38
Passed for start_position 997 and length 40
Passed for start_position 997 and length 42
Passed for start_position 997 and length 44
Passed for start_position 997 and length 46
Passed for start_position 997 and length 48
Passed for start_position 997 and length 50
Passed for start_position 997 and length 52
Passed for start_position 997 and length 54
Passed for start_position 997 and length 56
Passed for start_position 997 and length 58
Passed for start_position 997 and length 60
Passed for start_position 997 and length 62
Passed for start_position 997 and length 64
Passed for start_position 997 and length 66
Passed for start_position 997 and length 68
Passed for start_position 997 and length 70
Passed for start_position 997 and length 72
Passed for start_position 997 and length 74
Passed for start_position 997 and length 76
Passed for start_position 997 and length 78
Passed for start_position 997 and length 80
Passed for start_position 997 and length 82
Passed for start_position 997 and length 84
Passed for start_position 997 and length 86
Passed for start_position 997 and length 88
Passed for start_position 997 and length 90
Passed for start_position 997 and length 92
Passed for start_position 997 and length 94
Passed for start_position 997 and length 96
Passed for start_position 997 and length 98
Passed for start_position 997 and length 100
Error for start_position 998 and length 2: Movement 1 not in dictionary
Passed for start_position 998 and length 4
Passed for start_position 998 and length 6
Passed for start_position 998 and length 8
Passed for start_position 998 and length 10
Passed for start_position 998 and length 12
Error for start_position 998 and length 14: Movement 1 not in dictionary
Error for start_position 998 and length 16: Movement 1 not in dictionary
Passed for start_position 998 and length 18
Error for start_position 998 and length 20: Movement 1 not in dictionary
Passed for start_position 998 and length 22
Passed for start_position 998 and length 24
Passed for start_position 998 and length 26
Error for start_position 998 and length 28: Movement 1 not in dictionary
Passed for start_position 998 and length 30
Passed for start_position 998 and length 32
Passed for start_position 998 and length 34
Passed for start_position 998 and length 36
Passed for start_position 998 and length 38
Passed for start_position 998 and length 40
Passed for start_position 998 and length 42
Passed for start_position 998 and length 44
Error for start_position 998 and length 46: Movement 1 not in dictionary
Error for start_position 998 and length 48: Movement -1 not in dictionary
Error for start_position 998 and length 50: Movement -1 not in dictionary
Error for start_position 998 and length 52: Movement 1 not in dictionary
Passed for start_position 998 and length 54
Error for start_position 998 and length 56: Movement 1 not in dictionary
Passed for start_position 998 and length 58
Error for start_position 998 and length 60: Movement -1 not in dictionary
Passed for start_position 998 and length 62
Error for start_position 998 and length 64: Movement -1 not in dictionary
Passed for start_position 998 and length 66
Passed for start_position 998 and length 68
Passed for start_position 998 and length 70
Error for start_position 998 and length 72: Movement -1 not in dictionary
Error for start_position 998 and length 74: Movement -1 not in dictionary
Error for start_position 998 and length 76: Movement 1 not in dictionary
Error for start_position 998 and length 78: Movement -1 not in dictionary
Error for start_position 998 and length 80: Movement -1 not in dictionary
Passed for start_position 998 and length 82
Passed for start_position 998 and length 84
Passed for start_position 998 and length 86
Passed for start_position 998 and length 88
Passed for start_position 998 and length 90
Passed for start_position 998 and length 92
Passed for start_position 998 and length 94
Passed for start_position 998 and length 96
Error for start_position 998 and length 98: Movement 1 not in dictionary
Passed for start_position 998 and length 100
Passed for start_position 999 and length 2
Passed for start_position 999 and length 4
Passed for start_position 999 and length 6
Passed for start_position 999 and length 8
Passed for start_position 999 and length 10
Passed for start_position 999 and length 12
Passed for start_position 999 and length 14
Passed for start_position 999 and length 16
Passed for start_position 999 and length 18
Passed for start_position 999 and length 20
Passed for start_position 999 and length 22
Passed for start_position 999 and length 24
Passed for start_position 999 and length 26
Passed for start_position 999 and length 28
Passed for start_position 999 and length 30
Passed for start_position 999 and length 32
Passed for start_position 999 and length 34
Passed for start_position 999 and length 36
Passed for start_position 999 and length 38
Passed for start_position 999 and length 40
Passed for start_position 999 and length 42
Passed for start_position 999 and length 44
Passed for start_position 999 and length 46
Passed for start_position 999 and length 48
Passed for start_position 999 and length 50
Passed for start_position 999 and length 52
Passed for start_position 999 and length 54
Passed for start_position 999 and length 56
Passed for start_position 999 and length 58
Passed for start_position 999 and length 60
Passed for start_position 999 and length 62
Passed for start_position 999 and length 64
Passed for start_position 999 and length 66
Passed for start_position 999 and length 68
Passed for start_position 999 and length 70
Passed for start_position 999 and length 72
Passed for start_position 999 and length 74
Passed for start_position 999 and length 76
Passed for start_position 999 and length 78
Passed for start_position 999 and length 80
Passed for start_position 999 and length 82
Passed for start_position 999 and length 84
Passed for start_position 999 and length 86
Passed for start_position 999 and length 88
Passed for start_position 999 and length 90
Passed for start_position 999 and length 92
Passed for start_position 999 and length 94
Passed for start_position 999 and length 96
Passed for start_position 999 and length 98
Passed for start_position 999 and length 100
Passed for start_position 1000 and length 2
Passed for start_position 1000 and length 4
Passed for start_position 1000 and length 6
Passed for start_position 1000 and length 8
Passed for start_position 1000 and length 10
Passed for start_position 1000 and length 12
Passed for start_position 1000 and length 14
Passed for start_position 1000 and length 16
Passed for start_position 1000 and length 18
Passed for start_position 1000 and length 20
Passed for start_position 1000 and length 22
Passed for start_position 1000 and length 24
Passed for start_position 1000 and length 26
Passed for start_position 1000 and length 28
Passed for start_position 1000 and length 30
Passed for start_position 1000 and length 32
Passed for start_position 1000 and length 34
Passed for start_position 1000 and length 36
Passed for start_position 1000 and length 38
Passed for start_position 1000 and length 40
Passed for start_position 1000 and length 42
Passed for start_position 1000 and length 44
Passed for start_position 1000 and length 46
Passed for start_position 1000 and length 48
Passed for start_position 1000 and length 50
Passed for start_position 1000 and length 52
Passed for start_position 1000 and length 54
Passed for start_position 1000 and length 56
Passed for start_position 1000 and length 58
Passed for start_position 1000 and length 60
Passed for start_position 1000 and length 62
Passed for start_position 1000 and length 64
Passed for start_position 1000 and length 66
Passed for start_position 1000 and length 68
Passed for start_position 1000 and length 70
Passed for start_position 1000 and length 72
Passed for start_position 1000 and length 74
Passed for start_position 1000 and length 76
Passed for start_position 1000 and length 78
Passed for start_position 1000 and length 80
Passed for start_position 1000 and length 82
Passed for start_position 1000 and length 84
Passed for start_position 1000 and length 86
Passed for start_position 1000 and length 88
Passed for start_position 1000 and length 90
Passed for start_position 1000 and length 92
Passed for start_position 1000 and length 94
Passed for start_position 1000 and length 96
Passed for start_position 1000 and length 98
Passed for start_position 1000 and length 100
Passed for start_position 1001 and length 2
Passed for start_position 1001 and length 4
Passed for start_position 1001 and length 6
Passed for start_position 1001 and length 8
Passed for start_position 1001 and length 10
Passed for start_position 1001 and length 12
Passed for start_position 1001 and length 14
Passed for start_position 1001 and length 16
Passed for start_position 1001 and length 18
Passed for start_position 1001 and length 20
Passed for start_position 1001 and length 22
Passed for start_position 1001 and length 24
Passed for start_position 1001 and length 26
Passed for start_position 1001 and length 28
Passed for start_position 1001 and length 30
Passed for start_position 1001 and length 32
Passed for start_position 1001 and length 34
Passed for start_position 1001 and length 36
Passed for start_position 1001 and length 38
Passed for start_position 1001 and length 40
Passed for start_position 1001 and length 42
Passed for start_position 1001 and length 44
Passed for start_position 1001 and length 46
Passed for start_position 1001 and length 48
Passed for start_position 1001 and length 50
Passed for start_position 1001 and length 52
Passed for start_position 1001 and length 54
Passed for start_position 1001 and length 56
Passed for start_position 1001 and length 58
Passed for start_position 1001 and length 60
Passed for start_position 1001 and length 62
Passed for start_position 1001 and length 64
Passed for start_position 1001 and length 66
Passed for start_position 1001 and length 68
Passed for start_position 1001 and length 70
Passed for start_position 1001 and length 72
Passed for start_position 1001 and length 74
Passed for start_position 1001 and length 76
Passed for start_position 1001 and length 78
Passed for start_position 1001 and length 80
Passed for start_position 1001 and length 82
Passed for start_position 1001 and length 84
Passed for start_position 1001 and length 86
Passed for start_position 1001 and length 88
Passed for start_position 1001 and length 90
Passed for start_position 1001 and length 92
Passed for start_position 1001 and length 94
Passed for start_position 1001 and length 96
Passed for start_position 1001 and length 98
Passed for start_position 1001 and length 100
Passed for start_position 1002 and length 2
Passed for start_position 1002 and length 4
Passed for start_position 1002 and length 6
Passed for start_position 1002 and length 8
Passed for start_position 1002 and length 10
Passed for start_position 1002 and length 12
Passed for start_position 1002 and length 14
Passed for start_position 1002 and length 16
Passed for start_position 1002 and length 18
Passed for start_position 1002 and length 20
Passed for start_position 1002 and length 22
Passed for start_position 1002 and length 24
Passed for start_position 1002 and length 26
Passed for start_position 1002 and length 28
Passed for start_position 1002 and length 30
Passed for start_position 1002 and length 32
Passed for start_position 1002 and length 34
Passed for start_position 1002 and length 36
Passed for start_position 1002 and length 38
Passed for start_position 1002 and length 40
Passed for start_position 1002 and length 42
Passed for start_position 1002 and length 44
Passed for start_position 1002 and length 46
Passed for start_position 1002 and length 48
Passed for start_position 1002 and length 50
Passed for start_position 1002 and length 52
Passed for start_position 1002 and length 54
Passed for start_position 1002 and length 56
Passed for start_position 1002 and length 58
Passed for start_position 1002 and length 60
Passed for start_position 1002 and length 62
Passed for start_position 1002 and length 64
Passed for start_position 1002 and length 66
Passed for start_position 1002 and length 68
Passed for start_position 1002 and length 70
Passed for start_position 1002 and length 72
Passed for start_position 1002 and length 74
Passed for start_position 1002 and length 76
Passed for start_position 1002 and length 78
Passed for start_position 1002 and length 80
Passed for start_position 1002 and length 82
Passed for start_position 1002 and length 84
Passed for start_position 1002 and length 86
Passed for start_position 1002 and length 88
Passed for start_position 1002 and length 90
Passed for start_position 1002 and length 92
Passed for start_position 1002 and length 94
Passed for start_position 1002 and length 96
Passed for start_position 1002 and length 98
Passed for start_position 1002 and length 100
Passed for start_position 1003 and length 2
Passed for start_position 1003 and length 4
Passed for start_position 1003 and length 6
Passed for start_position 1003 and length 8
Passed for start_position 1003 and length 10
Passed for start_position 1003 and length 12
Passed for start_position 1003 and length 14
Passed for start_position 1003 and length 16
Passed for start_position 1003 and length 18
Passed for start_position 1003 and length 20
Passed for start_position 1003 and length 22
Passed for start_position 1003 and length 24
Passed for start_position 1003 and length 26
Passed for start_position 1003 and length 28
Passed for start_position 1003 and length 30
Passed for start_position 1003 and length 32
Passed for start_position 1003 and length 34
Passed for start_position 1003 and length 36
Passed for start_position 1003 and length 38
Passed for start_position 1003 and length 40
Passed for start_position 1003 and length 42
Passed for start_position 1003 and length 44
Passed for start_position 1003 and length 46
Passed for start_position 1003 and length 48
Passed for start_position 1003 and length 50
Passed for start_position 1003 and length 52
Passed for start_position 1003 and length 54
Passed for start_position 1003 and length 56
Passed for start_position 1003 and length 58
Passed for start_position 1003 and length 60
Passed for start_position 1003 and length 62
Passed for start_position 1003 and length 64
Passed for start_position 1003 and length 66
Passed for start_position 1003 and length 68
Passed for start_position 1003 and length 70
Passed for start_position 1003 and length 72
Passed for start_position 1003 and length 74
Passed for start_position 1003 and length 76
Passed for start_position 1003 and length 78
Passed for start_position 1003 and length 80
Passed for start_position 1003 and length 82
Passed for start_position 1003 and length 84
Passed for start_position 1003 and length 86
Passed for start_position 1003 and length 88
Passed for start_position 1003 and length 90
Passed for start_position 1003 and length 92
Passed for start_position 1003 and length 94
Passed for start_position 1003 and length 96
Passed for start_position 1003 and length 98
Passed for start_position 1003 and length 100
Passed for start_position 1004 and length 2
Passed for start_position 1004 and length 4
Passed for start_position 1004 and length 6
Passed for start_position 1004 and length 8
Passed for start_position 1004 and length 10
Passed for start_position 1004 and length 12
Passed for start_position 1004 and length 14
Passed for start_position 1004 and length 16
Passed for start_position 1004 and length 18
Passed for start_position 1004 and length 20
Passed for start_position 1004 and length 22
Passed for start_position 1004 and length 24
Passed for start_position 1004 and length 26
Passed for start_position 1004 and length 28
Passed for start_position 1004 and length 30
Passed for start_position 1004 and length 32
Passed for start_position 1004 and length 34
Passed for start_position 1004 and length 36
Passed for start_position 1004 and length 38
Passed for start_position 1004 and length 40
Passed for start_position 1004 and length 42
Passed for start_position 1004 and length 44
Passed for start_position 1004 and length 46
Passed for start_position 1004 and length 48
Passed for start_position 1004 and length 50
Passed for start_position 1004 and length 52
Passed for start_position 1004 and length 54
Passed for start_position 1004 and length 56
Passed for start_position 1004 and length 58
Passed for start_position 1004 and length 60
Passed for start_position 1004 and length 62
Passed for start_position 1004 and length 64
Passed for start_position 1004 and length 66
Passed for start_position 1004 and length 68
Passed for start_position 1004 and length 70
Passed for start_position 1004 and length 72
Passed for start_position 1004 and length 74
Passed for start_position 1004 and length 76
Passed for start_position 1004 and length 78
Passed for start_position 1004 and length 80
Passed for start_position 1004 and length 82
Passed for start_position 1004 and length 84
Passed for start_position 1004 and length 86
Passed for start_position 1004 and length 88
Passed for start_position 1004 and length 90
Passed for start_position 1004 and length 92
Passed for start_position 1004 and length 94
Passed for start_position 1004 and length 96
Passed for start_position 1004 and length 98
Passed for start_position 1004 and length 100
Passed for start_position 1005 and length 2
Passed for start_position 1005 and length 4
Passed for start_position 1005 and length 6
Passed for start_position 1005 and length 8
Passed for start_position 1005 and length 10
Passed for start_position 1005 and length 12
Passed for start_position 1005 and length 14
Passed for start_position 1005 and length 16
Passed for start_position 1005 and length 18
Passed for start_position 1005 and length 20
Passed for start_position 1005 and length 22
Passed for start_position 1005 and length 24
Passed for start_position 1005 and length 26
Passed for start_position 1005 and length 28
Passed for start_position 1005 and length 30
Passed for start_position 1005 and length 32
Passed for start_position 1005 and length 34
Passed for start_position 1005 and length 36
Passed for start_position 1005 and length 38
Passed for start_position 1005 and length 40
Passed for start_position 1005 and length 42
Passed for start_position 1005 and length 44
Passed for start_position 1005 and length 46
Passed for start_position 1005 and length 48
Passed for start_position 1005 and length 50
Passed for start_position 1005 and length 52
Passed for start_position 1005 and length 54
Passed for start_position 1005 and length 56
Passed for start_position 1005 and length 58
Passed for start_position 1005 and length 60
Passed for start_position 1005 and length 62
Passed for start_position 1005 and length 64
Passed for start_position 1005 and length 66
Passed for start_position 1005 and length 68
Passed for start_position 1005 and length 70
Passed for start_position 1005 and length 72
Passed for start_position 1005 and length 74
Passed for start_position 1005 and length 76
Passed for start_position 1005 and length 78
Passed for start_position 1005 and length 80
Passed for start_position 1005 and length 82
Passed for start_position 1005 and length 84
Passed for start_position 1005 and length 86
Passed for start_position 1005 and length 88
Passed for start_position 1005 and length 90
Passed for start_position 1005 and length 92
Passed for start_position 1005 and length 94
Passed for start_position 1005 and length 96
Passed for start_position 1005 and length 98
Passed for start_position 1005 and length 100
Passed for start_position 1006 and length 2
Passed for start_position 1006 and length 4
Passed for start_position 1006 and length 6
Passed for start_position 1006 and length 8
Passed for start_position 1006 and length 10
Passed for start_position 1006 and length 12
Passed for start_position 1006 and length 14
Passed for start_position 1006 and length 16
Passed for start_position 1006 and length 18
Passed for start_position 1006 and length 20
Passed for start_position 1006 and length 22
Passed for start_position 1006 and length 24
Passed for start_position 1006 and length 26
Passed for start_position 1006 and length 28
Passed for start_position 1006 and length 30
Passed for start_position 1006 and length 32
Passed for start_position 1006 and length 34
Passed for start_position 1006 and length 36
Passed for start_position 1006 and length 38
Passed for start_position 1006 and length 40
Passed for start_position 1006 and length 42
Passed for start_position 1006 and length 44
Passed for start_position 1006 and length 46
Passed for start_position 1006 and length 48
Passed for start_position 1006 and length 50
Passed for start_position 1006 and length 52
Passed for start_position 1006 and length 54
Passed for start_position 1006 and length 56
Passed for start_position 1006 and length 58
Passed for start_position 1006 and length 60
Passed for start_position 1006 and length 62
Passed for start_position 1006 and length 64
Passed for start_position 1006 and length 66
Passed for start_position 1006 and length 68
Passed for start_position 1006 and length 70
Passed for start_position 1006 and length 72
Passed for start_position 1006 and length 74
Passed for start_position 1006 and length 76
Passed for start_position 1006 and length 78
Passed for start_position 1006 and length 80
Passed for start_position 1006 and length 82
Passed for start_position 1006 and length 84
Passed for start_position 1006 and length 86
Passed for start_position 1006 and length 88
Passed for start_position 1006 and length 90
Passed for start_position 1006 and length 92
Passed for start_position 1006 and length 94
Passed for start_position 1006 and length 96
Passed for start_position 1006 and length 98
Passed for start_position 1006 and length 100
Passed for start_position 1007 and length 2
Passed for start_position 1007 and length 4
Passed for start_position 1007 and length 6
Passed for start_position 1007 and length 8
Passed for start_position 1007 and length 10
Passed for start_position 1007 and length 12
Passed for start_position 1007 and length 14
Passed for start_position 1007 and length 16
Passed for start_position 1007 and length 18
Passed for start_position 1007 and length 20
Passed for start_position 1007 and length 22
Passed for start_position 1007 and length 24
Passed for start_position 1007 and length 26
Passed for start_position 1007 and length 28
Passed for start_position 1007 and length 30
Passed for start_position 1007 and length 32
Passed for start_position 1007 and length 34
Passed for start_position 1007 and length 36
Passed for start_position 1007 and length 38
Passed for start_position 1007 and length 40
Passed for start_position 1007 and length 42
Passed for start_position 1007 and length 44
Passed for start_position 1007 and length 46
Passed for start_position 1007 and length 48
Passed for start_position 1007 and length 50
Passed for start_position 1007 and length 52
Passed for start_position 1007 and length 54
Passed for start_position 1007 and length 56
Passed for start_position 1007 and length 58
Passed for start_position 1007 and length 60
Passed for start_position 1007 and length 62
Passed for start_position 1007 and length 64
Passed for start_position 1007 and length 66
Passed for start_position 1007 and length 68
Passed for start_position 1007 and length 70
Passed for start_position 1007 and length 72
Passed for start_position 1007 and length 74
Passed for start_position 1007 and length 76
Passed for start_position 1007 and length 78
Passed for start_position 1007 and length 80
Passed for start_position 1007 and length 82
Passed for start_position 1007 and length 84
Passed for start_position 1007 and length 86
Passed for start_position 1007 and length 88
Passed for start_position 1007 and length 90
Passed for start_position 1007 and length 92
Passed for start_position 1007 and length 94
Passed for start_position 1007 and length 96
Passed for start_position 1007 and length 98
Passed for start_position 1007 and length 100
Passed for start_position 1008 and length 2
Passed for start_position 1008 and length 4
Passed for start_position 1008 and length 6
Passed for start_position 1008 and length 8
Passed for start_position 1008 and length 10
Passed for start_position 1008 and length 12
Passed for start_position 1008 and length 14
Passed for start_position 1008 and length 16
Passed for start_position 1008 and length 18
Passed for start_position 1008 and length 20
Passed for start_position 1008 and length 22
Passed for start_position 1008 and length 24
Passed for start_position 1008 and length 26
Passed for start_position 1008 and length 28
Passed for start_position 1008 and length 30
Passed for start_position 1008 and length 32
Passed for start_position 1008 and length 34
Passed for start_position 1008 and length 36
Passed for start_position 1008 and length 38
Passed for start_position 1008 and length 40
Passed for start_position 1008 and length 42
Passed for start_position 1008 and length 44
Passed for start_position 1008 and length 46
Passed for start_position 1008 and length 48
Passed for start_position 1008 and length 50
Passed for start_position 1008 and length 52
Passed for start_position 1008 and length 54
Passed for start_position 1008 and length 56
Passed for start_position 1008 and length 58
Passed for start_position 1008 and length 60
Passed for start_position 1008 and length 62
Passed for start_position 1008 and length 64
Passed for start_position 1008 and length 66
Passed for start_position 1008 and length 68
Passed for start_position 1008 and length 70
Passed for start_position 1008 and length 72
Passed for start_position 1008 and length 74
Passed for start_position 1008 and length 76
Passed for start_position 1008 and length 78
Passed for start_position 1008 and length 80
Passed for start_position 1008 and length 82
Passed for start_position 1008 and length 84
Passed for start_position 1008 and length 86
Passed for start_position 1008 and length 88
Passed for start_position 1008 and length 90
Passed for start_position 1008 and length 92
Passed for start_position 1008 and length 94
Passed for start_position 1008 and length 96
Passed for start_position 1008 and length 98
Passed for start_position 1008 and length 100
Passed for start_position 1009 and length 2
Passed for start_position 1009 and length 4
Passed for start_position 1009 and length 6
Passed for start_position 1009 and length 8
Passed for start_position 1009 and length 10
Passed for start_position 1009 and length 12
Passed for start_position 1009 and length 14
Passed for start_position 1009 and length 16
Passed for start_position 1009 and length 18
Passed for start_position 1009 and length 20
Passed for start_position 1009 and length 22
Passed for start_position 1009 and length 24
Passed for start_position 1009 and length 26
Passed for start_position 1009 and length 28
Passed for start_position 1009 and length 30
Passed for start_position 1009 and length 32
Passed for start_position 1009 and length 34
Passed for start_position 1009 and length 36
Passed for start_position 1009 and length 38
Passed for start_position 1009 and length 40
Passed for start_position 1009 and length 42
Passed for start_position 1009 and length 44
Passed for start_position 1009 and length 46
Passed for start_position 1009 and length 48
Passed for start_position 1009 and length 50
Passed for start_position 1009 and length 52
Passed for start_position 1009 and length 54
Passed for start_position 1009 and length 56
Passed for start_position 1009 and length 58
Passed for start_position 1009 and length 60
Passed for start_position 1009 and length 62
Passed for start_position 1009 and length 64
Passed for start_position 1009 and length 66
Passed for start_position 1009 and length 68
Passed for start_position 1009 and length 70
Passed for start_position 1009 and length 72
Passed for start_position 1009 and length 74
Passed for start_position 1009 and length 76
Passed for start_position 1009 and length 78
Passed for start_position 1009 and length 80
Passed for start_position 1009 and length 82
Passed for start_position 1009 and length 84
Passed for start_position 1009 and length 86
Passed for start_position 1009 and length 88
Passed for start_position 1009 and length 90
Passed for start_position 1009 and length 92
Passed for start_position 1009 and length 94
Passed for start_position 1009 and length 96
Passed for start_position 1009 and length 98
Passed for start_position 1009 and length 100
Passed for start_position 1010 and length 2
Passed for start_position 1010 and length 4
Passed for start_position 1010 and length 6
Passed for start_position 1010 and length 8
Passed for start_position 1010 and length 10
Passed for start_position 1010 and length 12
Passed for start_position 1010 and length 14
Passed for start_position 1010 and length 16
Passed for start_position 1010 and length 18
Passed for start_position 1010 and length 20
Passed for start_position 1010 and length 22
Passed for start_position 1010 and length 24
Passed for start_position 1010 and length 26
Passed for start_position 1010 and length 28
Passed for start_position 1010 and length 30
Passed for start_position 1010 and length 32
Passed for start_position 1010 and length 34
Passed for start_position 1010 and length 36
Passed for start_position 1010 and length 38
Passed for start_position 1010 and length 40
Passed for start_position 1010 and length 42
Passed for start_position 1010 and length 44
Passed for start_position 1010 and length 46
Passed for start_position 1010 and length 48
Passed for start_position 1010 and length 50
Passed for start_position 1010 and length 52
Passed for start_position 1010 and length 54
Passed for start_position 1010 and length 56
Passed for start_position 1010 and length 58
Passed for start_position 1010 and length 60
Passed for start_position 1010 and length 62
Passed for start_position 1010 and length 64
Passed for start_position 1010 and length 66
Passed for start_position 1010 and length 68
Passed for start_position 1010 and length 70
Passed for start_position 1010 and length 72
Passed for start_position 1010 and length 74
Passed for start_position 1010 and length 76
Passed for start_position 1010 and length 78
Passed for start_position 1010 and length 80
Passed for start_position 1010 and length 82
Passed for start_position 1010 and length 84
Passed for start_position 1010 and length 86
Passed for start_position 1010 and length 88
Passed for start_position 1010 and length 90
Passed for start_position 1010 and length 92
Passed for start_position 1010 and length 94
Passed for start_position 1010 and length 96
Passed for start_position 1010 and length 98
Passed for start_position 1010 and length 100
Passed for start_position 1011 and length 2
Passed for start_position 1011 and length 4
Passed for start_position 1011 and length 6
Passed for start_position 1011 and length 8
Passed for start_position 1011 and length 10
Passed for start_position 1011 and length 12
Passed for start_position 1011 and length 14
Passed for start_position 1011 and length 16
Passed for start_position 1011 and length 18
Passed for start_position 1011 and length 20
Passed for start_position 1011 and length 22
Passed for start_position 1011 and length 24
Passed for start_position 1011 and length 26
Passed for start_position 1011 and length 28
Passed for start_position 1011 and length 30
Passed for start_position 1011 and length 32
Passed for start_position 1011 and length 34
Passed for start_position 1011 and length 36
Passed for start_position 1011 and length 38
Passed for start_position 1011 and length 40
Passed for start_position 1011 and length 42
Passed for start_position 1011 and length 44
Passed for start_position 1011 and length 46
Passed for start_position 1011 and length 48
Passed for start_position 1011 and length 50
Passed for start_position 1011 and length 52
Passed for start_position 1011 and length 54
Passed for start_position 1011 and length 56
Passed for start_position 1011 and length 58
Passed for start_position 1011 and length 60
Passed for start_position 1011 and length 62
Passed for start_position 1011 and length 64
Passed for start_position 1011 and length 66
Passed for start_position 1011 and length 68
Passed for start_position 1011 and length 70
Passed for start_position 1011 and length 72
Passed for start_position 1011 and length 74
Passed for start_position 1011 and length 76
Passed for start_position 1011 and length 78
Passed for start_position 1011 and length 80
Passed for start_position 1011 and length 82
Passed for start_position 1011 and length 84
Passed for start_position 1011 and length 86
Passed for start_position 1011 and length 88
Passed for start_position 1011 and length 90
Passed for start_position 1011 and length 92
Passed for start_position 1011 and length 94
Passed for start_position 1011 and length 96
Passed for start_position 1011 and length 98
Passed for start_position 1011 and length 100
Passed for start_position 1012 and length 2
Passed for start_position 1012 and length 4
Passed for start_position 1012 and length 6
Passed for start_position 1012 and length 8
Passed for start_position 1012 and length 10
Passed for start_position 1012 and length 12
Passed for start_position 1012 and length 14
Passed for start_position 1012 and length 16
Passed for start_position 1012 and length 18
Passed for start_position 1012 and length 20
Passed for start_position 1012 and length 22
Passed for start_position 1012 and length 24
Passed for start_position 1012 and length 26
Passed for start_position 1012 and length 28
Passed for start_position 1012 and length 30
Passed for start_position 1012 and length 32
Passed for start_position 1012 and length 34
Passed for start_position 1012 and length 36
Passed for start_position 1012 and length 38
Passed for start_position 1012 and length 40
Passed for start_position 1012 and length 42
Passed for start_position 1012 and length 44
Passed for start_position 1012 and length 46
Passed for start_position 1012 and length 48
Passed for start_position 1012 and length 50
Passed for start_position 1012 and length 52
Passed for start_position 1012 and length 54
Passed for start_position 1012 and length 56
Passed for start_position 1012 and length 58
Passed for start_position 1012 and length 60
Passed for start_position 1012 and length 62
Passed for start_position 1012 and length 64
Passed for start_position 1012 and length 66
Passed for start_position 1012 and length 68
Passed for start_position 1012 and length 70
Passed for start_position 1012 and length 72
Passed for start_position 1012 and length 74
Passed for start_position 1012 and length 76
Passed for start_position 1012 and length 78
Passed for start_position 1012 and length 80
Passed for start_position 1012 and length 82
Passed for start_position 1012 and length 84
Passed for start_position 1012 and length 86
Passed for start_position 1012 and length 88
Passed for start_position 1012 and length 90
Passed for start_position 1012 and length 92
Passed for start_position 1012 and length 94
Passed for start_position 1012 and length 96
Passed for start_position 1012 and length 98
Passed for start_position 1012 and length 100
Passed for start_position 1013 and length 2
Passed for start_position 1013 and length 4
Passed for start_position 1013 and length 6
Passed for start_position 1013 and length 8
Passed for start_position 1013 and length 10
Passed for start_position 1013 and length 12
Passed for start_position 1013 and length 14
Passed for start_position 1013 and length 16
Passed for start_position 1013 and length 18
Passed for start_position 1013 and length 20
Passed for start_position 1013 and length 22
Passed for start_position 1013 and length 24
Passed for start_position 1013 and length 26
Passed for start_position 1013 and length 28
Passed for start_position 1013 and length 30
Passed for start_position 1013 and length 32
Passed for start_position 1013 and length 34
Passed for start_position 1013 and length 36
Passed for start_position 1013 and length 38
Passed for start_position 1013 and length 40
Passed for start_position 1013 and length 42
Passed for start_position 1013 and length 44
Passed for start_position 1013 and length 46
Passed for start_position 1013 and length 48
Passed for start_position 1013 and length 50
Passed for start_position 1013 and length 52
Passed for start_position 1013 and length 54
Passed for start_position 1013 and length 56
Passed for start_position 1013 and length 58
Passed for start_position 1013 and length 60
Passed for start_position 1013 and length 62
Passed for start_position 1013 and length 64
Passed for start_position 1013 and length 66
Passed for start_position 1013 and length 68
Passed for start_position 1013 and length 70
Passed for start_position 1013 and length 72
Passed for start_position 1013 and length 74
Passed for start_position 1013 and length 76
Passed for start_position 1013 and length 78
Passed for start_position 1013 and length 80
Passed for start_position 1013 and length 82
Passed for start_position 1013 and length 84
Passed for start_position 1013 and length 86
Passed for start_position 1013 and length 88
Passed for start_position 1013 and length 90
Passed for start_position 1013 and length 92
Passed for start_position 1013 and length 94
Passed for start_position 1013 and length 96
Passed for start_position 1013 and length 98
Passed for start_position 1013 and length 100
Passed for start_position 1014 and length 2
Passed for start_position 1014 and length 4
Passed for start_position 1014 and length 6
Passed for start_position 1014 and length 8
Passed for start_position 1014 and length 10
Passed for start_position 1014 and length 12
Passed for start_position 1014 and length 14
Passed for start_position 1014 and length 16
Passed for start_position 1014 and length 18
Passed for start_position 1014 and length 20
Passed for start_position 1014 and length 22
Passed for start_position 1014 and length 24
Passed for start_position 1014 and length 26
Passed for start_position 1014 and length 28
Passed for start_position 1014 and length 30
Passed for start_position 1014 and length 32
Passed for start_position 1014 and length 34
Passed for start_position 1014 and length 36
Passed for start_position 1014 and length 38
Passed for start_position 1014 and length 40
Passed for start_position 1014 and length 42
Passed for start_position 1014 and length 44
Passed for start_position 1014 and length 46
Passed for start_position 1014 and length 48
Passed for start_position 1014 and length 50
Passed for start_position 1014 and length 52
Passed for start_position 1014 and length 54
Passed for start_position 1014 and length 56
Passed for start_position 1014 and length 58
Passed for start_position 1014 and length 60
Passed for start_position 1014 and length 62
Passed for start_position 1014 and length 64
Passed for start_position 1014 and length 66
Passed for start_position 1014 and length 68
Passed for start_position 1014 and length 70
Passed for start_position 1014 and length 72
Passed for start_position 1014 and length 74
Passed for start_position 1014 and length 76
Passed for start_position 1014 and length 78
Passed for start_position 1014 and length 80
Passed for start_position 1014 and length 82
Passed for start_position 1014 and length 84
Passed for start_position 1014 and length 86
Passed for start_position 1014 and length 88
Passed for start_position 1014 and length 90
Passed for start_position 1014 and length 92
Passed for start_position 1014 and length 94
Passed for start_position 1014 and length 96
Passed for start_position 1014 and length 98
Passed for start_position 1014 and length 100
Passed for start_position 1015 and length 2
Passed for start_position 1015 and length 4
Passed for start_position 1015 and length 6
Passed for start_position 1015 and length 8
Passed for start_position 1015 and length 10
Passed for start_position 1015 and length 12
Passed for start_position 1015 and length 14
Passed for start_position 1015 and length 16
Passed for start_position 1015 and length 18
Passed for start_position 1015 and length 20
Passed for start_position 1015 and length 22
Passed for start_position 1015 and length 24
Passed for start_position 1015 and length 26
Passed for start_position 1015 and length 28
Passed for start_position 1015 and length 30
Passed for start_position 1015 and length 32
Passed for start_position 1015 and length 34
Passed for start_position 1015 and length 36
Passed for start_position 1015 and length 38
Passed for start_position 1015 and length 40
Passed for start_position 1015 and length 42
Passed for start_position 1015 and length 44
Passed for start_position 1015 and length 46
Passed for start_position 1015 and length 48
Passed for start_position 1015 and length 50
Passed for start_position 1015 and length 52
Passed for start_position 1015 and length 54
Passed for start_position 1015 and length 56
Passed for start_position 1015 and length 58
Passed for start_position 1015 and length 60
Passed for start_position 1015 and length 62
Passed for start_position 1015 and length 64
Passed for start_position 1015 and length 66
Passed for start_position 1015 and length 68
Passed for start_position 1015 and length 70
Passed for start_position 1015 and length 72
Passed for start_position 1015 and length 74
Passed for start_position 1015 and length 76
Passed for start_position 1015 and length 78
Passed for start_position 1015 and length 80
Passed for start_position 1015 and length 82
Passed for start_position 1015 and length 84
Passed for start_position 1015 and length 86
Passed for start_position 1015 and length 88
Passed for start_position 1015 and length 90
Passed for start_position 1015 and length 92
Passed for start_position 1015 and length 94
Passed for start_position 1015 and length 96
Passed for start_position 1015 and length 98
Passed for start_position 1015 and length 100
Passed for start_position 1016 and length 2
Passed for start_position 1016 and length 4
Passed for start_position 1016 and length 6
Passed for start_position 1016 and length 8
Passed for start_position 1016 and length 10
Passed for start_position 1016 and length 12
Passed for start_position 1016 and length 14
Passed for start_position 1016 and length 16
Passed for start_position 1016 and length 18
Passed for start_position 1016 and length 20
Passed for start_position 1016 and length 22
Passed for start_position 1016 and length 24
Passed for start_position 1016 and length 26
Passed for start_position 1016 and length 28
Passed for start_position 1016 and length 30
Passed for start_position 1016 and length 32
Passed for start_position 1016 and length 34
Passed for start_position 1016 and length 36
Passed for start_position 1016 and length 38
Passed for start_position 1016 and length 40
Passed for start_position 1016 and length 42
Passed for start_position 1016 and length 44
Passed for start_position 1016 and length 46
Passed for start_position 1016 and length 48
Passed for start_position 1016 and length 50
Passed for start_position 1016 and length 52
Passed for start_position 1016 and length 54
Passed for start_position 1016 and length 56
Passed for start_position 1016 and length 58
Passed for start_position 1016 and length 60
Passed for start_position 1016 and length 62
Passed for start_position 1016 and length 64
Passed for start_position 1016 and length 66
Passed for start_position 1016 and length 68
Passed for start_position 1016 and length 70
Passed for start_position 1016 and length 72
Passed for start_position 1016 and length 74
Passed for start_position 1016 and length 76
Passed for start_position 1016 and length 78
Passed for start_position 1016 and length 80
Passed for start_position 1016 and length 82
Passed for start_position 1016 and length 84
Passed for start_position 1016 and length 86
Passed for start_position 1016 and length 88
Passed for start_position 1016 and length 90
Passed for start_position 1016 and length 92
Passed for start_position 1016 and length 94
Passed for start_position 1016 and length 96
Passed for start_position 1016 and length 98
Passed for start_position 1016 and length 100
Passed for start_position 1017 and length 2
Passed for start_position 1017 and length 4
Passed for start_position 1017 and length 6
Passed for start_position 1017 and length 8
Passed for start_position 1017 and length 10
Passed for start_position 1017 and length 12
Passed for start_position 1017 and length 14
Passed for start_position 1017 and length 16
Passed for start_position 1017 and length 18
Passed for start_position 1017 and length 20
Passed for start_position 1017 and length 22
Passed for start_position 1017 and length 24
Passed for start_position 1017 and length 26
Passed for start_position 1017 and length 28
Passed for start_position 1017 and length 30
Passed for start_position 1017 and length 32
Passed for start_position 1017 and length 34
Passed for start_position 1017 and length 36
Passed for start_position 1017 and length 38
Passed for start_position 1017 and length 40
Passed for start_position 1017 and length 42
Passed for start_position 1017 and length 44
Passed for start_position 1017 and length 46
Passed for start_position 1017 and length 48
Passed for start_position 1017 and length 50
Passed for start_position 1017 and length 52
Passed for start_position 1017 and length 54
Passed for start_position 1017 and length 56
Passed for start_position 1017 and length 58
Passed for start_position 1017 and length 60
Passed for start_position 1017 and length 62
Passed for start_position 1017 and length 64
Passed for start_position 1017 and length 66
Passed for start_position 1017 and length 68
Passed for start_position 1017 and length 70
Passed for start_position 1017 and length 72
Passed for start_position 1017 and length 74
Passed for start_position 1017 and length 76
Passed for start_position 1017 and length 78
Passed for start_position 1017 and length 80
Passed for start_position 1017 and length 82
Passed for start_position 1017 and length 84
Passed for start_position 1017 and length 86
Passed for start_position 1017 and length 88
Passed for start_position 1017 and length 90
Passed for start_position 1017 and length 92
Passed for start_position 1017 and length 94
Passed for start_position 1017 and length 96
Passed for start_position 1017 and length 98
Passed for start_position 1017 and length 100
Passed for start_position 1018 and length 2
Passed for start_position 1018 and length 4
Passed for start_position 1018 and length 6
Passed for start_position 1018 and length 8
Passed for start_position 1018 and length 10
Passed for start_position 1018 and length 12
Passed for start_position 1018 and length 14
Passed for start_position 1018 and length 16
Passed for start_position 1018 and length 18
Passed for start_position 1018 and length 20
Passed for start_position 1018 and length 22
Passed for start_position 1018 and length 24
Passed for start_position 1018 and length 26
Passed for start_position 1018 and length 28
Passed for start_position 1018 and length 30
Passed for start_position 1018 and length 32
Passed for start_position 1018 and length 34
Passed for start_position 1018 and length 36
Passed for start_position 1018 and length 38
Passed for start_position 1018 and length 40
Passed for start_position 1018 and length 42
Passed for start_position 1018 and length 44
Passed for start_position 1018 and length 46
Passed for start_position 1018 and length 48
Passed for start_position 1018 and length 50
Passed for start_position 1018 and length 52
Passed for start_position 1018 and length 54
Passed for start_position 1018 and length 56
Passed for start_position 1018 and length 58
Passed for start_position 1018 and length 60
Passed for start_position 1018 and length 62
Passed for start_position 1018 and length 64
Passed for start_position 1018 and length 66
Passed for start_position 1018 and length 68
Passed for start_position 1018 and length 70
Passed for start_position 1018 and length 72
Passed for start_position 1018 and length 74
Passed for start_position 1018 and length 76
Passed for start_position 1018 and length 78
Passed for start_position 1018 and length 80
Passed for start_position 1018 and length 82
Passed for start_position 1018 and length 84
Passed for start_position 1018 and length 86
Passed for start_position 1018 and length 88
Passed for start_position 1018 and length 90
Passed for start_position 1018 and length 92
Passed for start_position 1018 and length 94
Passed for start_position 1018 and length 96
Passed for start_position 1018 and length 98
Passed for start_position 1018 and length 100
Passed for start_position 1019 and length 2
Passed for start_position 1019 and length 4
Passed for start_position 1019 and length 6
Passed for start_position 1019 and length 8
Passed for start_position 1019 and length 10
Passed for start_position 1019 and length 12
Passed for start_position 1019 and length 14
Passed for start_position 1019 and length 16
Passed for start_position 1019 and length 18
Passed for start_position 1019 and length 20
Passed for start_position 1019 and length 22
Passed for start_position 1019 and length 24
Passed for start_position 1019 and length 26
Passed for start_position 1019 and length 28
Passed for start_position 1019 and length 30
Passed for start_position 1019 and length 32
Passed for start_position 1019 and length 34
Passed for start_position 1019 and length 36
Passed for start_position 1019 and length 38
Passed for start_position 1019 and length 40
Passed for start_position 1019 and length 42
Passed for start_position 1019 and length 44
Passed for start_position 1019 and length 46
Passed for start_position 1019 and length 48
Passed for start_position 1019 and length 50
Passed for start_position 1019 and length 52
Passed for start_position 1019 and length 54
Passed for start_position 1019 and length 56
Passed for start_position 1019 and length 58
Passed for start_position 1019 and length 60
Passed for start_position 1019 and length 62
Passed for start_position 1019 and length 64
Passed for start_position 1019 and length 66
Passed for start_position 1019 and length 68
Passed for start_position 1019 and length 70
Passed for start_position 1019 and length 72
Passed for start_position 1019 and length 74
Passed for start_position 1019 and length 76
Passed for start_position 1019 and length 78
Passed for start_position 1019 and length 80
Passed for start_position 1019 and length 82
Passed for start_position 1019 and length 84
Passed for start_position 1019 and length 86
Passed for start_position 1019 and length 88
Passed for start_position 1019 and length 90
Passed for start_position 1019 and length 92
Passed for start_position 1019 and length 94
Passed for start_position 1019 and length 96
Passed for start_position 1019 and length 98
Passed for start_position 1019 and length 100
Passed for start_position 1020 and length 2
Passed for start_position 1020 and length 4
Passed for start_position 1020 and length 6
Passed for start_position 1020 and length 8
Passed for start_position 1020 and length 10
Passed for start_position 1020 and length 12
Passed for start_position 1020 and length 14
Passed for start_position 1020 and length 16
Passed for start_position 1020 and length 18
Passed for start_position 1020 and length 20
Passed for start_position 1020 and length 22
Passed for start_position 1020 and length 24
Passed for start_position 1020 and length 26
Passed for start_position 1020 and length 28
Passed for start_position 1020 and length 30
Passed for start_position 1020 and length 32
Passed for start_position 1020 and length 34
Passed for start_position 1020 and length 36
Passed for start_position 1020 and length 38
Passed for start_position 1020 and length 40
Passed for start_position 1020 and length 42
Passed for start_position 1020 and length 44
Passed for start_position 1020 and length 46
Passed for start_position 1020 and length 48
Passed for start_position 1020 and length 50
Passed for start_position 1020 and length 52
Passed for start_position 1020 and length 54
Passed for start_position 1020 and length 56
Passed for start_position 1020 and length 58
Passed for start_position 1020 and length 60
Passed for start_position 1020 and length 62
Passed for start_position 1020 and length 64
Passed for start_position 1020 and length 66
Passed for start_position 1020 and length 68
Passed for start_position 1020 and length 70
Passed for start_position 1020 and length 72
Passed for start_position 1020 and length 74
Passed for start_position 1020 and length 76
Passed for start_position 1020 and length 78
Passed for start_position 1020 and length 80
Passed for start_position 1020 and length 82
Passed for start_position 1020 and length 84
Passed for start_position 1020 and length 86
Passed for start_position 1020 and length 88
Passed for start_position 1020 and length 90
Passed for start_position 1020 and length 92
Passed for start_position 1020 and length 94
Passed for start_position 1020 and length 96
Passed for start_position 1020 and length 98
Passed for start_position 1020 and length 100
Passed for start_position 1021 and length 2
Passed for start_position 1021 and length 4
Passed for start_position 1021 and length 6
Passed for start_position 1021 and length 8
Passed for start_position 1021 and length 10
Passed for start_position 1021 and length 12
Passed for start_position 1021 and length 14
Passed for start_position 1021 and length 16
Passed for start_position 1021 and length 18
Passed for start_position 1021 and length 20
Passed for start_position 1021 and length 22
Passed for start_position 1021 and length 24
Passed for start_position 1021 and length 26
Passed for start_position 1021 and length 28
Passed for start_position 1021 and length 30
Passed for start_position 1021 and length 32
Passed for start_position 1021 and length 34
Passed for start_position 1021 and length 36
Passed for start_position 1021 and length 38
Passed for start_position 1021 and length 40
Passed for start_position 1021 and length 42
Passed for start_position 1021 and length 44
Passed for start_position 1021 and length 46
Passed for start_position 1021 and length 48
Passed for start_position 1021 and length 50
Passed for start_position 1021 and length 52
Passed for start_position 1021 and length 54
Passed for start_position 1021 and length 56
Passed for start_position 1021 and length 58
Passed for start_position 1021 and length 60
Passed for start_position 1021 and length 62
Passed for start_position 1021 and length 64
Passed for start_position 1021 and length 66
Passed for start_position 1021 and length 68
Passed for start_position 1021 and length 70
Passed for start_position 1021 and length 72
Passed for start_position 1021 and length 74
Passed for start_position 1021 and length 76
Passed for start_position 1021 and length 78
Passed for start_position 1021 and length 80
Passed for start_position 1021 and length 82
Passed for start_position 1021 and length 84
Passed for start_position 1021 and length 86
Passed for start_position 1021 and length 88
Passed for start_position 1021 and length 90
Passed for start_position 1021 and length 92
Passed for start_position 1021 and length 94
Passed for start_position 1021 and length 96
Passed for start_position 1021 and length 98
Passed for start_position 1021 and length 100
Passed for start_position 1022 and length 2
Passed for start_position 1022 and length 4
Passed for start_position 1022 and length 6
Passed for start_position 1022 and length 8
Passed for start_position 1022 and length 10
Passed for start_position 1022 and length 12
Passed for start_position 1022 and length 14
Passed for start_position 1022 and length 16
Passed for start_position 1022 and length 18
Passed for start_position 1022 and length 20
Passed for start_position 1022 and length 22
Passed for start_position 1022 and length 24
Passed for start_position 1022 and length 26
Passed for start_position 1022 and length 28
Passed for start_position 1022 and length 30
Passed for start_position 1022 and length 32
Passed for start_position 1022 and length 34
Passed for start_position 1022 and length 36
Passed for start_position 1022 and length 38
Passed for start_position 1022 and length 40
Passed for start_position 1022 and length 42
Passed for start_position 1022 and length 44
Passed for start_position 1022 and length 46
Passed for start_position 1022 and length 48
Passed for start_position 1022 and length 50
Passed for start_position 1022 and length 52
Passed for start_position 1022 and length 54
Passed for start_position 1022 and length 56
Passed for start_position 1022 and length 58
Passed for start_position 1022 and length 60
Passed for start_position 1022 and length 62
Passed for start_position 1022 and length 64
Passed for start_position 1022 and length 66
Passed for start_position 1022 and length 68
Passed for start_position 1022 and length 70
Passed for start_position 1022 and length 72
Passed for start_position 1022 and length 74
Passed for start_position 1022 and length 76
Passed for start_position 1022 and length 78
Passed for start_position 1022 and length 80
Passed for start_position 1022 and length 82
Passed for start_position 1022 and length 84
Passed for start_position 1022 and length 86
Passed for start_position 1022 and length 88
Passed for start_position 1022 and length 90
Passed for start_position 1022 and length 92
Passed for start_position 1022 and length 94
Passed for start_position 1022 and length 96
Passed for start_position 1022 and length 98
Passed for start_position 1022 and length 100
Passed for start_position 1023 and length 2
Passed for start_position 1023 and length 4
Passed for start_position 1023 and length 6
Passed for start_position 1023 and length 8
Passed for start_position 1023 and length 10
Passed for start_position 1023 and length 12
Passed for start_position 1023 and length 14
Passed for start_position 1023 and length 16
Passed for start_position 1023 and length 18
Passed for start_position 1023 and length 20
Passed for start_position 1023 and length 22
Passed for start_position 1023 and length 24
Passed for start_position 1023 and length 26
Passed for start_position 1023 and length 28
Passed for start_position 1023 and length 30
Passed for start_position 1023 and length 32
Passed for start_position 1023 and length 34
Passed for start_position 1023 and length 36
Passed for start_position 1023 and length 38
Passed for start_position 1023 and length 40
Passed for start_position 1023 and length 42
Passed for start_position 1023 and length 44
Passed for start_position 1023 and length 46
Passed for start_position 1023 and length 48
Passed for start_position 1023 and length 50
Passed for start_position 1023 and length 52
Passed for start_position 1023 and length 54
Passed for start_position 1023 and length 56
Passed for start_position 1023 and length 58
Passed for start_position 1023 and length 60
Passed for start_position 1023 and length 62
Passed for start_position 1023 and length 64
Passed for start_position 1023 and length 66
Passed for start_position 1023 and length 68
Passed for start_position 1023 and length 70
Passed for start_position 1023 and length 72
Passed for start_position 1023 and length 74
Passed for start_position 1023 and length 76
Passed for start_position 1023 and length 78
Passed for start_position 1023 and length 80
Passed for start_position 1023 and length 82
Passed for start_position 1023 and length 84
Passed for start_position 1023 and length 86
Passed for start_position 1023 and length 88
Passed for start_position 1023 and length 90
Passed for start_position 1023 and length 92
Passed for start_position 1023 and length 94
Passed for start_position 1023 and length 96
Passed for start_position 1023 and length 98
Passed for start_position 1023 and length 100
Passed for start_position 1024 and length 2
Passed for start_position 1024 and length 4
Passed for start_position 1024 and length 6
Passed for start_position 1024 and length 8
Passed for start_position 1024 and length 10
Passed for start_position 1024 and length 12
Passed for start_position 1024 and length 14
Passed for start_position 1024 and length 16
Passed for start_position 1024 and length 18
Passed for start_position 1024 and length 20
Passed for start_position 1024 and length 22
Passed for start_position 1024 and length 24
Passed for start_position 1024 and length 26
Passed for start_position 1024 and length 28
Passed for start_position 1024 and length 30
Passed for start_position 1024 and length 32
Passed for start_position 1024 and length 34
Passed for start_position 1024 and length 36
Passed for start_position 1024 and length 38
Passed for start_position 1024 and length 40
Passed for start_position 1024 and length 42
Passed for start_position 1024 and length 44
Passed for start_position 1024 and length 46
Passed for start_position 1024 and length 48
Passed for start_position 1024 and length 50
Passed for start_position 1024 and length 52
Passed for start_position 1024 and length 54
Passed for start_position 1024 and length 56
Passed for start_position 1024 and length 58
Passed for start_position 1024 and length 60
Passed for start_position 1024 and length 62
Passed for start_position 1024 and length 64
Passed for start_position 1024 and length 66
Passed for start_position 1024 and length 68
Passed for start_position 1024 and length 70
Passed for start_position 1024 and length 72
Passed for start_position 1024 and length 74
Passed for start_position 1024 and length 76
Passed for start_position 1024 and length 78
Passed for start_position 1024 and length 80
Passed for start_position 1024 and length 82
Passed for start_position 1024 and length 84
Passed for start_position 1024 and length 86
Passed for start_position 1024 and length 88
Passed for start_position 1024 and length 90
Passed for start_position 1024 and length 92
Passed for start_position 1024 and length 94
Passed for start_position 1024 and length 96
Passed for start_position 1024 and length 98
Passed for start_position 1024 and length 100
Passed for start_position 1025 and length 2
Passed for start_position 1025 and length 4
Passed for start_position 1025 and length 6
Passed for start_position 1025 and length 8
Passed for start_position 1025 and length 10
Passed for start_position 1025 and length 12
Passed for start_position 1025 and length 14
Passed for start_position 1025 and length 16
Passed for start_position 1025 and length 18
Passed for start_position 1025 and length 20
Passed for start_position 1025 and length 22
Passed for start_position 1025 and length 24
Passed for start_position 1025 and length 26
Passed for start_position 1025 and length 28
Passed for start_position 1025 and length 30
Passed for start_position 1025 and length 32
Passed for start_position 1025 and length 34
Passed for start_position 1025 and length 36
Passed for start_position 1025 and length 38
Passed for start_position 1025 and length 40
Passed for start_position 1025 and length 42
Passed for start_position 1025 and length 44
Passed for start_position 1025 and length 46
Passed for start_position 1025 and length 48
Passed for start_position 1025 and length 50
Passed for start_position 1025 and length 52
Passed for start_position 1025 and length 54
Passed for start_position 1025 and length 56
Passed for start_position 1025 and length 58
Passed for start_position 1025 and length 60
Passed for start_position 1025 and length 62
Passed for start_position 1025 and length 64
Passed for start_position 1025 and length 66
Passed for start_position 1025 and length 68
Passed for start_position 1025 and length 70
Passed for start_position 1025 and length 72
Passed for start_position 1025 and length 74
Passed for start_position 1025 and length 76
Passed for start_position 1025 and length 78
Passed for start_position 1025 and length 80
Passed for start_position 1025 and length 82
Passed for start_position 1025 and length 84
Passed for start_position 1025 and length 86
Passed for start_position 1025 and length 88
Passed for start_position 1025 and length 90
Passed for start_position 1025 and length 92
Passed for start_position 1025 and length 94
Passed for start_position 1025 and length 96
Passed for start_position 1025 and length 98
Passed for start_position 1025 and length 100
Passed for start_position 1026 and length 2
Passed for start_position 1026 and length 4
Passed for start_position 1026 and length 6
Passed for start_position 1026 and length 8
Passed for start_position 1026 and length 10
Passed for start_position 1026 and length 12
Passed for start_position 1026 and length 14
Passed for start_position 1026 and length 16
Passed for start_position 1026 and length 18
Passed for start_position 1026 and length 20
Passed for start_position 1026 and length 22
Passed for start_position 1026 and length 24
Passed for start_position 1026 and length 26
Passed for start_position 1026 and length 28
Passed for start_position 1026 and length 30
Passed for start_position 1026 and length 32
Passed for start_position 1026 and length 34
Passed for start_position 1026 and length 36
Passed for start_position 1026 and length 38
Passed for start_position 1026 and length 40
Passed for start_position 1026 and length 42
Passed for start_position 1026 and length 44
Passed for start_position 1026 and length 46
Passed for start_position 1026 and length 48
Passed for start_position 1026 and length 50
Passed for start_position 1026 and length 52
Passed for start_position 1026 and length 54
Passed for start_position 1026 and length 56
Passed for start_position 1026 and length 58
Passed for start_position 1026 and length 60
Passed for start_position 1026 and length 62
Passed for start_position 1026 and length 64
Passed for start_position 1026 and length 66
Passed for start_position 1026 and length 68
Passed for start_position 1026 and length 70
Passed for start_position 1026 and length 72
Passed for start_position 1026 and length 74
Passed for start_position 1026 and length 76
Passed for start_position 1026 and length 78
Passed for start_position 1026 and length 80
Passed for start_position 1026 and length 82
Passed for start_position 1026 and length 84
Passed for start_position 1026 and length 86
Passed for start_position 1026 and length 88
Passed for start_position 1026 and length 90
Passed for start_position 1026 and length 92
Passed for start_position 1026 and length 94
Passed for start_position 1026 and length 96
Passed for start_position 1026 and length 98
Passed for start_position 1026 and length 100
Passed for start_position 1027 and length 2
Passed for start_position 1027 and length 4
Passed for start_position 1027 and length 6
Passed for start_position 1027 and length 8
Passed for start_position 1027 and length 10
Passed for start_position 1027 and length 12
Passed for start_position 1027 and length 14
Passed for start_position 1027 and length 16
Passed for start_position 1027 and length 18
Passed for start_position 1027 and length 20
Passed for start_position 1027 and length 22
Passed for start_position 1027 and length 24
Passed for start_position 1027 and length 26
Passed for start_position 1027 and length 28
Passed for start_position 1027 and length 30
Passed for start_position 1027 and length 32
Passed for start_position 1027 and length 34
Passed for start_position 1027 and length 36
Passed for start_position 1027 and length 38
Passed for start_position 1027 and length 40
Passed for start_position 1027 and length 42
Passed for start_position 1027 and length 44
Passed for start_position 1027 and length 46
Passed for start_position 1027 and length 48
Passed for start_position 1027 and length 50
Passed for start_position 1027 and length 52
Passed for start_position 1027 and length 54
Passed for start_position 1027 and length 56
Passed for start_position 1027 and length 58
Passed for start_position 1027 and length 60
Passed for start_position 1027 and length 62
Passed for start_position 1027 and length 64
Passed for start_position 1027 and length 66
Passed for start_position 1027 and length 68
Passed for start_position 1027 and length 70
Passed for start_position 1027 and length 72
Passed for start_position 1027 and length 74
Passed for start_position 1027 and length 76
Passed for start_position 1027 and length 78
Passed for start_position 1027 and length 80
Passed for start_position 1027 and length 82
Passed for start_position 1027 and length 84
Passed for start_position 1027 and length 86
Passed for start_position 1027 and length 88
Passed for start_position 1027 and length 90
Passed for start_position 1027 and length 92
Passed for start_position 1027 and length 94
Passed for start_position 1027 and length 96
Passed for start_position 1027 and length 98
Passed for start_position 1027 and length 100
Passed for start_position 1028 and length 2
Passed for start_position 1028 and length 4
Passed for start_position 1028 and length 6
Passed for start_position 1028 and length 8
Passed for start_position 1028 and length 10
Passed for start_position 1028 and length 12
Passed for start_position 1028 and length 14
Passed for start_position 1028 and length 16
Passed for start_position 1028 and length 18
Passed for start_position 1028 and length 20
Passed for start_position 1028 and length 22
Passed for start_position 1028 and length 24
Passed for start_position 1028 and length 26
Passed for start_position 1028 and length 28
Passed for start_position 1028 and length 30
Passed for start_position 1028 and length 32
Passed for start_position 1028 and length 34
Passed for start_position 1028 and length 36
Passed for start_position 1028 and length 38
Passed for start_position 1028 and length 40
Passed for start_position 1028 and length 42
Passed for start_position 1028 and length 44
Passed for start_position 1028 and length 46
Passed for start_position 1028 and length 48
Passed for start_position 1028 and length 50
Passed for start_position 1028 and length 52
Passed for start_position 1028 and length 54
Passed for start_position 1028 and length 56
Passed for start_position 1028 and length 58
Passed for start_position 1028 and length 60
Passed for start_position 1028 and length 62
Passed for start_position 1028 and length 64
Passed for start_position 1028 and length 66
Passed for start_position 1028 and length 68
Passed for start_position 1028 and length 70
Passed for start_position 1028 and length 72
Passed for start_position 1028 and length 74
Passed for start_position 1028 and length 76
Passed for start_position 1028 and length 78
Passed for start_position 1028 and length 80
Passed for start_position 1028 and length 82
Passed for start_position 1028 and length 84
Passed for start_position 1028 and length 86
Passed for start_position 1028 and length 88
Passed for start_position 1028 and length 90
Passed for start_position 1028 and length 92
Passed for start_position 1028 and length 94
Passed for start_position 1028 and length 96
Passed for start_position 1028 and length 98
Passed for start_position 1028 and length 100
Passed for start_position 1029 and length 2
Passed for start_position 1029 and length 4
Passed for start_position 1029 and length 6
Passed for start_position 1029 and length 8
Passed for start_position 1029 and length 10
Passed for start_position 1029 and length 12
Passed for start_position 1029 and length 14
Passed for start_position 1029 and length 16
Passed for start_position 1029 and length 18
Passed for start_position 1029 and length 20
Passed for start_position 1029 and length 22
Passed for start_position 1029 and length 24
Passed for start_position 1029 and length 26
Passed for start_position 1029 and length 28
Passed for start_position 1029 and length 30
Passed for start_position 1029 and length 32
Passed for start_position 1029 and length 34
Passed for start_position 1029 and length 36
Passed for start_position 1029 and length 38
Passed for start_position 1029 and length 40
Passed for start_position 1029 and length 42
Passed for start_position 1029 and length 44
Passed for start_position 1029 and length 46
Passed for start_position 1029 and length 48
Passed for start_position 1029 and length 50
Passed for start_position 1029 and length 52
Passed for start_position 1029 and length 54
Passed for start_position 1029 and length 56
Passed for start_position 1029 and length 58
Passed for start_position 1029 and length 60
Passed for start_position 1029 and length 62
Passed for start_position 1029 and length 64
Passed for start_position 1029 and length 66
Passed for start_position 1029 and length 68
Passed for start_position 1029 and length 70
Passed for start_position 1029 and length 72
Passed for start_position 1029 and length 74
Passed for start_position 1029 and length 76
Passed for start_position 1029 and length 78
Passed for start_position 1029 and length 80
Passed for start_position 1029 and length 82
Passed for start_position 1029 and length 84
Passed for start_position 1029 and length 86
Passed for start_position 1029 and length 88
Passed for start_position 1029 and length 90
Passed for start_position 1029 and length 92
Passed for start_position 1029 and length 94
Passed for start_position 1029 and length 96
Passed for start_position 1029 and length 98
Passed for start_position 1029 and length 100
Passed for start_position 1030 and length 2
Passed for start_position 1030 and length 4
Passed for start_position 1030 and length 6
Passed for start_position 1030 and length 8
Passed for start_position 1030 and length 10
Passed for start_position 1030 and length 12
Passed for start_position 1030 and length 14
Passed for start_position 1030 and length 16
Passed for start_position 1030 and length 18
Passed for start_position 1030 and length 20
Passed for start_position 1030 and length 22
Passed for start_position 1030 and length 24
Passed for start_position 1030 and length 26
Passed for start_position 1030 and length 28
Passed for start_position 1030 and length 30
Passed for start_position 1030 and length 32
Passed for start_position 1030 and length 34
Passed for start_position 1030 and length 36
Passed for start_position 1030 and length 38
Passed for start_position 1030 and length 40
Passed for start_position 1030 and length 42
Passed for start_position 1030 and length 44
Passed for start_position 1030 and length 46
Passed for start_position 1030 and length 48
Passed for start_position 1030 and length 50
Passed for start_position 1030 and length 52
Passed for start_position 1030 and length 54
Passed for start_position 1030 and length 56
Passed for start_position 1030 and length 58
Passed for start_position 1030 and length 60
Passed for start_position 1030 and length 62
Passed for start_position 1030 and length 64
Passed for start_position 1030 and length 66
Passed for start_position 1030 and length 68
Passed for start_position 1030 and length 70
Passed for start_position 1030 and length 72
Passed for start_position 1030 and length 74
Passed for start_position 1030 and length 76
Passed for start_position 1030 and length 78
Passed for start_position 1030 and length 80
Passed for start_position 1030 and length 82
Passed for start_position 1030 and length 84
Passed for start_position 1030 and length 86
Passed for start_position 1030 and length 88
Passed for start_position 1030 and length 90
Passed for start_position 1030 and length 92
Passed for start_position 1030 and length 94
Passed for start_position 1030 and length 96
Passed for start_position 1030 and length 98
Passed for start_position 1030 and length 100
Passed for start_position 1031 and length 2
Passed for start_position 1031 and length 4
Passed for start_position 1031 and length 6
Passed for start_position 1031 and length 8
Passed for start_position 1031 and length 10
Passed for start_position 1031 and length 12
Passed for start_position 1031 and length 14
Passed for start_position 1031 and length 16
Passed for start_position 1031 and length 18
Passed for start_position 1031 and length 20
Passed for start_position 1031 and length 22
Passed for start_position 1031 and length 24
Passed for start_position 1031 and length 26
Passed for start_position 1031 and length 28
Passed for start_position 1031 and length 30
Passed for start_position 1031 and length 32
Passed for start_position 1031 and length 34
Passed for start_position 1031 and length 36
Passed for start_position 1031 and length 38
Passed for start_position 1031 and length 40
Passed for start_position 1031 and length 42
Passed for start_position 1031 and length 44
Passed for start_position 1031 and length 46
Passed for start_position 1031 and length 48
Passed for start_position 1031 and length 50
Passed for start_position 1031 and length 52
Passed for start_position 1031 and length 54
Passed for start_position 1031 and length 56
Passed for start_position 1031 and length 58
Passed for start_position 1031 and length 60
Passed for start_position 1031 and length 62
Passed for start_position 1031 and length 64
Passed for start_position 1031 and length 66
Passed for start_position 1031 and length 68
Passed for start_position 1031 and length 70
Passed for start_position 1031 and length 72
Passed for start_position 1031 and length 74
Passed for start_position 1031 and length 76
Passed for start_position 1031 and length 78
Passed for start_position 1031 and length 80
Passed for start_position 1031 and length 82
Passed for start_position 1031 and length 84
Passed for start_position 1031 and length 86
Passed for start_position 1031 and length 88
Passed for start_position 1031 and length 90
Passed for start_position 1031 and length 92
Passed for start_position 1031 and length 94
Passed for start_position 1031 and length 96
Passed for start_position 1031 and length 98
Passed for start_position 1031 and length 100
Passed for start_position 1032 and length 2
Passed for start_position 1032 and length 4
Passed for start_position 1032 and length 6
Passed for start_position 1032 and length 8
Passed for start_position 1032 and length 10
Passed for start_position 1032 and length 12
Passed for start_position 1032 and length 14
Passed for start_position 1032 and length 16
Passed for start_position 1032 and length 18
Passed for start_position 1032 and length 20
Passed for start_position 1032 and length 22
Passed for start_position 1032 and length 24
Passed for start_position 1032 and length 26
Passed for start_position 1032 and length 28
Passed for start_position 1032 and length 30
Passed for start_position 1032 and length 32
Passed for start_position 1032 and length 34
Passed for start_position 1032 and length 36
Passed for start_position 1032 and length 38
Passed for start_position 1032 and length 40
Passed for start_position 1032 and length 42
Passed for start_position 1032 and length 44
Passed for start_position 1032 and length 46
Passed for start_position 1032 and length 48
Passed for start_position 1032 and length 50
Passed for start_position 1032 and length 52
Passed for start_position 1032 and length 54
Passed for start_position 1032 and length 56
Passed for start_position 1032 and length 58
Passed for start_position 1032 and length 60
Passed for start_position 1032 and length 62
Passed for start_position 1032 and length 64
Passed for start_position 1032 and length 66
Passed for start_position 1032 and length 68
Passed for start_position 1032 and length 70
Passed for start_position 1032 and length 72
Passed for start_position 1032 and length 74
Passed for start_position 1032 and length 76
Passed for start_position 1032 and length 78
Passed for start_position 1032 and length 80
Passed for start_position 1032 and length 82
Passed for start_position 1032 and length 84
Passed for start_position 1032 and length 86
Passed for start_position 1032 and length 88
Passed for start_position 1032 and length 90
Passed for start_position 1032 and length 92
Passed for start_position 1032 and length 94
Passed for start_position 1032 and length 96
Passed for start_position 1032 and length 98
Passed for start_position 1032 and length 100
Passed for start_position 1033 and length 2
Passed for start_position 1033 and length 4
Passed for start_position 1033 and length 6
Passed for start_position 1033 and length 8
Passed for start_position 1033 and length 10
Passed for start_position 1033 and length 12
Passed for start_position 1033 and length 14
Passed for start_position 1033 and length 16
Passed for start_position 1033 and length 18
Passed for start_position 1033 and length 20
Passed for start_position 1033 and length 22
Passed for start_position 1033 and length 24
Passed for start_position 1033 and length 26
Passed for start_position 1033 and length 28
Passed for start_position 1033 and length 30
Passed for start_position 1033 and length 32
Passed for start_position 1033 and length 34
Passed for start_position 1033 and length 36
Passed for start_position 1033 and length 38
Passed for start_position 1033 and length 40
Passed for start_position 1033 and length 42
Passed for start_position 1033 and length 44
Passed for start_position 1033 and length 46
Passed for start_position 1033 and length 48
Passed for start_position 1033 and length 50
Passed for start_position 1033 and length 52
Passed for start_position 1033 and length 54
Passed for start_position 1033 and length 56
Passed for start_position 1033 and length 58
Passed for start_position 1033 and length 60
Passed for start_position 1033 and length 62
Passed for start_position 1033 and length 64
Passed for start_position 1033 and length 66
Passed for start_position 1033 and length 68
Passed for start_position 1033 and length 70
Passed for start_position 1033 and length 72
Passed for start_position 1033 and length 74
Passed for start_position 1033 and length 76
Passed for start_position 1033 and length 78
Passed for start_position 1033 and length 80
Passed for start_position 1033 and length 82
Passed for start_position 1033 and length 84
Passed for start_position 1033 and length 86
Passed for start_position 1033 and length 88
Passed for start_position 1033 and length 90
Passed for start_position 1033 and length 92
Passed for start_position 1033 and length 94
Passed for start_position 1033 and length 96
Passed for start_position 1033 and length 98
Passed for start_position 1033 and length 100
Passed for start_position 1034 and length 2
Passed for start_position 1034 and length 4
Error for start_position 1034 and length 6: Movement 1 not in dictionary
Passed for start_position 1034 and length 8
Error for start_position 1034 and length 10: Movement 1 not in dictionary
Error for start_position 1034 and length 12: Movement -1 not in dictionary
Passed for start_position 1034 and length 14
Passed for start_position 1034 and length 16
Error for start_position 1034 and length 18: Movement 1 not in dictionary
Passed for start_position 1034 and length 20
Passed for start_position 1034 and length 22
Passed for start_position 1034 and length 24
Passed for start_position 1034 and length 26
Passed for start_position 1034 and length 28
Passed for start_position 1034 and length 30
Passed for start_position 1034 and length 32
Error for start_position 1034 and length 34: Movement -1 not in dictionary
Passed for start_position 1034 and length 36
Passed for start_position 1034 and length 38
Passed for start_position 1034 and length 40
Error for start_position 1034 and length 42: Movement -1 not in dictionary
Passed for start_position 1034 and length 44
Error for start_position 1034 and length 46: Movement -1 not in dictionary
Error for start_position 1034 and length 48: Movement 1 not in dictionary
Error for start_position 1034 and length 50: Movement 1 not in dictionary
Passed for start_position 1034 and length 52
Error for start_position 1034 and length 54: Movement 1 not in dictionary
Passed for start_position 1034 and length 56
Error for start_position 1034 and length 58: Movement -1 not in dictionary
Error for start_position 1034 and length 60: Movement 1 not in dictionary
Passed for start_position 1034 and length 62
Passed for start_position 1034 and length 64
Passed for start_position 1034 and length 66
Error for start_position 1034 and length 68: Movement 1 not in dictionary
Error for start_position 1034 and length 70: Movement -1 not in dictionary
Error for start_position 1034 and length 72: Movement -1 not in dictionary
Passed for start_position 1034 and length 74
Error for start_position 1034 and length 76: Movement -1 not in dictionary
Passed for start_position 1034 and length 78
Passed for start_position 1034 and length 80
Passed for start_position 1034 and length 82
Error for start_position 1034 and length 84: Movement -1 not in dictionary
Passed for start_position 1034 and length 86
Passed for start_position 1034 and length 88
Error for start_position 1034 and length 90: Movement -1 not in dictionary
Passed for start_position 1034 and length 92
Error for start_position 1034 and length 94: Movement -1 not in dictionary
Error for start_position 1034 and length 96: Movement -1 not in dictionary
Passed for start_position 1034 and length 98
Error for start_position 1034 and length 100: Movement 1 not in dictionary
Passed for start_position 1035 and length 2
Passed for start_position 1035 and length 4
Passed for start_position 1035 and length 6
Passed for start_position 1035 and length 8
Passed for start_position 1035 and length 10
Passed for start_position 1035 and length 12
Passed for start_position 1035 and length 14
Passed for start_position 1035 and length 16
Passed for start_position 1035 and length 18
Passed for start_position 1035 and length 20
Passed for start_position 1035 and length 22
Passed for start_position 1035 and length 24
Passed for start_position 1035 and length 26
Passed for start_position 1035 and length 28
Passed for start_position 1035 and length 30
Passed for start_position 1035 and length 32
Passed for start_position 1035 and length 34
Passed for start_position 1035 and length 36
Passed for start_position 1035 and length 38
Passed for start_position 1035 and length 40
Passed for start_position 1035 and length 42
Passed for start_position 1035 and length 44
Passed for start_position 1035 and length 46
Passed for start_position 1035 and length 48
Passed for start_position 1035 and length 50
Passed for start_position 1035 and length 52
Passed for start_position 1035 and length 54
Passed for start_position 1035 and length 56
Passed for start_position 1035 and length 58
Passed for start_position 1035 and length 60
Passed for start_position 1035 and length 62
Passed for start_position 1035 and length 64
Passed for start_position 1035 and length 66
Passed for start_position 1035 and length 68
Passed for start_position 1035 and length 70
Passed for start_position 1035 and length 72
Passed for start_position 1035 and length 74
Passed for start_position 1035 and length 76
Passed for start_position 1035 and length 78
Passed for start_position 1035 and length 80
Passed for start_position 1035 and length 82
Passed for start_position 1035 and length 84
Passed for start_position 1035 and length 86
Passed for start_position 1035 and length 88
Passed for start_position 1035 and length 90
Passed for start_position 1035 and length 92
Passed for start_position 1035 and length 94
Passed for start_position 1035 and length 96
Passed for start_position 1035 and length 98
Passed for start_position 1035 and length 100
Passed for start_position 1036 and length 2
Passed for start_position 1036 and length 4
Passed for start_position 1036 and length 6
Passed for start_position 1036 and length 8
Passed for start_position 1036 and length 10
Passed for start_position 1036 and length 12
Passed for start_position 1036 and length 14
Passed for start_position 1036 and length 16
Passed for start_position 1036 and length 18
Passed for start_position 1036 and length 20
Passed for start_position 1036 and length 22
Passed for start_position 1036 and length 24
Passed for start_position 1036 and length 26
Passed for start_position 1036 and length 28
Passed for start_position 1036 and length 30
Passed for start_position 1036 and length 32
Passed for start_position 1036 and length 34
Passed for start_position 1036 and length 36
Passed for start_position 1036 and length 38
Passed for start_position 1036 and length 40
Passed for start_position 1036 and length 42
Passed for start_position 1036 and length 44
Passed for start_position 1036 and length 46
Passed for start_position 1036 and length 48
Passed for start_position 1036 and length 50
Passed for start_position 1036 and length 52
Passed for start_position 1036 and length 54
Passed for start_position 1036 and length 56
Passed for start_position 1036 and length 58
Passed for start_position 1036 and length 60
Passed for start_position 1036 and length 62
Passed for start_position 1036 and length 64
Passed for start_position 1036 and length 66
Passed for start_position 1036 and length 68
Passed for start_position 1036 and length 70
Passed for start_position 1036 and length 72
Passed for start_position 1036 and length 74
Passed for start_position 1036 and length 76
Passed for start_position 1036 and length 78
Passed for start_position 1036 and length 80
Passed for start_position 1036 and length 82
Passed for start_position 1036 and length 84
Passed for start_position 1036 and length 86
Passed for start_position 1036 and length 88
Passed for start_position 1036 and length 90
Passed for start_position 1036 and length 92
Passed for start_position 1036 and length 94
Passed for start_position 1036 and length 96
Passed for start_position 1036 and length 98
Passed for start_position 1036 and length 100
Passed for start_position 1037 and length 2
Passed for start_position 1037 and length 4
Passed for start_position 1037 and length 6
Passed for start_position 1037 and length 8
Passed for start_position 1037 and length 10
Passed for start_position 1037 and length 12
Passed for start_position 1037 and length 14
Passed for start_position 1037 and length 16
Passed for start_position 1037 and length 18
Passed for start_position 1037 and length 20
Passed for start_position 1037 and length 22
Passed for start_position 1037 and length 24
Passed for start_position 1037 and length 26
Passed for start_position 1037 and length 28
Passed for start_position 1037 and length 30
Passed for start_position 1037 and length 32
Passed for start_position 1037 and length 34
Passed for start_position 1037 and length 36
Passed for start_position 1037 and length 38
Passed for start_position 1037 and length 40
Passed for start_position 1037 and length 42
Passed for start_position 1037 and length 44
Passed for start_position 1037 and length 46
Passed for start_position 1037 and length 48
Passed for start_position 1037 and length 50
Passed for start_position 1037 and length 52
Passed for start_position 1037 and length 54
Passed for start_position 1037 and length 56
Passed for start_position 1037 and length 58
Passed for start_position 1037 and length 60
Passed for start_position 1037 and length 62
Passed for start_position 1037 and length 64
Passed for start_position 1037 and length 66
Passed for start_position 1037 and length 68
Passed for start_position 1037 and length 70
Passed for start_position 1037 and length 72
Passed for start_position 1037 and length 74
Passed for start_position 1037 and length 76
Passed for start_position 1037 and length 78
Passed for start_position 1037 and length 80
Passed for start_position 1037 and length 82
Passed for start_position 1037 and length 84
Passed for start_position 1037 and length 86
Passed for start_position 1037 and length 88
Passed for start_position 1037 and length 90
Passed for start_position 1037 and length 92
Passed for start_position 1037 and length 94
Passed for start_position 1037 and length 96
Passed for start_position 1037 and length 98
Passed for start_position 1037 and length 100
Passed for start_position 1038 and length 2
Passed for start_position 1038 and length 4
Passed for start_position 1038 and length 6
Passed for start_position 1038 and length 8
Passed for start_position 1038 and length 10
Passed for start_position 1038 and length 12
Passed for start_position 1038 and length 14
Passed for start_position 1038 and length 16
Passed for start_position 1038 and length 18
Passed for start_position 1038 and length 20
Passed for start_position 1038 and length 22
Passed for start_position 1038 and length 24
Passed for start_position 1038 and length 26
Passed for start_position 1038 and length 28
Passed for start_position 1038 and length 30
Passed for start_position 1038 and length 32
Passed for start_position 1038 and length 34
Passed for start_position 1038 and length 36
Passed for start_position 1038 and length 38
Passed for start_position 1038 and length 40
Passed for start_position 1038 and length 42
Passed for start_position 1038 and length 44
Passed for start_position 1038 and length 46
Passed for start_position 1038 and length 48
Passed for start_position 1038 and length 50
Passed for start_position 1038 and length 52
Passed for start_position 1038 and length 54
Passed for start_position 1038 and length 56
Passed for start_position 1038 and length 58
Passed for start_position 1038 and length 60
Passed for start_position 1038 and length 62
Passed for start_position 1038 and length 64
Passed for start_position 1038 and length 66
Passed for start_position 1038 and length 68
Passed for start_position 1038 and length 70
Passed for start_position 1038 and length 72
Passed for start_position 1038 and length 74
Passed for start_position 1038 and length 76
Passed for start_position 1038 and length 78
Passed for start_position 1038 and length 80
Passed for start_position 1038 and length 82
Passed for start_position 1038 and length 84
Passed for start_position 1038 and length 86
Passed for start_position 1038 and length 88
Passed for start_position 1038 and length 90
Passed for start_position 1038 and length 92
Passed for start_position 1038 and length 94
Passed for start_position 1038 and length 96
Passed for start_position 1038 and length 98
Passed for start_position 1038 and length 100
Passed for start_position 1039 and length 2
Passed for start_position 1039 and length 4
Error for start_position 1039 and length 6: Movement 1 not in dictionary
Error for start_position 1039 and length 8: Movement -1 not in dictionary
Passed for start_position 1039 and length 10
Passed for start_position 1039 and length 12
Passed for start_position 1039 and length 14
Passed for start_position 1039 and length 16
Passed for start_position 1039 and length 18
Error for start_position 1039 and length 20: Movement 1 not in dictionary
Error for start_position 1039 and length 22: Movement -1 not in dictionary
Error for start_position 1039 and length 24: Movement -1 not in dictionary
Error for start_position 1039 and length 26: Movement 1 not in dictionary
Passed for start_position 1039 and length 28
Passed for start_position 1039 and length 30
Error for start_position 1039 and length 32: Movement -1 not in dictionary
Passed for start_position 1039 and length 34
Passed for start_position 1039 and length 36
Passed for start_position 1039 and length 38
Error for start_position 1039 and length 40: Movement 1 not in dictionary
Passed for start_position 1039 and length 42
Passed for start_position 1039 and length 44
Error for start_position 1039 and length 46: Movement -1 not in dictionary
Error for start_position 1039 and length 48: Movement 1 not in dictionary
Passed for start_position 1039 and length 50
Passed for start_position 1039 and length 52
Passed for start_position 1039 and length 54
Passed for start_position 1039 and length 56
Error for start_position 1039 and length 58: Movement -1 not in dictionary
Error for start_position 1039 and length 60: Movement 1 not in dictionary
Passed for start_position 1039 and length 62
Passed for start_position 1039 and length 64
Passed for start_position 1039 and length 66
Passed for start_position 1039 and length 68
Error for start_position 1039 and length 70: Movement 1 not in dictionary
Passed for start_position 1039 and length 72
Error for start_position 1039 and length 74: Movement 1 not in dictionary
Passed for start_position 1039 and length 76
Error for start_position 1039 and length 78: Movement 1 not in dictionary
Passed for start_position 1039 and length 80
Passed for start_position 1039 and length 82
Passed for start_position 1039 and length 84
Error for start_position 1039 and length 86: Movement 1 not in dictionary
Passed for start_position 1039 and length 88
Passed for start_position 1039 and length 90
Passed for start_position 1039 and length 92
Passed for start_position 1039 and length 94
Error for start_position 1039 and length 96: Movement -1 not in dictionary
Error for start_position 1039 and length 98: Movement 1 not in dictionary
Error for start_position 1039 and length 100: Movement 1 not in dictionary
Passed for start_position 1040 and length 2
Passed for start_position 1040 and length 4
Passed for start_position 1040 and length 6
Passed for start_position 1040 and length 8
Passed for start_position 1040 and length 10
Passed for start_position 1040 and length 12
Passed for start_position 1040 and length 14
Passed for start_position 1040 and length 16
Passed for start_position 1040 and length 18
Passed for start_position 1040 and length 20
Passed for start_position 1040 and length 22
Passed for start_position 1040 and length 24
Passed for start_position 1040 and length 26
Passed for start_position 1040 and length 28
Passed for start_position 1040 and length 30
Passed for start_position 1040 and length 32
Passed for start_position 1040 and length 34
Passed for start_position 1040 and length 36
Passed for start_position 1040 and length 38
Passed for start_position 1040 and length 40
Passed for start_position 1040 and length 42
Passed for start_position 1040 and length 44
Passed for start_position 1040 and length 46
Passed for start_position 1040 and length 48
Passed for start_position 1040 and length 50
Passed for start_position 1040 and length 52
Passed for start_position 1040 and length 54
Passed for start_position 1040 and length 56
Passed for start_position 1040 and length 58
Passed for start_position 1040 and length 60
Passed for start_position 1040 and length 62
Passed for start_position 1040 and length 64
Passed for start_position 1040 and length 66
Passed for start_position 1040 and length 68
Passed for start_position 1040 and length 70
Passed for start_position 1040 and length 72
Passed for start_position 1040 and length 74
Passed for start_position 1040 and length 76
Passed for start_position 1040 and length 78
Passed for start_position 1040 and length 80
Passed for start_position 1040 and length 82
Passed for start_position 1040 and length 84
Passed for start_position 1040 and length 86
Passed for start_position 1040 and length 88
Passed for start_position 1040 and length 90
Passed for start_position 1040 and length 92
Passed for start_position 1040 and length 94
Passed for start_position 1040 and length 96
Passed for start_position 1040 and length 98
Passed for start_position 1040 and length 100
Passed for start_position 1041 and length 2
Passed for start_position 1041 and length 4
Passed for start_position 1041 and length 6
Passed for start_position 1041 and length 8
Passed for start_position 1041 and length 10
Passed for start_position 1041 and length 12
Passed for start_position 1041 and length 14
Passed for start_position 1041 and length 16
Passed for start_position 1041 and length 18
Passed for start_position 1041 and length 20
Passed for start_position 1041 and length 22
Passed for start_position 1041 and length 24
Passed for start_position 1041 and length 26
Passed for start_position 1041 and length 28
Passed for start_position 1041 and length 30
Passed for start_position 1041 and length 32
Passed for start_position 1041 and length 34
Passed for start_position 1041 and length 36
Passed for start_position 1041 and length 38
Passed for start_position 1041 and length 40
Passed for start_position 1041 and length 42
Passed for start_position 1041 and length 44
Passed for start_position 1041 and length 46
Passed for start_position 1041 and length 48
Passed for start_position 1041 and length 50
Passed for start_position 1041 and length 52
Passed for start_position 1041 and length 54
Passed for start_position 1041 and length 56
Passed for start_position 1041 and length 58
Passed for start_position 1041 and length 60
Passed for start_position 1041 and length 62
Passed for start_position 1041 and length 64
Passed for start_position 1041 and length 66
Passed for start_position 1041 and length 68
Passed for start_position 1041 and length 70
Passed for start_position 1041 and length 72
Passed for start_position 1041 and length 74
Passed for start_position 1041 and length 76
Passed for start_position 1041 and length 78
Passed for start_position 1041 and length 80
Passed for start_position 1041 and length 82
Passed for start_position 1041 and length 84
Passed for start_position 1041 and length 86
Passed for start_position 1041 and length 88
Passed for start_position 1041 and length 90
Passed for start_position 1041 and length 92
Passed for start_position 1041 and length 94
Passed for start_position 1041 and length 96
Passed for start_position 1041 and length 98
Passed for start_position 1041 and length 100
Passed for start_position 1042 and length 2
Passed for start_position 1042 and length 4
Passed for start_position 1042 and length 6
Passed for start_position 1042 and length 8
Passed for start_position 1042 and length 10
Passed for start_position 1042 and length 12
Passed for start_position 1042 and length 14
Passed for start_position 1042 and length 16
Passed for start_position 1042 and length 18
Passed for start_position 1042 and length 20
Passed for start_position 1042 and length 22
Passed for start_position 1042 and length 24
Passed for start_position 1042 and length 26
Passed for start_position 1042 and length 28
Passed for start_position 1042 and length 30
Passed for start_position 1042 and length 32
Passed for start_position 1042 and length 34
Passed for start_position 1042 and length 36
Passed for start_position 1042 and length 38
Passed for start_position 1042 and length 40
Passed for start_position 1042 and length 42
Passed for start_position 1042 and length 44
Passed for start_position 1042 and length 46
Passed for start_position 1042 and length 48
Passed for start_position 1042 and length 50
Passed for start_position 1042 and length 52
Passed for start_position 1042 and length 54
Passed for start_position 1042 and length 56
Passed for start_position 1042 and length 58
Passed for start_position 1042 and length 60
Passed for start_position 1042 and length 62
Passed for start_position 1042 and length 64
Passed for start_position 1042 and length 66
Passed for start_position 1042 and length 68
Passed for start_position 1042 and length 70
Passed for start_position 1042 and length 72
Passed for start_position 1042 and length 74
Passed for start_position 1042 and length 76
Passed for start_position 1042 and length 78
Passed for start_position 1042 and length 80
Passed for start_position 1042 and length 82
Passed for start_position 1042 and length 84
Passed for start_position 1042 and length 86
Passed for start_position 1042 and length 88
Passed for start_position 1042 and length 90
Passed for start_position 1042 and length 92
Passed for start_position 1042 and length 94
Passed for start_position 1042 and length 96
Passed for start_position 1042 and length 98
Passed for start_position 1042 and length 100
Passed for start_position 1043 and length 2
Passed for start_position 1043 and length 4
Passed for start_position 1043 and length 6
Passed for start_position 1043 and length 8
Passed for start_position 1043 and length 10
Passed for start_position 1043 and length 12
Passed for start_position 1043 and length 14
Passed for start_position 1043 and length 16
Passed for start_position 1043 and length 18
Passed for start_position 1043 and length 20
Passed for start_position 1043 and length 22
Passed for start_position 1043 and length 24
Passed for start_position 1043 and length 26
Passed for start_position 1043 and length 28
Passed for start_position 1043 and length 30
Passed for start_position 1043 and length 32
Passed for start_position 1043 and length 34
Passed for start_position 1043 and length 36
Passed for start_position 1043 and length 38
Passed for start_position 1043 and length 40
Passed for start_position 1043 and length 42
Passed for start_position 1043 and length 44
Passed for start_position 1043 and length 46
Passed for start_position 1043 and length 48
Passed for start_position 1043 and length 50
Passed for start_position 1043 and length 52
Passed for start_position 1043 and length 54
Passed for start_position 1043 and length 56
Passed for start_position 1043 and length 58
Passed for start_position 1043 and length 60
Passed for start_position 1043 and length 62
Passed for start_position 1043 and length 64
Passed for start_position 1043 and length 66
Passed for start_position 1043 and length 68
Passed for start_position 1043 and length 70
Passed for start_position 1043 and length 72
Passed for start_position 1043 and length 74
Passed for start_position 1043 and length 76
Passed for start_position 1043 and length 78
Passed for start_position 1043 and length 80
Passed for start_position 1043 and length 82
Passed for start_position 1043 and length 84
Passed for start_position 1043 and length 86
Passed for start_position 1043 and length 88
Passed for start_position 1043 and length 90
Passed for start_position 1043 and length 92
Passed for start_position 1043 and length 94
Passed for start_position 1043 and length 96
Passed for start_position 1043 and length 98
Passed for start_position 1043 and length 100
Passed for start_position 1044 and length 2
Passed for start_position 1044 and length 4
Passed for start_position 1044 and length 6
Passed for start_position 1044 and length 8
Passed for start_position 1044 and length 10
Passed for start_position 1044 and length 12
Passed for start_position 1044 and length 14
Passed for start_position 1044 and length 16
Passed for start_position 1044 and length 18
Passed for start_position 1044 and length 20
Passed for start_position 1044 and length 22
Passed for start_position 1044 and length 24
Passed for start_position 1044 and length 26
Passed for start_position 1044 and length 28
Passed for start_position 1044 and length 30
Passed for start_position 1044 and length 32
Passed for start_position 1044 and length 34
Passed for start_position 1044 and length 36
Passed for start_position 1044 and length 38
Passed for start_position 1044 and length 40
Passed for start_position 1044 and length 42
Passed for start_position 1044 and length 44
Passed for start_position 1044 and length 46
Passed for start_position 1044 and length 48
Passed for start_position 1044 and length 50
Passed for start_position 1044 and length 52
Passed for start_position 1044 and length 54
Passed for start_position 1044 and length 56
Passed for start_position 1044 and length 58
Passed for start_position 1044 and length 60
Passed for start_position 1044 and length 62
Passed for start_position 1044 and length 64
Passed for start_position 1044 and length 66
Passed for start_position 1044 and length 68
Passed for start_position 1044 and length 70
Passed for start_position 1044 and length 72
Passed for start_position 1044 and length 74
Passed for start_position 1044 and length 76
Passed for start_position 1044 and length 78
Passed for start_position 1044 and length 80
Passed for start_position 1044 and length 82
Passed for start_position 1044 and length 84
Passed for start_position 1044 and length 86
Passed for start_position 1044 and length 88
Passed for start_position 1044 and length 90
Passed for start_position 1044 and length 92
Passed for start_position 1044 and length 94
Passed for start_position 1044 and length 96
Passed for start_position 1044 and length 98
Passed for start_position 1044 and length 100
Passed for start_position 1045 and length 2
Passed for start_position 1045 and length 4
Passed for start_position 1045 and length 6
Passed for start_position 1045 and length 8
Passed for start_position 1045 and length 10
Passed for start_position 1045 and length 12
Passed for start_position 1045 and length 14
Passed for start_position 1045 and length 16
Passed for start_position 1045 and length 18
Passed for start_position 1045 and length 20
Passed for start_position 1045 and length 22
Passed for start_position 1045 and length 24
Passed for start_position 1045 and length 26
Passed for start_position 1045 and length 28
Passed for start_position 1045 and length 30
Passed for start_position 1045 and length 32
Passed for start_position 1045 and length 34
Passed for start_position 1045 and length 36
Passed for start_position 1045 and length 38
Passed for start_position 1045 and length 40
Passed for start_position 1045 and length 42
Passed for start_position 1045 and length 44
Passed for start_position 1045 and length 46
Passed for start_position 1045 and length 48
Passed for start_position 1045 and length 50
Passed for start_position 1045 and length 52
Passed for start_position 1045 and length 54
Passed for start_position 1045 and length 56
Passed for start_position 1045 and length 58
Passed for start_position 1045 and length 60
Passed for start_position 1045 and length 62
Passed for start_position 1045 and length 64
Passed for start_position 1045 and length 66
Passed for start_position 1045 and length 68
Passed for start_position 1045 and length 70
Passed for start_position 1045 and length 72
Passed for start_position 1045 and length 74
Passed for start_position 1045 and length 76
Passed for start_position 1045 and length 78
Passed for start_position 1045 and length 80
Passed for start_position 1045 and length 82
Passed for start_position 1045 and length 84
Passed for start_position 1045 and length 86
Passed for start_position 1045 and length 88
Passed for start_position 1045 and length 90
Passed for start_position 1045 and length 92
Passed for start_position 1045 and length 94
Passed for start_position 1045 and length 96
Passed for start_position 1045 and length 98
Passed for start_position 1045 and length 100
Passed for start_position 1046 and length 2
Passed for start_position 1046 and length 4
Passed for start_position 1046 and length 6
Passed for start_position 1046 and length 8
Passed for start_position 1046 and length 10
Passed for start_position 1046 and length 12
Passed for start_position 1046 and length 14
Passed for start_position 1046 and length 16
Passed for start_position 1046 and length 18
Passed for start_position 1046 and length 20
Passed for start_position 1046 and length 22
Passed for start_position 1046 and length 24
Passed for start_position 1046 and length 26
Passed for start_position 1046 and length 28
Passed for start_position 1046 and length 30
Passed for start_position 1046 and length 32
Passed for start_position 1046 and length 34
Passed for start_position 1046 and length 36
Passed for start_position 1046 and length 38
Passed for start_position 1046 and length 40
Passed for start_position 1046 and length 42
Passed for start_position 1046 and length 44
Passed for start_position 1046 and length 46
Passed for start_position 1046 and length 48
Passed for start_position 1046 and length 50
Passed for start_position 1046 and length 52
Passed for start_position 1046 and length 54
Passed for start_position 1046 and length 56
Passed for start_position 1046 and length 58
Passed for start_position 1046 and length 60
Passed for start_position 1046 and length 62
Passed for start_position 1046 and length 64
Passed for start_position 1046 and length 66
Passed for start_position 1046 and length 68
Passed for start_position 1046 and length 70
Passed for start_position 1046 and length 72
Passed for start_position 1046 and length 74
Passed for start_position 1046 and length 76
Passed for start_position 1046 and length 78
Passed for start_position 1046 and length 80
Passed for start_position 1046 and length 82
Passed for start_position 1046 and length 84
Passed for start_position 1046 and length 86
Passed for start_position 1046 and length 88
Passed for start_position 1046 and length 90
Passed for start_position 1046 and length 92
Passed for start_position 1046 and length 94
Passed for start_position 1046 and length 96
Passed for start_position 1046 and length 98
Passed for start_position 1046 and length 100
Passed for start_position 1047 and length 2
Passed for start_position 1047 and length 4
Passed for start_position 1047 and length 6
Passed for start_position 1047 and length 8
Passed for start_position 1047 and length 10
Passed for start_position 1047 and length 12
Passed for start_position 1047 and length 14
Passed for start_position 1047 and length 16
Passed for start_position 1047 and length 18
Passed for start_position 1047 and length 20
Passed for start_position 1047 and length 22
Passed for start_position 1047 and length 24
Passed for start_position 1047 and length 26
Passed for start_position 1047 and length 28
Passed for start_position 1047 and length 30
Passed for start_position 1047 and length 32
Passed for start_position 1047 and length 34
Passed for start_position 1047 and length 36
Passed for start_position 1047 and length 38
Passed for start_position 1047 and length 40
Passed for start_position 1047 and length 42
Passed for start_position 1047 and length 44
Passed for start_position 1047 and length 46
Passed for start_position 1047 and length 48
Passed for start_position 1047 and length 50
Passed for start_position 1047 and length 52
Passed for start_position 1047 and length 54
Passed for start_position 1047 and length 56
Passed for start_position 1047 and length 58
Passed for start_position 1047 and length 60
Passed for start_position 1047 and length 62
Passed for start_position 1047 and length 64
Passed for start_position 1047 and length 66
Passed for start_position 1047 and length 68
Passed for start_position 1047 and length 70
Passed for start_position 1047 and length 72
Passed for start_position 1047 and length 74
Passed for start_position 1047 and length 76
Passed for start_position 1047 and length 78
Passed for start_position 1047 and length 80
Passed for start_position 1047 and length 82
Passed for start_position 1047 and length 84
Passed for start_position 1047 and length 86
Passed for start_position 1047 and length 88
Passed for start_position 1047 and length 90
Passed for start_position 1047 and length 92
Passed for start_position 1047 and length 94
Passed for start_position 1047 and length 96
Passed for start_position 1047 and length 98
Passed for start_position 1047 and length 100
Passed for start_position 1048 and length 2
Passed for start_position 1048 and length 4
Passed for start_position 1048 and length 6
Passed for start_position 1048 and length 8
Passed for start_position 1048 and length 10
Passed for start_position 1048 and length 12
Passed for start_position 1048 and length 14
Passed for start_position 1048 and length 16
Passed for start_position 1048 and length 18
Passed for start_position 1048 and length 20
Passed for start_position 1048 and length 22
Passed for start_position 1048 and length 24
Passed for start_position 1048 and length 26
Passed for start_position 1048 and length 28
Passed for start_position 1048 and length 30
Passed for start_position 1048 and length 32
Passed for start_position 1048 and length 34
Passed for start_position 1048 and length 36
Passed for start_position 1048 and length 38
Passed for start_position 1048 and length 40
Passed for start_position 1048 and length 42
Passed for start_position 1048 and length 44
Passed for start_position 1048 and length 46
Passed for start_position 1048 and length 48
Passed for start_position 1048 and length 50
Passed for start_position 1048 and length 52
Passed for start_position 1048 and length 54
Passed for start_position 1048 and length 56
Passed for start_position 1048 and length 58
Passed for start_position 1048 and length 60
Passed for start_position 1048 and length 62
Passed for start_position 1048 and length 64
Passed for start_position 1048 and length 66
Passed for start_position 1048 and length 68
Passed for start_position 1048 and length 70
Passed for start_position 1048 and length 72
Passed for start_position 1048 and length 74
Passed for start_position 1048 and length 76
Passed for start_position 1048 and length 78
Passed for start_position 1048 and length 80
Passed for start_position 1048 and length 82
Passed for start_position 1048 and length 84
Passed for start_position 1048 and length 86
Passed for start_position 1048 and length 88
Passed for start_position 1048 and length 90
Passed for start_position 1048 and length 92
Passed for start_position 1048 and length 94
Passed for start_position 1048 and length 96
Passed for start_position 1048 and length 98
Passed for start_position 1048 and length 100
Passed for start_position 1049 and length 2
Passed for start_position 1049 and length 4
Passed for start_position 1049 and length 6
Passed for start_position 1049 and length 8
Passed for start_position 1049 and length 10
Passed for start_position 1049 and length 12
Passed for start_position 1049 and length 14
Passed for start_position 1049 and length 16
Passed for start_position 1049 and length 18
Passed for start_position 1049 and length 20
Passed for start_position 1049 and length 22
Passed for start_position 1049 and length 24
Passed for start_position 1049 and length 26
Passed for start_position 1049 and length 28
Passed for start_position 1049 and length 30
Passed for start_position 1049 and length 32
Passed for start_position 1049 and length 34
Passed for start_position 1049 and length 36
Passed for start_position 1049 and length 38
Passed for start_position 1049 and length 40
Passed for start_position 1049 and length 42
Passed for start_position 1049 and length 44
Passed for start_position 1049 and length 46
Passed for start_position 1049 and length 48
Passed for start_position 1049 and length 50
Passed for start_position 1049 and length 52
Passed for start_position 1049 and length 54
Passed for start_position 1049 and length 56
Passed for start_position 1049 and length 58
Passed for start_position 1049 and length 60
Passed for start_position 1049 and length 62
Passed for start_position 1049 and length 64
Passed for start_position 1049 and length 66
Passed for start_position 1049 and length 68
Passed for start_position 1049 and length 70
Passed for start_position 1049 and length 72
Passed for start_position 1049 and length 74
Passed for start_position 1049 and length 76
Passed for start_position 1049 and length 78
Passed for start_position 1049 and length 80
Passed for start_position 1049 and length 82
Passed for start_position 1049 and length 84
Passed for start_position 1049 and length 86
Passed for start_position 1049 and length 88
Passed for start_position 1049 and length 90
Passed for start_position 1049 and length 92
Passed for start_position 1049 and length 94
Passed for start_position 1049 and length 96
Passed for start_position 1049 and length 98
Passed for start_position 1049 and length 100
Passed for start_position 1050 and length 2
Passed for start_position 1050 and length 4
Passed for start_position 1050 and length 6
Passed for start_position 1050 and length 8
Passed for start_position 1050 and length 10
Passed for start_position 1050 and length 12
Passed for start_position 1050 and length 14
Passed for start_position 1050 and length 16
Passed for start_position 1050 and length 18
Passed for start_position 1050 and length 20
Passed for start_position 1050 and length 22
Passed for start_position 1050 and length 24
Passed for start_position 1050 and length 26
Passed for start_position 1050 and length 28
Passed for start_position 1050 and length 30
Passed for start_position 1050 and length 32
Passed for start_position 1050 and length 34
Passed for start_position 1050 and length 36
Passed for start_position 1050 and length 38
Passed for start_position 1050 and length 40
Passed for start_position 1050 and length 42
Passed for start_position 1050 and length 44
Passed for start_position 1050 and length 46
Passed for start_position 1050 and length 48
Passed for start_position 1050 and length 50
Passed for start_position 1050 and length 52
Passed for start_position 1050 and length 54
Passed for start_position 1050 and length 56
Passed for start_position 1050 and length 58
Passed for start_position 1050 and length 60
Passed for start_position 1050 and length 62
Passed for start_position 1050 and length 64
Passed for start_position 1050 and length 66
Passed for start_position 1050 and length 68
Passed for start_position 1050 and length 70
Passed for start_position 1050 and length 72
Passed for start_position 1050 and length 74
Passed for start_position 1050 and length 76
Passed for start_position 1050 and length 78
Passed for start_position 1050 and length 80
Passed for start_position 1050 and length 82
Passed for start_position 1050 and length 84
Passed for start_position 1050 and length 86
Passed for start_position 1050 and length 88
Passed for start_position 1050 and length 90
Passed for start_position 1050 and length 92
Passed for start_position 1050 and length 94
Passed for start_position 1050 and length 96
Passed for start_position 1050 and length 98
Passed for start_position 1050 and length 100
